INFORMACIàN: no se pudo encontrar ning£n archivo para los patrones dados.
D:\Work\research\FileX\.venv-paddle\Lib\site-packages\paddle\utils\cpp_extension\extension_utils.py:718: UserWarning: No ccache found. Please be aware that recompiling all source files may be required. You can download and install ccache from: https://github.com/ccache/ccache/blob/master/doc/INSTALL.md
  warnings.warn(warning_message)
[32mCreating model: ('PP-LCNet_x1_0_textline_ori', None, None)[0m
[32mModel files already exist. Using cached files. To redownload, please delete the directory manually: `C:\Users\krato\.paddlex\official_models\PP-LCNet_x1_0_textline_ori`.[0m
WARNING: Logging before InitGoogleLogging() is written to STDERR
W0821 07:41:13.038035 26516 gpu_resources.cc:114] Please NOTE: device: 0, GPU Compute Capability: 8.6, Driver API Version: 12.8, Runtime API Version: 12.6
[32mCreating model: ('PP-OCRv6_medium_det', None, None)[0m
[32mModel files already exist. Using cached files. To redownload, please delete the directory manually: `C:\Users\krato\.paddlex\official_models\PP-OCRv6_medium_det`.[0m
[32mCreating model: ('PP-OCRv6_medium_rec', None, None)[0m
[32mModel files already exist. Using cached files. To redownload, please delete the directory manually: `C:\Users\krato\.paddlex\official_models\PP-OCRv6_medium_rec`.[0m
{"etiqueta": "paddleocr_cuda_criba", "motor": "paddleocr", "dispositivo": "cuda", "referencia": "d4", "patron": "*.png", "imgdir": "D:\\Work\\research\\FileX\\bench\\salidas-corpus-d4\\img", "carga_frio_s": 6.53, "vram_base_MiB": 3043, "vram_tras_carga_MiB": 3242, "quietud_pct": 27, "flag": "SUCIA(pico 27%)", "modelos": {"paddle": "3.2.0", "kwargs": {"device": "gpu:0", "use_doc_orientation_classify": "False", "use_doc_unwarping": "False", "use_textline_orientation": "True"}, "params": {"doc_orientation_classify_model_name": "None", "doc_unwarping_model_name": "None", "text_detection_model_name": "PP-OCRv6_medium_det", "textline_orientation_model_name": "None", "text_recognition_model_name": "PP-OCRv6_medium_rec"}}, "reps": 1, "muestreo_vram": false}
W0821 07:41:16.023089 26516 gpu_resources.cc:243] WARNING: device: 0. The installed Paddle is compiled with CUDNN 9.9, but CUDNN version in your machine is 9.5, which may cause serious incompatible bug. Please recompile or reinstall Paddle with compatible CUDNN version.
ppp200__abl_d4d_ang0                     CERac=  8.05%  CERascii=  6.21%  lin=7/12  bloques={'titulo': 0.0, 'subtitulo': 0.0, 'cuerpo': 0.32, 'pequeña': 30.05}    428.6 ms  det=si
ppp200__abl_d4d_blur12                   CERac=  2.68%  CERascii=  1.68%  lin=7/12  bloques={'titulo': 0.0, 'subtitulo': 0.0, 'cuerpo': 0.64, 'pequeña': 9.39}    392.9 ms  det=si
ppp200__abl_d4d_jq45                     CERac= 24.66%  CERascii= 23.83%  lin=5/12  bloques={'titulo': 0.0, 'subtitulo': 0.0, 'cuerpo': 1.92, 'pequeña': 75.12}    400.6 ms  det=si
ppp200__abl_d4d_niv20                    CERac=  3.69%  CERascii=  2.52%  lin=6/12  bloques={'titulo': 0.0, 'subtitulo': 0.0, 'cuerpo': 1.28, 'pequeña': 9.86}    385.0 ms  det=si
ppp200__abl_d4d_rui35                    CERac= 36.24%  CERascii= 35.91%  lin=6/12  bloques={'titulo': 0.0, 'subtitulo': 0.0, 'cuerpo': 0.64, 'pequeña': 75.12}    347.0 ms  det=si
ppp200__d4_limpio                        CERac=  0.00%  CERascii=  0.00%  lin=12/12  bloques={'titulo': 0.0, 'subtitulo': 0.0, 'cuerpo': 0.0, 'pequeña': 2.82}    418.8 ms  det=si
ppp200__escaneado_d4a                    CERac=  0.00%  CERascii=  0.00%  lin=12/12  bloques={'titulo': 0.0, 'subtitulo': 0.0, 'cuerpo': 0.0, 'pequeña': 2.82}    413.0 ms  det=si
ppp200__escaneado_d4b                    CERac=  0.17%  CERascii=  0.00%  lin=11/12  bloques={'titulo': 0.0, 'subtitulo': 0.0, 'cuerpo': 0.0, 'pequeña': 3.29}    399.5 ms  det=si
ppp200__escaneado_d4c                    CERac=  0.67%  CERascii=  0.00%  lin=9/12  bloques={'titulo': 0.0, 'subtitulo': 0.0, 'cuerpo': 0.0, 'pequeña': 4.69}    409.2 ms  det=si
ppp200__escaneado_d4d                    CERac= 19.30%  CERascii= 18.46%  lin=4/12  bloques={'titulo': 0.0, 'subtitulo': 0.0, 'cuerpo': 1.6, 'pequeña': 58.69}    380.1 ms  det=si
ppp200__escaneado_d4e                    CERac= 70.97%  CERascii= 70.47%  lin=1/12  bloques={'titulo': 0.0, 'subtitulo': 2.33, 'cuerpo': 61.86, 'pequeña': 77.0}    290.9 ms  det=si
ppp240__escaneado_d4f                    CERac=  0.67%  CERascii=  0.00%  lin=9/12  bloques={'titulo': 0.0, 'subtitulo': 0.0, 'cuerpo': 0.0, 'pequeña': 4.69}    493.2 ms  det=si
{"evento": "fin", "vram_pico_MiB": 3242, "vram_base_MiB": 3043, "coste_propio_MiB": 199, "pico_util_pct": 0, "muestreo_vram": false}
