INFORMACIàN: no se pudo encontrar ning£n archivo para los patrones dados.
D:\Work\research\FileX\.venv-paddle\Lib\site-packages\paddle\utils\cpp_extension\extension_utils.py:718: UserWarning: No ccache found. Please be aware that recompiling all source files may be required. You can download and install ccache from: https://github.com/ccache/ccache/blob/master/doc/INSTALL.md
  warnings.warn(warning_message)
[32mCreating model: ('PP-LCNet_x1_0_textline_ori', None, None)[0m
[32mModel files already exist. Using cached files. To redownload, please delete the directory manually: `C:\Users\krato\.paddlex\official_models\PP-LCNet_x1_0_textline_ori`.[0m
WARNING: Logging before InitGoogleLogging() is written to STDERR
W0821 07:48:10.465549 30368 gpu_resources.cc:114] Please NOTE: device: 0, GPU Compute Capability: 8.6, Driver API Version: 12.8, Runtime API Version: 12.6
[32mCreating model: ('PP-OCRv6_medium_det', None, None)[0m
[32mModel files already exist. Using cached files. To redownload, please delete the directory manually: `C:\Users\krato\.paddlex\official_models\PP-OCRv6_medium_det`.[0m
[32mCreating model: ('PP-OCRv6_medium_rec', None, None)[0m
[32mModel files already exist. Using cached files. To redownload, please delete the directory manually: `C:\Users\krato\.paddlex\official_models\PP-OCRv6_medium_rec`.[0m
{"etiqueta": "paddleocr_cuda_vram", "motor": "paddleocr", "dispositivo": "cuda", "referencia": "d4", "patron": "*.png", "imgdir": "D:\\Work\\research\\FileX\\bench\\salidas-corpus-d4\\img", "carga_frio_s": 5.53, "vram_base_MiB": 2878, "vram_tras_carga_MiB": 3157, "quietud_pct": 61, "flag": "SUCIA(pico 61%)", "modelos": {"paddle": "3.2.0", "kwargs": {"device": "gpu:0", "use_doc_orientation_classify": "False", "use_doc_unwarping": "False", "use_textline_orientation": "True"}, "params": {"doc_orientation_classify_model_name": "None", "doc_unwarping_model_name": "None", "text_detection_model_name": "PP-OCRv6_medium_det", "textline_orientation_model_name": "None", "text_recognition_model_name": "PP-OCRv6_medium_rec"}}, "reps": 9, "muestreo_vram": true}
W0821 07:48:12.754515 30368 gpu_resources.cc:243] WARNING: device: 0. The installed Paddle is compiled with CUDNN 9.9, but CUDNN version in your machine is 9.5, which may cause serious incompatible bug. Please recompile or reinstall Paddle with compatible CUDNN version.
ppp200__d4_limpio                        CERac=  0.00%  CERascii=  0.00%  lin=12/12  bloques={'titulo': 0.0, 'subtitulo': 0.0, 'cuerpo': 0.0, 'pequeña': 2.82}    395.9 ms  det=si
ppp200__escaneado_d4                     CERac= 19.30%  CERascii= 18.46%  lin=4/12  bloques={'titulo': 0.0, 'subtitulo': 0.0, 'cuerpo': 1.6, 'pequeña': 58.69}    407.2 ms  det=si
ppp200__escaneado_d4a                    CERac=  0.00%  CERascii=  0.00%  lin=12/12  bloques={'titulo': 0.0, 'subtitulo': 0.0, 'cuerpo': 0.0, 'pequeña': 2.82}    464.3 ms  det=si
ppp200__escaneado_d4b                    CERac=  0.17%  CERascii=  0.00%  lin=11/12  bloques={'titulo': 0.0, 'subtitulo': 0.0, 'cuerpo': 0.0, 'pequeña': 3.29}    406.2 ms  det=si
ppp200__escaneado_d4c                    CERac=  0.67%  CERascii=  0.00%  lin=9/12  bloques={'titulo': 0.0, 'subtitulo': 0.0, 'cuerpo': 0.0, 'pequeña': 4.69}    392.0 ms  det=si
ppp200__escaneado_d4e                    CERac= 70.97%  CERascii= 70.47%  lin=1/12  bloques={'titulo': 0.0, 'subtitulo': 2.33, 'cuerpo': 61.86, 'pequeña': 77.0}    279.9 ms  det=si
ppp240__escaneado_d4f                    CERac=  0.67%  CERascii=  0.00%  lin=9/12  bloques={'titulo': 0.0, 'subtitulo': 0.0, 'cuerpo': 0.0, 'pequeña': 4.69}    470.6 ms  det=si
{"evento": "fin", "vram_pico_MiB": 5586, "vram_base_MiB": 2878, "coste_propio_MiB": 2708, "pico_util_pct": 100, "muestreo_vram": true}
