INFORMACI‡N: no se pudo encontrar ning£n archivo para los patrones dados.
D:\Work\research\FileX\.venv-paddle\Lib\site-packages\paddle\utils\cpp_extension\extension_utils.py:718: UserWarning: No ccache found. Please be aware that recompiling all source files may be required. You can download and install ccache from: https://github.com/ccache/ccache/blob/master/doc/INSTALL.md
  warnings.warn(warning_message)
[32mCreating model: ('PP-LCNet_x1_0_textline_ori', None, None)[0m
[32mModel files already exist. Using cached files. To redownload, please delete the directory manually: `C:\Users\krato\.paddlex\official_models\PP-LCNet_x1_0_textline_ori`.[0m
WARNING: Logging before InitGoogleLogging() is written to STDERR
W0821 08:02:29.233098  5684 gpu_resources.cc:114] Please NOTE: device: 0, GPU Compute Capability: 8.6, Driver API Version: 12.8, Runtime API Version: 12.6
[32mCreating model: ('PP-OCRv6_small_det', None, None)[0m
[33mChecking connectivity to the model hosters, this may take a while. To bypass this check, set `PADDLE_PDX_DISABLE_MODEL_SOURCE_CHECK` to `True`.[0m
[32mUsing official model (PP-OCRv6_small_det), the model files will be automatically downloaded and saved in `C:\Users\krato\.paddlex\official_models\PP-OCRv6_small_det`.[0m
Fetching 5 files:   0%|          | 0/5 [00:00<?, ?it/s]Fetching 5 files:  20%|##        | 1/5 [00:00<00:02,  1.63it/s]Fetching 5 files:  40%|####      | 2/5 [00:01<00:02,  1.35it/s]Fetching 5 files:  80%|########  | 4/5 [00:01<00:00,  2.97it/s]Fetching 5 files: 100%|##########| 5/5 [00:04<00:00,  1.04s/it]Fetching 5 files: 100%|##########| 5/5 [00:04<00:00,  1.18it/s]
[32mCreating model: ('PP-OCRv6_small_rec', None, None)[0m
[32mUsing official model (PP-OCRv6_small_rec), the model files will be automatically downloaded and saved in `C:\Users\krato\.paddlex\official_models\PP-OCRv6_small_rec`.[0m
Fetching 5 files:   0%|          | 0/5 [00:00<?, ?it/s]Fetching 5 files:  20%|##        | 1/5 [00:00<00:02,  1.50it/s]Fetching 5 files:  80%|########  | 4/5 [00:01<00:00,  3.72it/s]Fetching 5 files: 100%|##########| 5/5 [00:07<00:00,  1.88s/it]Fetching 5 files: 100%|##########| 5/5 [00:07<00:00,  1.45s/it]
{"etiqueta": "paddleocr_cuda_f3_v6small", "motor": "paddleocr", "dispositivo": "cuda", "referencia": "d4", "patron": "*.png", "imgdir": "D:/Work/research/FileX/bench/salidas-corpus-d4/img_f3", "carga_frio_s": 26.59, "vram_base_MiB": 3026, "vram_tras_carga_MiB": 3118, "quietud_pct": 36, "cpu_pico_pct": null, "flag": "SUCIA(pico 36%)", "modelos": {"paddle": "3.2.0", "kwargs": {"device": "gpu:0", "use_doc_orientation_classify": "False", "use_doc_unwarping": "False", "use_textline_orientation": "True", "text_detection_model_name": "PP-OCRv6_small_det", "text_recognition_model_name": "PP-OCRv6_small_rec"}, "params": {"doc_orientation_classify_model_name": "None", "doc_unwarping_model_name": "None", "text_detection_model_name": "PP-OCRv6_small_det", "textline_orientation_model_name": "None", "text_recognition_model_name": "PP-OCRv6_small_rec"}}, "reps": 9, "muestreo_vram": false}
W0821 08:02:51.878995  5684 gpu_resources.cc:243] WARNING: device: 0. The installed Paddle is compiled with CUDNN 9.9, but CUDNN version in your machine is 9.5, which may cause serious incompatible bug. Please recompile or reinstall Paddle with compatible CUDNN version.
ppp100__escaneado_d3                     CERac=  3.80%  CERascii=  3.80%  lin=2/3  bloques={'cuerpo': 3.8}     61.7 ms  det=si
ppp200__escaneado_d4                     CERac= 19.80%  CERascii= 18.62%  lin=4/12  bloques={'titulo': 0.0, 'subtitulo': 0.0, 'cuerpo': 1.28, 'pequeÒa': 56.34}    277.0 ms  det=si
ppp200__escaneado_d4c                    CERac=  1.01%  CERascii=  0.17%  lin=9/12  bloques={'titulo': 0.0, 'subtitulo': 0.0, 'cuerpo': 0.0, 'pequeÒa': 5.63}    268.4 ms  det=si
{"evento": "fin", "vram_pico_MiB": 3118, "vram_base_MiB": 3026, "coste_propio_MiB": 92, "pico_util_pct": 0, "muestreo_vram": false}
