{"etiqueta": "docling_torch_cpu_f4_cpu_torch", "dispositivo": "cpu", "backend": "torch", "lang": "english", "docs": ["patologico_escaneado", "escaneado_d1", "escaneado_d2", "escaneado_d3", "escaneado_d4"], "modo_ppp": "nativo", "reps": 9, "vram_base_MiB": 2972, "quietud_pct": 33, "flag": "SUCIA(pico 33%)", "torch": "2.6.0+cu124", "torch_cuda": true, "modelo": {"lang_pedido": "english", "lang_resuelto": "en", "ppocr_version": "PP-OCRv6", "model_type_v6": "small", "model_type_v4v5": "mobile"}, "muestreo_vram": false}
[32m[INFO] 2026-08-21 08:46:51,640 [RapidOCR] base.py:23: Using engine_name: torch[0m
[32m[INFO] 2026-08-21 08:46:51,646 [RapidOCR] device_config.py:57: Using CPU device[0m
[32m[INFO] 2026-08-21 08:46:51,655 [RapidOCR] download_file.py:60: File exists and is valid: D:\Work\research\FileX\.venv-ai\Lib\site-packages\rapidocr\models\PP-OCRv6_det_small.pth[0m
[32m[INFO] 2026-08-21 08:46:51,655 [RapidOCR] main.py:50: Using D:\Work\research\FileX\.venv-ai\Lib\site-packages\rapidocr\models\PP-OCRv6_det_small.pth[0m
[32m[INFO] 2026-08-21 08:46:51,823 [RapidOCR] base.py:23: Using engine_name: torch[0m
[32m[INFO] 2026-08-21 08:46:51,824 [RapidOCR] device_config.py:57: Using CPU device[0m
[32m[INFO] 2026-08-21 08:46:51,825 [RapidOCR] download_file.py:60: File exists and is valid: D:\Work\research\FileX\.venv-ai\Lib\site-packages\rapidocr\models\ch_ptocr_mobile_v2.0_cls_mobile.pth[0m
[32m[INFO] 2026-08-21 08:46:51,825 [RapidOCR] main.py:50: Using D:\Work\research\FileX\.venv-ai\Lib\site-packages\rapidocr\models\ch_ptocr_mobile_v2.0_cls_mobile.pth[0m
[32m[INFO] 2026-08-21 08:46:51,942 [RapidOCR] base.py:23: Using engine_name: torch[0m
[32m[INFO] 2026-08-21 08:46:51,942 [RapidOCR] device_config.py:57: Using CPU device[0m
[32m[INFO] 2026-08-21 08:46:51,958 [RapidOCR] download_file.py:60: File exists and is valid: D:\Work\research\FileX\.venv-ai\Lib\site-packages\rapidocr\models\PP-OCRv6_rec_small.pth[0m
[32m[INFO] 2026-08-21 08:46:51,958 [RapidOCR] main.py:50: Using D:\Work\research\FileX\.venv-ai\Lib\site-packages\rapidocr\models\PP-OCRv6_rec_small.pth[0m
Loading weights:   0%|          | 0/770 [00:00<?, ?it/s]Loading weights:  65%|######4   | 497/770 [00:00<00:00, 4958.77it/s]Loading weights: 100%|##########| 770/770 [00:00<00:00, 6040.62it/s]
D:\Work\research\FileX\.venv-ai\Lib\site-packages\torch\nn\modules\conv.py:549: UserWarning: Using padding='same' with even kernel lengths and odd dilation may require a zero-padded copy of the input be created (Triggered internally at C:\actions-runner\_work\pytorch\pytorch\pytorch\aten\src\ATen\native\Convolution.cpp:1037.)
  return F.conv2d(
nativo__patologico_escaneado             nat=200.0 escala=2.778 (~200ppp) px=(1294, 1792)  CERac=  0.00%  CERascii=  0.00%  lin=3/3  bloques={'cuerpo': 0.0}    2167.9 ms
[32m[INFO] 2026-08-21 08:47:18,170 [RapidOCR] base.py:23: Using engine_name: torch[0m
[32m[INFO] 2026-08-21 08:47:18,170 [RapidOCR] device_config.py:57: Using CPU device[0m
[32m[INFO] 2026-08-21 08:47:18,179 [RapidOCR] download_file.py:60: File exists and is valid: D:\Work\research\FileX\.venv-ai\Lib\site-packages\rapidocr\models\PP-OCRv6_det_small.pth[0m
[32m[INFO] 2026-08-21 08:47:18,179 [RapidOCR] main.py:50: Using D:\Work\research\FileX\.venv-ai\Lib\site-packages\rapidocr\models\PP-OCRv6_det_small.pth[0m
[32m[INFO] 2026-08-21 08:47:18,336 [RapidOCR] base.py:23: Using engine_name: torch[0m
[32m[INFO] 2026-08-21 08:47:18,337 [RapidOCR] device_config.py:57: Using CPU device[0m
[32m[INFO] 2026-08-21 08:47:18,338 [RapidOCR] download_file.py:60: File exists and is valid: D:\Work\research\FileX\.venv-ai\Lib\site-packages\rapidocr\models\ch_ptocr_mobile_v2.0_cls_mobile.pth[0m
[32m[INFO] 2026-08-21 08:47:18,338 [RapidOCR] main.py:50: Using D:\Work\research\FileX\.venv-ai\Lib\site-packages\rapidocr\models\ch_ptocr_mobile_v2.0_cls_mobile.pth[0m
[32m[INFO] 2026-08-21 08:47:18,459 [RapidOCR] base.py:23: Using engine_name: torch[0m
[32m[INFO] 2026-08-21 08:47:18,459 [RapidOCR] device_config.py:57: Using CPU device[0m
[32m[INFO] 2026-08-21 08:47:18,476 [RapidOCR] download_file.py:60: File exists and is valid: D:\Work\research\FileX\.venv-ai\Lib\site-packages\rapidocr\models\PP-OCRv6_rec_small.pth[0m
[32m[INFO] 2026-08-21 08:47:18,476 [RapidOCR] main.py:50: Using D:\Work\research\FileX\.venv-ai\Lib\site-packages\rapidocr\models\PP-OCRv6_rec_small.pth[0m
Loading weights:   0%|          | 0/770 [00:00<?, ?it/s]Loading weights:  64%|######3   | 491/770 [00:00<00:00, 4868.70it/s]Loading weights: 100%|##########| 770/770 [00:00<00:00, 6178.27it/s]
nativo__escaneado_d1                     nat=150.0 escala=2.083 (~150ppp) px=(970, 1300)  CERac=  0.00%  CERascii=  0.00%  lin=3/3  bloques={'cuerpo': 0.0}    1468.7 ms
[32m[INFO] 2026-08-21 08:47:34,753 [RapidOCR] base.py:23: Using engine_name: torch[0m
[32m[INFO] 2026-08-21 08:47:34,753 [RapidOCR] device_config.py:57: Using CPU device[0m
[32m[INFO] 2026-08-21 08:47:34,761 [RapidOCR] download_file.py:60: File exists and is valid: D:\Work\research\FileX\.venv-ai\Lib\site-packages\rapidocr\models\PP-OCRv6_det_small.pth[0m
[32m[INFO] 2026-08-21 08:47:34,761 [RapidOCR] main.py:50: Using D:\Work\research\FileX\.venv-ai\Lib\site-packages\rapidocr\models\PP-OCRv6_det_small.pth[0m
[32m[INFO] 2026-08-21 08:47:34,910 [RapidOCR] base.py:23: Using engine_name: torch[0m
[32m[INFO] 2026-08-21 08:47:34,911 [RapidOCR] device_config.py:57: Using CPU device[0m
[32m[INFO] 2026-08-21 08:47:34,912 [RapidOCR] download_file.py:60: File exists and is valid: D:\Work\research\FileX\.venv-ai\Lib\site-packages\rapidocr\models\ch_ptocr_mobile_v2.0_cls_mobile.pth[0m
[32m[INFO] 2026-08-21 08:47:34,912 [RapidOCR] main.py:50: Using D:\Work\research\FileX\.venv-ai\Lib\site-packages\rapidocr\models\ch_ptocr_mobile_v2.0_cls_mobile.pth[0m
[32m[INFO] 2026-08-21 08:47:35,031 [RapidOCR] base.py:23: Using engine_name: torch[0m
[32m[INFO] 2026-08-21 08:47:35,031 [RapidOCR] device_config.py:57: Using CPU device[0m
[32m[INFO] 2026-08-21 08:47:35,048 [RapidOCR] download_file.py:60: File exists and is valid: D:\Work\research\FileX\.venv-ai\Lib\site-packages\rapidocr\models\PP-OCRv6_rec_small.pth[0m
[32m[INFO] 2026-08-21 08:47:35,048 [RapidOCR] main.py:50: Using D:\Work\research\FileX\.venv-ai\Lib\site-packages\rapidocr\models\PP-OCRv6_rec_small.pth[0m
Loading weights:   0%|          | 0/770 [00:00<?, ?it/s]Loading weights:  59%|#####9    | 458/770 [00:00<00:00, 4538.66it/s]Loading weights: 100%|##########| 770/770 [00:00<00:00, 6047.76it/s]
nativo__escaneado_d2                     nat=100.0 escala=1.389 (~100ppp) px=(647, 850)  CERac=  0.00%  CERascii=  0.00%  lin=3/3  bloques={'cuerpo': 0.0}    1135.8 ms
[32m[INFO] 2026-08-21 08:47:47,574 [RapidOCR] base.py:23: Using engine_name: torch[0m
[32m[INFO] 2026-08-21 08:47:47,575 [RapidOCR] device_config.py:57: Using CPU device[0m
[32m[INFO] 2026-08-21 08:47:47,583 [RapidOCR] download_file.py:60: File exists and is valid: D:\Work\research\FileX\.venv-ai\Lib\site-packages\rapidocr\models\PP-OCRv6_det_small.pth[0m
[32m[INFO] 2026-08-21 08:47:47,583 [RapidOCR] main.py:50: Using D:\Work\research\FileX\.venv-ai\Lib\site-packages\rapidocr\models\PP-OCRv6_det_small.pth[0m
[32m[INFO] 2026-08-21 08:47:47,732 [RapidOCR] base.py:23: Using engine_name: torch[0m
[32m[INFO] 2026-08-21 08:47:47,733 [RapidOCR] device_config.py:57: Using CPU device[0m
[32m[INFO] 2026-08-21 08:47:47,734 [RapidOCR] download_file.py:60: File exists and is valid: D:\Work\research\FileX\.venv-ai\Lib\site-packages\rapidocr\models\ch_ptocr_mobile_v2.0_cls_mobile.pth[0m
[32m[INFO] 2026-08-21 08:47:47,734 [RapidOCR] main.py:50: Using D:\Work\research\FileX\.venv-ai\Lib\site-packages\rapidocr\models\ch_ptocr_mobile_v2.0_cls_mobile.pth[0m
[32m[INFO] 2026-08-21 08:47:47,852 [RapidOCR] base.py:23: Using engine_name: torch[0m
[32m[INFO] 2026-08-21 08:47:47,853 [RapidOCR] device_config.py:57: Using CPU device[0m
[32m[INFO] 2026-08-21 08:47:47,869 [RapidOCR] download_file.py:60: File exists and is valid: D:\Work\research\FileX\.venv-ai\Lib\site-packages\rapidocr\models\PP-OCRv6_rec_small.pth[0m
[32m[INFO] 2026-08-21 08:47:47,870 [RapidOCR] main.py:50: Using D:\Work\research\FileX\.venv-ai\Lib\site-packages\rapidocr\models\PP-OCRv6_rec_small.pth[0m
Loading weights:   0%|          | 0/770 [00:00<?, ?it/s]Loading weights:  59%|#####9    | 456/770 [00:00<00:00, 4542.52it/s]Loading weights: 100%|##########| 770/770 [00:00<00:00, 5628.21it/s]
nativo__escaneado_d3                     nat=100.0 escala=1.389 (~100ppp) px=(647, 850)  CERac= 75.95%  CERascii= 75.95%  lin=1/3  bloques={'cuerpo': 75.95}    1075.7 ms
[32m[INFO] 2026-08-21 08:47:59,975 [RapidOCR] base.py:23: Using engine_name: torch[0m
[32m[INFO] 2026-08-21 08:47:59,976 [RapidOCR] device_config.py:57: Using CPU device[0m
[32m[INFO] 2026-08-21 08:47:59,984 [RapidOCR] download_file.py:60: File exists and is valid: D:\Work\research\FileX\.venv-ai\Lib\site-packages\rapidocr\models\PP-OCRv6_det_small.pth[0m
[32m[INFO] 2026-08-21 08:47:59,984 [RapidOCR] main.py:50: Using D:\Work\research\FileX\.venv-ai\Lib\site-packages\rapidocr\models\PP-OCRv6_det_small.pth[0m
[32m[INFO] 2026-08-21 08:48:00,136 [RapidOCR] base.py:23: Using engine_name: torch[0m
[32m[INFO] 2026-08-21 08:48:00,136 [RapidOCR] device_config.py:57: Using CPU device[0m
[32m[INFO] 2026-08-21 08:48:00,137 [RapidOCR] download_file.py:60: File exists and is valid: D:\Work\research\FileX\.venv-ai\Lib\site-packages\rapidocr\models\ch_ptocr_mobile_v2.0_cls_mobile.pth[0m
[32m[INFO] 2026-08-21 08:48:00,137 [RapidOCR] main.py:50: Using D:\Work\research\FileX\.venv-ai\Lib\site-packages\rapidocr\models\ch_ptocr_mobile_v2.0_cls_mobile.pth[0m
[32m[INFO] 2026-08-21 08:48:00,256 [RapidOCR] base.py:23: Using engine_name: torch[0m
[32m[INFO] 2026-08-21 08:48:00,257 [RapidOCR] device_config.py:57: Using CPU device[0m
[32m[INFO] 2026-08-21 08:48:00,274 [RapidOCR] download_file.py:60: File exists and is valid: D:\Work\research\FileX\.venv-ai\Lib\site-packages\rapidocr\models\PP-OCRv6_rec_small.pth[0m
[32m[INFO] 2026-08-21 08:48:00,274 [RapidOCR] main.py:50: Using D:\Work\research\FileX\.venv-ai\Lib\site-packages\rapidocr\models\PP-OCRv6_rec_small.pth[0m
Loading weights:   0%|          | 0/770 [00:00<?, ?it/s]Loading weights:  62%|######2   | 478/770 [00:00<00:00, 4739.39it/s]Loading weights: 100%|##########| 770/770 [00:00<00:00, 5947.41it/s]
nativo__escaneado_d4                     nat=200.0 escala=2.778 (~200ppp) px=(1294, 1716)  CERac= 36.91%  CERascii= 36.24%  lin=2/12  bloques={'titulo': 0.0, 'subtitulo': 0.0, 'cuerpo': 6.09, 'pequeña': 75.12}    2237.9 ms
{"evento": "fin", "vram_pico_MiB": 0, "vram_base_MiB": 2972, "coste_propio_MiB": -2972, "pico_util_pct": 0, "sonda_activa": true, "muestreo_vram": false}
