{"etiqueta": "docling_torch_cuda_f4_cuda_torch", "dispositivo": "cuda", "backend": "torch", "lang": "english", "docs": ["patologico_escaneado", "escaneado_d1", "escaneado_d2", "escaneado_d3", "escaneado_d4"], "modo_ppp": "nativo", "reps": 9, "vram_base_MiB": 2983, "quietud_pct": 30, "flag": "SUCIA(pico 30%)", "torch": "2.6.0+cu124", "torch_cuda": true, "modelo": {"lang_pedido": "english", "lang_resuelto": "en", "ppocr_version": "PP-OCRv6", "model_type_v6": "small", "model_type_v4v5": "mobile"}, "muestreo_vram": false}
[32m[INFO] 2026-08-21 08:45:59,546 [RapidOCR] base.py:23: Using engine_name: torch[0m
[32m[INFO] 2026-08-21 08:45:59,553 [RapidOCR] device_config.py:64: Using GPU device with ID: 0[0m
[32m[INFO] 2026-08-21 08:45:59,564 [RapidOCR] download_file.py:60: File exists and is valid: D:\Work\research\FileX\.venv-ai\Lib\site-packages\rapidocr\models\PP-OCRv6_det_small.pth[0m
[32m[INFO] 2026-08-21 08:45:59,564 [RapidOCR] main.py:50: Using D:\Work\research\FileX\.venv-ai\Lib\site-packages\rapidocr\models\PP-OCRv6_det_small.pth[0m
[32m[INFO] 2026-08-21 08:45:59,900 [RapidOCR] base.py:23: Using engine_name: torch[0m
[32m[INFO] 2026-08-21 08:45:59,901 [RapidOCR] device_config.py:64: Using GPU device with ID: 0[0m
[32m[INFO] 2026-08-21 08:45:59,902 [RapidOCR] download_file.py:60: File exists and is valid: D:\Work\research\FileX\.venv-ai\Lib\site-packages\rapidocr\models\ch_ptocr_mobile_v2.0_cls_mobile.pth[0m
[32m[INFO] 2026-08-21 08:45:59,902 [RapidOCR] main.py:50: Using D:\Work\research\FileX\.venv-ai\Lib\site-packages\rapidocr\models\ch_ptocr_mobile_v2.0_cls_mobile.pth[0m
[32m[INFO] 2026-08-21 08:46:00,047 [RapidOCR] base.py:23: Using engine_name: torch[0m
[32m[INFO] 2026-08-21 08:46:00,047 [RapidOCR] device_config.py:64: Using GPU device with ID: 0[0m
[32m[INFO] 2026-08-21 08:46:00,064 [RapidOCR] download_file.py:60: File exists and is valid: D:\Work\research\FileX\.venv-ai\Lib\site-packages\rapidocr\models\PP-OCRv6_rec_small.pth[0m
[32m[INFO] 2026-08-21 08:46:00,064 [RapidOCR] main.py:50: Using D:\Work\research\FileX\.venv-ai\Lib\site-packages\rapidocr\models\PP-OCRv6_rec_small.pth[0m
Loading weights:   0%|          | 0/770 [00:00<?, ?it/s]Loading weights:  62%|######1   | 477/770 [00:00<00:00, 4727.95it/s]Loading weights: 100%|##########| 770/770 [00:00<00:00, 6020.89it/s]
D:\Work\research\FileX\.venv-ai\Lib\site-packages\torch\nn\modules\conv.py:549: UserWarning: Using padding='same' with even kernel lengths and odd dilation may require a zero-padded copy of the input be created (Triggered internally at C:\actions-runner\_work\pytorch\pytorch\pytorch\aten\src\ATen\native\Convolution.cpp:1037.)
  return F.conv2d(
nativo__patologico_escaneado             nat=200.0 escala=2.778 (~200ppp) px=(1294, 1792)  CERac=  0.00%  CERascii=  0.00%  lin=3/3  bloques={'cuerpo': 0.0}     736.0 ms
[32m[INFO] 2026-08-21 08:46:12,576 [RapidOCR] base.py:23: Using engine_name: torch[0m
[32m[INFO] 2026-08-21 08:46:12,577 [RapidOCR] device_config.py:64: Using GPU device with ID: 0[0m
[32m[INFO] 2026-08-21 08:46:12,584 [RapidOCR] download_file.py:60: File exists and is valid: D:\Work\research\FileX\.venv-ai\Lib\site-packages\rapidocr\models\PP-OCRv6_det_small.pth[0m
[32m[INFO] 2026-08-21 08:46:12,584 [RapidOCR] main.py:50: Using D:\Work\research\FileX\.venv-ai\Lib\site-packages\rapidocr\models\PP-OCRv6_det_small.pth[0m
[32m[INFO] 2026-08-21 08:46:12,782 [RapidOCR] base.py:23: Using engine_name: torch[0m
[32m[INFO] 2026-08-21 08:46:12,783 [RapidOCR] device_config.py:64: Using GPU device with ID: 0[0m
[32m[INFO] 2026-08-21 08:46:12,785 [RapidOCR] download_file.py:60: File exists and is valid: D:\Work\research\FileX\.venv-ai\Lib\site-packages\rapidocr\models\ch_ptocr_mobile_v2.0_cls_mobile.pth[0m
[32m[INFO] 2026-08-21 08:46:12,785 [RapidOCR] main.py:50: Using D:\Work\research\FileX\.venv-ai\Lib\site-packages\rapidocr\models\ch_ptocr_mobile_v2.0_cls_mobile.pth[0m
[32m[INFO] 2026-08-21 08:46:12,914 [RapidOCR] base.py:23: Using engine_name: torch[0m
[32m[INFO] 2026-08-21 08:46:12,914 [RapidOCR] device_config.py:64: Using GPU device with ID: 0[0m
[32m[INFO] 2026-08-21 08:46:12,931 [RapidOCR] download_file.py:60: File exists and is valid: D:\Work\research\FileX\.venv-ai\Lib\site-packages\rapidocr\models\PP-OCRv6_rec_small.pth[0m
[32m[INFO] 2026-08-21 08:46:12,932 [RapidOCR] main.py:50: Using D:\Work\research\FileX\.venv-ai\Lib\site-packages\rapidocr\models\PP-OCRv6_rec_small.pth[0m
Loading weights:   0%|          | 0/770 [00:00<?, ?it/s]Loading weights:  59%|#####8    | 451/770 [00:00<00:00, 4489.53it/s]Loading weights: 100%|##########| 770/770 [00:00<00:00, 5726.76it/s]
nativo__escaneado_d1                     nat=150.0 escala=2.083 (~150ppp) px=(970, 1300)  CERac=  0.00%  CERascii=  0.00%  lin=3/3  bloques={'cuerpo': 0.0}     474.7 ms
[32m[INFO] 2026-08-21 08:46:18,980 [RapidOCR] base.py:23: Using engine_name: torch[0m
[32m[INFO] 2026-08-21 08:46:18,980 [RapidOCR] device_config.py:64: Using GPU device with ID: 0[0m
[32m[INFO] 2026-08-21 08:46:18,988 [RapidOCR] download_file.py:60: File exists and is valid: D:\Work\research\FileX\.venv-ai\Lib\site-packages\rapidocr\models\PP-OCRv6_det_small.pth[0m
[32m[INFO] 2026-08-21 08:46:18,988 [RapidOCR] main.py:50: Using D:\Work\research\FileX\.venv-ai\Lib\site-packages\rapidocr\models\PP-OCRv6_det_small.pth[0m
[32m[INFO] 2026-08-21 08:46:19,173 [RapidOCR] base.py:23: Using engine_name: torch[0m
[32m[INFO] 2026-08-21 08:46:19,174 [RapidOCR] device_config.py:64: Using GPU device with ID: 0[0m
[32m[INFO] 2026-08-21 08:46:19,175 [RapidOCR] download_file.py:60: File exists and is valid: D:\Work\research\FileX\.venv-ai\Lib\site-packages\rapidocr\models\ch_ptocr_mobile_v2.0_cls_mobile.pth[0m
[32m[INFO] 2026-08-21 08:46:19,175 [RapidOCR] main.py:50: Using D:\Work\research\FileX\.venv-ai\Lib\site-packages\rapidocr\models\ch_ptocr_mobile_v2.0_cls_mobile.pth[0m
[32m[INFO] 2026-08-21 08:46:19,307 [RapidOCR] base.py:23: Using engine_name: torch[0m
[32m[INFO] 2026-08-21 08:46:19,308 [RapidOCR] device_config.py:64: Using GPU device with ID: 0[0m
[32m[INFO] 2026-08-21 08:46:19,326 [RapidOCR] download_file.py:60: File exists and is valid: D:\Work\research\FileX\.venv-ai\Lib\site-packages\rapidocr\models\PP-OCRv6_rec_small.pth[0m
[32m[INFO] 2026-08-21 08:46:19,326 [RapidOCR] main.py:50: Using D:\Work\research\FileX\.venv-ai\Lib\site-packages\rapidocr\models\PP-OCRv6_rec_small.pth[0m
Loading weights:   0%|          | 0/770 [00:00<?, ?it/s]Loading weights:  61%|######    | 466/770 [00:00<00:00, 4625.09it/s]Loading weights: 100%|##########| 770/770 [00:00<00:00, 5765.41it/s]
nativo__escaneado_d2                     nat=100.0 escala=1.389 (~100ppp) px=(647, 850)  CERac=  0.00%  CERascii=  0.00%  lin=3/3  bloques={'cuerpo': 0.0}     399.3 ms
[32m[INFO] 2026-08-21 08:46:24,511 [RapidOCR] base.py:23: Using engine_name: torch[0m
[32m[INFO] 2026-08-21 08:46:24,511 [RapidOCR] device_config.py:64: Using GPU device with ID: 0[0m
[32m[INFO] 2026-08-21 08:46:24,519 [RapidOCR] download_file.py:60: File exists and is valid: D:\Work\research\FileX\.venv-ai\Lib\site-packages\rapidocr\models\PP-OCRv6_det_small.pth[0m
[32m[INFO] 2026-08-21 08:46:24,520 [RapidOCR] main.py:50: Using D:\Work\research\FileX\.venv-ai\Lib\site-packages\rapidocr\models\PP-OCRv6_det_small.pth[0m
[32m[INFO] 2026-08-21 08:46:24,711 [RapidOCR] base.py:23: Using engine_name: torch[0m
[32m[INFO] 2026-08-21 08:46:24,711 [RapidOCR] device_config.py:64: Using GPU device with ID: 0[0m
[32m[INFO] 2026-08-21 08:46:24,713 [RapidOCR] download_file.py:60: File exists and is valid: D:\Work\research\FileX\.venv-ai\Lib\site-packages\rapidocr\models\ch_ptocr_mobile_v2.0_cls_mobile.pth[0m
[32m[INFO] 2026-08-21 08:46:24,713 [RapidOCR] main.py:50: Using D:\Work\research\FileX\.venv-ai\Lib\site-packages\rapidocr\models\ch_ptocr_mobile_v2.0_cls_mobile.pth[0m
[32m[INFO] 2026-08-21 08:46:24,842 [RapidOCR] base.py:23: Using engine_name: torch[0m
[32m[INFO] 2026-08-21 08:46:24,842 [RapidOCR] device_config.py:64: Using GPU device with ID: 0[0m
[32m[INFO] 2026-08-21 08:46:24,859 [RapidOCR] download_file.py:60: File exists and is valid: D:\Work\research\FileX\.venv-ai\Lib\site-packages\rapidocr\models\PP-OCRv6_rec_small.pth[0m
[32m[INFO] 2026-08-21 08:46:24,859 [RapidOCR] main.py:50: Using D:\Work\research\FileX\.venv-ai\Lib\site-packages\rapidocr\models\PP-OCRv6_rec_small.pth[0m
Loading weights:   0%|          | 0/770 [00:00<?, ?it/s]Loading weights:  59%|#####8    | 451/770 [00:00<00:00, 4483.78it/s]Loading weights: 100%|##########| 770/770 [00:00<00:00, 5708.38it/s]
nativo__escaneado_d3                     nat=100.0 escala=1.389 (~100ppp) px=(647, 850)  CERac= 75.95%  CERascii= 75.95%  lin=1/3  bloques={'cuerpo': 75.95}     370.6 ms
[32m[INFO] 2026-08-21 08:46:29,923 [RapidOCR] base.py:23: Using engine_name: torch[0m
[32m[INFO] 2026-08-21 08:46:29,924 [RapidOCR] device_config.py:64: Using GPU device with ID: 0[0m
[32m[INFO] 2026-08-21 08:46:29,932 [RapidOCR] download_file.py:60: File exists and is valid: D:\Work\research\FileX\.venv-ai\Lib\site-packages\rapidocr\models\PP-OCRv6_det_small.pth[0m
[32m[INFO] 2026-08-21 08:46:29,933 [RapidOCR] main.py:50: Using D:\Work\research\FileX\.venv-ai\Lib\site-packages\rapidocr\models\PP-OCRv6_det_small.pth[0m
[32m[INFO] 2026-08-21 08:46:30,111 [RapidOCR] base.py:23: Using engine_name: torch[0m
[32m[INFO] 2026-08-21 08:46:30,112 [RapidOCR] device_config.py:64: Using GPU device with ID: 0[0m
[32m[INFO] 2026-08-21 08:46:30,113 [RapidOCR] download_file.py:60: File exists and is valid: D:\Work\research\FileX\.venv-ai\Lib\site-packages\rapidocr\models\ch_ptocr_mobile_v2.0_cls_mobile.pth[0m
[32m[INFO] 2026-08-21 08:46:30,113 [RapidOCR] main.py:50: Using D:\Work\research\FileX\.venv-ai\Lib\site-packages\rapidocr\models\ch_ptocr_mobile_v2.0_cls_mobile.pth[0m
[32m[INFO] 2026-08-21 08:46:30,244 [RapidOCR] base.py:23: Using engine_name: torch[0m
[32m[INFO] 2026-08-21 08:46:30,245 [RapidOCR] device_config.py:64: Using GPU device with ID: 0[0m
[32m[INFO] 2026-08-21 08:46:30,261 [RapidOCR] download_file.py:60: File exists and is valid: D:\Work\research\FileX\.venv-ai\Lib\site-packages\rapidocr\models\PP-OCRv6_rec_small.pth[0m
[32m[INFO] 2026-08-21 08:46:30,261 [RapidOCR] main.py:50: Using D:\Work\research\FileX\.venv-ai\Lib\site-packages\rapidocr\models\PP-OCRv6_rec_small.pth[0m
Loading weights:   0%|          | 0/770 [00:00<?, ?it/s]Loading weights:  57%|#####7    | 441/770 [00:00<00:00, 4370.45it/s]Loading weights: 100%|##########| 770/770 [00:00<00:00, 5686.93it/s]
nativo__escaneado_d4                     nat=200.0 escala=2.778 (~200ppp) px=(1294, 1716)  CERac= 36.91%  CERascii= 36.24%  lin=2/12  bloques={'titulo': 0.0, 'subtitulo': 0.0, 'cuerpo': 6.09, 'pequeña': 75.12}     680.9 ms
{"evento": "fin", "vram_pico_MiB": 0, "vram_base_MiB": 2983, "coste_propio_MiB": -2983, "pico_util_pct": 0, "sonda_activa": true, "muestreo_vram": false}
