INFORMACIàN: no se pudo encontrar ning£n archivo para los patrones dados.
D:\Work\research\FileX\.venv-paddle\Lib\site-packages\paddle\utils\cpp_extension\extension_utils.py:718: UserWarning: No ccache found. Please be aware that recompiling all source files may be required. You can download and install ccache from: https://github.com/ccache/ccache/blob/master/doc/INSTALL.md
  warnings.warn(warning_message)
[32mCreating model: ('PP-LCNet_x1_0_textline_ori', None, None)[0m
[32mModel files already exist. Using cached files. To redownload, please delete the directory manually: `C:\Users\krato\.paddlex\official_models\PP-LCNet_x1_0_textline_ori`.[0m
WARNING: Logging before InitGoogleLogging() is written to STDERR
I0821 08:36:07.530936 26652 onednn_context.cc:81] oneDNN v3.6.2
[32mCreating model: ('PP-OCRv6_medium_det', None, None)[0m
[32mModel files already exist. Using cached files. To redownload, please delete the directory manually: `C:\Users\krato\.paddlex\official_models\PP-OCRv6_medium_det`.[0m
[32mCreating model: ('PP-OCRv6_medium_rec', None, None)[0m
[32mModel files already exist. Using cached files. To redownload, please delete the directory manually: `C:\Users\krato\.paddlex\official_models\PP-OCRv6_medium_rec`.[0m
{"etiqueta": "paddleocr_cpu_f4_cpu", "motor": "paddleocr", "dispositivo": "cpu", "referencia": "d4", "patron": "*.png", "imgdir": "D:/Work/research/FileX/bench/salidas-corpus-d4/img_f4", "carga_frio_s": 62.96, "vram_base_MiB": 2907, "vram_tras_carga_MiB": 2907, "quietud_pct": 36, "cpu_pico_pct": -1, "flag": "SUCIA(pico 36%)", "modelos": {"paddle": "3.2.0", "kwargs": {"device": "cpu", "use_doc_orientation_classify": "False", "use_doc_unwarping": "False", "use_textline_orientation": "True"}, "params": {"doc_orientation_classify_model_name": "None", "doc_unwarping_model_name": "None", "text_detection_model_name": "PP-OCRv6_medium_det", "textline_orientation_model_name": "None", "text_recognition_model_name": "PP-OCRv6_medium_rec"}}, "reps": 9, "muestreo_vram": false}
ReduceMeanCheckIfOneDNNSupport
ReduceMeanCheckIfOneDNNSupport
ReduceMeanCheckIfOneDNNSupport
ReduceMeanCheckIfOneDNNSupport
ReduceMeanCheckIfOneDNNSupport
ReduceMeanCheckIfOneDNNSupport
ReduceMeanCheckIfOneDNNSupport
ReduceMeanCheckIfOneDNNSupport
ReduceMeanCheckIfOneDNNSupport
ReduceMeanCheckIfOneDNNSupport
ReduceMeanCheckIfOneDNNSupport
ppp100__escaneado_d2                     CERac=  0.00%  CERascii=  0.00%  lin=3/3  bloques={'cuerpo': 0.0}   1017.5 ms  det=si
ppp100__escaneado_d3                     CERac=  2.53%  CERascii=  2.53%  lin=2/3  bloques={'cuerpo': 2.53}    879.6 ms  det=si
ppp150__escaneado_d1                     CERac=  0.00%  CERascii=  0.00%  lin=3/3  bloques={'cuerpo': 0.0}   1609.1 ms  det=si
ppp200__escaneado_d1                     CERac=  0.00%  CERascii=  0.00%  lin=3/3  bloques={'cuerpo': 0.0}   2727.5 ms  det=si
ppp200__escaneado_d2                     CERac=  0.00%  CERascii=  0.00%  lin=3/3  bloques={'cuerpo': 0.0}   2953.5 ms  det=si
ppp200__escaneado_d3                     CERac= 75.95%  CERascii= 75.95%  lin=1/3  bloques={'cuerpo': 75.95}   2539.9 ms  det=si
ppp200__escaneado_d4                     CERac= 19.63%  CERascii= 18.79%  lin=4/12  bloques={'titulo': 0.0, 'subtitulo': 0.0, 'cuerpo': 1.6, 'pequeña': 60.09}   5418.1 ms  det=si
ppp200__patologico_escaneado             CERac=  0.00%  CERascii=  0.00%  lin=3/3  bloques={'cuerpo': 0.0}   3112.9 ms  det=si
ppp280__escaneado_d4                     CERac= 36.24%  CERascii= 35.91%  lin=6/12  bloques={'titulo': 0.0, 'subtitulo': 0.0, 'cuerpo': 0.64, 'pequeña': 75.12}   5809.0 ms  det=si
{"evento": "fin", "vram_pico_MiB": 2907, "vram_base_MiB": 2907, "coste_propio_MiB": 0, "pico_util_pct": 0, "muestreo_vram": false}
