INFORMACIàN: no se pudo encontrar ning£n archivo para los patrones dados.
D:\Work\research\FileX\.venv-paddle\Lib\site-packages\paddle\utils\cpp_extension\extension_utils.py:718: UserWarning: No ccache found. Please be aware that recompiling all source files may be required. You can download and install ccache from: https://github.com/ccache/ccache/blob/master/doc/INSTALL.md
  warnings.warn(warning_message)
[32mCreating model: ('PP-LCNet_x1_0_textline_ori', None, None)[0m
[32mModel files already exist. Using cached files. To redownload, please delete the directory manually: `C:\Users\krato\.paddlex\official_models\PP-LCNet_x1_0_textline_ori`.[0m
WARNING: Logging before InitGoogleLogging() is written to STDERR
W0821 08:35:20.922842 31344 gpu_resources.cc:114] Please NOTE: device: 0, GPU Compute Capability: 8.6, Driver API Version: 12.8, Runtime API Version: 12.6
[32mCreating model: ('PP-OCRv6_medium_det', None, None)[0m
[32mModel files already exist. Using cached files. To redownload, please delete the directory manually: `C:\Users\krato\.paddlex\official_models\PP-OCRv6_medium_det`.[0m
[32mCreating model: ('PP-OCRv6_medium_rec', None, None)[0m
[32mModel files already exist. Using cached files. To redownload, please delete the directory manually: `C:\Users\krato\.paddlex\official_models\PP-OCRv6_medium_rec`.[0m
{"etiqueta": "paddleocr_cuda_f4_cuda", "motor": "paddleocr", "dispositivo": "cuda", "referencia": "d4", "patron": "*.png", "imgdir": "D:/Work/research/FileX/bench/salidas-corpus-d4/img_f4", "carga_frio_s": 18.36, "vram_base_MiB": 2907, "vram_tras_carga_MiB": 3176, "quietud_pct": 22, "cpu_pico_pct": -1, "flag": "SUCIA(pico 22%)", "modelos": {"paddle": "3.2.0", "kwargs": {"device": "gpu:0", "use_doc_orientation_classify": "False", "use_doc_unwarping": "False", "use_textline_orientation": "True"}, "params": {"doc_orientation_classify_model_name": "None", "doc_unwarping_model_name": "None", "text_detection_model_name": "PP-OCRv6_medium_det", "textline_orientation_model_name": "None", "text_recognition_model_name": "PP-OCRv6_medium_rec"}}, "reps": 9, "muestreo_vram": false}
W0821 08:35:23.302346 31344 gpu_resources.cc:243] WARNING: device: 0. The installed Paddle is compiled with CUDNN 9.9, but CUDNN version in your machine is 9.5, which may cause serious incompatible bug. Please recompile or reinstall Paddle with compatible CUDNN version.
ppp100__escaneado_d2                     CERac=  0.00%  CERascii=  0.00%  lin=3/3  bloques={'cuerpo': 0.0}     98.3 ms  det=si
ppp100__escaneado_d3                     CERac=  2.53%  CERascii=  2.53%  lin=2/3  bloques={'cuerpo': 2.53}     89.9 ms  det=si
ppp150__escaneado_d1                     CERac=  0.00%  CERascii=  0.00%  lin=3/3  bloques={'cuerpo': 0.0}    162.0 ms  det=si
ppp200__escaneado_d1                     CERac=  0.00%  CERascii=  0.00%  lin=3/3  bloques={'cuerpo': 0.0}    255.4 ms  det=si
ppp200__escaneado_d2                     CERac=  0.00%  CERascii=  0.00%  lin=3/3  bloques={'cuerpo': 0.0}    233.8 ms  det=si
ppp200__escaneado_d3                     CERac= 75.95%  CERascii= 75.95%  lin=1/3  bloques={'cuerpo': 75.95}    212.8 ms  det=si
ppp200__escaneado_d4                     CERac= 19.30%  CERascii= 18.46%  lin=4/12  bloques={'titulo': 0.0, 'subtitulo': 0.0, 'cuerpo': 1.6, 'pequeña': 58.69}    393.2 ms  det=si
ppp200__patologico_escaneado             CERac=  0.00%  CERascii=  0.00%  lin=3/3  bloques={'cuerpo': 0.0}    296.1 ms  det=si
ppp280__escaneado_d4                     CERac= 36.24%  CERascii= 35.91%  lin=6/12  bloques={'titulo': 0.0, 'subtitulo': 0.0, 'cuerpo': 0.64, 'pequeña': 75.12}    545.3 ms  det=si
{"evento": "fin", "vram_pico_MiB": 3176, "vram_base_MiB": 2907, "coste_propio_MiB": 269, "pico_util_pct": 0, "muestreo_vram": false}
