[lock] adquirido por G1-fase3d-ab
=== fase 3d: Fri Aug 21 08:23:33 HPS 2026 ===

--- rapidocr _sm_lim64 : PP-OCRv6/small extra={"Det.limit_side_len": 64}
ppp100__escaneado_d3                     CERac= 75.95%  CERascii= 75.95%  lin=1/3  bloques={'cuerpo': 75.95}     67.0 ms  det=si
ppp200__escaneado_d4                     CERac= 36.91%  CERascii= 36.24%  lin=3/12  bloques={'titulo': 0.0, 'subtitulo': 0.0, 'cuerpo': 6.09, 'pequeña': 74.65}    530.2 ms  det=si
ppp200__escaneado_d4c                    CERac= 29.36%  CERascii= 29.36%  lin=8/12  bloques={'titulo': 0.0, 'subtitulo': 0.0, 'cuerpo': 0.0, 'pequeña': 75.12}    528.3 ms  det=si

--- rapidocr _med_lim64 : PP-OCRv6/medium extra={"Det.limit_side_len": 64}
ppp100__escaneado_d3                     CERac=  3.80%  CERascii=  3.80%  lin=2/3  bloques={'cuerpo': 3.8}    138.4 ms  det=si
ppp200__escaneado_d4                     CERac= 22.82%  CERascii= 22.15%  lin=5/12  bloques={'titulo': 0.0, 'subtitulo': 0.0, 'cuerpo': 0.96, 'pequeña': 71.36}    804.5 ms  det=si
ppp200__escaneado_d4c                    CERac= 14.09%  CERascii= 13.93%  lin=9/12  bloques={'titulo': 0.0, 'subtitulo': 0.0, 'cuerpo': 0.0, 'pequeña': 43.19}    718.1 ms  det=si

--- rapidocr _v5m_lim64 : PP-OCRv5/mobile extra={"Det.limit_side_len": 64}
ppp100__escaneado_d3                     CERac= 77.22%  CERascii= 77.22%  lin=0/3  bloques={'cuerpo': 77.22}     68.6 ms  det=si
ppp200__escaneado_d4                     CERac= 41.78%  CERascii= 38.59%  lin=0/12  bloques={'titulo': 4.0, 'subtitulo': 11.63, 'cuerpo': 14.42, 'pequeña': 74.65}    492.0 ms  det=si
ppp200__escaneado_d4c                    CERac= 15.60%  CERascii= 11.91%  lin=0/12  bloques={'titulo': 4.0, 'subtitulo': 2.33, 'cuerpo': 4.17, 'pequeña': 51.17}    342.1 ms  det=si

--- rapidocr _sm_lim64_box06 : PP-OCRv6/small extra={"Det.limit_side_len": 64, "Det.box_thresh": 0.6}
ppp100__escaneado_d3                     CERac= 75.95%  CERascii= 75.95%  lin=1/3  bloques={'cuerpo': 75.95}     54.1 ms  det=si
ppp200__escaneado_d4                     CERac= 36.91%  CERascii= 36.24%  lin=3/12  bloques={'titulo': 0.0, 'subtitulo': 0.0, 'cuerpo': 6.09, 'pequeña': 74.65}    477.9 ms  det=si
ppp200__escaneado_d4c                    CERac= 35.91%  CERascii= 35.91%  lin=8/12  bloques={'titulo': 0.0, 'subtitulo': 0.0, 'cuerpo': 0.0, 'pequeña': 75.59}    469.6 ms  det=si

--- paddle _v6med_lim736 : det=PP-OCRv6_medium_det rec=PP-OCRv6_medium_rec extra={"text_det_limit_side_len": 736}
ppp100__escaneado_d3                     CERac=  3.80%  CERascii=  3.80%  lin=2/3  bloques={'cuerpo': 3.8}    101.7 ms  det=si
ppp200__escaneado_d4                     CERac= 19.30%  CERascii= 18.46%  lin=4/12  bloques={'titulo': 0.0, 'subtitulo': 0.0, 'cuerpo': 1.6, 'pequeña': 58.69}    429.7 ms  det=si
ppp200__escaneado_d4c                    CERac=  0.67%  CERascii=  0.00%  lin=9/12  bloques={'titulo': 0.0, 'subtitulo': 0.0, 'cuerpo': 0.0, 'pequeña': 4.69}    487.4 ms  det=si

--- paddle _v6sml_lim736 : det=PP-OCRv6_small_det rec=PP-OCRv6_small_rec extra={"text_det_limit_side_len": 736}
ppp100__escaneado_d3                     CERac=  5.06%  CERascii=  5.06%  lin=2/3  bloques={'cuerpo': 5.06}     78.1 ms  det=si
ppp200__escaneado_d4                     CERac= 19.80%  CERascii= 18.62%  lin=4/12  bloques={'titulo': 0.0, 'subtitulo': 0.0, 'cuerpo': 1.28, 'pequeña': 56.34}    279.4 ms  det=si
ppp200__escaneado_d4c                    CERac=  1.01%  CERascii=  0.17%  lin=9/12  bloques={'titulo': 0.0, 'subtitulo': 0.0, 'cuerpo': 0.0, 'pequeña': 5.63}    466.5 ms  det=si

--- paddle _v6med_box05 : det=PP-OCRv6_medium_det rec=PP-OCRv6_medium_rec extra={"text_det_box_thresh": 0.5}
ppp100__escaneado_d3                     CERac=  2.53%  CERascii=  2.53%  lin=2/3  bloques={'cuerpo': 2.53}     95.1 ms  det=si
ppp200__escaneado_d4                     CERac= 19.30%  CERascii= 18.46%  lin=4/12  bloques={'titulo': 0.0, 'subtitulo': 0.0, 'cuerpo': 1.6, 'pequeña': 58.69}    424.8 ms  det=si
ppp200__escaneado_d4c                    CERac=  0.67%  CERascii=  0.00%  lin=9/12  bloques={'titulo': 0.0, 'subtitulo': 0.0, 'cuerpo': 0.0, 'pequeña': 4.69}    416.7 ms  det=si
=== fin fase 3d: Fri Aug 21 08:28:09 HPS 2026 ===
