[lock] adquirido por G1-fase3-asimetria
=== fase 3: Fri Aug 21 08:01:46 HPS 2026 ===

--- paddle _v6med : det=PP-OCRv6_medium_det rec=PP-OCRv6_medium_rec lang=
ppp100__escaneado_d3                     CERac=  2.53%  CERascii=  2.53%  lin=2/3  bloques={'cuerpo': 2.53}    100.7 ms  det=si
ppp200__escaneado_d4                     CERac= 19.30%  CERascii= 18.46%  lin=4/12  bloques={'titulo': 0.0, 'subtitulo': 0.0, 'cuerpo': 1.6, 'pequeña': 58.69}    384.3 ms  det=si
ppp200__escaneado_d4c                    CERac=  0.67%  CERascii=  0.00%  lin=9/12  bloques={'titulo': 0.0, 'subtitulo': 0.0, 'cuerpo': 0.0, 'pequeña': 4.69}    448.9 ms  det=si

--- paddle _v6small : det=PP-OCRv6_small_det rec=PP-OCRv6_small_rec lang=
ppp100__escaneado_d3                     CERac=  3.80%  CERascii=  3.80%  lin=2/3  bloques={'cuerpo': 3.8}     61.7 ms  det=si
ppp200__escaneado_d4                     CERac= 19.80%  CERascii= 18.62%  lin=4/12  bloques={'titulo': 0.0, 'subtitulo': 0.0, 'cuerpo': 1.28, 'pequeña': 56.34}    277.0 ms  det=si
ppp200__escaneado_d4c                    CERac=  1.01%  CERascii=  0.17%  lin=9/12  bloques={'titulo': 0.0, 'subtitulo': 0.0, 'cuerpo': 0.0, 'pequeña': 5.63}    268.4 ms  det=si

--- paddle _v6tiny : det=PP-OCRv6_tiny_det rec=PP-OCRv6_tiny_rec lang=
ppp100__escaneado_d3                     CERac= 43.04%  CERascii= 43.04%  lin=1/3  bloques={'cuerpo': 43.04}     56.7 ms  det=si
ppp200__escaneado_d4                     CERac= 31.88%  CERascii= 30.70%  lin=2/12  bloques={'titulo': 0.0, 'subtitulo': 0.0, 'cuerpo': 8.97, 'pequeña': 75.59}    191.0 ms  det=si
ppp200__escaneado_d4c                    CERac=  4.87%  CERascii=  4.19%  lin=7/12  bloques={'titulo': 0.0, 'subtitulo': 0.0, 'cuerpo': 0.32, 'pequeña': 15.02}    177.8 ms  det=si

--- paddle _detM_recS : det=PP-OCRv6_medium_det rec=PP-OCRv6_small_rec lang=
ppp100__escaneado_d3                     CERac=  8.86%  CERascii=  8.86%  lin=1/3  bloques={'cuerpo': 8.86}     80.6 ms  det=si
ppp200__escaneado_d4                     CERac= 17.45%  CERascii= 16.11%  lin=3/12  bloques={'titulo': 0.0, 'subtitulo': 0.0, 'cuerpo': 1.92, 'pequeña': 54.93}    330.7 ms  det=si
ppp200__escaneado_d4c                    CERac=  1.01%  CERascii=  0.34%  lin=9/12  bloques={'titulo': 0.0, 'subtitulo': 0.0, 'cuerpo': 0.0, 'pequeña': 5.63}    323.6 ms  det=si

--- paddle _detS_recM : det=PP-OCRv6_small_det rec=PP-OCRv6_medium_rec lang=
ppp100__escaneado_d3                     CERac=  3.80%  CERascii=  3.80%  lin=2/3  bloques={'cuerpo': 3.8}     71.9 ms  det=si
ppp200__escaneado_d4                     CERac= 22.99%  CERascii= 22.15%  lin=5/12  bloques={'titulo': 0.0, 'subtitulo': 0.0, 'cuerpo': 0.96, 'pequeña': 64.32}    288.1 ms  det=si
ppp200__escaneado_d4c                    CERac=  1.01%  CERascii=  0.00%  lin=9/12  bloques={'titulo': 0.0, 'subtitulo': 0.0, 'cuerpo': 0.0, 'pequeña': 5.63}    314.2 ms  det=si

--- paddle _v5_latin : det=PP-OCRv5_server_det rec=latin_PP-OCRv5_mobile_rec lang=
ppp100__escaneado_d3                     CERac=  6.33%  CERascii=  6.33%  lin=1/3  bloques={'cuerpo': 6.33}    107.1 ms  det=si
ppp200__escaneado_d4                     CERac= 17.28%  CERascii= 16.28%  lin=5/12  bloques={'titulo': 0.0, 'subtitulo': 0.0, 'cuerpo': 0.96, 'pequeña': 58.69}    481.3 ms  det=si
ppp200__escaneado_d4c                    CERac=  1.51%  CERascii=  0.34%  lin=7/12  bloques={'titulo': 0.0, 'subtitulo': 0.0, 'cuerpo': 0.32, 'pequeña': 6.1}    473.0 ms  det=si

--- paddle _v5_en : det=PP-OCRv5_server_det rec=en_PP-OCRv5_mobile_rec lang=
ppp100__escaneado_d3                     CERac=  7.59%  CERascii=  7.59%  lin=1/3  bloques={'cuerpo': 7.59}    103.6 ms  det=si
ppp200__escaneado_d4                     CERac= 30.37%  CERascii= 27.52%  lin=1/12  bloques={'titulo': 0.0, 'subtitulo': 4.65, 'cuerpo': 6.41, 'pequeña': 74.18}    470.1 ms  det=si
ppp200__escaneado_d4c                    CERac=  3.86%  CERascii=  1.01%  lin=4/12  bloques={'titulo': 0.0, 'subtitulo': 2.33, 'cuerpo': 1.28, 'pequeña': 11.27}    522.0 ms  det=si

--- paddle _v5_ch : det=PP-OCRv5_server_det rec=PP-OCRv5_server_rec lang=
ppp100__escaneado_d3                     CERac= 25.32%  CERascii= 25.32%  lin=0/3  bloques={'cuerpo': 25.32}    132.6 ms  det=si
ppp200__escaneado_d4                     CERac= 40.94%  CERascii= 37.58%  lin=0/12  bloques={'titulo': 12.0, 'subtitulo': 13.95, 'cuerpo': 11.54, 'pequeña': 74.65}    602.9 ms  det=si
ppp200__escaneado_d4c                    CERac= 20.64%  CERascii= 16.61%  lin=0/12  bloques={'titulo': 4.0, 'subtitulo': 9.3, 'cuerpo': 7.37, 'pequeña': 66.2}    585.7 ms  det=si

--- paddle _lang_es : det= rec= lang=es
ppp100__escaneado_d3                     CERac=  2.53%  CERascii=  2.53%  lin=2/3  bloques={'cuerpo': 2.53}     85.7 ms  det=si
ppp200__escaneado_d4                     CERac= 19.30%  CERascii= 18.46%  lin=4/12  bloques={'titulo': 0.0, 'subtitulo': 0.0, 'cuerpo': 1.6, 'pequeña': 58.69}    378.7 ms  det=si
ppp200__escaneado_d4c                    CERac=  0.67%  CERascii=  0.00%  lin=9/12  bloques={'titulo': 0.0, 'subtitulo': 0.0, 'cuerpo': 0.0, 'pequeña': 4.69}    381.2 ms  det=si

--- paddle _lang_en : det= rec= lang=en
ppp100__escaneado_d3                     CERac=  2.53%  CERascii=  2.53%  lin=2/3  bloques={'cuerpo': 2.53}     85.6 ms  det=si
ppp200__escaneado_d4                     CERac= 19.30%  CERascii= 18.46%  lin=4/12  bloques={'titulo': 0.0, 'subtitulo': 0.0, 'cuerpo': 1.6, 'pequeña': 58.69}    373.7 ms  det=si
ppp200__escaneado_d4c                    CERac=  0.67%  CERascii=  0.00%  lin=9/12  bloques={'titulo': 0.0, 'subtitulo': 0.0, 'cuerpo': 0.0, 'pequeña': 4.69}    385.9 ms  det=si

--- rapidocr _v5m_recch : PP-OCRv5/mobile det=ch rec=ch
ppp100__escaneado_d3                     CERac= 77.22%  CERascii= 77.22%  lin=0/3  bloques={'cuerpo': 77.22}     71.1 ms  det=si
ppp200__escaneado_d4                     CERac= 41.78%  CERascii= 38.59%  lin=0/12  bloques={'titulo': 4.0, 'subtitulo': 11.63, 'cuerpo': 14.42, 'pequeña': 74.65}    450.7 ms  det=si
ppp200__escaneado_d4c                    CERac= 15.60%  CERascii= 11.91%  lin=0/12  bloques={'titulo': 4.0, 'subtitulo': 2.33, 'cuerpo': 4.17, 'pequeña': 51.17}    348.8 ms  det=si

--- rapidocr _v5m_reclat : PP-OCRv5/mobile det=ch rec=latin
ppp100__escaneado_d3                     CERac= 75.95%  CERascii= 75.95%  lin=1/3  bloques={'cuerpo': 75.95}     64.2 ms  det=si
ppp200__escaneado_d4                     CERac= 36.24%  CERascii= 35.91%  lin=6/12  bloques={'titulo': 0.0, 'subtitulo': 0.0, 'cuerpo': 0.64, 'pequeña': 75.12}    412.2 ms  det=si
ppp200__escaneado_d4c                    CERac=  9.56%  CERascii=  9.40%  lin=10/12  bloques={'titulo': 0.0, 'subtitulo': 0.0, 'cuerpo': 0.0, 'pequeña': 43.66}    273.2 ms  det=si

--- rapidocr _v6tiny : PP-OCRv6/tiny det=ch rec=ch
ppp100__escaneado_d3                     CERac= 43.04%  CERascii= 43.04%  lin=1/3  bloques={'cuerpo': 43.04}     62.6 ms  det=si
ppp200__escaneado_d4                     CERac= 39.60%  CERascii= 38.42%  lin=2/12  bloques={'titulo': 0.0, 'subtitulo': 0.0, 'cuerpo': 9.62, 'pequeña': 76.53}    380.7 ms  det=si
ppp200__escaneado_d4c                    CERac=  4.19%  CERascii=  3.36%  lin=8/12  bloques={'titulo': 0.0, 'subtitulo': 0.0, 'cuerpo': 0.0, 'pequeña': 13.15}    277.9 ms  det=si

--- rapidocr _v6small : PP-OCRv6/small det=ch rec=ch
ppp100__escaneado_d3                     CERac= 75.95%  CERascii= 75.95%  lin=1/3  bloques={'cuerpo': 75.95}     72.2 ms  det=si
ppp200__escaneado_d4                     CERac= 36.91%  CERascii= 36.24%  lin=3/12  bloques={'titulo': 0.0, 'subtitulo': 0.0, 'cuerpo': 6.09, 'pequeña': 74.65}    476.7 ms  det=si
ppp200__escaneado_d4c                    CERac= 29.36%  CERascii= 29.36%  lin=8/12  bloques={'titulo': 0.0, 'subtitulo': 0.0, 'cuerpo': 0.0, 'pequeña': 75.12}    495.4 ms  det=si

--- rapidocr _v6medium : PP-OCRv6/medium det=ch rec=ch
ppp100__escaneado_d3                     CERac=  3.80%  CERascii=  3.80%  lin=2/3  bloques={'cuerpo': 3.8}    114.6 ms  det=si
ppp200__escaneado_d4                     CERac= 22.82%  CERascii= 22.15%  lin=5/12  bloques={'titulo': 0.0, 'subtitulo': 0.0, 'cuerpo': 0.96, 'pequeña': 71.36}    462.8 ms  det=si
ppp200__escaneado_d4c                    CERac= 14.09%  CERascii= 13.93%  lin=9/12  bloques={'titulo': 0.0, 'subtitulo': 0.0, 'cuerpo': 0.0, 'pequeña': 43.19}    471.9 ms  det=si

--- rapidocr _v4_detch : PP-OCRv4/mobile det=ch rec=ch
ppp100__escaneado_d3                     CERac= 58.23%  CERascii= 58.23%  lin=1/3  bloques={'cuerpo': 58.23}     80.5 ms  det=si
ppp200__escaneado_d4                     CERac= 44.30%  CERascii= 41.11%  lin=0/12  bloques={'titulo': 4.0, 'subtitulo': 20.93, 'cuerpo': 19.55, 'pequeña': 76.06}    302.8 ms  det=si
ppp200__escaneado_d4c                    CERac= 18.79%  CERascii= 13.76%  lin=0/12  bloques={'titulo': 4.0, 'subtitulo': 9.3, 'cuerpo': 7.05, 'pequeña': 45.07}    300.9 ms  det=si

--- rapidocr _v4_deten : PP-OCRv4/mobile det=en rec=ch
ppp100__escaneado_d3                     CERac= 75.95%  CERascii= 75.95%  lin=1/3  bloques={'cuerpo': 75.95}     79.7 ms  det=si
ppp200__escaneado_d4                     CERac= 44.63%  CERascii= 41.28%  lin=0/12  bloques={'titulo': 4.0, 'subtitulo': 16.28, 'cuerpo': 24.68, 'pequeña': 76.06}    401.1 ms  det=si
ppp200__escaneado_d4c                    CERac= 10.74%  CERascii=  5.03%  lin=0/12  bloques={'titulo': 4.0, 'subtitulo': 4.65, 'cuerpo': 6.41, 'pequeña': 31.46}    308.8 ms  det=si

--- rapidocr _v4_detmul : PP-OCRv4/mobile det=multi rec=ch
ppp100__escaneado_d3                     CERac= 46.84%  CERascii= 46.84%  lin=1/3  bloques={'cuerpo': 46.84}    626.1 ms  det=si
ppp200__escaneado_d4                     CERac= 61.07%  CERascii= 58.89%  lin=0/12  bloques={'titulo': 60.0, 'subtitulo': 9.3, 'cuerpo': 54.49, 'pequeña': 76.06}    856.5 ms  det=si
ppp200__escaneado_d4c                    CERac= 15.27%  CERascii=  9.73%  lin=0/12  bloques={'titulo': 4.0, 'subtitulo': 4.65, 'cuerpo': 11.22, 'pequeña': 34.74}   1252.5 ms  det=si
=== fin fase 3: Fri Aug 21 08:14:12 HPS 2026 ===
