{"etiqueta": "easyocr_cuda", "motor": "easyocr", "dispositivo": "cuda", "carga_frio_s": 13.77, "vram_base_MiB": 2066, "vram_tras_carga_MiB": 2313, "quietud_pct": 5, "flag": "limpia", "modelos": {"torch": "2.6.0+cu124", "torch_cuda": "True"}, "reps": 9}
ext__escaneado_d1                    CER=   0.0%  dist=   0  frases=3/3    370.0 ms  det=si
ext__escaneado_d2                    CER=  43.0%  dist=  34  frases=1/3    305.1 ms  det=si
ext__escaneado_d3                    CER=  54.4%  dist=  43  frases=1/3    477.5 ms  det=si
ext__patologico_escaneado            CER=   0.0%  dist=   0  frases=3/3    515.0 ms  det=si
extg__escaneado_d1                   CER=   0.0%  dist=   0  frases=3/3    381.8 ms  det=si
extg__escaneado_d2                   CER=  43.0%  dist=  34  frases=1/3    278.9 ms  det=si
extg__escaneado_d3                   CER=  54.4%  dist=  43  frases=1/3    700.1 ms  det=si
extg__patologico_escaneado           CER=   0.0%  dist=   0  frases=3/3    664.8 ms  det=si
ppp100__escaneado_d1                 CER=  15.2%  dist=  12  frases=2/3    296.5 ms  det=si
ppp100__escaneado_d2                 CER=  43.0%  dist=  34  frases=1/3    222.3 ms  det=si
ppp100__escaneado_d3                 CER=  54.4%  dist=  43  frases=1/3    590.9 ms  det=si
ppp100__patologico_escaneado         CER=   0.0%  dist=   0  frases=3/3    384.9 ms  det=si
ppp125__escaneado_d1                 CER=   0.0%  dist=   0  frases=3/3    306.5 ms  det=si
ppp125__escaneado_d2                 CER=  40.5%  dist=  32  frases=1/3    398.2 ms  det=si
ppp125__escaneado_d3                 CER=  50.6%  dist=  40  frases=1/3    437.1 ms  det=si
ppp125__patologico_escaneado         CER=   0.0%  dist=   0  frases=3/3    402.2 ms  det=si
ppp150__escaneado_d1                 CER=   0.0%  dist=   0  frases=3/3    352.2 ms  det=si
ppp150__escaneado_d2                 CER=  39.2%  dist=  31  frases=1/3    423.3 ms  det=si
ppp150__escaneado_d3                 CER=  54.4%  dist=  43  frases=1/3    528.9 ms  det=si
ppp150__patologico_escaneado         CER=   0.0%  dist=   0  frases=3/3    591.6 ms  det=si
ppp175__escaneado_d1                 CER=   0.0%  dist=   0  frases=3/3    479.4 ms  det=si
ppp175__escaneado_d2                 CER=  44.3%  dist=  35  frases=1/3    603.1 ms  det=si
ppp175__escaneado_d3                 CER=  54.4%  dist=  43  frases=1/3    629.7 ms  det=si
ppp175__patologico_escaneado         CER=   0.0%  dist=   0  frases=3/3    704.7 ms  det=si
ppp200__escaneado_d1                 CER=   0.0%  dist=   0  frases=3/3    600.3 ms  det=si
ppp200__escaneado_d2                 CER=  43.0%  dist=  34  frases=1/3    684.4 ms  det=si
ppp200__escaneado_d3                 CER=  59.5%  dist=  47  frases=1/3    933.3 ms  det=si
ppp200__patologico_escaneado         CER=   0.0%  dist=   0  frases=3/3   1117.3 ms  det=si
ppp250__escaneado_d1                 CER=   0.0%  dist=   0  frases=3/3    918.1 ms  det=si
ppp250__escaneado_d2                 CER=  34.2%  dist=  27  frases=1/3    879.9 ms  det=si
ppp250__escaneado_d3                 CER=  51.9%  dist=  41  frases=1/3   1009.5 ms  det=si
ppp250__patologico_escaneado         CER=   0.0%  dist=   0  frases=3/3   1220.6 ms  det=si
ppp300__escaneado_d1                 CER=   0.0%  dist=   0  frases=3/3   2379.0 ms  det=si
ppp300__escaneado_d2                 CER=  40.5%  dist=  32  frases=1/3   3231.8 ms  det=si
ppp300__escaneado_d3                 CER=  53.2%  dist=  42  frases=1/3   3289.9 ms  det=si
ppp300__patologico_escaneado         CER=   0.0%  dist=   0  frases=3/3   2531.7 ms  det=si
ppp75__escaneado_d1                  CER=  12.7%  dist=  10  frases=2/3    164.2 ms  det=si
ppp75__escaneado_d2                  CER=  43.0%  dist=  34  frases=1/3    173.0 ms  det=si
ppp75__escaneado_d3                  CER=  58.2%  dist=  46  frases=1/3    240.5 ms  det=si
ppp75__patologico_escaneado          CER=   0.0%  dist=   0  frases=3/3    165.6 ms  det=si
{"evento": "fin", "vram_pico_MiB": 11877, "vram_base_MiB": 2066, "coste_propio_MiB": 9811, "pico_util_pct": 100}
