[32m[INFO] 2026-08-21 02:11:01,643 [RapidOCR] main.py:63: Using D:\Work\research\FileX\.venv-ai\Lib\site-packages\rapidocr\models\ch_PP-OCRv5_det_mobile.onnx[0m
[32m[INFO] 2026-08-21 02:11:01,906 [RapidOCR] main.py:63: Using D:\Work\research\FileX\.venv-ai\Lib\site-packages\rapidocr\models\ch_ppocr_mobile_v2.0_cls_mobile.onnx[0m
[32m[INFO] 2026-08-21 02:11:01,970 [RapidOCR] main.py:63: Using D:\Work\research\FileX\.venv-ai\Lib\site-packages\rapidocr\models\ch_PP-OCRv5_rec_mobile.onnx[0m
{"etiqueta": "rapidocr_cuda", "motor": "rapidocr", "dispositivo": "cuda", "carga_frio_s": 4.46, "vram_base_MiB": 2067, "vram_tras_carga_MiB": 2243, "quietud_pct": 12, "flag": "SUCIA(pico 12%)", "modelos": {"text_det": "el.ttf', 'SHA256': '892e6c81071fc85923f8d0ff925edab6049dd4495a2fdedffddc04753bf348b3'}}}", "text_cls": "el.ttf', 'SHA256': '892e6c81071fc85923f8d0ff925edab6049dd4495a2fdedffddc04753bf348b3'}}}", "text_rec": "el.ttf', 'SHA256': '892e6c81071fc85923f8d0ff925edab6049dd4495a2fdedffddc04753bf348b3'}}}", "params_forzados": "PPOCRV5/MOBILE/ONNXRUNTIME (igual que bench/scripts/ocr_motor.py)"}, "reps": 9}
ext__escaneado_d1                    CER=   0.0%  dist=   0  frases=3/3    150.5 ms  det=si
ext__escaneado_d2                    CER=   0.0%  dist=   0  frases=3/3     96.6 ms  det=si
ext__escaneado_d3                    CER=  77.2%  dist=  61  frases=0/3    109.7 ms  det=si
ext__patologico_escaneado            CER=   0.0%  dist=   0  frases=3/3    330.5 ms  det=si
extg__escaneado_d1                   CER=   0.0%  dist=   0  frases=3/3    169.7 ms  det=si
extg__escaneado_d2                   CER=   0.0%  dist=   0  frases=3/3    125.1 ms  det=si
extg__escaneado_d3                   CER=  77.2%  dist=  61  frases=0/3    125.4 ms  det=si
extg__patologico_escaneado           CER=   1.3%  dist=   1  frases=2/3    323.0 ms  det=si
ppp100__escaneado_d1                 CER=   0.0%  dist=   0  frases=3/3    116.4 ms  det=si
ppp100__escaneado_d2                 CER=   0.0%  dist=   0  frases=3/3    139.3 ms  det=si
ppp100__escaneado_d3                 CER=  77.2%  dist=  61  frases=0/3     93.2 ms  det=si
ppp100__patologico_escaneado         CER=   1.3%  dist=   1  frases=2/3    269.3 ms  det=si
ppp125__escaneado_d1                 CER=   0.0%  dist=   0  frases=3/3    148.2 ms  det=si
ppp125__escaneado_d2                 CER=   0.0%  dist=   0  frases=3/3    144.5 ms  det=si
ppp125__escaneado_d3                 CER=  75.9%  dist=  60  frases=1/3    116.1 ms  det=si
ppp125__patologico_escaneado         CER=   1.3%  dist=   1  frases=2/3    299.5 ms  det=si
ppp150__escaneado_d1                 CER=   0.0%  dist=   0  frases=3/3    243.0 ms  det=si
ppp150__escaneado_d2                 CER=   0.0%  dist=   0  frases=3/3    133.3 ms  det=si
ppp150__escaneado_d3                 CER=  75.9%  dist=  60  frases=1/3    164.2 ms  det=si
ppp150__patologico_escaneado         CER=   1.3%  dist=   1  frases=2/3    338.9 ms  det=si
ppp175__escaneado_d1                 CER=   0.0%  dist=   0  frases=3/3    252.7 ms  det=si
ppp175__escaneado_d2                 CER=   1.3%  dist=   1  frases=2/3    233.8 ms  det=si
ppp175__escaneado_d3                 CER=  75.9%  dist=  60  frases=1/3    188.5 ms  det=si
ppp175__patologico_escaneado         CER=   1.3%  dist=   1  frases=2/3    570.2 ms  det=si
ppp200__escaneado_d1                 CER=   0.0%  dist=   0  frases=3/3    259.2 ms  det=si
ppp200__escaneado_d2                 CER=   1.3%  dist=   1  frases=2/3    281.0 ms  det=si
ppp200__escaneado_d3                 CER=  65.8%  dist=  52  frases=0/3    274.6 ms  det=si
ppp200__patologico_escaneado         CER=   1.3%  dist=   1  frases=2/3    559.3 ms  det=si
ppp250__escaneado_d1                 CER=   0.0%  dist=   0  frases=3/3    334.8 ms  det=si
ppp250__escaneado_d2                 CER=   0.0%  dist=   0  frases=3/3    298.2 ms  det=si
ppp250__escaneado_d3                 CER=  70.9%  dist=  56  frases=1/3    329.8 ms  det=si
ppp250__patologico_escaneado         CER=   0.0%  dist=   0  frases=3/3    916.9 ms  det=si
ppp300__escaneado_d1                 CER=   0.0%  dist=   0  frases=3/3    402.4 ms  det=si
ppp300__escaneado_d2                 CER=   0.0%  dist=   0  frases=3/3    305.8 ms  det=si
ppp300__escaneado_d3                 CER=  77.2%  dist=  61  frases=0/3    312.8 ms  det=si
ppp300__patologico_escaneado         CER=   1.3%  dist=   1  frases=2/3   1546.2 ms  det=si
ppp75__escaneado_d1                  CER=   1.3%  dist=   1  frases=2/3    138.1 ms  det=si
ppp75__escaneado_d2                  CER=  44.3%  dist=  35  frases=2/3    139.4 ms  det=si
ppp75__escaneado_d3                  CER=  75.9%  dist=  60  frases=1/3    132.1 ms  det=si
ppp75__patologico_escaneado          CER=   0.0%  dist=   0  frases=3/3    275.1 ms  det=si
{"evento": "fin", "vram_pico_MiB": 3424, "vram_base_MiB": 2067, "coste_propio_MiB": 1357, "pico_util_pct": 72}
