[32m[INFO] 2026-08-21 02:52:47,469 [RapidOCR] main.py:63: Using D:\Work\research\FileX\.venv-ai\Lib\site-packages\rapidocr\models\ch_PP-OCRv5_det_mobile.onnx[0m
[32m[INFO] 2026-08-21 02:52:47,734 [RapidOCR] main.py:63: Using D:\Work\research\FileX\.venv-ai\Lib\site-packages\rapidocr\models\ch_ppocr_mobile_v2.0_cls_mobile.onnx[0m
[32m[INFO] 2026-08-21 02:52:47,795 [RapidOCR] main.py:63: Using D:\Work\research\FileX\.venv-ai\Lib\site-packages\rapidocr\models\ch_PP-OCRv5_rec_mobile.onnx[0m
{"etiqueta": "rapidocr_cuda_t", "motor": "rapidocr", "dispositivo": "cuda", "carga_frio_s": 3.38, "vram_base_MiB": 827, "vram_tras_carga_MiB": 999, "quietud_pct": 12, "flag": "SUCIA(pico 12%)", "modelos": {"text_det": "el.ttf', 'SHA256': '892e6c81071fc85923f8d0ff925edab6049dd4495a2fdedffddc04753bf348b3'}}}", "text_cls": "el.ttf', 'SHA256': '892e6c81071fc85923f8d0ff925edab6049dd4495a2fdedffddc04753bf348b3'}}}", "text_rec": "el.ttf', 'SHA256': '892e6c81071fc85923f8d0ff925edab6049dd4495a2fdedffddc04753bf348b3'}}}", "params_forzados": "PPOCRV5/MOBILE/ONNXRUNTIME (igual que bench/scripts/ocr_motor.py)"}, "reps": 9, "muestreo_vram": false}
ext__escaneado_d1                    CER=   0.0%  dist=   0  frases=3/3    121.1 ms  det=si
ext__escaneado_d2                    CER=   0.0%  dist=   0  frases=3/3     78.0 ms  det=si
ext__escaneado_d3                    CER=  77.2%  dist=  61  frases=0/3     65.2 ms  det=si
ext__patologico_escaneado            CER=   0.0%  dist=   0  frases=3/3    212.4 ms  det=si
extg__escaneado_d1                   CER=   0.0%  dist=   0  frases=3/3    132.5 ms  det=si
extg__escaneado_d2                   CER=   0.0%  dist=   0  frases=3/3     80.5 ms  det=si
extg__escaneado_d3                   CER=  77.2%  dist=  61  frases=0/3     68.6 ms  det=si
extg__patologico_escaneado           CER=   1.3%  dist=   1  frases=2/3    221.4 ms  det=si
ppp100__escaneado_d1                 CER=   0.0%  dist=   0  frases=3/3     89.1 ms  det=si
ppp100__escaneado_d2                 CER=   0.0%  dist=   0  frases=3/3     82.1 ms  det=si
ppp100__escaneado_d3                 CER=  77.2%  dist=  61  frases=0/3     69.1 ms  det=si
ppp100__patologico_escaneado         CER=   1.3%  dist=   1  frases=2/3    149.7 ms  det=si
ppp125__escaneado_d1                 CER=   0.0%  dist=   0  frases=3/3    103.2 ms  det=si
ppp125__escaneado_d2                 CER=   0.0%  dist=   0  frases=3/3    100.0 ms  det=si
ppp125__escaneado_d3                 CER=  75.9%  dist=  60  frases=1/3     83.2 ms  det=si
ppp125__patologico_escaneado         CER=   1.3%  dist=   1  frases=2/3    210.7 ms  det=si
ppp150__escaneado_d1                 CER=   0.0%  dist=   0  frases=3/3    149.3 ms  det=si
ppp150__escaneado_d2                 CER=   0.0%  dist=   0  frases=3/3    129.7 ms  det=si
ppp150__escaneado_d3                 CER=  75.9%  dist=  60  frases=1/3    118.4 ms  det=si
ppp150__patologico_escaneado         CER=   1.3%  dist=   1  frases=2/3    272.6 ms  det=si
ppp175__escaneado_d1                 CER=   0.0%  dist=   0  frases=3/3    184.1 ms  det=si
ppp175__escaneado_d2                 CER=   1.3%  dist=   1  frases=2/3    170.1 ms  det=si
ppp175__escaneado_d3                 CER=  75.9%  dist=  60  frases=1/3    158.2 ms  det=si
ppp175__patologico_escaneado         CER=   1.3%  dist=   1  frases=2/3    375.0 ms  det=si
ppp200__escaneado_d1                 CER=   0.0%  dist=   0  frases=3/3    221.3 ms  det=si
ppp200__escaneado_d2                 CER=   1.3%  dist=   1  frases=2/3    214.9 ms  det=si
ppp200__escaneado_d3                 CER=  65.8%  dist=  52  frases=0/3    216.5 ms  det=si
ppp200__patologico_escaneado         CER=   1.3%  dist=   1  frases=2/3    465.3 ms  det=si
ppp250__escaneado_d1                 CER=   0.0%  dist=   0  frases=3/3    278.9 ms  det=si
ppp250__escaneado_d2                 CER=   0.0%  dist=   0  frases=3/3    273.1 ms  det=si
ppp250__escaneado_d3                 CER=  70.9%  dist=  56  frases=1/3    270.2 ms  det=si
ppp250__patologico_escaneado         CER=   0.0%  dist=   0  frases=3/3    703.7 ms  det=si
ppp300__escaneado_d1                 CER=   0.0%  dist=   0  frases=3/3    288.8 ms  det=si
ppp300__escaneado_d2                 CER=   0.0%  dist=   0  frases=3/3    277.0 ms  det=si
ppp300__escaneado_d3                 CER=  77.2%  dist=  61  frases=0/3    281.1 ms  det=si
ppp300__patologico_escaneado         CER=   1.3%  dist=   1  frases=2/3    876.0 ms  det=si
ppp75__escaneado_d1                  CER=   1.3%  dist=   1  frases=2/3     89.6 ms  det=si
ppp75__escaneado_d2                  CER=  44.3%  dist=  35  frases=2/3     84.2 ms  det=si
ppp75__escaneado_d3                  CER=  75.9%  dist=  60  frases=1/3     67.7 ms  det=si
ppp75__patologico_escaneado          CER=   0.0%  dist=   0  frases=3/3    123.7 ms  det=si
{"evento": "fin", "vram_pico_MiB": 999, "vram_base_MiB": 827, "coste_propio_MiB": 172, "pico_util_pct": 0, "muestreo_vram": false, "aviso": "tiempos limpios, pico de VRAM NO medido"}
