WARNING: Logging before InitGoogleLogging() is written to STDERR
W0821 02:54:23.102061 143820 gpu_resources.cc:114] Please NOTE: device: 0, GPU Compute Capability: 8.6, Driver API Version: 12.8, Runtime API Version: 12.6
{"etiqueta": "paddleocr_cuda_t", "motor": "paddleocr", "dispositivo": "cuda", "carga_frio_s": 6.43, "vram_base_MiB": 838, "vram_tras_carga_MiB": 1106, "quietud_pct": 1, "flag": "limpia", "modelos": {"paddle": "3.2.0", "paddle_cudnn_aviso": "compilado con cuDNN 9.9, maquina 9.5 (aviso de paddle)", "nombres_modelo": "ERROR TypeError: PaddleOCR._get_ocr_model_names() missing 2 required positional arguments: 'lang' and 'ppocr_version'", "params": {"doc_orientation_classify_model_name": "None", "doc_orientation_classify_model_dir": "None", "doc_unwarping_model_name": "None", "doc_unwarping_model_dir": "None", "text_detection_model_name": "PP-OCRv6_medium_det", "text_detection_model_dir": "None", "textline_orientation_model_name": "None", "textline_orientation_model_dir": "None", "text_recognition_model_name": "PP-OCRv6_medium_rec", "text_recognition_model_dir": "None"}}, "reps": 9, "muestreo_vram": false}
W0821 02:54:25.630147 143820 gpu_resources.cc:243] WARNING: device: 0. The installed Paddle is compiled with CUDNN 9.9, but CUDNN version in your machine is 9.5, which may cause serious incompatible bug. Please recompile or reinstall Paddle with compatible CUDNN version.
ext__escaneado_d1                    CER=   0.0%  dist=   0  frases=3/3    150.6 ms  det=si
ext__escaneado_d2                    CER=   0.0%  dist=   0  frases=3/3     89.9 ms  det=si
ext__escaneado_d3                    CER=   2.5%  dist=   2  frases=2/3     83.2 ms  det=si
ext__patologico_escaneado            CER=   0.0%  dist=   0  frases=3/3    250.7 ms  det=si
extg__escaneado_d1                   CER=   0.0%  dist=   0  frases=3/3    147.0 ms  det=si
extg__escaneado_d2                   CER=   0.0%  dist=   0  frases=3/3     87.3 ms  det=si
extg__escaneado_d3                   CER=   2.5%  dist=   2  frases=2/3     82.9 ms  det=si
extg__patologico_escaneado           CER=   0.0%  dist=   0  frases=3/3    227.9 ms  det=si
ppp100__escaneado_d1                 CER=   0.0%  dist=   0  frases=3/3     88.8 ms  det=si
ppp100__escaneado_d2                 CER=   0.0%  dist=   0  frases=3/3     90.7 ms  det=si
ppp100__escaneado_d3                 CER=   2.5%  dist=   2  frases=2/3     82.6 ms  det=si
ppp100__patologico_escaneado         CER=   0.0%  dist=   0  frases=3/3     98.0 ms  det=si
ppp125__escaneado_d1                 CER=   0.0%  dist=   0  frases=3/3    112.7 ms  det=si
ppp125__escaneado_d2                 CER=   0.0%  dist=   0  frases=3/3    111.9 ms  det=si
ppp125__escaneado_d3                 CER=   5.1%  dist=   4  frases=2/3    106.7 ms  det=si
ppp125__patologico_escaneado         CER=   0.0%  dist=   0  frases=3/3    128.9 ms  det=si
ppp150__escaneado_d1                 CER=   0.0%  dist=   0  frases=3/3    151.3 ms  det=si
ppp150__escaneado_d2                 CER=   0.0%  dist=   0  frases=3/3    145.1 ms  det=si
ppp150__escaneado_d3                 CER=  31.6%  dist=  25  frases=2/3    134.0 ms  det=si
ppp150__patologico_escaneado         CER=   0.0%  dist=   0  frases=3/3    173.0 ms  det=si
ppp175__escaneado_d1                 CER=   0.0%  dist=   0  frases=3/3    180.5 ms  det=si
ppp175__escaneado_d2                 CER=   0.0%  dist=   0  frases=3/3    177.4 ms  det=si
ppp175__escaneado_d3                 CER=  75.9%  dist=  60  frases=1/3    156.6 ms  det=si
ppp175__patologico_escaneado         CER=   0.0%  dist=   0  frases=3/3    221.8 ms  det=si
ppp200__escaneado_d1                 CER=   0.0%  dist=   0  frases=3/3    226.2 ms  det=si
ppp200__escaneado_d2                 CER=   0.0%  dist=   0  frases=3/3    216.7 ms  det=si
ppp200__escaneado_d3                 CER=  75.9%  dist=  60  frases=1/3    197.2 ms  det=si
ppp200__patologico_escaneado         CER=   0.0%  dist=   0  frases=3/3    270.6 ms  det=si
ppp250__escaneado_d1                 CER=   0.0%  dist=   0  frases=3/3    331.5 ms  det=si
ppp250__escaneado_d2                 CER=   0.0%  dist=   0  frases=3/3    319.7 ms  det=si
ppp250__escaneado_d3                 CER=  75.9%  dist=  60  frases=1/3    300.3 ms  det=si
ppp250__patologico_escaneado         CER=   0.0%  dist=   0  frases=3/3    410.8 ms  det=si
ppp300__escaneado_d1                 CER=   0.0%  dist=   0  frases=3/3    453.1 ms  det=si
ppp300__escaneado_d2                 CER=   0.0%  dist=   0  frases=3/3    444.1 ms  det=si
ppp300__escaneado_d3                 CER=  75.9%  dist=  60  frases=1/3    413.3 ms  det=si
ppp300__patologico_escaneado         CER=   0.0%  dist=   0  frases=3/3    541.5 ms  det=si
ppp75__escaneado_d1                  CER=   0.0%  dist=   0  frases=3/3     63.2 ms  det=si
ppp75__escaneado_d2                  CER=   0.0%  dist=   0  frases=3/3     66.7 ms  det=si
ppp75__escaneado_d3                  CER=  11.4%  dist=   9  frases=1/3     61.6 ms  det=si
ppp75__patologico_escaneado          CER=   0.0%  dist=   0  frases=3/3     70.6 ms  det=si
{"evento": "fin", "vram_pico_MiB": 1106, "vram_base_MiB": 838, "coste_propio_MiB": 268, "pico_util_pct": 0, "muestreo_vram": false, "aviso": "tiempos limpios, pico de VRAM NO medido"}
