{"etiqueta": "easyocr_cuda_t", "motor": "easyocr", "dispositivo": "cuda", "carga_frio_s": 6.34, "vram_base_MiB": 838, "vram_tras_carga_MiB": 1084, "quietud_pct": 1, "flag": "limpia", "modelos": {"torch": "2.6.0+cu124", "torch_cuda": "True"}, "reps": 9, "muestreo_vram": false}
ext__escaneado_d1                    CER=   0.0%  dist=   0  frases=3/3    277.3 ms  det=si
ext__escaneado_d2                    CER=  43.0%  dist=  34  frases=1/3    183.0 ms  det=si
ext__escaneado_d3                    CER=  54.4%  dist=  43  frases=1/3    299.1 ms  det=si
ext__patologico_escaneado            CER=   0.0%  dist=   0  frases=3/3    503.9 ms  det=si
extg__escaneado_d1                   CER=   0.0%  dist=   0  frases=3/3    281.7 ms  det=si
extg__escaneado_d2                   CER=  43.0%  dist=  34  frases=1/3    180.1 ms  det=si
extg__escaneado_d3                   CER=  54.4%  dist=  43  frases=1/3    309.4 ms  det=si
extg__patologico_escaneado           CER=   0.0%  dist=   0  frases=3/3    450.6 ms  det=si
ppp100__escaneado_d1                 CER=  15.2%  dist=  12  frases=2/3    171.6 ms  det=si
ppp100__escaneado_d2                 CER=  43.0%  dist=  34  frases=1/3    183.8 ms  det=si
ppp100__escaneado_d3                 CER=  54.4%  dist=  43  frases=1/3    309.2 ms  det=si
ppp100__patologico_escaneado         CER=   0.0%  dist=   0  frases=3/3    202.9 ms  det=si
ppp125__escaneado_d1                 CER=   0.0%  dist=   0  frases=3/3    212.0 ms  det=si
ppp125__escaneado_d2                 CER=  40.5%  dist=  32  frases=1/3    240.6 ms  det=si
ppp125__escaneado_d3                 CER=  50.6%  dist=  40  frases=1/3    300.1 ms  det=si
ppp125__patologico_escaneado         CER=   0.0%  dist=   0  frases=3/3    269.2 ms  det=si
ppp150__escaneado_d1                 CER=   0.0%  dist=   0  frases=3/3    276.6 ms  det=si
ppp150__escaneado_d2                 CER=  39.2%  dist=  31  frases=1/3    301.6 ms  det=si
ppp150__escaneado_d3                 CER=  54.4%  dist=  43  frases=1/3    401.3 ms  det=si
ppp150__patologico_escaneado         CER=   0.0%  dist=   0  frases=3/3    342.0 ms  det=si
ppp175__escaneado_d1                 CER=   0.0%  dist=   0  frases=3/3    356.5 ms  det=si
ppp175__escaneado_d2                 CER=  44.3%  dist=  35  frases=1/3    365.2 ms  det=si
ppp175__escaneado_d3                 CER=  54.4%  dist=  43  frases=1/3    408.9 ms  det=si
ppp175__patologico_escaneado         CER=   0.0%  dist=   0  frases=3/3    441.8 ms  det=si
ppp200__escaneado_d1                 CER=   0.0%  dist=   0  frases=3/3    426.2 ms  det=si
ppp200__escaneado_d2                 CER=  43.0%  dist=  34  frases=1/3    459.7 ms  det=si
ppp200__escaneado_d3                 CER=  59.5%  dist=  47  frases=1/3    530.2 ms  det=si
ppp200__patologico_escaneado         CER=   0.0%  dist=   0  frases=3/3    537.4 ms  det=si
ppp250__escaneado_d1                 CER=   0.0%  dist=   0  frases=3/3    606.5 ms  det=si
ppp250__escaneado_d2                 CER=  34.2%  dist=  27  frases=1/3    626.5 ms  det=si
ppp250__escaneado_d3                 CER=  51.9%  dist=  41  frases=1/3    702.0 ms  det=si
ppp250__patologico_escaneado         CER=   0.0%  dist=   0  frases=3/3    814.0 ms  det=si
ppp300__escaneado_d1                 CER=   0.0%  dist=   0  frases=3/3   1838.1 ms  det=si
ppp300__escaneado_d2                 CER=  40.5%  dist=  32  frases=1/3   2753.0 ms  det=si
ppp300__escaneado_d3                 CER=  53.2%  dist=  42  frases=1/3   2855.3 ms  det=si
ppp300__patologico_escaneado         CER=   0.0%  dist=   0  frases=3/3   2021.3 ms  det=si
ppp75__escaneado_d1                  CER=  12.7%  dist=  10  frases=2/3    140.2 ms  det=si
ppp75__escaneado_d2                  CER=  43.0%  dist=  34  frases=1/3    131.7 ms  det=si
ppp75__escaneado_d3                  CER=  58.2%  dist=  46  frases=1/3    230.9 ms  det=si
ppp75__patologico_escaneado          CER=   0.0%  dist=   0  frases=3/3    158.1 ms  det=si
{"evento": "fin", "vram_pico_MiB": 1084, "vram_base_MiB": 838, "coste_propio_MiB": 246, "pico_util_pct": 0, "muestreo_vram": false, "aviso": "tiempos limpios, pico de VRAM NO medido"}
