[32mCreating model: ('PP-LCNet_x1_0_textline_ori', None, None)[0m
[32mModel files already exist. Using cached files. To redownload, please delete the directory manually: `C:\Users\krato\.paddlex\official_models\PP-LCNet_x1_0_textline_ori`.[0m
WARNING: Logging before InitGoogleLogging() is written to STDERR
W0822 08:47:20.755543 27176 gpu_resources.cc:114] Please NOTE: device: 0, GPU Compute Capability: 8.6, Driver API Version: 12.8, Runtime API Version: 12.6
[32mCreating model: ('PP-OCRv6_medium_det', None, None)[0m
[32mModel files already exist. Using cached files. To redownload, please delete the directory manually: `C:\Users\krato\.paddlex\official_models\PP-OCRv6_medium_det`.[0m
[32mCreating model: ('PP-OCRv6_medium_rec', None, None)[0m
[32mModel files already exist. Using cached files. To redownload, please delete the directory manually: `C:\Users\krato\.paddlex\official_models\PP-OCRv6_medium_rec`.[0m
{"etiqueta": "paddleocr_cuda_D_pd6med_1400", "motor": "paddleocr", "dispositivo": "cuda", "patron": "k1400__patologico_escaneado.png", "imgdir": "D:\\Work\\research\\FileX\\bench\\salidas-k-motor\\img", "ref_forzada": null, "carga_frio_s": 9.23, "vram_base_MiB": 3018, "vram_tras_carga_MiB": 3202, "quietud_pct": 39, "flag": "SUCIA(pico 39%)", "testigo_monohilo_ini_ms": 34.36, "testigo_proceso_ini_ms": 63.27, "modelos": {"paddle": "3.2.0", "kwargs": {"device": "gpu:0", "use_doc_orientation_classify": "False", "use_doc_unwarping": "False", "use_textline_orientation": "True"}, "params": {"doc_orientation_classify_model_name": "None", "doc_unwarping_model_name": "None", "text_detection_model_name": "PP-OCRv6_medium_det", "textline_orientation_model_name": "None", "text_recognition_model_name": "PP-OCRv6_medium_rec"}}, "reps": 9, "muestreo_vram": false}
W0822 08:47:24.283361 27176 gpu_resources.cc:243] WARNING: device: 0. The installed Paddle is compiled with CUDNN 9.9, but CUDNN version in your machine is 9.5, which may cause serious incompatible bug. Please recompile or reinstall Paddle with compatible CUDNN version.
k1400__patologico_escaneado                  CERac=  0.00%  CERascii=  0.00%  lin=3/3  cajas=3  bloques={'cuerpo': 0.0}     662.2 ms  det=si
{"evento": "fin", "vram_pico_MiB": 3202, "vram_base_MiB": 3018, "coste_propio_MiB": 184, "pico_util_pct": 0, "testigo_monohilo_ini_ms": 34.36, "testigo_monohilo_fin_ms": 35.36, "deriva_monohilo": 1.03, "testigo_proceso_ini_ms": 63.27, "testigo_proceso_fin_ms": 2186.67, "nivel_proceso_vs_reposo": 82.05, "testigo_topado": false, "vram_tope_MiB": 11900, "muestreo_vram": false}
[32mCreating model: ('PP-LCNet_x1_0_textline_ori', None, None)[0m
[32mModel files already exist. Using cached files. To redownload, please delete the directory manually: `C:\Users\krato\.paddlex\official_models\PP-LCNet_x1_0_textline_ori`.[0m
WARNING: Logging before InitGoogleLogging() is written to STDERR
W0822 08:48:04.778070 30668 gpu_resources.cc:114] Please NOTE: device: 0, GPU Compute Capability: 8.6, Driver API Version: 12.8, Runtime API Version: 12.6
[32mCreating model: ('PP-OCRv6_medium_det', None, None)[0m
[32mModel files already exist. Using cached files. To redownload, please delete the directory manually: `C:\Users\krato\.paddlex\official_models\PP-OCRv6_medium_det`.[0m
[32mCreating model: ('PP-OCRv6_medium_rec', None, None)[0m
[32mModel files already exist. Using cached files. To redownload, please delete the directory manually: `C:\Users\krato\.paddlex\official_models\PP-OCRv6_medium_rec`.[0m
{"etiqueta": "paddleocr_cuda_D_pd6med_1600", "motor": "paddleocr", "dispositivo": "cuda", "patron": "k1600__*.png", "imgdir": "D:\\Work\\research\\FileX\\bench\\salidas-k-motor\\img", "ref_forzada": null, "carga_frio_s": 11.55, "vram_base_MiB": 2846, "vram_tras_carga_MiB": 3210, "quietud_pct": 31, "flag": "SUCIA(pico 31%)", "testigo_monohilo_ini_ms": 30.95, "testigo_proceso_ini_ms": 120.69, "modelos": {"paddle": "3.2.0", "kwargs": {"device": "gpu:0", "use_doc_orientation_classify": "False", "use_doc_unwarping": "False", "use_textline_orientation": "True"}, "params": {"doc_orientation_classify_model_name": "None", "doc_unwarping_model_name": "None", "text_detection_model_name": "PP-OCRv6_medium_det", "textline_orientation_model_name": "None", "text_recognition_model_name": "PP-OCRv6_medium_rec"}}, "reps": 9, "muestreo_vram": false}
W0822 08:48:11.396167 30668 gpu_resources.cc:243] WARNING: device: 0. The installed Paddle is compiled with CUDNN 9.9, but CUDNN version in your machine is 9.5, which may cause serious incompatible bug. Please recompile or reinstall Paddle with compatible CUDNN version.
k1600__escaneado_d3                          CERac= 75.95%  CERascii= 75.95%  lin=1/3  cajas=1  bloques={'cuerpo': 75.95}     157.8 ms  det=si
k1600__escaneado_d4                          CERac= 36.24%  CERascii= 35.91%  lin=6/12  cajas=8  bloques={'titulo': 0.0, 'subtitulo': 0.0, 'cuerpo': 0.64, 'pequeña': 75.12}     702.6 ms  det=si
k1600__escaneado_d4c                         CERac=  1.01%  CERascii=  0.00%  lin=8/12  cajas=12  bloques={'titulo': 0.0, 'subtitulo': 0.0, 'cuerpo': 0.32, 'pequeña': 5.16}     790.7 ms  det=si
k1600__patologico_escaneado                  CERac=  0.00%  CERascii=  0.00%  lin=3/3  cajas=3  bloques={'cuerpo': 0.0}     758.6 ms  det=si
{"evento": "fin", "vram_pico_MiB": 3210, "vram_base_MiB": 2846, "coste_propio_MiB": 364, "pico_util_pct": 0, "testigo_monohilo_ini_ms": 30.95, "testigo_monohilo_fin_ms": 31.14, "deriva_monohilo": 1.01, "testigo_proceso_ini_ms": 120.69, "testigo_proceso_fin_ms": 45.69, "nivel_proceso_vs_reposo": 4.53, "testigo_topado": false, "vram_tope_MiB": 11900, "muestreo_vram": false}
[32mCreating model: ('PP-LCNet_x1_0_textline_ori', None, None)[0m
[32mModel files already exist. Using cached files. To redownload, please delete the directory manually: `C:\Users\krato\.paddlex\official_models\PP-LCNet_x1_0_textline_ori`.[0m
WARNING: Logging before InitGoogleLogging() is written to STDERR
W0822 08:49:04.873768 16792 gpu_resources.cc:114] Please NOTE: device: 0, GPU Compute Capability: 8.6, Driver API Version: 12.8, Runtime API Version: 12.6
[32mCreating model: ('PP-OCRv6_medium_det', None, None)[0m
[32mModel files already exist. Using cached files. To redownload, please delete the directory manually: `C:\Users\krato\.paddlex\official_models\PP-OCRv6_medium_det`.[0m
[32mCreating model: ('PP-OCRv6_medium_rec', None, None)[0m
[32mModel files already exist. Using cached files. To redownload, please delete the directory manually: `C:\Users\krato\.paddlex\official_models\PP-OCRv6_medium_rec`.[0m
{"etiqueta": "paddleocr_cuda_D_pd6med_1800", "motor": "paddleocr", "dispositivo": "cuda", "patron": "k1800__*.png", "imgdir": "D:\\Work\\research\\FileX\\bench\\salidas-k-motor\\img", "ref_forzada": null, "carga_frio_s": 55.62, "vram_base_MiB": 2891, "vram_tras_carga_MiB": 3090, "quietud_pct": 37, "flag": "SUCIA(pico 37%)", "testigo_monohilo_ini_ms": 30.79, "testigo_proceso_ini_ms": 36.69, "modelos": {"paddle": "3.2.0", "kwargs": {"device": "gpu:0", "use_doc_orientation_classify": "False", "use_doc_unwarping": "False", "use_textline_orientation": "True"}, "params": {"doc_orientation_classify_model_name": "None", "doc_unwarping_model_name": "None", "text_detection_model_name": "PP-OCRv6_medium_det", "textline_orientation_model_name": "None", "text_recognition_model_name": "PP-OCRv6_medium_rec"}}, "reps": 9, "muestreo_vram": false}
W0822 08:49:54.938495 16792 gpu_resources.cc:243] WARNING: device: 0. The installed Paddle is compiled with CUDNN 9.9, but CUDNN version in your machine is 9.5, which may cause serious incompatible bug. Please recompile or reinstall Paddle with compatible CUDNN version.
k1800__escaneado_d3                          CERac= 75.95%  CERascii= 75.95%  lin=1/3  cajas=1  bloques={'cuerpo': 75.95}     209.0 ms  det=si
k1800__escaneado_d4                          CERac= 36.41%  CERascii= 35.91%  lin=5/12  cajas=8  bloques={'titulo': 0.0, 'subtitulo': 0.0, 'cuerpo': 0.96, 'pequeña': 75.12}     841.1 ms  det=si
k1800__escaneado_d4c                         CERac=  1.01%  CERascii=  0.00%  lin=8/12  cajas=12  bloques={'titulo': 0.0, 'subtitulo': 0.0, 'cuerpo': 0.32, 'pequeña': 5.16}    1018.8 ms  det=si
k1800__patologico_escaneado                  CERac=  0.00%  CERascii=  0.00%  lin=3/3  cajas=3  bloques={'cuerpo': 0.0}     921.6 ms  det=si
{"evento": "fin", "vram_pico_MiB": 3090, "vram_base_MiB": 2891, "coste_propio_MiB": 199, "pico_util_pct": 0, "testigo_monohilo_ini_ms": 30.79, "testigo_monohilo_fin_ms": 59.64, "deriva_monohilo": 1.94, "testigo_proceso_ini_ms": 36.69, "testigo_proceso_fin_ms": 1219.58, "nivel_proceso_vs_reposo": 45.76, "testigo_topado": false, "vram_tope_MiB": 11900, "muestreo_vram": false}
