{"etiqueta": "tesseract_cpu_D_tess_spa", "motor": "tesseract", "dispositivo": "cpu", "binario": "C:\\Program Files\\Tesseract-OCR\\tesseract.exe", "version": "tesseract v5.5.0.20241111", "tessdata": "C:\\Program Files\\PDFgear\\tessdata", "lang": "spa", "psm": "3", "idiomas_disponibles": ["chi_sim", "chi_sim_vert", "chi_tra", "chi_tra_vert", "deu", "eng", "fra", "ita", "jpn", "jpn_vert", "kor", "kor_vert", "nld", "por", "rus", "spa"], "patron": "k*__*.png", "imgdir": "D:\\Work\\research\\FileX\\bench\\salidas-k-motor\\img", "reps": 9, "testigo_monohilo_ini_ms": 30.87, "testigo_proceso_ini_ms": 32.59}
k0500__escaneado_d3                          CERac=100.00%  CERascii=100.00%  lin=0/3  bloques={'cuerpo': 100.0}     176.2 ms  det=si
k0500__escaneado_d4                          CERac= 79.03%  CERascii= 78.52%  lin=1/12  bloques={'titulo': 0.0, 'subtitulo': 39.53, 'cuerpo': 75.32, 'pequeña': 74.18}     267.1 ms  det=si
k0500__escaneado_d4c                         CERac= 23.99%  CERascii= 23.83%  lin=6/12  bloques={'titulo': 0.0, 'subtitulo': 0.0, 'cuerpo': 35.9, 'pequeña': 60.09}     435.7 ms  det=si
k0500__patologico_escaneado                  CERac=  0.00%  CERascii=  0.00%  lin=3/3  bloques={'cuerpo': 0.0}     279.9 ms  det=si
k0625__escaneado_d3                          CERac=100.00%  CERascii=100.00%  lin=0/3  bloques={'cuerpo': 100.0}     195.8 ms  det=si
k0625__escaneado_d4                          CERac= 85.40%  CERascii= 85.07%  lin=1/12  bloques={'titulo': 0.0, 'subtitulo': 32.56, 'cuerpo': 80.13, 'pequeña': 72.77}     250.0 ms  det=si
k0625__escaneado_d4c                         CERac=  4.53%  CERascii=  4.19%  lin=8/12  bloques={'titulo': 0.0, 'subtitulo': 0.0, 'cuerpo': 0.0, 'pequeña': 19.25}     417.0 ms  det=si
k0625__patologico_escaneado                  CERac=  0.00%  CERascii=  0.00%  lin=3/3  bloques={'cuerpo': 0.0}     293.1 ms  det=si
k0750__escaneado_d3                          CERac=100.00%  CERascii=100.00%  lin=0/3  bloques={'cuerpo': 100.0}     261.2 ms  det=si
k0750__escaneado_d4                          CERac= 87.25%  CERascii= 86.91%  lin=0/12  bloques={'titulo': 8.0, 'subtitulo': 37.21, 'cuerpo': 82.37, 'pequeña': 77.93}     299.1 ms  det=si
k0750__escaneado_d4c                         CERac=  3.36%  CERascii=  3.19%  lin=8/12  bloques={'titulo': 0.0, 'subtitulo': 0.0, 'cuerpo': 0.0, 'pequeña': 14.55}     406.3 ms  det=si
k0750__patologico_escaneado                  CERac=  0.00%  CERascii=  0.00%  lin=3/3  bloques={'cuerpo': 0.0}     321.4 ms  det=si
k0875__escaneado_d3                          CERac=100.00%  CERascii=100.00%  lin=0/3  bloques={'cuerpo': 100.0}     279.6 ms  det=si
k0875__escaneado_d4                          CERac= 72.48%  CERascii= 72.32%  lin=1/12  bloques={'titulo': 0.0, 'subtitulo': 46.51, 'cuerpo': 72.44, 'pequeña': 76.06}     334.3 ms  det=si
k0875__escaneado_d4c                         CERac=  3.02%  CERascii=  2.35%  lin=8/12  bloques={'titulo': 0.0, 'subtitulo': 0.0, 'cuerpo': 0.0, 'pequeña': 14.08}     471.2 ms  det=si
k0875__patologico_escaneado                  CERac=  0.00%  CERascii=  0.00%  lin=3/3  bloques={'cuerpo': 0.0}     345.1 ms  det=si
k1000__escaneado_d3                          CERac=100.00%  CERascii=100.00%  lin=0/3  bloques={'cuerpo': 100.0}     329.9 ms  det=si
k1000__escaneado_d4                          CERac= 84.56%  CERascii= 84.56%  lin=1/12  bloques={'titulo': 12.0, 'subtitulo': 0.0, 'cuerpo': 82.69, 'pequeña': 77.0}     348.9 ms  det=si
k1000__escaneado_d4c                         CERac=  1.85%  CERascii=  1.34%  lin=8/12  bloques={'titulo': 0.0, 'subtitulo': 0.0, 'cuerpo': 0.0, 'pequeña': 6.57}     491.4 ms  det=si
k1000__patologico_escaneado                  CERac=  0.00%  CERascii=  0.00%  lin=3/3  bloques={'cuerpo': 0.0}     602.8 ms  det=si
k1125__escaneado_d3                          CERac=100.00%  CERascii=100.00%  lin=0/3  bloques={'cuerpo': 100.0}     515.8 ms  det=si
k1125__escaneado_d4                          CERac= 89.09%  CERascii= 88.93%  lin=0/12  bloques={'titulo': 60.0, 'subtitulo': 18.6, 'cuerpo': 84.94, 'pequeña': 82.63}     606.7 ms  det=si
k1125__escaneado_d4c                         CERac=  2.35%  CERascii=  2.01%  lin=8/12  bloques={'titulo': 0.0, 'subtitulo': 0.0, 'cuerpo': 0.0, 'pequeña': 12.21}     851.7 ms  det=si
k1125__patologico_escaneado                  CERac=  0.00%  CERascii=  0.00%  lin=3/3  bloques={'cuerpo': 0.0}     532.5 ms  det=si
k1250__escaneado_d3                          CERac=100.00%  CERascii=100.00%  lin=0/3  bloques={'cuerpo': 100.0}     451.2 ms  det=si
k1250__escaneado_d4                          CERac= 85.57%  CERascii= 85.57%  lin=0/12  bloques={'titulo': 28.0, 'subtitulo': 58.14, 'cuerpo': 80.13, 'pequeña': 73.71}     574.4 ms  det=si
k1250__escaneado_d4c                         CERac=  2.18%  CERascii=  1.68%  lin=8/12  bloques={'titulo': 0.0, 'subtitulo': 0.0, 'cuerpo': 0.32, 'pequeña': 7.98}     617.7 ms  det=si
k1250__patologico_escaneado                  CERac=  0.00%  CERascii=  0.00%  lin=3/3  bloques={'cuerpo': 0.0}     635.8 ms  det=si
k1400__escaneado_d3                          CERac=100.00%  CERascii=100.00%  lin=0/3  bloques={'cuerpo': 100.0}     469.8 ms  det=si
k1400__escaneado_d4                          CERac= 89.26%  CERascii= 89.26%  lin=0/12  bloques={'titulo': 28.0, 'subtitulo': 58.14, 'cuerpo': 83.33, 'pequeña': 79.81}     436.7 ms  det=si
k1400__escaneado_d4c                         CERac=  1.68%  CERascii=  1.34%  lin=8/12  bloques={'titulo': 0.0, 'subtitulo': 0.0, 'cuerpo': 0.0, 'pequeña': 7.04}     576.8 ms  det=si
k1400__patologico_escaneado                  CERac=  0.00%  CERascii=  0.00%  lin=3/3  bloques={'cuerpo': 0.0}     517.9 ms  det=si
k1600__escaneado_d3                          CERac=100.00%  CERascii=100.00%  lin=0/3  bloques={'cuerpo': 100.0}     621.5 ms  det=si
k1600__escaneado_d4                          CERac= 86.58%  CERascii= 86.24%  lin=0/12  bloques={'titulo': 20.0, 'subtitulo': 41.86, 'cuerpo': 80.77, 'pequeña': 77.46}     473.6 ms  det=si
k1600__escaneado_d4c                         CERac=  3.02%  CERascii=  2.35%  lin=8/12  bloques={'titulo': 0.0, 'subtitulo': 0.0, 'cuerpo': 0.0, 'pequeña': 13.15}     687.7 ms  det=si
k1600__patologico_escaneado                  CERac=  0.00%  CERascii=  0.00%  lin=3/3  bloques={'cuerpo': 0.0}     718.0 ms  det=si
k1800__escaneado_d3                          CERac=100.00%  CERascii=100.00%  lin=0/3  bloques={'cuerpo': 100.0}     983.0 ms  det=si
k1800__escaneado_d4                          CERac= 88.93%  CERascii= 88.93%  lin=0/12  bloques={'titulo': 32.0, 'subtitulo': 34.88, 'cuerpo': 82.37, 'pequeña': 79.34}     727.3 ms  det=si
k1800__escaneado_d4c                         CERac=  2.85%  CERascii=  2.18%  lin=8/12  bloques={'titulo': 0.0, 'subtitulo': 0.0, 'cuerpo': 0.0, 'pequeña': 13.15}     864.7 ms  det=si
k1800__patologico_escaneado                  CERac=  0.00%  CERascii=  0.00%  lin=3/3  bloques={'cuerpo': 0.0}     791.4 ms  det=si
{"evento": "fin", "testigo_monohilo_ini_ms": 30.87, "testigo_monohilo_fin_ms": 27.94, "deriva_monohilo": 0.91, "testigo_proceso_ini_ms": 32.59, "testigo_proceso_fin_ms": 34.83, "nivel_proceso_vs_reposo": 1.31, "testigo_topado": false}
