{"etiqueta": "docling_torch_cuda_C_dl_R6_150", "dispositivo": "cuda", "backend": "torch", "lang": "english", "docs": ["escaneado_d3", "escaneado_d4c", "patologico_escaneado", "escaneado_d4"], "modo_ppp": "f1.5", "reps": 9, "R6": true, "vram_base_MiB": 2810, "quietud_pct": 40, "flag": "SUCIA(pico 40%)", "testigo_monohilo_ini_ms": 28.61, "testigo_proceso_ini_ms": 34.91, "torch": "2.6.0+cu124", "torch_cuda": true, "modelo": {"lang_pedido": "english", "lang_resuelto": "en", "ppocr_version": "PP-OCRv6", "model_type_v6": "small", "model_type_v4v5": "mobile"}, "muestreo_vram": false}
[32m[INFO] 2026-08-22 09:32:50,711 [RapidOCR] base.py:23: Using engine_name: torch[0m
[32m[INFO] 2026-08-22 09:32:50,726 [RapidOCR] device_config.py:64: Using GPU device with ID: 0[0m
[32m[INFO] 2026-08-22 09:32:50,739 [RapidOCR] download_file.py:60: File exists and is valid: D:\Work\research\FileX\.venv-ai\Lib\site-packages\rapidocr\models\PP-OCRv6_det_small.pth[0m
[32m[INFO] 2026-08-22 09:32:50,739 [RapidOCR] main.py:50: Using D:\Work\research\FileX\.venv-ai\Lib\site-packages\rapidocr\models\PP-OCRv6_det_small.pth[0m
[32m[INFO] 2026-08-22 09:32:51,159 [RapidOCR] base.py:23: Using engine_name: torch[0m
[32m[INFO] 2026-08-22 09:32:51,159 [RapidOCR] device_config.py:64: Using GPU device with ID: 0[0m
[32m[INFO] 2026-08-22 09:32:51,161 [RapidOCR] download_file.py:60: File exists and is valid: D:\Work\research\FileX\.venv-ai\Lib\site-packages\rapidocr\models\ch_ptocr_mobile_v2.0_cls_mobile.pth[0m
[32m[INFO] 2026-08-22 09:32:51,161 [RapidOCR] main.py:50: Using D:\Work\research\FileX\.venv-ai\Lib\site-packages\rapidocr\models\ch_ptocr_mobile_v2.0_cls_mobile.pth[0m
[32m[INFO] 2026-08-22 09:32:51,319 [RapidOCR] base.py:23: Using engine_name: torch[0m
[32m[INFO] 2026-08-22 09:32:51,320 [RapidOCR] device_config.py:64: Using GPU device with ID: 0[0m
[32m[INFO] 2026-08-22 09:32:51,341 [RapidOCR] download_file.py:60: File exists and is valid: D:\Work\research\FileX\.venv-ai\Lib\site-packages\rapidocr\models\PP-OCRv6_rec_small.pth[0m
[32m[INFO] 2026-08-22 09:32:51,341 [RapidOCR] main.py:50: Using D:\Work\research\FileX\.venv-ai\Lib\site-packages\rapidocr\models\PP-OCRv6_rec_small.pth[0m
Loading weights:   0%|          | 0/770 [00:00<?, ?it/s]Loading weights:  47%|####6     | 360/770 [00:00<00:00, 3589.70it/s]Loading weights: 100%|##########| 770/770 [00:00<00:00, 4246.54it/s]
D:\Work\research\FileX\.venv-ai\Lib\site-packages\torch\nn\modules\conv.py:549: UserWarning: Using padding='same' with even kernel lengths and odd dilation may require a zero-padded copy of the input be created (Triggered internally at C:\actions-runner\_work\pytorch\pytorch\pytorch\aten\src\ATen\native\Convolution.cpp:1037.)
  return F.conv2d(
k1500__escaneado_d3                      nat=100.0 escala=2.083 (~150ppp) px=(970, 1275)  CERac= 37.97%  CERascii= 37.97%  lin=1/3  bloques={'cuerpo': 37.97}     592.9 ms
[32m[INFO] 2026-08-22 09:33:04,973 [RapidOCR] base.py:23: Using engine_name: torch[0m
[32m[INFO] 2026-08-22 09:33:04,973 [RapidOCR] device_config.py:64: Using GPU device with ID: 0[0m
[32m[INFO] 2026-08-22 09:33:04,983 [RapidOCR] download_file.py:60: File exists and is valid: D:\Work\research\FileX\.venv-ai\Lib\site-packages\rapidocr\models\PP-OCRv6_det_small.pth[0m
[32m[INFO] 2026-08-22 09:33:04,983 [RapidOCR] main.py:50: Using D:\Work\research\FileX\.venv-ai\Lib\site-packages\rapidocr\models\PP-OCRv6_det_small.pth[0m
[32m[INFO] 2026-08-22 09:33:05,263 [RapidOCR] base.py:23: Using engine_name: torch[0m
[32m[INFO] 2026-08-22 09:33:05,264 [RapidOCR] device_config.py:64: Using GPU device with ID: 0[0m
[32m[INFO] 2026-08-22 09:33:05,266 [RapidOCR] download_file.py:60: File exists and is valid: D:\Work\research\FileX\.venv-ai\Lib\site-packages\rapidocr\models\ch_ptocr_mobile_v2.0_cls_mobile.pth[0m
[32m[INFO] 2026-08-22 09:33:05,266 [RapidOCR] main.py:50: Using D:\Work\research\FileX\.venv-ai\Lib\site-packages\rapidocr\models\ch_ptocr_mobile_v2.0_cls_mobile.pth[0m
[32m[INFO] 2026-08-22 09:33:05,429 [RapidOCR] base.py:23: Using engine_name: torch[0m
[32m[INFO] 2026-08-22 09:33:05,430 [RapidOCR] device_config.py:64: Using GPU device with ID: 0[0m
[32m[INFO] 2026-08-22 09:33:05,448 [RapidOCR] download_file.py:60: File exists and is valid: D:\Work\research\FileX\.venv-ai\Lib\site-packages\rapidocr\models\PP-OCRv6_rec_small.pth[0m
[32m[INFO] 2026-08-22 09:33:05,448 [RapidOCR] main.py:50: Using D:\Work\research\FileX\.venv-ai\Lib\site-packages\rapidocr\models\PP-OCRv6_rec_small.pth[0m
Loading weights:   0%|          | 0/770 [00:00<?, ?it/s]Loading weights:  47%|####6     | 361/770 [00:00<00:00, 3548.53it/s]Loading weights: 100%|##########| 770/770 [00:00<00:00, 4224.95it/s]
k1500__escaneado_d4c                     nat=200.0 escala=4.167 (~300ppp) px=(1941, 2601)  CERac=  0.84%  CERascii=  0.34%  lin=9/12  bloques={'titulo': 0.0, 'subtitulo': 0.0, 'cuerpo': 0.0, 'pequeña': 5.16}    1040.0 ms
[32m[INFO] 2026-08-22 09:33:23,438 [RapidOCR] base.py:23: Using engine_name: torch[0m
[32m[INFO] 2026-08-22 09:33:23,439 [RapidOCR] device_config.py:64: Using GPU device with ID: 0[0m
[32m[INFO] 2026-08-22 09:33:23,447 [RapidOCR] download_file.py:60: File exists and is valid: D:\Work\research\FileX\.venv-ai\Lib\site-packages\rapidocr\models\PP-OCRv6_det_small.pth[0m
[32m[INFO] 2026-08-22 09:33:23,447 [RapidOCR] main.py:50: Using D:\Work\research\FileX\.venv-ai\Lib\site-packages\rapidocr\models\PP-OCRv6_det_small.pth[0m
[32m[INFO] 2026-08-22 09:33:23,694 [RapidOCR] base.py:23: Using engine_name: torch[0m
[32m[INFO] 2026-08-22 09:33:23,694 [RapidOCR] device_config.py:64: Using GPU device with ID: 0[0m
[32m[INFO] 2026-08-22 09:33:23,696 [RapidOCR] download_file.py:60: File exists and is valid: D:\Work\research\FileX\.venv-ai\Lib\site-packages\rapidocr\models\ch_ptocr_mobile_v2.0_cls_mobile.pth[0m
[32m[INFO] 2026-08-22 09:33:23,696 [RapidOCR] main.py:50: Using D:\Work\research\FileX\.venv-ai\Lib\site-packages\rapidocr\models\ch_ptocr_mobile_v2.0_cls_mobile.pth[0m
[32m[INFO] 2026-08-22 09:33:23,855 [RapidOCR] base.py:23: Using engine_name: torch[0m
[32m[INFO] 2026-08-22 09:33:23,855 [RapidOCR] device_config.py:64: Using GPU device with ID: 0[0m
[32m[INFO] 2026-08-22 09:33:23,873 [RapidOCR] download_file.py:60: File exists and is valid: D:\Work\research\FileX\.venv-ai\Lib\site-packages\rapidocr\models\PP-OCRv6_rec_small.pth[0m
[32m[INFO] 2026-08-22 09:33:23,873 [RapidOCR] main.py:50: Using D:\Work\research\FileX\.venv-ai\Lib\site-packages\rapidocr\models\PP-OCRv6_rec_small.pth[0m
Loading weights:   0%|          | 0/770 [00:00<?, ?it/s]Loading weights:  65%|######5   | 502/770 [00:00<00:00, 4991.73it/s]Loading weights: 100%|##########| 770/770 [00:00<00:00, 5288.02it/s]
k1500__patologico_escaneado              nat=200.0 escala=4.167 (~300ppp) px=(1941, 2688)  CERac=  0.00%  CERascii=  0.00%  lin=3/3  bloques={'cuerpo': 0.0}    1107.3 ms
[32m[INFO] 2026-08-22 09:33:36,405 [RapidOCR] base.py:23: Using engine_name: torch[0m
[32m[INFO] 2026-08-22 09:33:36,406 [RapidOCR] device_config.py:64: Using GPU device with ID: 0[0m
[32m[INFO] 2026-08-22 09:33:36,415 [RapidOCR] download_file.py:60: File exists and is valid: D:\Work\research\FileX\.venv-ai\Lib\site-packages\rapidocr\models\PP-OCRv6_det_small.pth[0m
[32m[INFO] 2026-08-22 09:33:36,416 [RapidOCR] main.py:50: Using D:\Work\research\FileX\.venv-ai\Lib\site-packages\rapidocr\models\PP-OCRv6_det_small.pth[0m
[32m[INFO] 2026-08-22 09:33:36,652 [RapidOCR] base.py:23: Using engine_name: torch[0m
[32m[INFO] 2026-08-22 09:33:36,653 [RapidOCR] device_config.py:64: Using GPU device with ID: 0[0m
[32m[INFO] 2026-08-22 09:33:36,654 [RapidOCR] download_file.py:60: File exists and is valid: D:\Work\research\FileX\.venv-ai\Lib\site-packages\rapidocr\models\ch_ptocr_mobile_v2.0_cls_mobile.pth[0m
[32m[INFO] 2026-08-22 09:33:36,654 [RapidOCR] main.py:50: Using D:\Work\research\FileX\.venv-ai\Lib\site-packages\rapidocr\models\ch_ptocr_mobile_v2.0_cls_mobile.pth[0m
[32m[INFO] 2026-08-22 09:33:36,811 [RapidOCR] base.py:23: Using engine_name: torch[0m
[32m[INFO] 2026-08-22 09:33:36,812 [RapidOCR] device_config.py:64: Using GPU device with ID: 0[0m
[32m[INFO] 2026-08-22 09:33:36,829 [RapidOCR] download_file.py:60: File exists and is valid: D:\Work\research\FileX\.venv-ai\Lib\site-packages\rapidocr\models\PP-OCRv6_rec_small.pth[0m
[32m[INFO] 2026-08-22 09:33:36,829 [RapidOCR] main.py:50: Using D:\Work\research\FileX\.venv-ai\Lib\site-packages\rapidocr\models\PP-OCRv6_rec_small.pth[0m
Loading weights:   0%|          | 0/770 [00:00<?, ?it/s]Loading weights:  54%|#####3    | 415/770 [00:00<00:00, 4149.96it/s]Loading weights: 100%|##########| 770/770 [00:00<00:00, 5014.41it/s]
k1500__escaneado_d4                      nat=200.0 escala=4.167 (~300ppp) px=(1941, 2574)  CERac= 21.98%  CERascii= 20.30%  lin=2/12  bloques={'titulo': 0.0, 'subtitulo': 0.0, 'cuerpo': 2.56, 'pequeña': 66.2}    1019.6 ms
{"evento": "fin", "vram_pico_MiB": 0, "vram_base_MiB": 2810, "coste_propio_MiB": -2810, "pico_util_pct": 0, "testigo_monohilo_ini_ms": 28.61, "testigo_monohilo_fin_ms": 28.38, "deriva_monohilo": 0.99, "testigo_proceso_ini_ms": 34.91, "testigo_proceso_fin_ms": 27.23, "nivel_proceso_vs_reposo": 1.31, "testigo_topado": false, "vram_tope_MiB": 11900, "sonda_activa": true, "muestreo_vram": false}
