{"etiqueta": "docling_torch_cuda_C_dl_def_150", "dispositivo": "cuda", "backend": "torch", "lang": "english", "docs": ["escaneado_d3", "escaneado_d4c", "patologico_escaneado", "escaneado_d4"], "modo_ppp": "f1.5", "reps": 9, "R6": false, "vram_base_MiB": 2810, "quietud_pct": 23, "flag": "SUCIA(pico 23%)", "testigo_monohilo_ini_ms": 28.16, "testigo_proceso_ini_ms": 37.01, "torch": "2.6.0+cu124", "torch_cuda": true, "modelo": {"lang_pedido": "english", "lang_resuelto": "en", "ppocr_version": "PP-OCRv6", "model_type_v6": "small", "model_type_v4v5": "mobile"}, "muestreo_vram": false}
[32m[INFO] 2026-08-22 09:31:31,098 [RapidOCR] base.py:23: Using engine_name: torch[0m
[32m[INFO] 2026-08-22 09:31:31,110 [RapidOCR] device_config.py:64: Using GPU device with ID: 0[0m
[32m[INFO] 2026-08-22 09:31:31,121 [RapidOCR] download_file.py:60: File exists and is valid: D:\Work\research\FileX\.venv-ai\Lib\site-packages\rapidocr\models\PP-OCRv6_det_small.pth[0m
[32m[INFO] 2026-08-22 09:31:31,121 [RapidOCR] main.py:50: Using D:\Work\research\FileX\.venv-ai\Lib\site-packages\rapidocr\models\PP-OCRv6_det_small.pth[0m
[32m[INFO] 2026-08-22 09:31:31,506 [RapidOCR] base.py:23: Using engine_name: torch[0m
[32m[INFO] 2026-08-22 09:31:31,506 [RapidOCR] device_config.py:64: Using GPU device with ID: 0[0m
[32m[INFO] 2026-08-22 09:31:31,508 [RapidOCR] download_file.py:60: File exists and is valid: D:\Work\research\FileX\.venv-ai\Lib\site-packages\rapidocr\models\ch_ptocr_mobile_v2.0_cls_mobile.pth[0m
[32m[INFO] 2026-08-22 09:31:31,508 [RapidOCR] main.py:50: Using D:\Work\research\FileX\.venv-ai\Lib\site-packages\rapidocr\models\ch_ptocr_mobile_v2.0_cls_mobile.pth[0m
[32m[INFO] 2026-08-22 09:31:31,634 [RapidOCR] base.py:23: Using engine_name: torch[0m
[32m[INFO] 2026-08-22 09:31:31,635 [RapidOCR] device_config.py:64: Using GPU device with ID: 0[0m
[32m[INFO] 2026-08-22 09:31:31,652 [RapidOCR] download_file.py:60: File exists and is valid: D:\Work\research\FileX\.venv-ai\Lib\site-packages\rapidocr\models\PP-OCRv6_rec_small.pth[0m
[32m[INFO] 2026-08-22 09:31:31,652 [RapidOCR] main.py:50: Using D:\Work\research\FileX\.venv-ai\Lib\site-packages\rapidocr\models\PP-OCRv6_rec_small.pth[0m
Loading weights:   0%|          | 0/770 [00:00<?, ?it/s]Loading weights:  58%|#####7    | 443/770 [00:00<00:00, 4403.15it/s]Loading weights: 100%|##########| 770/770 [00:00<00:00, 5045.25it/s]
D:\Work\research\FileX\.venv-ai\Lib\site-packages\torch\nn\modules\conv.py:549: UserWarning: Using padding='same' with even kernel lengths and odd dilation may require a zero-padded copy of the input be created (Triggered internally at C:\actions-runner\_work\pytorch\pytorch\pytorch\aten\src\ATen\native\Convolution.cpp:1037.)
  return F.conv2d(
k1500__escaneado_d3                      nat=100.0 escala=2.083 (~150ppp) px=(970, 1275)  CERac= 65.82%  CERascii= 65.82%  lin=1/3  bloques={'cuerpo': 65.82}     607.2 ms
[32m[INFO] 2026-08-22 09:31:44,758 [RapidOCR] base.py:23: Using engine_name: torch[0m
[32m[INFO] 2026-08-22 09:31:44,759 [RapidOCR] device_config.py:64: Using GPU device with ID: 0[0m
[32m[INFO] 2026-08-22 09:31:44,769 [RapidOCR] download_file.py:60: File exists and is valid: D:\Work\research\FileX\.venv-ai\Lib\site-packages\rapidocr\models\PP-OCRv6_det_small.pth[0m
[32m[INFO] 2026-08-22 09:31:44,770 [RapidOCR] main.py:50: Using D:\Work\research\FileX\.venv-ai\Lib\site-packages\rapidocr\models\PP-OCRv6_det_small.pth[0m
[32m[INFO] 2026-08-22 09:31:44,989 [RapidOCR] base.py:23: Using engine_name: torch[0m
[32m[INFO] 2026-08-22 09:31:44,989 [RapidOCR] device_config.py:64: Using GPU device with ID: 0[0m
[32m[INFO] 2026-08-22 09:31:44,990 [RapidOCR] download_file.py:60: File exists and is valid: D:\Work\research\FileX\.venv-ai\Lib\site-packages\rapidocr\models\ch_ptocr_mobile_v2.0_cls_mobile.pth[0m
[32m[INFO] 2026-08-22 09:31:44,991 [RapidOCR] main.py:50: Using D:\Work\research\FileX\.venv-ai\Lib\site-packages\rapidocr\models\ch_ptocr_mobile_v2.0_cls_mobile.pth[0m
[32m[INFO] 2026-08-22 09:31:45,151 [RapidOCR] base.py:23: Using engine_name: torch[0m
[32m[INFO] 2026-08-22 09:31:45,151 [RapidOCR] device_config.py:64: Using GPU device with ID: 0[0m
[32m[INFO] 2026-08-22 09:31:45,170 [RapidOCR] download_file.py:60: File exists and is valid: D:\Work\research\FileX\.venv-ai\Lib\site-packages\rapidocr\models\PP-OCRv6_rec_small.pth[0m
[32m[INFO] 2026-08-22 09:31:45,170 [RapidOCR] main.py:50: Using D:\Work\research\FileX\.venv-ai\Lib\site-packages\rapidocr\models\PP-OCRv6_rec_small.pth[0m
Loading weights:   0%|          | 0/770 [00:00<?, ?it/s]Loading weights:  55%|#####4    | 422/770 [00:00<00:00, 4181.31it/s]Loading weights: 100%|##########| 770/770 [00:00<00:00, 4735.14it/s]
k1500__escaneado_d4c                     nat=200.0 escala=4.167 (~300ppp) px=(1941, 2601)  CERac= 19.13%  CERascii= 19.13%  lin=8/12  bloques={'titulo': 0.0, 'subtitulo': 0.0, 'cuerpo': 0.0, 'pequeña': 75.12}    1277.3 ms
[32m[INFO] 2026-08-22 09:32:03,819 [RapidOCR] base.py:23: Using engine_name: torch[0m
[32m[INFO] 2026-08-22 09:32:03,819 [RapidOCR] device_config.py:64: Using GPU device with ID: 0[0m
[32m[INFO] 2026-08-22 09:32:03,827 [RapidOCR] download_file.py:60: File exists and is valid: D:\Work\research\FileX\.venv-ai\Lib\site-packages\rapidocr\models\PP-OCRv6_det_small.pth[0m
[32m[INFO] 2026-08-22 09:32:03,828 [RapidOCR] main.py:50: Using D:\Work\research\FileX\.venv-ai\Lib\site-packages\rapidocr\models\PP-OCRv6_det_small.pth[0m
[32m[INFO] 2026-08-22 09:32:04,044 [RapidOCR] base.py:23: Using engine_name: torch[0m
[32m[INFO] 2026-08-22 09:32:04,044 [RapidOCR] device_config.py:64: Using GPU device with ID: 0[0m
[32m[INFO] 2026-08-22 09:32:04,046 [RapidOCR] download_file.py:60: File exists and is valid: D:\Work\research\FileX\.venv-ai\Lib\site-packages\rapidocr\models\ch_ptocr_mobile_v2.0_cls_mobile.pth[0m
[32m[INFO] 2026-08-22 09:32:04,046 [RapidOCR] main.py:50: Using D:\Work\research\FileX\.venv-ai\Lib\site-packages\rapidocr\models\ch_ptocr_mobile_v2.0_cls_mobile.pth[0m
[32m[INFO] 2026-08-22 09:32:04,192 [RapidOCR] base.py:23: Using engine_name: torch[0m
[32m[INFO] 2026-08-22 09:32:04,192 [RapidOCR] device_config.py:64: Using GPU device with ID: 0[0m
[32m[INFO] 2026-08-22 09:32:04,210 [RapidOCR] download_file.py:60: File exists and is valid: D:\Work\research\FileX\.venv-ai\Lib\site-packages\rapidocr\models\PP-OCRv6_rec_small.pth[0m
[32m[INFO] 2026-08-22 09:32:04,210 [RapidOCR] main.py:50: Using D:\Work\research\FileX\.venv-ai\Lib\site-packages\rapidocr\models\PP-OCRv6_rec_small.pth[0m
Loading weights:   0%|          | 0/770 [00:00<?, ?it/s]Loading weights:  43%|####2     | 331/770 [00:00<00:00, 3282.27it/s]Loading weights:  88%|########8 | 678/770 [00:00<00:00, 3391.49it/s]Loading weights: 100%|##########| 770/770 [00:00<00:00, 3633.45it/s]
k1500__patologico_escaneado              nat=200.0 escala=4.167 (~300ppp) px=(1941, 2688)  CERac=  0.00%  CERascii=  0.00%  lin=3/3  bloques={'cuerpo': 0.0}    1222.0 ms
[32m[INFO] 2026-08-22 09:32:18,454 [RapidOCR] base.py:23: Using engine_name: torch[0m
[32m[INFO] 2026-08-22 09:32:18,455 [RapidOCR] device_config.py:64: Using GPU device with ID: 0[0m
[32m[INFO] 2026-08-22 09:32:18,466 [RapidOCR] download_file.py:60: File exists and is valid: D:\Work\research\FileX\.venv-ai\Lib\site-packages\rapidocr\models\PP-OCRv6_det_small.pth[0m
[32m[INFO] 2026-08-22 09:32:18,467 [RapidOCR] main.py:50: Using D:\Work\research\FileX\.venv-ai\Lib\site-packages\rapidocr\models\PP-OCRv6_det_small.pth[0m
[32m[INFO] 2026-08-22 09:32:18,783 [RapidOCR] base.py:23: Using engine_name: torch[0m
[32m[INFO] 2026-08-22 09:32:18,783 [RapidOCR] device_config.py:64: Using GPU device with ID: 0[0m
[32m[INFO] 2026-08-22 09:32:18,786 [RapidOCR] download_file.py:60: File exists and is valid: D:\Work\research\FileX\.venv-ai\Lib\site-packages\rapidocr\models\ch_ptocr_mobile_v2.0_cls_mobile.pth[0m
[32m[INFO] 2026-08-22 09:32:18,786 [RapidOCR] main.py:50: Using D:\Work\research\FileX\.venv-ai\Lib\site-packages\rapidocr\models\ch_ptocr_mobile_v2.0_cls_mobile.pth[0m
[32m[INFO] 2026-08-22 09:32:18,998 [RapidOCR] base.py:23: Using engine_name: torch[0m
[32m[INFO] 2026-08-22 09:32:18,999 [RapidOCR] device_config.py:64: Using GPU device with ID: 0[0m
[32m[INFO] 2026-08-22 09:32:19,024 [RapidOCR] download_file.py:60: File exists and is valid: D:\Work\research\FileX\.venv-ai\Lib\site-packages\rapidocr\models\PP-OCRv6_rec_small.pth[0m
[32m[INFO] 2026-08-22 09:32:19,024 [RapidOCR] main.py:50: Using D:\Work\research\FileX\.venv-ai\Lib\site-packages\rapidocr\models\PP-OCRv6_rec_small.pth[0m
Loading weights:   0%|          | 0/770 [00:00<?, ?it/s]Loading weights:  46%|####6     | 355/770 [00:00<00:00, 3545.91it/s]Loading weights: 100%|##########| 770/770 [00:00<00:00, 3954.46it/s]
k1500__escaneado_d4                      nat=200.0 escala=4.167 (~300ppp) px=(1941, 2574)  CERac= 32.72%  CERascii= 31.38%  lin=2/12  bloques={'titulo': 0.0, 'subtitulo': 0.0, 'cuerpo': 2.88, 'pequeña': 73.24}    1241.6 ms
{"evento": "fin", "vram_pico_MiB": 0, "vram_base_MiB": 2810, "coste_propio_MiB": -2810, "pico_util_pct": 0, "testigo_monohilo_ini_ms": 28.16, "testigo_monohilo_fin_ms": 25.81, "deriva_monohilo": 0.92, "testigo_proceso_ini_ms": 37.01, "testigo_proceso_fin_ms": 27.92, "nivel_proceso_vs_reposo": 1.39, "testigo_topado": false, "vram_tope_MiB": 11900, "sonda_activa": true, "muestreo_vram": false}
