escaneado_d4     magick       psm= 3  1294x1716 8 Grayscale  bytes=  107  CERac= 84.56%
escaneado_d4     magick       psm= 4  1294x1716 8 Grayscale  bytes=  111  CERac= 84.73%
escaneado_d4     magick       psm= 6  1294x1716 8 Grayscale  bytes=  346  CERac= 55.70%
escaneado_d4     magick       psm=11  1294x1716 8 Grayscale  bytes=  485  CERac= 41.78%
escaneado_d4     ghostscript  psm= 3  1294x1716 8 Grayscale  bytes=  359  CERac= 51.34%
escaneado_d4     ghostscript  psm= 4  1294x1716 8 Grayscale  bytes=  300  CERac= 62.08%
escaneado_d4     ghostscript  psm= 6  1294x1716 8 Grayscale  bytes=  346  CERac= 55.70%
escaneado_d4     ghostscript  psm=11  1294x1716 8 Grayscale  bytes=  480  CERac= 40.60%
escaneado_d3     magick       psm= 3  647x850 8 Grayscale    bytes=    0  CERac=100.00%
escaneado_d3     magick       psm= 4  647x850 8 Grayscale    bytes=    0  CERac=100.00%
escaneado_d3     magick       psm= 6  647x850 8 Grayscale    bytes=  133  CERac=113.92%
escaneado_d3     magick       psm=11  647x850 8 Grayscale    bytes=  263  CERac=188.61%
escaneado_d3     ghostscript  psm= 3  647x850 8 Grayscale    bytes=    0  CERac=100.00%
escaneado_d3     ghostscript  psm= 4  647x850 8 Grayscale    bytes=    0  CERac=100.00%
escaneado_d3     ghostscript  psm= 6  647x850 8 Grayscale    bytes=  133  CERac=113.92%
escaneado_d3     ghostscript  psm=11  647x850 8 Grayscale    bytes=  257  CERac=183.54%
escaneado_d4c    magick       psm= 3  1294x1734 8 Grayscale  bytes=  610  CERac=  1.85%
escaneado_d4c    magick       psm= 4  1294x1734 8 Grayscale  bytes=  610  CERac=  1.85%
escaneado_d4c    magick       psm= 6  1294x1734 8 Grayscale  bytes=  586  CERac=  6.54%
escaneado_d4c    magick       psm=11  1294x1734 8 Grayscale  bytes=  625  CERac=  2.68%
escaneado_d4c    ghostscript  psm= 3  1294x1734 8 Grayscale  bytes=  610  CERac=  1.85%
escaneado_d4c    ghostscript  psm= 4  1294x1734 8 Grayscale  bytes=  610  CERac=  1.85%
escaneado_d4c    ghostscript  psm= 6  1294x1734 8 Grayscale  bytes=  586  CERac=  6.54%
escaneado_d4c    ghostscript  psm=11  1294x1734 8 Grayscale  bytes=  625  CERac=  2.68%
escrito json/sonda_tess.json
