=== tanda I: Sat Aug 22 09:47:54 HPS 2026 ===
{"etiqueta": "tesseract_cpu_I_tess11_spa", "motor": "tesseract", "dispositivo": "cpu", "binario": "C:\\Program Files\\Tesseract-OCR\\tesseract.exe", "version": "tesseract v5.5.0.20241111", "tessdata": "C:\\Program Files\\PDFgear\\tessdata", "lang": "spa", "psm": "11", "idiomas_disponibles": ["chi_sim", "chi_sim_vert", "chi_tra", "chi_tra_vert", "deu", "eng", "fra", "ita", "jpn", "jpn_vert", "kor", "kor_vert", "nld", "por", "rus", "spa"], "patron": "k*__*.png", "imgdir": "D:\\Work\\research\\FileX\\bench\\salidas-k-motor\\img", "reps": 9, "testigo_monohilo_ini_ms": 29.7, "testigo_proceso_ini_ms": 30.04}
k0500__escaneado_d3                          CERac= 73.42%  CERascii= 73.42%  lin=0/3  bloques={'cuerpo': 73.42}     232.5 ms  det=si
k0500__escaneado_d4                          CERac= 47.48%  CERascii= 47.15%  lin=0/12  bloques={'titulo': 48.0, 'subtitulo': 53.49, 'cuerpo': 33.33, 'pequeña': 74.65}     368.7 ms  det=si
k0500__escaneado_d4c                         CERac= 15.60%  CERascii= 15.10%  lin=3/12  bloques={'titulo': 24.0, 'subtitulo': 6.98, 'cuerpo': 3.21, 'pequeña': 58.69}     355.1 ms  det=si
k0500__patologico_escaneado                  CERac=  0.00%  CERascii=  0.00%  lin=3/3  bloques={'cuerpo': 0.0}     226.1 ms  det=si
k0625__escaneado_d3                          CERac= 69.62%  CERascii= 69.62%  lin=0/3  bloques={'cuerpo': 69.62}     215.0 ms  det=si
k0625__escaneado_d4                          CERac= 56.38%  CERascii= 55.20%  lin=1/12  bloques={'titulo': 0.0, 'subtitulo': 79.07, 'cuerpo': 48.4, 'pequeña': 76.53}     360.5 ms  det=si
k0625__escaneado_d4c                         CERac=  8.39%  CERascii=  8.22%  lin=6/12  bloques={'titulo': 32.0, 'subtitulo': 30.23, 'cuerpo': 1.92, 'pequeña': 19.72}     367.5 ms  det=si
k0625__patologico_escaneado                  CERac=  0.00%  CERascii=  0.00%  lin=3/3  bloques={'cuerpo': 0.0}     263.9 ms  det=si
k0750__escaneado_d3                          CERac= 68.35%  CERascii= 68.35%  lin=0/3  bloques={'cuerpo': 68.35}     235.9 ms  det=si
k0750__escaneado_d4                          CERac= 49.66%  CERascii= 48.66%  lin=0/12  bloques={'titulo': 8.0, 'subtitulo': 46.51, 'cuerpo': 45.83, 'pequeña': 77.0}     397.2 ms  det=si
k0750__escaneado_d4c                         CERac=  4.36%  CERascii=  4.19%  lin=6/12  bloques={'titulo': 16.0, 'subtitulo': 9.3, 'cuerpo': 1.92, 'pequeña': 14.55}     444.1 ms  det=si
k0750__patologico_escaneado                  CERac=  0.00%  CERascii=  0.00%  lin=3/3  bloques={'cuerpo': 0.0}     260.4 ms  det=si
k0875__escaneado_d3                          CERac= 93.67%  CERascii= 92.41%  lin=0/3  bloques={'cuerpo': 70.89}     343.6 ms  det=si
k0875__escaneado_d4                          CERac= 46.48%  CERascii= 45.81%  lin=1/12  bloques={'titulo': 8.0, 'subtitulo': 46.51, 'cuerpo': 39.42, 'pequeña': 73.24}     440.2 ms  det=si
k0875__escaneado_d4c                         CERac=  3.86%  CERascii=  3.36%  lin=6/12  bloques={'titulo': 8.0, 'subtitulo': 9.3, 'cuerpo': 1.92, 'pequeña': 12.21}     397.9 ms  det=si
k0875__patologico_escaneado                  CERac=  0.00%  CERascii=  0.00%  lin=3/3  bloques={'cuerpo': 0.0}     275.2 ms  det=si
k1000__escaneado_d3                          CERac=188.61%  CERascii=188.61%  lin=0/3  bloques={'cuerpo': 70.89}     436.8 ms  det=si
k1000__escaneado_d4                          CERac= 41.78%  CERascii= 41.44%  lin=1/12  bloques={'titulo': 12.0, 'subtitulo': 9.3, 'cuerpo': 35.9, 'pequeña': 72.77}     454.1 ms  det=si
k1000__escaneado_d4c                         CERac=  2.68%  CERascii=  2.18%  lin=6/12  bloques={'titulo': 12.0, 'subtitulo': 9.3, 'cuerpo': 1.92, 'pequeña': 9.86}     427.3 ms  det=si
k1000__patologico_escaneado                  CERac=  0.00%  CERascii=  0.00%  lin=3/3  bloques={'cuerpo': 0.0}     365.3 ms  det=si
k1125__escaneado_d3                          CERac=303.80%  CERascii=302.53%  lin=0/3  bloques={'cuerpo': 68.35}     628.4 ms  det=si
k1125__escaneado_d4                          CERac= 49.33%  CERascii= 48.83%  lin=0/12  bloques={'titulo': 32.0, 'subtitulo': 23.26, 'cuerpo': 51.28, 'pequeña': 74.65}     457.9 ms  det=si
k1125__escaneado_d4c                         CERac=  3.02%  CERascii=  2.68%  lin=6/12  bloques={'titulo': 12.0, 'subtitulo': 9.3, 'cuerpo': 1.92, 'pequeña': 10.33}     446.9 ms  det=si
k1125__patologico_escaneado                  CERac=  0.00%  CERascii=  0.00%  lin=3/3  bloques={'cuerpo': 0.0}     390.0 ms  det=si
k1250__escaneado_d3                          CERac=210.13%  CERascii=210.13%  lin=0/3  bloques={'cuerpo': 72.15}     561.4 ms  det=si
k1250__escaneado_d4                          CERac= 45.30%  CERascii= 44.46%  lin=1/12  bloques={'titulo': 36.0, 'subtitulo': 44.19, 'cuerpo': 39.42, 'pequeña': 72.77}     523.4 ms  det=si
k1250__escaneado_d4c                         CERac=  5.03%  CERascii=  4.53%  lin=6/12  bloques={'titulo': 32.0, 'subtitulo': 25.58, 'cuerpo': 2.24, 'pequeña': 6.1}     513.3 ms  det=si
k1250__patologico_escaneado                  CERac=  0.00%  CERascii=  0.00%  lin=3/3  bloques={'cuerpo': 0.0}     446.3 ms  det=si
k1400__escaneado_d3                          CERac=541.77%  CERascii=541.77%  lin=0/3  bloques={'cuerpo': 70.89}     941.3 ms  det=si
k1400__escaneado_d4                          CERac= 47.82%  CERascii= 47.32%  lin=1/12  bloques={'titulo': 36.0, 'subtitulo': 41.86, 'cuerpo': 39.1, 'pequeña': 73.24}     567.7 ms  det=si
k1400__escaneado_d4c                         CERac=  7.72%  CERascii=  7.38%  lin=6/12  bloques={'titulo': 40.0, 'subtitulo': 44.19, 'cuerpo': 1.92, 'pequeña': 5.63}     507.8 ms  det=si
k1400__patologico_escaneado                  CERac=  0.00%  CERascii=  0.00%  lin=3/3  bloques={'cuerpo': 0.0}     479.1 ms  det=si
k1500__escaneado_d3                          CERac=756.96%  CERascii=756.96%  lin=0/3  bloques={'cuerpo': 68.35}    1409.8 ms  det=si
k1500__escaneado_d4                          CERac= 51.85%  CERascii= 50.67%  lin=1/12  bloques={'titulo': 36.0, 'subtitulo': 44.19, 'cuerpo': 61.86, 'pequeña': 76.53}     578.8 ms  det=si
k1500__escaneado_d4c                         CERac=  8.72%  CERascii=  8.22%  lin=6/12  bloques={'titulo': 40.0, 'subtitulo': 44.19, 'cuerpo': 1.92, 'pequeña': 11.74}     527.6 ms  det=si
k1500__patologico_escaneado                  CERac=  0.00%  CERascii=  0.00%  lin=3/3  bloques={'cuerpo': 0.0}     506.7 ms  det=si
k1600__escaneado_d3                          CERac=882.28%  CERascii=882.28%  lin=0/3  bloques={'cuerpo': 68.35}    1589.8 ms  det=si
k1600__escaneado_d4                          CERac= 47.82%  CERascii= 47.48%  lin=1/12  bloques={'titulo': 28.0, 'subtitulo': 46.51, 'cuerpo': 42.95, 'pequeña': 72.77}     625.1 ms  det=si
k1600__escaneado_d4c                         CERac=  2.18%  CERascii=  1.68%  lin=7/12  bloques={'titulo': 12.0, 'subtitulo': 4.65, 'cuerpo': 1.28, 'pequeña': 7.04}     537.7 ms  det=si
k1600__patologico_escaneado                  CERac=  0.00%  CERascii=  0.00%  lin=3/3  bloques={'cuerpo': 0.0}     558.1 ms  det=si
k1800__escaneado_d3                          CERac=1194.94%  CERascii=1194.94%  lin=0/3  bloques={'cuerpo': 72.15}    2316.1 ms  det=si
k1800__escaneado_d4                          CERac= 56.88%  CERascii= 56.54%  lin=1/12  bloques={'titulo': 32.0, 'subtitulo': 46.51, 'cuerpo': 65.06, 'pequeña': 74.18}     685.8 ms  det=si
k1800__escaneado_d4c                         CERac=  5.54%  CERascii=  4.87%  lin=6/12  bloques={'titulo': 32.0, 'subtitulo': 25.58, 'cuerpo': 1.28, 'pequeña': 10.33}     608.3 ms  det=si
k1800__patologico_escaneado                  CERac=  0.00%  CERascii=  0.00%  lin=3/3  bloques={'cuerpo': 0.0}     623.2 ms  det=si
{"evento": "fin", "testigo_monohilo_ini_ms": 29.7, "testigo_monohilo_fin_ms": 23.45, "deriva_monohilo": 0.79, "testigo_proceso_ini_ms": 30.04, "testigo_proceso_fin_ms": 27.22, "nivel_proceso_vs_reposo": 1.13, "testigo_topado": false}
=== fin tanda I: Sat Aug 22 09:54:11 HPS 2026 ===
