test_I3_aplanado_sobre_BLANCO_es_correcto (pruebas.test_cob_fidelidad.FidelidadImagen.test_I3_aplanado_sobre_BLANCO_es_correcto) ... skipped 'hace falta corpus/imagen/alpha.png (LFS)'
test_I3_aplanado_sobre_NEGRO_es_el_hallazgo (pruebas.test_cob_fidelidad.FidelidadImagen.test_I3_aplanado_sobre_NEGRO_es_el_hallazgo) ... skipped 'hace falta corpus/imagen/alpha.png (LFS)'
test_I3_aplanado_sobre_otro_color_tambien_avisa (pruebas.test_cob_fidelidad.FidelidadImagen.test_I3_aplanado_sobre_otro_color_tambien_avisa) ... skipped 'hace falta corpus/imagen/alpha.png (LFS)'
test_I3_el_ALFA_TRIVIAL_cubre_la_regla_sin_hallazgo (pruebas.test_cob_fidelidad.FidelidadImagen.test_I3_el_ALFA_TRIVIAL_cubre_la_regla_sin_hallazgo) ... ok
test_I3_no_se_evalua_hacia_PDF (pruebas.test_cob_fidelidad.FidelidadImagen.test_I3_no_se_evalua_hacia_PDF) ... ok
test_I3_no_se_evalua_si_se_declaro_el_color_de_fondo (pruebas.test_cob_fidelidad.FidelidadImagen.test_I3_no_se_evalua_si_se_declaro_el_color_de_fondo) ... ok
test_I3_si_no_se_puede_leer_el_pixel_NO_se_da_por_cubierta (pruebas.test_cob_fidelidad.FidelidadImagen.test_I3_si_no_se_puede_leer_el_pixel_NO_se_da_por_cubierta) ... skipped 'hace falta corpus/imagen/alpha.png (LFS)'
test_I6_no_calculable_no_es_un_aprobado (pruebas.test_cob_fidelidad.FidelidadImagen.test_I6_no_calculable_no_es_un_aprobado) ... ok
test_I6_se_retira_si_se_pidio_REDUCIR_la_profundidad (pruebas.test_cob_fidelidad.FidelidadImagen.test_I6_se_retira_si_se_pidio_REDUCIR_la_profundidad) ... ok
test_I6_una_conversion_SIN_PERDIDA_identica_aprueba (pruebas.test_cob_fidelidad.FidelidadImagen.test_I6_una_conversion_SIN_PERDIDA_identica_aprueba) ... ok
test_I6_una_conversion_SIN_PERDIDA_que_cambia_pixeles_es_FALLO (pruebas.test_cob_fidelidad.FidelidadImagen.test_I6_una_conversion_SIN_PERDIDA_que_cambia_pixeles_es_FALLO) ... ok
test_I7_la_excusa_de_los_16_BITS_cuantizados_a_8 (pruebas.test_cob_fidelidad.FidelidadImagen.test_I7_la_excusa_de_los_16_BITS_cuantizados_a_8) ... ok
test_I7_la_excusa_del_ALFA_de_AVIF (pruebas.test_cob_fidelidad.FidelidadImagen.test_I7_la_excusa_del_ALFA_de_AVIF) ... ok
test_I7_la_excusa_del_GRAFISMO_tiene_suelo_de_20_dB (pruebas.test_cob_fidelidad.FidelidadImagen.test_I7_la_excusa_del_GRAFISMO_tiene_suelo_de_20_dB) ... ok
test_I7_no_calculable_no_es_un_aprobado (pruebas.test_cob_fidelidad.FidelidadImagen.test_I7_no_calculable_no_es_un_aprobado) ... ok
test_I7_por_debajo_del_umbral_y_sin_excusa_es_AVISO (pruebas.test_cob_fidelidad.FidelidadImagen.test_I7_por_debajo_del_umbral_y_sin_excusa_es_AVISO) ... ok
test_I7_un_JPEG_de_calidad_alta_pasa_el_umbral (pruebas.test_cob_fidelidad.FidelidadImagen.test_I7_un_JPEG_de_calidad_alta_pasa_el_umbral) ... ok
test_I8_no_dispara_si_el_webp_ya_es_SIN_PERDIDA (pruebas.test_cob_fidelidad.FidelidadImagen.test_I8_no_dispara_si_el_webp_ya_es_SIN_PERDIDA) ... ok
test_I8_un_grafismo_codificado_CON_PERDIDA_en_webp_es_AVISO (pruebas.test_cob_fidelidad.FidelidadImagen.test_I8_un_grafismo_codificado_CON_PERDIDA_en_webp_es_AVISO) ... ok
test_pedir_geometria_retira_la_comparacion_pixel_a_pixel (pruebas.test_cob_fidelidad.FidelidadImagen.test_pedir_geometria_retira_la_comparacion_pixel_a_pixel) ... ok
test_si_alguno_de_los_dos_lados_no_es_imagen_no_hay_comparacion (pruebas.test_cob_fidelidad.FidelidadImagen.test_si_alguno_de_los_dos_lados_no_es_imagen_no_hay_comparacion) ... ok
test_P2_con_doble_si_txtwrite_falla_sobre_la_ENTRADA (pruebas.test_cob_fidelidad.FidelidadPdf.test_P2_con_doble_si_txtwrite_falla_sobre_la_ENTRADA) ... ok
test_P2_el_texto_se_conserva_sha256_igual (pruebas.test_cob_fidelidad.FidelidadPdf.test_P2_el_texto_se_conserva_sha256_igual) ... ok
test_P2_un_PDF_a_PDF_que_pierde_el_texto_es_FALLO (pruebas.test_cob_fidelidad.FidelidadPdf.test_P2_un_PDF_a_PDF_que_pierde_el_texto_es_FALLO) ... ok
test_P5_se_pidio_OCR_y_la_salida_NO_trae_texto_es_FALLO (pruebas.test_cob_fidelidad.FidelidadPdf.test_P5_se_pidio_OCR_y_la_salida_NO_trae_texto_es_FALLO) ... ok
test_P5_se_pidio_OCR_y_la_salida_SI_trae_texto (pruebas.test_cob_fidelidad.FidelidadPdf.test_P5_se_pidio_OCR_y_la_salida_SI_trae_texto) ... ok
test_P5_sin_capa_de_texto_en_la_entrada_y_sin_OCR_no_se_exige_texto (pruebas.test_cob_fidelidad.FidelidadPdf.test_P5_sin_capa_de_texto_en_la_entrada_y_sin_OCR_no_se_exige_texto) ... ok
test_P6_con_doble_si_txtwrite_falla_sobre_la_salida (pruebas.test_cob_fidelidad.FidelidadPdf.test_P6_con_doble_si_txtwrite_falla_sobre_la_salida) ... ok
test_P6_cuenta_los_caracteres_imprimibles (pruebas.test_cob_fidelidad.FidelidadPdf.test_P6_cuenta_los_caracteres_imprimibles) ... ok
test_P6_dos_caracteres_son_BASURA_no_una_capa_de_texto (pruebas.test_cob_fidelidad.FidelidadPdf.test_P6_dos_caracteres_son_BASURA_no_una_capa_de_texto) ... ok
test_P9_la_misma_alucinacion_es_FALLO_si_se_PIDIO_OCR (pruebas.test_cob_fidelidad.FidelidadPdf.test_P9_la_misma_alucinacion_es_FALLO_si_se_PIDIO_OCR) ... ok
test_P9_la_prosa_es_una_capa_de_texto_PLAUSIBLE (pruebas.test_cob_fidelidad.FidelidadPdf.test_P9_la_prosa_es_una_capa_de_texto_PLAUSIBLE) ... ok
test_P9_letras_sueltas_son_ALUCINACION_y_es_AVISO_sin_OCR (pruebas.test_cob_fidelidad.FidelidadPdf.test_P9_letras_sueltas_son_ALUCINACION_y_es_AVISO_sin_OCR) ... ok
test_senal_alucinacion_separa_prosa_de_ruido (pruebas.test_cob_fidelidad.FidelidadPdf.test_senal_alucinacion_separa_prosa_de_ruido) ... ok
test_si_la_ENTRADA_no_es_un_PDF_no_hay_P2_ni_P5 (pruebas.test_cob_fidelidad.FidelidadPdf.test_si_la_ENTRADA_no_es_un_PDF_no_hay_P2_ni_P5) ... ok
test_si_la_salida_no_es_un_PDF_la_regla_no_aplica (pruebas.test_cob_fidelidad.FidelidadPdf.test_si_la_salida_no_es_un_PDF_la_regla_no_aplica) ... ok
test_TEXTO_PARCIALMENTE_PERDIDO_cuando_solo_una_caja_esta_vacia (pruebas.test_cob_fidelidad.FidelidadVectorial.test_TEXTO_PARCIALMENTE_PERDIDO_cuando_solo_una_caja_esta_vacia) ... ok
test_TEXTO_PERDIDO_es_FALLO_el_caso_resvg (pruebas.test_cob_fidelidad.FidelidadVectorial.test_TEXTO_PERDIDO_es_FALLO_el_caso_resvg) ... ok
test_cajas_fuera_del_lienzo_NO_es_un_aprobado (pruebas.test_cob_fidelidad.FidelidadVectorial.test_cajas_fuera_del_lienzo_NO_es_un_aprobado) ... ok
test_con_tinta_de_sobra_I9_aprueba (pruebas.test_cob_fidelidad.FidelidadVectorial.test_con_tinta_de_sobra_I9_aprueba) ... ok
test_es_svg_decide_por_CONTENIDO_no_por_extension (pruebas.test_cob_fidelidad.FidelidadVectorial.test_es_svg_decide_por_CONTENIDO_no_por_extension) ... 