test_I3_aplanado_sobre_BLANCO_es_correcto (pruebas.test_cob_fidelidad.FidelidadImagen.test_I3_aplanado_sobre_BLANCO_es_correcto) ... ok
test_I3_aplanado_sobre_NEGRO_es_el_hallazgo (pruebas.test_cob_fidelidad.FidelidadImagen.test_I3_aplanado_sobre_NEGRO_es_el_hallazgo) ... ok
test_I3_aplanado_sobre_otro_color_tambien_avisa (pruebas.test_cob_fidelidad.FidelidadImagen.test_I3_aplanado_sobre_otro_color_tambien_avisa) ... ok
test_I3_el_ALFA_TRIVIAL_cubre_la_regla_sin_hallazgo (pruebas.test_cob_fidelidad.FidelidadImagen.test_I3_el_ALFA_TRIVIAL_cubre_la_regla_sin_hallazgo) ... ok
test_I3_no_se_evalua_hacia_PDF (pruebas.test_cob_fidelidad.FidelidadImagen.test_I3_no_se_evalua_hacia_PDF) ... ok
test_I3_no_se_evalua_si_se_declaro_el_color_de_fondo (pruebas.test_cob_fidelidad.FidelidadImagen.test_I3_no_se_evalua_si_se_declaro_el_color_de_fondo) ... ok
test_I3_si_no_se_puede_leer_el_pixel_NO_se_da_por_cubierta (pruebas.test_cob_fidelidad.FidelidadImagen.test_I3_si_no_se_puede_leer_el_pixel_NO_se_da_por_cubierta) ... ok
test_I6_no_calculable_no_es_un_aprobado (pruebas.test_cob_fidelidad.FidelidadImagen.test_I6_no_calculable_no_es_un_aprobado) ... ok
test_I6_se_retira_si_se_pidio_REDUCIR_la_profundidad (pruebas.test_cob_fidelidad.FidelidadImagen.test_I6_se_retira_si_se_pidio_REDUCIR_la_profundidad) ... ok
test_I6_una_conversion_SIN_PERDIDA_identica_aprueba (pruebas.test_cob_fidelidad.FidelidadImagen.test_I6_una_conversion_SIN_PERDIDA_identica_aprueba) ... ok
test_I6_una_conversion_SIN_PERDIDA_que_cambia_pixeles_es_FALLO (pruebas.test_cob_fidelidad.FidelidadImagen.test_I6_una_conversion_SIN_PERDIDA_que_cambia_pixeles_es_FALLO) ... ok
test_I7_la_excusa_de_los_16_BITS_cuantizados_a_8 (pruebas.test_cob_fidelidad.FidelidadImagen.test_I7_la_excusa_de_los_16_BITS_cuantizados_a_8) ... ok
test_I7_la_excusa_del_ALFA_de_AVIF (pruebas.test_cob_fidelidad.FidelidadImagen.test_I7_la_excusa_del_ALFA_de_AVIF) ... ok
test_I7_la_excusa_del_GRAFISMO_tiene_suelo_de_20_dB (pruebas.test_cob_fidelidad.FidelidadImagen.test_I7_la_excusa_del_GRAFISMO_tiene_suelo_de_20_dB) ... ok
test_I7_no_calculable_no_es_un_aprobado (pruebas.test_cob_fidelidad.FidelidadImagen.test_I7_no_calculable_no_es_un_aprobado) ... ok
test_I7_por_debajo_del_umbral_y_sin_excusa_es_AVISO (pruebas.test_cob_fidelidad.FidelidadImagen.test_I7_por_debajo_del_umbral_y_sin_excusa_es_AVISO) ... ok
test_I7_un_JPEG_de_calidad_alta_pasa_el_umbral (pruebas.test_cob_fidelidad.FidelidadImagen.test_I7_un_JPEG_de_calidad_alta_pasa_el_umbral) ... ok
test_I8_no_dispara_si_el_webp_ya_es_SIN_PERDIDA (pruebas.test_cob_fidelidad.FidelidadImagen.test_I8_no_dispara_si_el_webp_ya_es_SIN_PERDIDA) ... ok
test_I8_un_grafismo_codificado_CON_PERDIDA_en_webp_es_AVISO (pruebas.test_cob_fidelidad.FidelidadImagen.test_I8_un_grafismo_codificado_CON_PERDIDA_en_webp_es_AVISO) ... ok
test_pedir_geometria_retira_la_comparacion_pixel_a_pixel (pruebas.test_cob_fidelidad.FidelidadImagen.test_pedir_geometria_retira_la_comparacion_pixel_a_pixel) ... ok
test_si_alguno_de_los_dos_lados_no_es_imagen_no_hay_comparacion (pruebas.test_cob_fidelidad.FidelidadImagen.test_si_alguno_de_los_dos_lados_no_es_imagen_no_hay_comparacion) ... ok
test_P2_con_doble_si_txtwrite_falla_sobre_la_ENTRADA (pruebas.test_cob_fidelidad.FidelidadPdf.test_P2_con_doble_si_txtwrite_falla_sobre_la_ENTRADA) ... ok
test_P2_el_texto_se_conserva_sha256_igual (pruebas.test_cob_fidelidad.FidelidadPdf.test_P2_el_texto_se_conserva_sha256_igual) ... ok
test_P2_un_PDF_a_PDF_que_pierde_el_texto_es_FALLO (pruebas.test_cob_fidelidad.FidelidadPdf.test_P2_un_PDF_a_PDF_que_pierde_el_texto_es_FALLO) ... ok
test_P5_se_pidio_OCR_y_la_salida_NO_trae_texto_es_FALLO (pruebas.test_cob_fidelidad.FidelidadPdf.test_P5_se_pidio_OCR_y_la_salida_NO_trae_texto_es_FALLO) ... ok
test_P5_se_pidio_OCR_y_la_salida_SI_trae_texto (pruebas.test_cob_fidelidad.FidelidadPdf.test_P5_se_pidio_OCR_y_la_salida_SI_trae_texto) ... ok
test_P5_sin_capa_de_texto_en_la_entrada_y_sin_OCR_no_se_exige_texto (pruebas.test_cob_fidelidad.FidelidadPdf.test_P5_sin_capa_de_texto_en_la_entrada_y_sin_OCR_no_se_exige_texto) ... ok
test_P6_con_doble_si_txtwrite_falla_sobre_la_salida (pruebas.test_cob_fidelidad.FidelidadPdf.test_P6_con_doble_si_txtwrite_falla_sobre_la_salida) ... ok
test_P6_cuenta_los_caracteres_imprimibles (pruebas.test_cob_fidelidad.FidelidadPdf.test_P6_cuenta_los_caracteres_imprimibles) ... ok
test_P6_dos_caracteres_son_BASURA_no_una_capa_de_texto (pruebas.test_cob_fidelidad.FidelidadPdf.test_P6_dos_caracteres_son_BASURA_no_una_capa_de_texto) ... ok
test_P9_la_misma_alucinacion_es_FALLO_si_se_PIDIO_OCR (pruebas.test_cob_fidelidad.FidelidadPdf.test_P9_la_misma_alucinacion_es_FALLO_si_se_PIDIO_OCR) ... ok
test_P9_la_prosa_es_una_capa_de_texto_PLAUSIBLE (pruebas.test_cob_fidelidad.FidelidadPdf.test_P9_la_prosa_es_una_capa_de_texto_PLAUSIBLE) ... ok
test_P9_letras_sueltas_son_ALUCINACION_y_es_AVISO_sin_OCR (pruebas.test_cob_fidelidad.FidelidadPdf.test_P9_letras_sueltas_son_ALUCINACION_y_es_AVISO_sin_OCR) ... ok
test_senal_alucinacion_separa_prosa_de_ruido (pruebas.test_cob_fidelidad.FidelidadPdf.test_senal_alucinacion_separa_prosa_de_ruido) ... ok
test_si_la_ENTRADA_no_es_un_PDF_no_hay_P2_ni_P5 (pruebas.test_cob_fidelidad.FidelidadPdf.test_si_la_ENTRADA_no_es_un_PDF_no_hay_P2_ni_P5) ... ok
test_si_la_salida_no_es_un_PDF_la_regla_no_aplica (pruebas.test_cob_fidelidad.FidelidadPdf.test_si_la_salida_no_es_un_PDF_la_regla_no_aplica) ... ok
test_TEXTO_PARCIALMENTE_PERDIDO_cuando_solo_una_caja_esta_vacia (pruebas.test_cob_fidelidad.FidelidadVectorial.test_TEXTO_PARCIALMENTE_PERDIDO_cuando_solo_una_caja_esta_vacia) ... ok
test_TEXTO_PERDIDO_es_FALLO_el_caso_resvg (pruebas.test_cob_fidelidad.FidelidadVectorial.test_TEXTO_PERDIDO_es_FALLO_el_caso_resvg) ... ok
test_cajas_fuera_del_lienzo_NO_es_un_aprobado (pruebas.test_cob_fidelidad.FidelidadVectorial.test_cajas_fuera_del_lienzo_NO_es_un_aprobado) ... ok
test_con_tinta_de_sobra_I9_aprueba (pruebas.test_cob_fidelidad.FidelidadVectorial.test_con_tinta_de_sobra_I9_aprueba) ... ok
test_es_svg_decide_por_CONTENIDO_no_por_extension (pruebas.test_cob_fidelidad.FidelidadVectorial.test_es_svg_decide_por_CONTENIDO_no_por_extension) ... ok
test_la_escala_sale_de_la_geometria_declarada_por_la_sonda (pruebas.test_cob_fidelidad.FidelidadVectorial.test_la_escala_sale_de_la_geometria_declarada_por_la_sonda) ... ok
test_poca_tinta_es_AVISO_texto_mutilado (pruebas.test_cob_fidelidad.FidelidadVectorial.test_poca_tinta_es_AVISO_texto_mutilado) ... ok
test_si_la_salida_no_declara_geometria_no_hay_escala_que_aplicar (pruebas.test_cob_fidelidad.FidelidadVectorial.test_si_la_salida_no_declara_geometria_no_hay_escala_que_aplicar) ... ok
test_si_la_salida_no_es_un_PNG_legible_I9_NO_se_da_por_aprobada (pruebas.test_cob_fidelidad.FidelidadVectorial.test_si_la_salida_no_es_un_PNG_legible_I9_NO_se_da_por_aprobada) ... ok
test_un_SVG_sin_text_hace_que_la_regla_no_aplique (pruebas.test_cob_fidelidad.FidelidadVectorial.test_un_SVG_sin_text_hace_que_la_regla_no_aplique) ... ok
test_un_origen_que_no_es_SVG_analizable_se_declara_no_aplicable (pruebas.test_cob_fidelidad.FidelidadVectorial.test_un_origen_que_no_es_SVG_analizable_se_declara_no_aplicable) ... ok
test_un_texto_TRASLADADO_se_juzga_igual_que_el_absoluto (pruebas.test_cob_fidelidad.FidelidadVectorial.test_un_texto_TRASLADADO_se_juzga_igual_que_el_absoluto) ... ok
test_un_transform_que_no_es_traslacion_NO_es_la_regla_no_aplica (pruebas.test_cob_fidelidad.FidelidadVectorial.test_un_transform_que_no_es_traslacion_NO_es_la_regla_no_aplica) ... ok
test_V2_apagada_se_declara_NO_CUBIERTA_no_aprobada (pruebas.test_cob_fidelidad.FidelidadVideoMotor.test_V2_apagada_se_declara_NO_CUBIERTA_no_aprobada) ... ok
test_V2_con_doble_cuando_no_se_puede_contar (pruebas.test_cob_fidelidad.FidelidadVideoMotor.test_V2_con_doble_cuando_no_se_puede_contar) ... ok
test_V2_cuenta_los_fotogramas_de_verdad (pruebas.test_cob_fidelidad.FidelidadVideoMotor.test_V2_cuenta_los_fotogramas_de_verdad) ... ok
test_V2_no_se_evalua_si_se_pidio_cambiar_el_fps (pruebas.test_cob_fidelidad.FidelidadVideoMotor.test_V2_no_se_evalua_si_se_pidio_cambiar_el_fps) ... ok
test_V2_perder_fotogramas_es_FALLO (pruebas.test_cob_fidelidad.FidelidadVideoMotor.test_V2_perder_fotogramas_es_FALLO) ... ok
test_V5_con_doble_cuando_ffprobe_no_devuelve_etiquetas_legibles (pruebas.test_cob_fidelidad.FidelidadVideoMotor.test_V5_con_doble_cuando_ffprobe_no_devuelve_etiquetas_legibles) ... ok
test_V5_empareja_por_POSICION_y_REORDENAR_le_parece_una_perdida (pruebas.test_cob_fidelidad.FidelidadVideoMotor.test_V5_empareja_por_POSICION_y_REORDENAR_le_parece_una_perdida)
DEFECTO DOCUMENTADO, NO ARREGLADO (informe §5.2). ... ok
test_V5_las_etiquetas_de_pista_se_conservan_en_un_remux (pruebas.test_cob_fidelidad.FidelidadVideoMotor.test_V5_las_etiquetas_de_pista_se_conservan_en_un_remux) ... ok
test_V5_no_se_evalua_hacia_los_destinos_de_un_solo_fotograma (pruebas.test_cob_fidelidad.FidelidadVideoMotor.test_V5_no_se_evalua_hacia_los_destinos_de_un_solo_fotograma) ... ok
test_V5_perder_el_idioma_es_un_AVISO (pruebas.test_cob_fidelidad.FidelidadVideoMotor.test_V5_perder_el_idioma_es_un_AVISO) ... ok
test_V5_si_la_entrada_no_trae_etiquetas_la_regla_NO_discrimina (pruebas.test_cob_fidelidad.FidelidadVideoMotor.test_V5_si_la_entrada_no_trae_etiquetas_la_regla_NO_discrimina) ... ok
test_V5_una_pista_SIN_etiquetas_no_cuenta_como_perdida (pruebas.test_cob_fidelidad.FidelidadVideoMotor.test_V5_una_pista_SIN_etiquetas_no_cuenta_como_perdida) ... ok
test_V6_avisa_si_cambia_el_numero_de_fotogramas (pruebas.test_cob_fidelidad.FidelidadVideoMotor.test_V6_avisa_si_cambia_el_numero_de_fotogramas) ... ok
test_V6_con_doble_cuando_el_framemd5_no_sale (pruebas.test_cob_fidelidad.FidelidadVideoMotor.test_V6_con_doble_cuando_el_framemd5_no_sale) ... ok
test_V6_pedir_COPIA_y_ver_pixeles_distintos_es_FALLO (pruebas.test_cob_fidelidad.FidelidadVideoMotor.test_V6_pedir_COPIA_y_ver_pixeles_distintos_es_FALLO) ... ok
test_V6_un_remux_exacto_da_el_mismo_hash_por_pixel_y_aprueba_V8 (pruebas.test_cob_fidelidad.FidelidadVideoMotor.test_V6_un_remux_exacto_da_el_mismo_hash_por_pixel_y_aprueba_V8) ... ok
test_V8_con_doble_no_calculable (pruebas.test_cob_fidelidad.FidelidadVideoMotor.test_V8_con_doble_no_calculable) ... ok
test_V8_con_doble_sin_componente_y (pruebas.test_cob_fidelidad.FidelidadVideoMotor.test_V8_con_doble_sin_componente_y) ... ok
test_V8_entre_el_suelo_y_el_umbral_es_AVISO (pruebas.test_cob_fidelidad.FidelidadVideoMotor.test_V8_entre_el_suelo_y_el_umbral_es_AVISO) ... ok
test_V8_por_debajo_del_SUELO_es_FALLO_no_aviso (pruebas.test_cob_fidelidad.FidelidadVideoMotor.test_V8_por_debajo_del_SUELO_es_FALLO_no_aviso) ... ok
test_V8_una_recodificacion_buena_pasa_el_umbral (pruebas.test_cob_fidelidad.FidelidadVideoMotor.test_V8_una_recodificacion_buena_pasa_el_umbral) ... ok
test_pedir_escala_o_recorte_retira_V2_V6_y_V8 (pruebas.test_cob_fidelidad.FidelidadVideoMotor.test_pedir_escala_o_recorte_retira_V2_V6_y_V8) ... ok
test_sin_pista_de_video_a_ninguno_de_los_dos_lados_se_para_en_V5 (pruebas.test_cob_fidelidad.FidelidadVideoMotor.test_sin_pista_de_video_a_ninguno_de_los_dos_lados_se_para_en_V5) ... ok
test_el_fichero_que_no_existe_no_revienta_la_regla (pruebas.test_cob_fidelidad.FidelidadVideoV9.test_el_fichero_que_no_existe_no_revienta_la_regla) ... ok
test_la_paleta_generica_de_ffmpeg_es_un_AVISO (pruebas.test_cob_fidelidad.FidelidadVideoV9.test_la_paleta_generica_de_ffmpeg_es_un_AVISO) ... ok
test_si_no_hay_paleta_legible_V9_no_se_da_por_aprobada (pruebas.test_cob_fidelidad.FidelidadVideoV9.test_si_no_hay_paleta_legible_V9_no_se_da_por_aprobada) ... ok
test_un_GIF_sin_tabla_de_color_global_tampoco_aprueba (pruebas.test_cob_fidelidad.FidelidadVideoV9.test_un_GIF_sin_tabla_de_color_global_tampoco_aprueba) ... ok
test_una_paleta_calculada_sobre_el_clip_NO_es_rejilla (pruebas.test_cob_fidelidad.FidelidadVideoV9.test_una_paleta_calculada_sobre_el_clip_NO_es_rejilla) ... ok
test_None_devuelve_el_por_defecto (pruebas.test_cob_fidelidad.Num.test_None_devuelve_el_por_defecto) ... ok
test_espacios_alrededor (pruebas.test_cob_fidelidad.Num.test_espacios_alrededor) ... ok
test_lo_que_no_es_numero_cae_al_por_defecto (pruebas.test_cob_fidelidad.Num.test_lo_que_no_es_numero_cae_al_por_defecto) ... ok
test_quita_las_siete_unidades_de_longitud (pruebas.test_cob_fidelidad.Num.test_quita_las_siete_unidades_de_longitud) ... ok
test_solo_quita_la_PRIMERA_unidad_que_encaja (pruebas.test_cob_fidelidad.Num.test_solo_quita_la_PRIMERA_unidad_que_encaja) ... ok
test_Adam7_se_declara_no_implementado_en_vez_de_inventar_un_numero (pruebas.test_cob_fidelidad.PngTintaCajas.test_Adam7_se_declara_no_implementado_en_vez_de_inventar_un_numero) ... ok
test_RGBA_de_16_bits (pruebas.test_cob_fidelidad.PngTintaCajas.test_RGBA_de_16_bits) ... ok
test_RGB_de_8_bits_usa_la_luminancia_ponderada (pruebas.test_cob_fidelidad.PngTintaCajas.test_RGB_de_8_bits_usa_la_luminancia_ponderada) ... ok
test_el_PLTE_detras_de_un_trozo_ajeno (pruebas.test_cob_fidelidad.PngTintaCajas.test_el_PLTE_detras_de_un_trozo_ajeno) ... ok
test_el_fichero_que_no_existe_da_el_error_del_sistema (pruebas.test_cob_fidelidad.PngTintaCajas.test_el_fichero_que_no_existe_da_el_error_del_sistema) ... ok
test_el_fondo_es_el_mas_frecuente_no_el_blanco (pruebas.test_cob_fidelidad.PngTintaCajas.test_el_fondo_es_el_mas_frecuente_no_el_blanco) ... ok
test_gris_con_alfa_ct4_lee_solo_el_canal_gris (pruebas.test_cob_fidelidad.PngTintaCajas.test_gris_con_alfa_ct4_lee_solo_el_canal_gris) ... ok
test_gris_de_16_bits (pruebas.test_cob_fidelidad.PngTintaCajas.test_gris_de_16_bits) ... ok
test_gris_de_8_bits_cuenta_la_tinta_contra_el_fondo_REAL (pruebas.test_cob_fidelidad.PngTintaCajas.test_gris_de_8_bits_cuenta_la_tinta_contra_el_fondo_REAL) ... ok
test_la_caja_puede_venir_como_dict_o_como_tupla (pruebas.test_cob_fidelidad.PngTintaCajas.test_la_caja_puede_venir_como_dict_o_como_tupla) ... ok
test_la_escala_convierte_coordenadas_de_usuario_en_pixeles (pruebas.test_cob_fidelidad.PngTintaCajas.test_la_escala_convierte_coordenadas_de_usuario_en_pixeles) ... ok
test_las_profundidades_de_1_2_y_4_bits (pruebas.test_cob_fidelidad.PngTintaCajas.test_las_profundidades_de_1_2_y_4_bits) ... ok
test_lo_que_no_es_PNG_se_declara_fuera_de_la_regla (pruebas.test_cob_fidelidad.PngTintaCajas.test_lo_que_no_es_PNG_se_declara_fuera_de_la_regla) ... ok
test_los_cinco_filtros_de_fila_dan_el_MISMO_numero (pruebas.test_cob_fidelidad.PngTintaCajas.test_los_cinco_filtros_de_fila_dan_el_MISMO_numero) ... ok
test_paleta_de_4_bits_con_PLTE (pruebas.test_cob_fidelidad.PngTintaCajas.test_paleta_de_4_bits_con_PLTE) ... ok
test_paleta_de_8_bits_con_PLTE (pruebas.test_cob_fidelidad.PngTintaCajas.test_paleta_de_8_bits_con_PLTE) ... ok
test_sin_cajas_que_medir (pruebas.test_cob_fidelidad.PngTintaCajas.test_sin_cajas_que_medir) ... ok
test_solo_lee_las_filas_que_hacen_falta (pruebas.test_cob_fidelidad.PngTintaCajas.test_solo_lee_las_filas_que_hacen_falta) ... ok
test_un_PNG_de_paleta_SIN_PLTE (pruebas.test_cob_fidelidad.PngTintaCajas.test_un_PNG_de_paleta_SIN_PLTE) ... ok
test_un_PNG_sin_IDAT (pruebas.test_cob_fidelidad.PngTintaCajas.test_un_PNG_sin_IDAT) ... ok
test_un_byte_de_filtro_CORRUPTO_se_declara_no_evaluable_no_revienta (pruebas.test_cob_fidelidad.PngTintaCajas.test_un_byte_de_filtro_CORRUPTO_se_declara_no_evaluable_no_revienta) ... ok
test_un_color_type_fuera_de_la_tabla (pruebas.test_cob_fidelidad.PngTintaCajas.test_un_color_type_fuera_de_la_tabla) ... ok
test_un_indice_de_paleta_fuera_de_la_tabla_no_revienta (pruebas.test_cob_fidelidad.PngTintaCajas.test_un_indice_de_paleta_fuera_de_la_tabla_no_revienta) ... ok
test_una_caja_sin_pixeles_declara_tinta_None_no_cero (pruebas.test_cob_fidelidad.PngTintaCajas.test_una_caja_sin_pixeles_declara_tinta_None_no_cero) ... ok
test_una_profundidad_fuera_de_la_tabla (pruebas.test_cob_fidelidad.PngTintaCajas.test_una_profundidad_fuera_de_la_tabla) ... ok
test_varias_cajas_y_el_maximo_es_el_maximo (pruebas.test_cob_fidelidad.PngTintaCajas.test_varias_cajas_y_el_maximo_es_el_maximo) ... ok
test_dos_translate_en_el_MISMO_atributo (pruebas.test_cob_fidelidad.SvgTextos.test_dos_translate_en_el_MISMO_atributo) ... ok
test_el_avance_se_topa_a_24_caracteres (pruebas.test_cob_fidelidad.SvgTextos.test_el_avance_se_topa_a_24_caracteres) ... ok
test_el_fichero_que_no_existe_no_es_evaluable (pruebas.test_cob_fidelidad.SvgTextos.test_el_fichero_que_no_existe_no_es_evaluable) ... ok
test_el_font_size_puede_venir_dentro_de_style (pruebas.test_cob_fidelidad.SvgTextos.test_el_font_size_puede_venir_dentro_de_style) ... ok
test_el_text_anchor_tambien_vale_dentro_de_style (pruebas.test_cob_fidelidad.SvgTextos.test_el_text_anchor_tambien_vale_dentro_de_style) ... ok
test_el_text_sin_espacio_de_nombres_tambien_se_ve (pruebas.test_cob_fidelidad.SvgTextos.test_el_text_sin_espacio_de_nombres_tambien_se_ve) ... ok
test_el_texto_de_los_hijos_cuenta_itertext (pruebas.test_cob_fidelidad.SvgTextos.test_el_texto_de_los_hijos_cuenta_itertext) ... ok
test_el_viewBox_desplaza_el_origen (pruebas.test_cob_fidelidad.SvgTextos.test_el_viewBox_desplaza_el_origen) ... ok
test_lo_que_NO_es_traslacion_se_declara_NO_MEDIBLE_no_se_inventa (pruebas.test_cob_fidelidad.SvgTextos.test_lo_que_NO_es_traslacion_se_declara_NO_MEDIBLE_no_se_inventa) ... ok
test_lo_que_no_es_XML_no_es_evaluable_y_dice_por_que (pruebas.test_cob_fidelidad.SvgTextos.test_lo_que_no_es_XML_no_es_evaluable_y_dice_por_que) ... ok
test_los_translate_anidados_se_SUMAN (pruebas.test_cob_fidelidad.SvgTextos.test_los_translate_anidados_se_SUMAN) ... ok
test_los_tres_anclajes_mueven_la_caja (pruebas.test_cob_fidelidad.SvgTextos.test_los_tres_anclajes_mueven_la_caja) ... ok
test_sin_viewBox_ni_width_ni_height (pruebas.test_cob_fidelidad.SvgTextos.test_sin_viewBox_ni_width_ni_height) ... ok
test_un_XML_cuya_raiz_no_es_svg (pruebas.test_cob_fidelidad.SvgTextos.test_un_XML_cuya_raiz_no_es_svg) ... ok
test_un_text_vacio_o_de_solo_espacios_no_cuenta (pruebas.test_cob_fidelidad.SvgTextos.test_un_text_vacio_o_de_solo_espacios_no_cuenta) ... ok
test_un_translate_de_un_solo_argumento_no_mueve_la_y (pruebas.test_cob_fidelidad.SvgTextos.test_un_translate_de_un_solo_argumento_no_mueve_la_y) ... ok
test_un_translate_en_el_GRUPO_mueve_la_caja (pruebas.test_cob_fidelidad.SvgTextos.test_un_translate_en_el_GRUPO_mueve_la_caja) ... ok
test_un_translate_en_el_PROPIO_text_tambien_cuenta (pruebas.test_cob_fidelidad.SvgTextos.test_un_translate_en_el_PROPIO_text_tambien_cuenta) ... ok
test_una_caja_degenerada_se_descarta_en_vez_de_publicarse (pruebas.test_cob_fidelidad.SvgTextos.test_una_caja_degenerada_se_descarta_en_vez_de_publicarse) ... ok
test_width_y_height_con_unidades_cuando_no_hay_viewBox (pruebas.test_cob_fidelidad.SvgTextos.test_width_y_height_con_unidades_cuando_no_hay_viewBox) ... ok

----------------------------------------------------------------------
Ran 128 tests in 15.036s

OK
