INFORMACIàN: no se pudo encontrar ning£n archivo para los patrones dados.
D:\Work\research\FileX\.venv-paddle\Lib\site-packages\paddle\utils\cpp_extension\extension_utils.py:718: UserWarning: No ccache found. Please be aware that recompiling all source files may be required. You can download and install ccache from: https://github.com/ccache/ccache/blob/master/doc/INSTALL.md
  warnings.warn(warning_message)
[32mCreating model: ('PP-LCNet_x1_0_textline_ori', None, None)[0m
[32mModel files already exist. Using cached files. To redownload, please delete the directory manually: `C:\Users\krato\.paddlex\official_models\PP-LCNet_x1_0_textline_ori`.[0m
WARNING: Logging before InitGoogleLogging() is written to STDERR
W0821 11:28:33.536825 31164 gpu_resources.cc:114] Please NOTE: device: 0, GPU Compute Capability: 8.6, Driver API Version: 12.8, Runtime API Version: 12.6
[32mCreating model: ('PP-OCRv6_medium_det', None, None)[0m
[32mModel files already exist. Using cached files. To redownload, please delete the directory manually: `C:\Users\krato\.paddlex\official_models\PP-OCRv6_medium_det`.[0m
[32mCreating model: ('PP-OCRv6_medium_rec', None, None)[0m
[32mModel files already exist. Using cached files. To redownload, please delete the directory manually: `C:\Users\krato\.paddlex\official_models\PP-OCRv6_medium_rec`.[0m
{"etiqueta": "paddleocr_cuda_A_pd6med", "motor": "paddleocr", "dispositivo": "cuda", "patron": "ppp*__escaneado_d4.png", "imgdir": "D:\\Work\\research\\FileX\\bench\\salidas-ppp-norm\\img", "ref_forzada": null, "carga_frio_s": 264.73, "vram_base_MiB": 3038, "vram_tras_carga_MiB": 3283, "quietud_pct": 26, "flag": "SUCIA(pico 26%)", "testigo_monohilo_ini_ms": 27.8, "testigo_proceso_ini_ms": 99.3, "modelos": {"paddle": "3.2.0", "kwargs": {"device": "gpu:0", "use_doc_orientation_classify": "False", "use_doc_unwarping": "False", "use_textline_orientation": "True"}, "params": {"doc_orientation_classify_model_name": "None", "doc_unwarping_model_name": "None", "text_detection_model_name": "PP-OCRv6_medium_det", "textline_orientation_model_name": "None", "text_recognition_model_name": "PP-OCRv6_medium_rec"}}, "reps": 9, "muestreo_vram": false}
W0821 11:28:39.887310 31164 gpu_resources.cc:243] WARNING: device: 0. The installed Paddle is compiled with CUDNN 9.9, but CUDNN version in your machine is 9.5, which may cause serious incompatible bug. Please recompile or reinstall Paddle with compatible CUDNN version.
ppp0100__escaneado_d4                        CERac= 19.13%  CERascii= 18.12%  lin=6/12  cajas=12  bloques={'titulo': 0.0, 'subtitulo': 0.0, 'cuerpo': 0.64, 'pequeña': 60.09}     265.6 ms  det=si
ppp0125__escaneado_d4                        CERac= 16.95%  CERascii= 15.77%  lin=4/12  cajas=12  bloques={'titulo': 0.0, 'subtitulo': 0.0, 'cuerpo': 2.24, 'pequeña': 53.52}     309.4 ms  det=si
ppp0150__escaneado_d4                        CERac= 17.11%  CERascii= 16.11%  lin=5/12  cajas=12  bloques={'titulo': 0.0, 'subtitulo': 0.0, 'cuerpo': 0.96, 'pequeña': 52.11}     397.9 ms  det=si
ppp0175__escaneado_d4                        CERac= 21.64%  CERascii= 20.97%  lin=5/12  cajas=13  bloques={'titulo': 0.0, 'subtitulo': 0.0, 'cuerpo': 1.6, 'pequeña': 65.73}     445.4 ms  det=si
ppp0200__escaneado_d4                        CERac= 19.30%  CERascii= 18.46%  lin=4/12  cajas=12  bloques={'titulo': 0.0, 'subtitulo': 0.0, 'cuerpo': 1.6, 'pequeña': 58.69}     488.0 ms  det=si
ppp0225__escaneado_d4                        CERac= 20.97%  CERascii= 20.13%  lin=6/12  cajas=12  bloques={'titulo': 0.0, 'subtitulo': 0.0, 'cuerpo': 0.64, 'pequeña': 65.73}     582.9 ms  det=si
ppp0250__escaneado_d4                        CERac= 13.09%  CERascii= 12.08%  lin=5/12  cajas=12  bloques={'titulo': 0.0, 'subtitulo': 0.0, 'cuerpo': 0.96, 'pequeña': 41.31}     614.6 ms  det=si
ppp0280__escaneado_d4                        CERac= 36.24%  CERascii= 35.91%  lin=6/12  cajas=8  bloques={'titulo': 0.0, 'subtitulo': 0.0, 'cuerpo': 0.64, 'pequeña': 75.12}     645.5 ms  det=si
ppp0320__escaneado_d4                        CERac= 36.24%  CERascii= 35.91%  lin=6/12  cajas=8  bloques={'titulo': 0.0, 'subtitulo': 0.0, 'cuerpo': 0.64, 'pequeña': 75.12}     787.2 ms  det=si
ppp0360__escaneado_d4                        CERac= 36.41%  CERascii= 35.91%  lin=5/12  cajas=8  bloques={'titulo': 0.0, 'subtitulo': 0.0, 'cuerpo': 0.96, 'pequeña': 75.12}     970.3 ms  det=si
ppp0400__escaneado_d4                        CERac= 36.24%  CERascii= 35.91%  lin=6/12  cajas=8  bloques={'titulo': 0.0, 'subtitulo': 0.0, 'cuerpo': 0.64, 'pequeña': 75.12}    9872.5 ms  det=si
{"evento": "fin", "vram_pico_MiB": 3283, "vram_base_MiB": 3038, "coste_propio_MiB": 245, "pico_util_pct": 0, "testigo_monohilo_ini_ms": 27.8, "testigo_monohilo_fin_ms": 23.0, "deriva_monohilo": 0.83, "testigo_proceso_ini_ms": 99.3, "testigo_proceso_fin_ms": 191.33, "nivel_proceso_vs_reposo": 7.18, "muestreo_vram": false}
