[32m[INFO] 2026-08-21 11:36:28,009 [RapidOCR] base.py:23: Using engine_name: onnxruntime[0m
[32m[INFO] 2026-08-21 11:36:28,953 [RapidOCR] download_file.py:60: File exists and is valid: D:\Work\research\FileX\bench\salidas-ppp-norm\modelos\ch_PP-OCRv5_det_mobile.onnx[0m
[32m[INFO] 2026-08-21 11:36:28,953 [RapidOCR] main.py:63: Using D:\Work\research\FileX\bench\salidas-ppp-norm\modelos\ch_PP-OCRv5_det_mobile.onnx[0m
[32m[INFO] 2026-08-21 11:36:30,322 [RapidOCR] base.py:23: Using engine_name: onnxruntime[0m
[32m[INFO] 2026-08-21 11:36:30,333 [RapidOCR] download_file.py:60: File exists and is valid: D:\Work\research\FileX\bench\salidas-ppp-norm\modelos\ch_ppocr_mobile_v2.0_cls_mobile.onnx[0m
[32m[INFO] 2026-08-21 11:36:30,333 [RapidOCR] main.py:63: Using D:\Work\research\FileX\bench\salidas-ppp-norm\modelos\ch_ppocr_mobile_v2.0_cls_mobile.onnx[0m
[32m[INFO] 2026-08-21 11:36:30,402 [RapidOCR] base.py:23: Using engine_name: onnxruntime[0m
[32m[INFO] 2026-08-21 11:36:30,616 [RapidOCR] download_file.py:60: File exists and is valid: D:\Work\research\FileX\bench\salidas-ppp-norm\modelos\ch_PP-OCRv5_rec_mobile.onnx[0m
[32m[INFO] 2026-08-21 11:36:30,616 [RapidOCR] main.py:63: Using D:\Work\research\FileX\bench\salidas-ppp-norm\modelos\ch_PP-OCRv5_rec_mobile.onnx[0m
{"etiqueta": "rapidocr_cuda_A_ro5mob_def", "motor": "rapidocr", "dispositivo": "cuda", "patron": "ppp*__escaneado_d4.png", "imgdir": "D:\\Work\\research\\FileX\\bench\\salidas-ppp-norm\\img", "ref_forzada": null, "carga_frio_s": 112.48, "vram_base_MiB": 1580, "vram_tras_carga_MiB": 1749, "quietud_pct": 34, "flag": "SUCIA(pico 34%)", "testigo_monohilo_ini_ms": 24.49, "testigo_proceso_ini_ms": 31.27, "modelos": {"text_det": "ch_PP-OCRv4_det_mobile.onnx", "text_cls": "ch_PP-OCRv4_det_mobile.onnx", "text_rec": "ch_PP-OCRv4_det_mobile.onnx", "R6": "0", "pedido": {"Det.engine_type": "onnxruntime", "Rec.engine_type": "onnxruntime", "Det.lang_type": "ch", "Rec.lang_type": "ch", "Det.ocr_version": "PP-OCRv5", "Rec.ocr_version": "PP-OCRv5", "Det.model_type": "mobile", "Rec.model_type": "mobile", "Global.model_root_dir": "D:/Work/research/FileX/bench/salidas-ppp-norm/modelos"}, "det_efectivo": {"mean": "?", "std": "?"}}, "reps": 9, "muestreo_vram": false}
ppp0100__escaneado_d4                        CERac= 40.44%  CERascii= 37.58%  lin=0/12  cajas=8  bloques={'titulo': 4.0, 'subtitulo': 11.63, 'cuerpo': 9.62, 'pequeña': 75.59}     471.9 ms  det=si
ppp0125__escaneado_d4                        CERac= 40.94%  CERascii= 38.09%  lin=0/12  cajas=8  bloques={'titulo': 4.0, 'subtitulo': 6.98, 'cuerpo': 10.58, 'pequeña': 76.06}     386.4 ms  det=si
ppp0150__escaneado_d4                        CERac= 41.28%  CERascii= 38.59%  lin=0/12  cajas=8  bloques={'titulo': 4.0, 'subtitulo': 6.98, 'cuerpo': 15.38, 'pequeña': 76.53}     393.9 ms  det=si
ppp0175__escaneado_d4                        CERac= 42.11%  CERascii= 38.93%  lin=0/12  cajas=8  bloques={'titulo': 4.0, 'subtitulo': 11.63, 'cuerpo': 14.74, 'pequeña': 74.65}     529.6 ms  det=si
ppp0200__escaneado_d4                        CERac= 41.78%  CERascii= 38.59%  lin=0/12  cajas=8  bloques={'titulo': 4.0, 'subtitulo': 11.63, 'cuerpo': 14.42, 'pequeña': 74.65}     474.6 ms  det=si
ppp0225__escaneado_d4                        CERac= 42.28%  CERascii= 39.43%  lin=0/12  cajas=8  bloques={'titulo': 4.0, 'subtitulo': 6.98, 'cuerpo': 16.03, 'pequeña': 75.59}     716.4 ms  det=si
ppp0250__escaneado_d4                        CERac= 41.61%  CERascii= 38.59%  lin=0/12  cajas=8  bloques={'titulo': 4.0, 'subtitulo': 11.63, 'cuerpo': 15.38, 'pequeña': 75.12}     632.6 ms  det=si
ppp0255__escaneado_d4                        CERac= 41.44%  CERascii= 38.42%  lin=0/12  cajas=8  bloques={'titulo': 4.0, 'subtitulo': 11.63, 'cuerpo': 14.42, 'pequeña': 75.59}     543.2 ms  det=si
ppp0260__escaneado_d4                        CERac= 41.95%  CERascii= 38.93%  lin=0/12  cajas=8  bloques={'titulo': 4.0, 'subtitulo': 11.63, 'cuerpo': 15.06, 'pequeña': 75.59}     546.0 ms  det=si
ppp0265__escaneado_d4                        CERac= 41.61%  CERascii= 38.42%  lin=0/12  cajas=8  bloques={'titulo': 4.0, 'subtitulo': 6.98, 'cuerpo': 15.38, 'pequeña': 74.65}     520.1 ms  det=si
ppp0270__escaneado_d4                        CERac= 40.94%  CERascii= 38.09%  lin=0/12  cajas=8  bloques={'titulo': 4.0, 'subtitulo': 6.98, 'cuerpo': 10.9, 'pequeña': 75.12}     542.5 ms  det=si
ppp0275__escaneado_d4                        CERac= 41.44%  CERascii= 38.26%  lin=0/12  cajas=8  bloques={'titulo': 4.0, 'subtitulo': 11.63, 'cuerpo': 15.06, 'pequeña': 75.59}     525.3 ms  det=si
ppp0280__escaneado_d4                        CERac= 41.95%  CERascii= 38.76%  lin=0/12  cajas=8  bloques={'titulo': 4.0, 'subtitulo': 6.98, 'cuerpo': 16.35, 'pequeña': 75.59}     526.6 ms  det=si
ppp0300__escaneado_d4                        CERac= 41.61%  CERascii= 38.59%  lin=0/12  cajas=8  bloques={'titulo': 4.0, 'subtitulo': 11.63, 'cuerpo': 14.74, 'pequeña': 75.12}     588.5 ms  det=si
ppp0320__escaneado_d4                        CERac= 41.28%  CERascii= 38.26%  lin=0/12  cajas=8  bloques={'titulo': 4.0, 'subtitulo': 11.63, 'cuerpo': 10.58, 'pequeña': 74.65}     691.3 ms  det=si
ppp0360__escaneado_d4                        CERac= 41.61%  CERascii= 38.59%  lin=0/12  cajas=8  bloques={'titulo': 4.0, 'subtitulo': 11.63, 'cuerpo': 15.06, 'pequeña': 75.59}     700.0 ms  det=si
ppp0400__escaneado_d4                        CERac= 41.61%  CERascii= 38.59%  lin=0/12  cajas=8  bloques={'titulo': 4.0, 'subtitulo': 9.3, 'cuerpo': 15.06, 'pequeña': 75.59}     641.9 ms  det=si
{"evento": "fin", "vram_pico_MiB": 1749, "vram_base_MiB": 1580, "coste_propio_MiB": 169, "pico_util_pct": 0, "testigo_monohilo_ini_ms": 24.49, "testigo_monohilo_fin_ms": 25.38, "deriva_monohilo": 1.04, "testigo_proceso_ini_ms": 31.27, "testigo_proceso_fin_ms": 26.64, "nivel_proceso_vs_reposo": 1.17, "muestreo_vram": false}
