[32m[INFO] 2026-08-21 11:42:28,960 [RapidOCR] base.py:23: Using engine_name: onnxruntime[0m
[32m[INFO] 2026-08-21 11:42:29,418 [RapidOCR] download_file.py:60: File exists and is valid: D:\Work\research\FileX\bench\salidas-ppp-norm\modelos\PP-OCRv6_det_small.onnx[0m
[32m[INFO] 2026-08-21 11:42:29,418 [RapidOCR] main.py:63: Using D:\Work\research\FileX\bench\salidas-ppp-norm\modelos\PP-OCRv6_det_small.onnx[0m
[32m[INFO] 2026-08-21 11:42:29,640 [RapidOCR] base.py:23: Using engine_name: onnxruntime[0m
[32m[INFO] 2026-08-21 11:42:29,703 [RapidOCR] download_file.py:60: File exists and is valid: D:\Work\research\FileX\bench\salidas-ppp-norm\modelos\ch_ppocr_mobile_v2.0_cls_mobile.onnx[0m
[32m[INFO] 2026-08-21 11:42:29,703 [RapidOCR] main.py:63: Using D:\Work\research\FileX\bench\salidas-ppp-norm\modelos\ch_ppocr_mobile_v2.0_cls_mobile.onnx[0m
[32m[INFO] 2026-08-21 11:42:29,760 [RapidOCR] base.py:23: Using engine_name: onnxruntime[0m
[32m[INFO] 2026-08-21 11:42:29,777 [RapidOCR] download_file.py:60: File exists and is valid: D:\Work\research\FileX\bench\salidas-ppp-norm\modelos\PP-OCRv6_rec_small.onnx[0m
[32m[INFO] 2026-08-21 11:42:29,777 [RapidOCR] main.py:63: Using D:\Work\research\FileX\bench\salidas-ppp-norm\modelos\PP-OCRv6_rec_small.onnx[0m
{"etiqueta": "rapidocr_cuda_A_ro6sm_R6", "motor": "rapidocr", "dispositivo": "cuda", "patron": "ppp*__escaneado_d4.png", "imgdir": "D:\\Work\\research\\FileX\\bench\\salidas-ppp-norm\\img", "ref_forzada": null, "carga_frio_s": 3.58, "vram_base_MiB": 1590, "vram_tras_carga_MiB": 1766, "quietud_pct": 38, "flag": "SUCIA(pico 38%)", "testigo_monohilo_ini_ms": 29.48, "testigo_proceso_ini_ms": 25.52, "modelos": {"text_det": "ch_PP-OCRv4_det_mobile.onnx", "text_cls": "ch_PP-OCRv4_det_mobile.onnx", "text_rec": "ch_PP-OCRv4_det_mobile.onnx", "R6": "1", "pedido": {"Det.engine_type": "onnxruntime", "Rec.engine_type": "onnxruntime", "Det.lang_type": "ch", "Rec.lang_type": "ch", "Det.ocr_version": "PP-OCRv6", "Rec.ocr_version": "PP-OCRv6", "Det.model_type": "small", "Rec.model_type": "small", "Global.model_root_dir": "D:/Work/research/FileX/bench/salidas-ppp-norm/modelos", "Det.mean": "[0.485, 0.456, 0.406]", "Det.std": "[0.229, 0.224, 0.225]", "Det.thresh": "0.2", "Det.box_thresh": "0.45", "Det.unclip_ratio": "1.4", "Det.max_candidates": "3000"}, "det_efectivo": {"mean": "?", "std": "?"}}, "reps": 9, "muestreo_vram": false}
ppp0100__escaneado_d4                        CERac= 30.70%  CERascii= 29.87%  lin=4/12  cajas=9  bloques={'titulo': 0.0, 'subtitulo': 0.0, 'cuerpo': 1.28, 'pequeña': 74.18}     486.7 ms  det=si
ppp0125__escaneado_d4                        CERac= 26.68%  CERascii= 25.17%  lin=2/12  cajas=11  bloques={'titulo': 0.0, 'subtitulo': 0.0, 'cuerpo': 23.72, 'pequeña': 59.62}     443.2 ms  det=si
ppp0150__escaneado_d4                        CERac= 18.96%  CERascii= 17.62%  lin=4/12  cajas=11  bloques={'titulo': 0.0, 'subtitulo': 0.0, 'cuerpo': 1.6, 'pequeña': 53.05}     305.1 ms  det=si
ppp0175__escaneado_d4                        CERac= 21.31%  CERascii= 20.30%  lin=4/12  cajas=12  bloques={'titulo': 0.0, 'subtitulo': 0.0, 'cuerpo': 1.92, 'pequeña': 60.56}     643.0 ms  det=si
ppp0200__escaneado_d4                        CERac= 18.62%  CERascii= 17.62%  lin=3/12  cajas=12  bloques={'titulo': 0.0, 'subtitulo': 0.0, 'cuerpo': 2.56, 'pequeña': 54.93}     485.2 ms  det=si
ppp0225__escaneado_d4                        CERac= 23.32%  CERascii= 22.15%  lin=3/12  cajas=11  bloques={'titulo': 0.0, 'subtitulo': 0.0, 'cuerpo': 2.24, 'pequeña': 73.24}     998.6 ms  det=si
ppp0250__escaneado_d4                        CERac= 24.50%  CERascii= 23.49%  lin=4/12  cajas=10  bloques={'titulo': 0.0, 'subtitulo': 0.0, 'cuerpo': 1.28, 'pequeña': 69.48}     899.6 ms  det=si
ppp0255__escaneado_d4                        CERac= 31.38%  CERascii= 30.37%  lin=3/12  cajas=9  bloques={'titulo': 0.0, 'subtitulo': 0.0, 'cuerpo': 2.24, 'pequeña': 72.77}     761.3 ms  det=si
ppp0260__escaneado_d4                        CERac= 25.00%  CERascii= 24.16%  lin=5/12  cajas=10  bloques={'titulo': 0.0, 'subtitulo': 0.0, 'cuerpo': 1.28, 'pequeña': 73.71}     857.5 ms  det=si
ppp0265__escaneado_d4                        CERac= 24.83%  CERascii= 23.83%  lin=5/12  cajas=13  bloques={'titulo': 0.0, 'subtitulo': 0.0, 'cuerpo': 0.96, 'pequeña': 75.12}     786.7 ms  det=si
ppp0270__escaneado_d4                        CERac= 23.15%  CERascii= 21.98%  lin=3/12  cajas=11  bloques={'titulo': 0.0, 'subtitulo': 0.0, 'cuerpo': 2.24, 'pequeña': 70.89}     519.4 ms  det=si
ppp0275__escaneado_d4                        CERac= 25.34%  CERascii= 24.16%  lin=4/12  cajas=13  bloques={'titulo': 0.0, 'subtitulo': 0.0, 'cuerpo': 2.56, 'pequeña': 74.65}     856.6 ms  det=si
ppp0280__escaneado_d4                        CERac= 28.86%  CERascii= 27.68%  lin=2/12  cajas=10  bloques={'titulo': 0.0, 'subtitulo': 0.0, 'cuerpo': 2.24, 'pequeña': 73.24}     626.6 ms  det=si
ppp0300__escaneado_d4                        CERac= 30.20%  CERascii= 29.19%  lin=4/12  cajas=9  bloques={'titulo': 0.0, 'subtitulo': 0.0, 'cuerpo': 1.28, 'pequeña': 73.71}     610.2 ms  det=si
ppp0320__escaneado_d4                        CERac= 23.83%  CERascii= 22.99%  lin=3/12  cajas=12  bloques={'titulo': 0.0, 'subtitulo': 0.0, 'cuerpo': 2.56, 'pequeña': 72.3}     483.6 ms  det=si
ppp0360__escaneado_d4                        CERac= 29.19%  CERascii= 28.52%  lin=5/12  cajas=10  bloques={'titulo': 0.0, 'subtitulo': 0.0, 'cuerpo': 1.28, 'pequeña': 73.24}     915.1 ms  det=si
ppp0400__escaneado_d4                        CERac= 25.34%  CERascii= 24.50%  lin=3/12  cajas=10  bloques={'titulo': 0.0, 'subtitulo': 0.0, 'cuerpo': 1.92, 'pequeña': 72.3}    1334.3 ms  det=si
{"evento": "fin", "vram_pico_MiB": 1766, "vram_base_MiB": 1590, "coste_propio_MiB": 176, "pico_util_pct": 0, "testigo_monohilo_ini_ms": 29.48, "testigo_monohilo_fin_ms": 32.69, "deriva_monohilo": 1.11, "testigo_proceso_ini_ms": 25.52, "testigo_proceso_fin_ms": 40.94, "nivel_proceso_vs_reposo": 1.54, "muestreo_vram": false}
