INFORMACIàN: no se pudo encontrar ning£n archivo para los patrones dados.
D:\Work\research\FileX\.venv-paddle\Lib\site-packages\paddle\utils\cpp_extension\extension_utils.py:718: UserWarning: No ccache found. Please be aware that recompiling all source files may be required. You can download and install ccache from: https://github.com/ccache/ccache/blob/master/doc/INSTALL.md
  warnings.warn(warning_message)
[32mCreating model: ('PP-LCNet_x1_0_textline_ori', None, None)[0m
[32mModel files already exist. Using cached files. To redownload, please delete the directory manually: `C:\Users\krato\.paddlex\official_models\PP-LCNet_x1_0_textline_ori`.[0m
WARNING: Logging before InitGoogleLogging() is written to STDERR
W0821 12:00:55.236459 33156 gpu_resources.cc:114] Please NOTE: device: 0, GPU Compute Capability: 8.6, Driver API Version: 12.8, Runtime API Version: 12.6
[32mCreating model: ('PP-OCRv6_medium_det', None, None)[0m
[32mModel files already exist. Using cached files. To redownload, please delete the directory manually: `C:\Users\krato\.paddlex\official_models\PP-OCRv6_medium_det`.[0m
[32mCreating model: ('PP-OCRv6_medium_rec', None, None)[0m
[32mModel files already exist. Using cached files. To redownload, please delete the directory manually: `C:\Users\krato\.paddlex\official_models\PP-OCRv6_medium_rec`.[0m
{"etiqueta": "paddleocr_cuda_B_pd6med", "motor": "paddleocr", "dispositivo": "cuda", "patron": "*.png", "imgdir": "D:/Work/research/FileX/bench/salidas-ppp-norm/img_docs", "ref_forzada": null, "carga_frio_s": 12.63, "vram_base_MiB": 7802, "vram_tras_carga_MiB": 8840, "quietud_pct": 100, "flag": "SUCIA(pico 100%)", "testigo_monohilo_ini_ms": 37.41, "testigo_proceso_ini_ms": 36.21, "modelos": {"paddle": "3.2.0", "kwargs": {"device": "gpu:0", "use_doc_orientation_classify": "False", "use_doc_unwarping": "False", "use_textline_orientation": "True"}, "params": {"doc_orientation_classify_model_name": "None", "doc_unwarping_model_name": "None", "text_detection_model_name": "PP-OCRv6_medium_det", "textline_orientation_model_name": "None", "text_recognition_model_name": "PP-OCRv6_medium_rec"}}, "reps": 9, "muestreo_vram": false}
W0821 12:00:59.741405 33156 gpu_resources.cc:243] WARNING: device: 0. The installed Paddle is compiled with CUDNN 9.9, but CUDNN version in your machine is 9.5, which may cause serious incompatible bug. Please recompile or reinstall Paddle with compatible CUDNN version.
ppp0075__escaneado_d3                        CERac= 11.39%  CERascii= 11.39%  lin=1/3  cajas=3  bloques={'cuerpo': 11.39}     146.6 ms  det=si
ppp0100__escaneado_d3                        CERac=  2.53%  CERascii=  2.53%  lin=2/3  cajas=3  bloques={'cuerpo': 2.53}     194.5 ms  det=si
ppp0100__escaneado_d4f                       CERac=  0.84%  CERascii=  0.34%  lin=9/12  cajas=12  bloques={'titulo': 0.0, 'subtitulo': 0.0, 'cuerpo': 0.0, 'pequeña': 4.69}     501.0 ms  det=si
ppp0125__escaneado_d3                        CERac=  5.06%  CERascii=  5.06%  lin=2/3  cajas=3  bloques={'cuerpo': 5.06}     252.7 ms  det=si
ppp0140__escaneado_d3                        CERac=  3.80%  CERascii=  3.80%  lin=2/3  cajas=3  bloques={'cuerpo': 3.8}     528.2 ms  det=si
ppp0150__escaneado_d4c                       CERac=  1.34%  CERascii=  0.50%  lin=7/12  cajas=12  bloques={'titulo': 0.0, 'subtitulo': 0.0, 'cuerpo': 0.32, 'pequeña': 6.1}    1069.5 ms  det=si
ppp0150__escaneado_d4f                       CERac=  0.84%  CERascii=  0.00%  lin=9/12  cajas=12  bloques={'titulo': 0.0, 'subtitulo': 0.0, 'cuerpo': 0.0, 'pequeña': 5.16}     850.7 ms  det=si
ppp0160__escaneado_d3                        CERac= 75.95%  CERascii= 75.95%  lin=1/3  cajas=1  bloques={'cuerpo': 75.95}     165.7 ms  det=si
ppp0200__escaneado_d3                        CERac= 75.95%  CERascii= 75.95%  lin=1/3  cajas=1  bloques={'cuerpo': 75.95}     243.7 ms  det=si
ppp0200__escaneado_d4c                       CERac=  0.67%  CERascii=  0.00%  lin=9/12  cajas=12  bloques={'titulo': 0.0, 'subtitulo': 0.0, 'cuerpo': 0.0, 'pequeña': 4.69}     465.9 ms  det=si
ppp0200__escaneado_d4f                       CERac=  0.67%  CERascii=  0.00%  lin=9/12  cajas=12  bloques={'titulo': 0.0, 'subtitulo': 0.0, 'cuerpo': 0.0, 'pequeña': 4.69}     415.3 ms  det=si
ppp0240__escaneado_d4f                       CERac=  0.67%  CERascii=  0.00%  lin=9/12  cajas=12  bloques={'titulo': 0.0, 'subtitulo': 0.0, 'cuerpo': 0.0, 'pequeña': 4.69}     550.5 ms  det=si
ppp0250__escaneado_d4c                       CERac=  0.84%  CERascii=  0.00%  lin=7/12  cajas=12  bloques={'titulo': 0.0, 'subtitulo': 0.0, 'cuerpo': 0.64, 'pequeña': 4.23}     599.3 ms  det=si
ppp0280__escaneado_d3                        CERac= 75.95%  CERascii= 75.95%  lin=1/3  cajas=1  bloques={'cuerpo': 75.95}     414.0 ms  det=si
ppp0280__escaneado_d4c                       CERac=  1.17%  CERascii=  0.00%  lin=8/12  cajas=12  bloques={'titulo': 0.0, 'subtitulo': 0.0, 'cuerpo': 0.32, 'pequeña': 5.63}     613.6 ms  det=si
ppp0280__escaneado_d4f                       CERac=  0.67%  CERascii=  0.00%  lin=9/12  cajas=12  bloques={'titulo': 0.0, 'subtitulo': 0.0, 'cuerpo': 0.0, 'pequeña': 4.69}     682.7 ms  det=si
ppp0320__escaneado_d4c                       CERac=  1.01%  CERascii=  0.00%  lin=8/12  cajas=12  bloques={'titulo': 0.0, 'subtitulo': 0.0, 'cuerpo': 0.32, 'pequeña': 5.16}     945.1 ms  det=si
ppp0336__escaneado_d4f                       CERac=  0.84%  CERascii=  0.00%  lin=8/12  cajas=12  bloques={'titulo': 0.0, 'subtitulo': 0.0, 'cuerpo': 0.32, 'pequeña': 4.69}     906.0 ms  det=si
ppp0400__escaneado_d4f                       CERac=  0.50%  CERascii=  0.00%  lin=10/12  cajas=12  bloques={'titulo': 0.0, 'subtitulo': 0.0, 'cuerpo': 0.0, 'pequeña': 4.23}    7456.8 ms  det=si
{"evento": "fin", "vram_pico_MiB": 8840, "vram_base_MiB": 7802, "coste_propio_MiB": 1038, "pico_util_pct": 0, "testigo_monohilo_ini_ms": 37.41, "testigo_monohilo_fin_ms": 61.71, "deriva_monohilo": 1.65, "testigo_proceso_ini_ms": 36.21, "testigo_proceso_fin_ms": 178.61, "nivel_proceso_vs_reposo": 6.7, "muestreo_vram": false}
