[32m[INFO] 2026-08-21 12:08:05,856 [RapidOCR] base.py:23: Using engine_name: onnxruntime[0m
[32m[INFO] 2026-08-21 12:08:08,238 [RapidOCR] download_file.py:60: File exists and is valid: D:\Work\research\FileX\bench\salidas-ppp-norm\modelos\PP-OCRv6_det_small.onnx[0m
[32m[INFO] 2026-08-21 12:08:08,238 [RapidOCR] main.py:63: Using D:\Work\research\FileX\bench\salidas-ppp-norm\modelos\PP-OCRv6_det_small.onnx[0m
[32m[INFO] 2026-08-21 12:08:09,314 [RapidOCR] base.py:23: Using engine_name: onnxruntime[0m
[32m[INFO] 2026-08-21 12:08:09,318 [RapidOCR] download_file.py:60: File exists and is valid: D:\Work\research\FileX\bench\salidas-ppp-norm\modelos\ch_ppocr_mobile_v2.0_cls_mobile.onnx[0m
[32m[INFO] 2026-08-21 12:08:09,319 [RapidOCR] main.py:63: Using D:\Work\research\FileX\bench\salidas-ppp-norm\modelos\ch_ppocr_mobile_v2.0_cls_mobile.onnx[0m
[32m[INFO] 2026-08-21 12:08:09,389 [RapidOCR] base.py:23: Using engine_name: onnxruntime[0m
[32m[INFO] 2026-08-21 12:08:09,511 [RapidOCR] download_file.py:60: File exists and is valid: D:\Work\research\FileX\bench\salidas-ppp-norm\modelos\PP-OCRv6_rec_small.onnx[0m
[32m[INFO] 2026-08-21 12:08:09,512 [RapidOCR] main.py:63: Using D:\Work\research\FileX\bench\salidas-ppp-norm\modelos\PP-OCRv6_rec_small.onnx[0m
{"etiqueta": "rapidocr_cuda_B_ro6sm_R6", "motor": "rapidocr", "dispositivo": "cuda", "patron": "*.png", "imgdir": "D:/Work/research/FileX/bench/salidas-ppp-norm/img_docs", "ref_forzada": null, "carga_frio_s": 88.59, "vram_base_MiB": 1664, "vram_tras_carga_MiB": 1794, "quietud_pct": 40, "flag": "SUCIA(pico 40%)", "testigo_monohilo_ini_ms": 44.45, "testigo_proceso_ini_ms": 85.57, "modelos": {"text_det": "ch_PP-OCRv4_det_mobile.onnx", "text_cls": "ch_PP-OCRv4_det_mobile.onnx", "text_rec": "ch_PP-OCRv4_det_mobile.onnx", "R6": "1", "pedido": {"Det.engine_type": "onnxruntime", "Rec.engine_type": "onnxruntime", "Det.lang_type": "ch", "Rec.lang_type": "ch", "Det.ocr_version": "PP-OCRv6", "Rec.ocr_version": "PP-OCRv6", "Det.model_type": "small", "Rec.model_type": "small", "Global.model_root_dir": "D:/Work/research/FileX/bench/salidas-ppp-norm/modelos", "Det.mean": "[0.485, 0.456, 0.406]", "Det.std": "[0.229, 0.224, 0.225]", "Det.thresh": "0.2", "Det.box_thresh": "0.45", "Det.unclip_ratio": "1.4", "Det.max_candidates": "3000"}, "det_efectivo": {"mean": "[0.485, 0.456, 0.406]", "std": "[0.229, 0.224, 0.225]", "limit_side_len": 736, "limit_type": "min", "thresh": 0.2, "box_thresh": 0.45, "unclip_ratio": 1.4, "max_candidates": 3000}}, "reps": 9, "muestreo_vram": false}
ppp0075__escaneado_d3                        CERac= 22.78%  CERascii= 22.78%  lin=1/3  cajas=3  bloques={'cuerpo': 22.78}      97.2 ms  det=si
ppp0100__escaneado_d3                        CERac=  3.80%  CERascii=  3.80%  lin=2/3  cajas=3  bloques={'cuerpo': 3.8}      87.1 ms  det=si
ppp0100__escaneado_d4f                       CERac= 17.79%  CERascii= 17.28%  lin=8/12  cajas=11  bloques={'titulo': 0.0, 'subtitulo': 0.0, 'cuerpo': 0.32, 'pequeña': 41.31}     307.7 ms  det=si
ppp0125__escaneado_d3                        CERac=  2.53%  CERascii=  2.53%  lin=2/3  cajas=3  bloques={'cuerpo': 2.53}     116.8 ms  det=si
ppp0140__escaneado_d3                        CERac= 46.84%  CERascii= 46.84%  lin=1/3  cajas=3  bloques={'cuerpo': 46.84}     132.6 ms  det=si
ppp0150__escaneado_d4c                       CERac=  0.84%  CERascii=  0.17%  lin=8/12  cajas=12  bloques={'titulo': 0.0, 'subtitulo': 0.0, 'cuerpo': 0.32, 'pequeña': 5.16}     331.7 ms  det=si
ppp0150__escaneado_d4f                       CERac=  1.01%  CERascii=  0.34%  lin=9/12  cajas=12  bloques={'titulo': 0.0, 'subtitulo': 0.0, 'cuerpo': 0.32, 'pequeña': 5.63}     315.6 ms  det=si
ppp0160__escaneado_d3                        CERac= 75.95%  CERascii= 75.95%  lin=1/3  cajas=1  bloques={'cuerpo': 75.95}     160.4 ms  det=si
ppp0200__escaneado_d3                        CERac= 53.16%  CERascii= 53.16%  lin=1/3  cajas=2  bloques={'cuerpo': 53.16}     252.3 ms  det=si
ppp0200__escaneado_d4c                       CERac=  1.17%  CERascii=  0.34%  lin=9/12  cajas=12  bloques={'titulo': 0.0, 'subtitulo': 0.0, 'cuerpo': 0.0, 'pequeña': 6.1}     469.2 ms  det=si
ppp0200__escaneado_d4f                       CERac= 16.28%  CERascii= 15.94%  lin=9/12  cajas=11  bloques={'titulo': 0.0, 'subtitulo': 0.0, 'cuerpo': 0.0, 'pequeña': 41.31}     960.4 ms  det=si
ppp0240__escaneado_d4f                       CERac=  7.05%  CERascii=  6.88%  lin=10/12  cajas=12  bloques={'titulo': 0.0, 'subtitulo': 0.0, 'cuerpo': 0.0, 'pequeña': 38.97}    1005.6 ms  det=si
ppp0250__escaneado_d4c                       CERac=  1.01%  CERascii=  0.34%  lin=9/12  cajas=12  bloques={'titulo': 0.0, 'subtitulo': 0.0, 'cuerpo': 0.0, 'pequeña': 5.63}    2603.5 ms  det=si
ppp0280__escaneado_d3                        CERac= 44.30%  CERascii= 44.30%  lin=1/3  cajas=2  bloques={'cuerpo': 44.3}     763.6 ms  det=si
ppp0280__escaneado_d4c                       CERac=  9.56%  CERascii=  9.06%  lin=8/12  cajas=11  bloques={'titulo': 0.0, 'subtitulo': 0.0, 'cuerpo': 0.32, 'pequeña': 41.31}    1112.3 ms  det=si
ppp0280__escaneado_d4f                       CERac=  7.72%  CERascii=  7.05%  lin=9/12  cajas=12  bloques={'titulo': 0.0, 'subtitulo': 0.0, 'cuerpo': 0.0, 'pequeña': 24.88}    1077.8 ms  det=si
ppp0320__escaneado_d4c                       CERac=  9.23%  CERascii=  8.89%  lin=9/12  cajas=11  bloques={'titulo': 0.0, 'subtitulo': 0.0, 'cuerpo': 0.0, 'pequeña': 40.85}     493.1 ms  det=si
ppp0336__escaneado_d4f                       CERac= 16.11%  CERascii= 15.77%  lin=9/12  cajas=11  bloques={'titulo': 0.0, 'subtitulo': 0.0, 'cuerpo': 0.0, 'pequeña': 41.31}     486.0 ms  det=si
ppp0400__escaneado_d4f                       CERac=  0.50%  CERascii=  0.00%  lin=10/12  cajas=12  bloques={'titulo': 0.0, 'subtitulo': 0.0, 'cuerpo': 0.0, 'pequeña': 4.23}     537.6 ms  det=si
{"evento": "fin", "vram_pico_MiB": 1794, "vram_base_MiB": 1664, "coste_propio_MiB": 130, "pico_util_pct": 0, "testigo_monohilo_ini_ms": 44.45, "testigo_monohilo_fin_ms": 24.94, "deriva_monohilo": 0.56, "testigo_proceso_ini_ms": 85.57, "testigo_proceso_fin_ms": 48.81, "nivel_proceso_vs_reposo": 3.21, "muestreo_vram": false}
