[32m[INFO] 2026-08-21 12:12:02,840 [RapidOCR] base.py:23: Using engine_name: onnxruntime[0m
[32m[INFO] 2026-08-21 12:12:03,343 [RapidOCR] download_file.py:60: File exists and is valid: D:\Work\research\FileX\bench\salidas-ppp-norm\modelos\ch_PP-OCRv5_det_mobile.onnx[0m
[32m[INFO] 2026-08-21 12:12:03,343 [RapidOCR] main.py:63: Using D:\Work\research\FileX\bench\salidas-ppp-norm\modelos\ch_PP-OCRv5_det_mobile.onnx[0m
[32m[INFO] 2026-08-21 12:12:03,638 [RapidOCR] base.py:23: Using engine_name: onnxruntime[0m
[32m[INFO] 2026-08-21 12:12:03,639 [RapidOCR] download_file.py:60: File exists and is valid: D:\Work\research\FileX\bench\salidas-ppp-norm\modelos\ch_ppocr_mobile_v2.0_cls_mobile.onnx[0m
[32m[INFO] 2026-08-21 12:12:03,639 [RapidOCR] main.py:63: Using D:\Work\research\FileX\bench\salidas-ppp-norm\modelos\ch_ppocr_mobile_v2.0_cls_mobile.onnx[0m
[32m[INFO] 2026-08-21 12:12:03,697 [RapidOCR] base.py:23: Using engine_name: onnxruntime[0m
[32m[INFO] 2026-08-21 12:12:03,747 [RapidOCR] download_file.py:60: File exists and is valid: D:\Work\research\FileX\bench\salidas-ppp-norm\modelos\ch_PP-OCRv5_rec_mobile.onnx[0m
[32m[INFO] 2026-08-21 12:12:03,747 [RapidOCR] main.py:63: Using D:\Work\research\FileX\bench\salidas-ppp-norm\modelos\ch_PP-OCRv5_rec_mobile.onnx[0m
{"etiqueta": "rapidocr_cuda_B_ro5mob_def", "motor": "rapidocr", "dispositivo": "cuda", "patron": "*.png", "imgdir": "D:/Work/research/FileX/bench/salidas-ppp-norm/img_docs", "ref_forzada": null, "carga_frio_s": 4.18, "vram_base_MiB": 1368, "vram_tras_carga_MiB": 1538, "quietud_pct": 37, "flag": "SUCIA(pico 37%)", "testigo_monohilo_ini_ms": 26.4, "testigo_proceso_ini_ms": 26.14, "modelos": {"text_det": "ch_PP-OCRv4_det_mobile.onnx", "text_cls": "ch_PP-OCRv4_det_mobile.onnx", "text_rec": "ch_PP-OCRv4_det_mobile.onnx", "R6": "0", "pedido": {"Det.engine_type": "onnxruntime", "Rec.engine_type": "onnxruntime", "Det.lang_type": "ch", "Rec.lang_type": "ch", "Det.ocr_version": "PP-OCRv5", "Rec.ocr_version": "PP-OCRv5", "Det.model_type": "mobile", "Rec.model_type": "mobile", "Global.model_root_dir": "D:/Work/research/FileX/bench/salidas-ppp-norm/modelos"}, "det_efectivo": {"mean": "[0.5, 0.5, 0.5]", "std": "[0.5, 0.5, 0.5]", "limit_side_len": 736, "limit_type": "min", "thresh": 0.3, "box_thresh": 0.5, "unclip_ratio": 1.6, "max_candidates": 1000}}, "reps": 9, "muestreo_vram": false}
ppp0075__escaneado_d3                        CERac= 75.95%  CERascii= 75.95%  lin=1/3  cajas=1  bloques={'cuerpo': 75.95}      82.3 ms  det=si
ppp0100__escaneado_d3                        CERac= 77.22%  CERascii= 77.22%  lin=0/3  cajas=1  bloques={'cuerpo': 77.22}      76.6 ms  det=si
ppp0100__escaneado_d4f                       CERac= 20.30%  CERascii= 17.62%  lin=1/12  cajas=11  bloques={'titulo': 4.0, 'subtitulo': 0.0, 'cuerpo': 4.17, 'pequeña': 61.03}     210.2 ms  det=si
ppp0125__escaneado_d3                        CERac= 75.95%  CERascii= 75.95%  lin=1/3  cajas=1  bloques={'cuerpo': 75.95}      99.7 ms  det=si
ppp0140__escaneado_d3                        CERac= 74.68%  CERascii= 74.68%  lin=0/3  cajas=2  bloques={'cuerpo': 74.68}     118.5 ms  det=si
ppp0150__escaneado_d4c                       CERac= 11.58%  CERascii=  8.05%  lin=0/12  cajas=12  bloques={'titulo': 4.0, 'subtitulo': 2.33, 'cuerpo': 3.85, 'pequeña': 45.54}     285.8 ms  det=si
ppp0150__escaneado_d4f                       CERac=  8.39%  CERascii=  4.87%  lin=0/12  cajas=12  bloques={'titulo': 4.0, 'subtitulo': 2.33, 'cuerpo': 3.53, 'pequeña': 28.64}     521.8 ms  det=si
ppp0160__escaneado_d3                        CERac= 75.95%  CERascii= 75.95%  lin=1/3  cajas=1  bloques={'cuerpo': 75.95}     248.9 ms  det=si
ppp0200__escaneado_d3                        CERac= 65.82%  CERascii= 65.82%  lin=0/3  cajas=3  bloques={'cuerpo': 65.82}     383.4 ms  det=si
ppp0200__escaneado_d4c                       CERac= 15.60%  CERascii= 11.91%  lin=0/12  cajas=11  bloques={'titulo': 4.0, 'subtitulo': 2.33, 'cuerpo': 4.17, 'pequeña': 51.17}     632.9 ms  det=si
ppp0200__escaneado_d4f                       CERac= 16.44%  CERascii= 13.42%  lin=0/12  cajas=11  bloques={'titulo': 4.0, 'subtitulo': 2.33, 'cuerpo': 4.17, 'pequeña': 53.05}     600.6 ms  det=si
ppp0240__escaneado_d4f                       CERac=  6.04%  CERascii=  2.18%  lin=0/12  cajas=12  bloques={'titulo': 4.0, 'subtitulo': 2.33, 'cuerpo': 2.88, 'pequeña': 15.49}     415.3 ms  det=si
ppp0250__escaneado_d4c                       CERac=  7.72%  CERascii=  3.02%  lin=0/12  cajas=12  bloques={'titulo': 4.0, 'subtitulo': 4.65, 'cuerpo': 4.81, 'pequeña': 18.31}     393.8 ms  det=si
ppp0280__escaneado_d3                        CERac= 63.29%  CERascii= 63.29%  lin=1/3  cajas=2  bloques={'cuerpo': 63.29}     264.1 ms  det=si
ppp0280__escaneado_d4c                       CERac=  8.56%  CERascii=  4.19%  lin=1/12  cajas=12  bloques={'titulo': 0.0, 'subtitulo': 4.65, 'cuerpo': 4.81, 'pequeña': 23.0}     411.8 ms  det=si
ppp0280__escaneado_d4f                       CERac= 18.96%  CERascii= 15.44%  lin=0/12  cajas=11  bloques={'titulo': 4.0, 'subtitulo': 2.33, 'cuerpo': 4.81, 'pequeña': 50.23}     425.6 ms  det=si
ppp0320__escaneado_d4c                       CERac=  7.21%  CERascii=  2.35%  lin=0/12  cajas=12  bloques={'titulo': 4.0, 'subtitulo': 4.65, 'cuerpo': 4.49, 'pequeña': 17.84}     427.0 ms  det=si
ppp0336__escaneado_d4f                       CERac=  7.55%  CERascii=  3.69%  lin=0/12  cajas=12  bloques={'titulo': 4.0, 'subtitulo': 2.33, 'cuerpo': 3.53, 'pequeña': 22.54}     394.5 ms  det=si
ppp0400__escaneado_d4f                       CERac= 13.09%  CERascii=  9.40%  lin=0/12  cajas=12  bloques={'titulo': 4.0, 'subtitulo': 2.33, 'cuerpo': 3.85, 'pequeña': 49.3}     420.8 ms  det=si
{"evento": "fin", "vram_pico_MiB": 1538, "vram_base_MiB": 1368, "coste_propio_MiB": 170, "pico_util_pct": 0, "testigo_monohilo_ini_ms": 26.4, "testigo_monohilo_fin_ms": 21.96, "deriva_monohilo": 0.83, "testigo_proceso_ini_ms": 26.14, "testigo_proceso_fin_ms": 27.76, "nivel_proceso_vs_reposo": 1.04, "muestreo_vram": false}
