[32m[INFO] 2026-08-21 12:16:56,338 [RapidOCR] base.py:23: Using engine_name: onnxruntime[0m
[32m[INFO] 2026-08-21 12:16:57,112 [RapidOCR] download_file.py:60: File exists and is valid: D:\Work\research\FileX\bench\salidas-ppp-norm\modelos\PP-OCRv6_det_small.onnx[0m
[32m[INFO] 2026-08-21 12:16:57,112 [RapidOCR] main.py:63: Using D:\Work\research\FileX\bench\salidas-ppp-norm\modelos\PP-OCRv6_det_small.onnx[0m
[32m[INFO] 2026-08-21 12:16:57,438 [RapidOCR] base.py:23: Using engine_name: onnxruntime[0m
[32m[INFO] 2026-08-21 12:16:57,440 [RapidOCR] download_file.py:60: File exists and is valid: D:\Work\research\FileX\bench\salidas-ppp-norm\modelos\ch_ppocr_mobile_v2.0_cls_mobile.onnx[0m
[32m[INFO] 2026-08-21 12:16:57,440 [RapidOCR] main.py:63: Using D:\Work\research\FileX\bench\salidas-ppp-norm\modelos\ch_ppocr_mobile_v2.0_cls_mobile.onnx[0m
[32m[INFO] 2026-08-21 12:16:57,541 [RapidOCR] base.py:23: Using engine_name: onnxruntime[0m
[32m[INFO] 2026-08-21 12:16:57,677 [RapidOCR] download_file.py:60: File exists and is valid: D:\Work\research\FileX\bench\salidas-ppp-norm\modelos\PP-OCRv6_rec_small.onnx[0m
[32m[INFO] 2026-08-21 12:16:57,678 [RapidOCR] main.py:63: Using D:\Work\research\FileX\bench\salidas-ppp-norm\modelos\PP-OCRv6_rec_small.onnx[0m
{"etiqueta": "rapidocr_cuda_C_ro6sm_R6", "motor": "rapidocr", "dispositivo": "cuda", "patron": "*.png", "imgdir": "D:/Work/research/FileX/bench/salidas-ppp-norm/img_pg", "ref_forzada": "d4", "carga_frio_s": 8.1, "vram_base_MiB": 1389, "vram_tras_carga_MiB": 1573, "quietud_pct": 27, "flag": "SUCIA(pico 27%)", "testigo_monohilo_ini_ms": 37.14, "testigo_proceso_ini_ms": 40.8, "modelos": {"text_det": "ch_PP-OCRv4_det_mobile.onnx", "text_cls": "ch_PP-OCRv4_det_mobile.onnx", "text_rec": "ch_PP-OCRv4_det_mobile.onnx", "R6": "1", "pedido": {"Det.engine_type": "onnxruntime", "Rec.engine_type": "onnxruntime", "Det.lang_type": "ch", "Rec.lang_type": "ch", "Det.ocr_version": "PP-OCRv6", "Rec.ocr_version": "PP-OCRv6", "Det.model_type": "small", "Rec.model_type": "small", "Global.model_root_dir": "D:/Work/research/FileX/bench/salidas-ppp-norm/modelos", "Det.mean": "[0.485, 0.456, 0.406]", "Det.std": "[0.229, 0.224, 0.225]", "Det.thresh": "0.2", "Det.box_thresh": "0.45", "Det.unclip_ratio": "1.4", "Det.max_candidates": "3000"}, "det_efectivo": {"mean": "[0.485, 0.456, 0.406]", "std": "[0.229, 0.224, 0.225]", "limit_side_len": 736, "limit_type": "min", "thresh": 0.2, "box_thresh": 0.45, "unclip_ratio": 1.4, "max_candidates": 3000}}, "reps": 9, "muestreo_vram": false}
ppp0050__d4_pg100                            CERac= 30.70%  CERascii= 29.87%  lin=4/12  cajas=9  bloques={'titulo': 0.0, 'subtitulo': 0.0, 'cuerpo': 1.28, 'pequeña': 74.18}     771.5 ms  det=si
ppp0100__d4_pg100                            CERac= 18.62%  CERascii= 17.62%  lin=3/12  cajas=12  bloques={'titulo': 0.0, 'subtitulo': 0.0, 'cuerpo': 2.56, 'pequeña': 54.93}     689.9 ms  det=si
ppp0100__d4_pg200                            CERac= 30.70%  CERascii= 29.87%  lin=4/12  cajas=9  bloques={'titulo': 0.0, 'subtitulo': 0.0, 'cuerpo': 1.28, 'pequeña': 74.18}     410.8 ms  det=si
ppp0140__d4_pg100                            CERac= 31.21%  CERascii= 30.03%  lin=2/12  cajas=9  bloques={'titulo': 0.0, 'subtitulo': 0.0, 'cuerpo': 2.24, 'pequeña': 73.24}     604.8 ms  det=si
ppp0200__d4_pg100                            CERac= 25.34%  CERascii= 24.50%  lin=3/12  cajas=10  bloques={'titulo': 0.0, 'subtitulo': 0.0, 'cuerpo': 1.92, 'pequeña': 72.3}     592.5 ms  det=si
ppp0200__d4_pg200                            CERac= 18.62%  CERascii= 17.62%  lin=3/12  cajas=12  bloques={'titulo': 0.0, 'subtitulo': 0.0, 'cuerpo': 2.56, 'pequeña': 54.93}     365.8 ms  det=si
ppp0200__d4_pg400                            CERac= 30.70%  CERascii= 29.87%  lin=4/12  cajas=9  bloques={'titulo': 0.0, 'subtitulo': 0.0, 'cuerpo': 1.28, 'pequeña': 74.18}     358.7 ms  det=si
ppp0280__d4_pg200                            CERac= 31.21%  CERascii= 30.03%  lin=2/12  cajas=9  bloques={'titulo': 0.0, 'subtitulo': 0.0, 'cuerpo': 2.24, 'pequeña': 73.24}     537.3 ms  det=si
ppp0400__d4_pg200                            CERac= 25.34%  CERascii= 24.50%  lin=3/12  cajas=10  bloques={'titulo': 0.0, 'subtitulo': 0.0, 'cuerpo': 1.92, 'pequeña': 72.3}     581.8 ms  det=si
ppp0400__d4_pg400                            CERac= 18.62%  CERascii= 17.62%  lin=3/12  cajas=12  bloques={'titulo': 0.0, 'subtitulo': 0.0, 'cuerpo': 2.56, 'pequeña': 54.93}     345.5 ms  det=si
ppp0560__d4_pg400                            CERac= 31.21%  CERascii= 30.03%  lin=2/12  cajas=9  bloques={'titulo': 0.0, 'subtitulo': 0.0, 'cuerpo': 2.24, 'pequeña': 73.24}     568.6 ms  det=si
ppp0800__d4_pg400                            CERac= 25.34%  CERascii= 24.50%  lin=3/12  cajas=10  bloques={'titulo': 0.0, 'subtitulo': 0.0, 'cuerpo': 1.92, 'pequeña': 72.3}     617.7 ms  det=si
{"evento": "fin", "vram_pico_MiB": 1573, "vram_base_MiB": 1389, "coste_propio_MiB": 184, "pico_util_pct": 0, "testigo_monohilo_ini_ms": 37.14, "testigo_monohilo_fin_ms": 28.29, "deriva_monohilo": 0.76, "testigo_proceso_ini_ms": 40.8, "testigo_proceso_fin_ms": 30.82, "nivel_proceso_vs_reposo": 1.53, "muestreo_vram": false}
