[32m[INFO] 2026-08-21 12:34:18,807 [RapidOCR] base.py:23: Using engine_name: onnxruntime[0m
[32m[INFO] 2026-08-21 12:34:19,264 [RapidOCR] download_file.py:60: File exists and is valid: D:\Work\research\FileX\bench\salidas-ppp-norm\modelos\ch_PP-OCRv5_det_mobile.onnx[0m
[32m[INFO] 2026-08-21 12:34:19,265 [RapidOCR] main.py:63: Using D:\Work\research\FileX\bench\salidas-ppp-norm\modelos\ch_PP-OCRv5_det_mobile.onnx[0m
[32m[INFO] 2026-08-21 12:34:19,539 [RapidOCR] base.py:23: Using engine_name: onnxruntime[0m
[32m[INFO] 2026-08-21 12:34:19,541 [RapidOCR] download_file.py:60: File exists and is valid: D:\Work\research\FileX\bench\salidas-ppp-norm\modelos\ch_ppocr_mobile_v2.0_cls_mobile.onnx[0m
[32m[INFO] 2026-08-21 12:34:19,541 [RapidOCR] main.py:63: Using D:\Work\research\FileX\bench\salidas-ppp-norm\modelos\ch_ppocr_mobile_v2.0_cls_mobile.onnx[0m
[32m[INFO] 2026-08-21 12:34:19,597 [RapidOCR] base.py:23: Using engine_name: onnxruntime[0m
[32m[INFO] 2026-08-21 12:34:19,611 [RapidOCR] download_file.py:60: File exists and is valid: D:\Work\research\FileX\bench\salidas-ppp-norm\modelos\ch_PP-OCRv5_rec_mobile.onnx[0m
[32m[INFO] 2026-08-21 12:34:19,611 [RapidOCR] main.py:63: Using D:\Work\research\FileX\bench\salidas-ppp-norm\modelos\ch_PP-OCRv5_rec_mobile.onnx[0m
{"etiqueta": "rapidocr_cuda_D_ro5mob_R6", "motor": "rapidocr", "dispositivo": "cuda", "patron": "*.png", "imgdir": "D:/Work/research/FileX/bench/salidas-ppp-norm/img_b10", "ref_forzada": null, "carga_frio_s": 4.41, "vram_base_MiB": 1439, "vram_tras_carga_MiB": 1614, "quietud_pct": 38, "flag": "SUCIA(pico 38%)", "testigo_monohilo_ini_ms": 21.75, "testigo_proceso_ini_ms": 24.33, "modelos": {"text_det": "ch_PP-OCRv4_det_mobile.onnx", "text_cls": "ch_PP-OCRv4_det_mobile.onnx", "text_rec": "ch_PP-OCRv4_det_mobile.onnx", "R6": "1", "pedido": {"Det.engine_type": "onnxruntime", "Rec.engine_type": "onnxruntime", "Det.lang_type": "ch", "Rec.lang_type": "ch", "Det.ocr_version": "PP-OCRv5", "Rec.ocr_version": "PP-OCRv5", "Det.model_type": "mobile", "Rec.model_type": "mobile", "Global.model_root_dir": "D:/Work/research/FileX/bench/salidas-ppp-norm/modelos", "Det.mean": "[0.485, 0.456, 0.406]", "Det.std": "[0.229, 0.224, 0.225]", "Det.thresh": "0.2", "Det.box_thresh": "0.45", "Det.unclip_ratio": "1.4", "Det.max_candidates": "3000"}, "det_efectivo": {"mean": "[0.485, 0.456, 0.406]", "std": "[0.229, 0.224, 0.225]", "limit_side_len": 736, "limit_type": "min", "thresh": 0.2, "box_thresh": 0.45, "unclip_ratio": 1.4, "max_candidates": 3000}}, "reps": 9, "muestreo_vram": false}
oro__patologico_escaneado_p1                 CERac=  1.27%  CERascii=  1.27%  lin=2/3  cajas=3  bloques={'cuerpo': 1.27}     134.6 ms  det=si
oro__tipico_texto_p1                         CERac=  0.83%  CERascii=  0.00%  lin=3/4  cajas=6  bloques={'cuerpo': 0.83}     237.5 ms  det=si
oro__tipico_texto_p1jpg                      CERac=  0.83%  CERascii=  0.00%  lin=3/4  cajas=6  bloques={'cuerpo': 0.83}     225.7 ms  det=si
oro__trivial_p1                              CERac= 94.94%  CERascii= 94.94%  lin=0/3  cajas=1  bloques={'cuerpo': 94.94}      60.0 ms  det=si
ppp0100__escaneado_d2                        CERac=  0.00%  CERascii=  0.00%  lin=3/3  cajas=3  bloques={'cuerpo': 0.0}      76.4 ms  det=si
ppp0100__escaneado_d3                        CERac= 54.43%  CERascii= 54.43%  lin=1/3  cajas=2  bloques={'cuerpo': 54.43}      88.9 ms  det=si
ppp0150__escaneado_d1                        CERac=  0.00%  CERascii=  0.00%  lin=3/3  cajas=3  bloques={'cuerpo': 0.0}     141.9 ms  det=si
ppp0150__tipico_texto                        CERac=  0.83%  CERascii=  0.00%  lin=3/4  cajas=6  bloques={'cuerpo': 0.83}     236.5 ms  det=si
ppp0200__escaneado_d4                        CERac= 42.62%  CERascii= 39.43%  lin=0/12  cajas=8  bloques={'titulo': 4.0, 'subtitulo': 20.93, 'cuerpo': 17.95, 'pequeña': 74.18}     421.3 ms  det=si
ppp0200__escaneado_d4a                       CERac= 10.40%  CERascii=  9.23%  lin=5/12  cajas=11  bloques={'titulo': 4.0, 'subtitulo': 0.0, 'cuerpo': 0.64, 'pequeña': 23.0}     318.3 ms  det=si
ppp0200__escaneado_d4b                       CERac=  2.18%  CERascii=  0.34%  lin=4/12  cajas=12  bloques={'titulo': 4.0, 'subtitulo': 0.0, 'cuerpo': 0.96, 'pequeña': 7.51}     312.5 ms  det=si
ppp0200__escaneado_d4c                       CERac=  8.05%  CERascii=  3.36%  lin=0/12  cajas=12  bloques={'titulo': 4.0, 'subtitulo': 4.65, 'cuerpo': 4.81, 'pequeña': 15.49}     321.7 ms  det=si
ppp0200__escaneado_d4e                       CERac= 93.12%  CERascii= 92.95%  lin=0/12  cajas=2  bloques={'titulo': 4.0, 'subtitulo': 83.72, 'cuerpo': 89.42, 'pequeña': 87.32}     427.3 ms  det=si
ppp0200__patologico_escaneado                CERac=  0.00%  CERascii=  0.00%  lin=3/3  cajas=3  bloques={'cuerpo': 0.0}     477.2 ms  det=si
ppp0240__escaneado_d4f                       CERac= 14.43%  CERascii= 10.91%  lin=0/12  cajas=11  bloques={'titulo': 4.0, 'subtitulo': 2.33, 'cuerpo': 3.85, 'pequeña': 33.33}     392.3 ms  det=si
{"evento": "fin", "vram_pico_MiB": 1614, "vram_base_MiB": 1439, "coste_propio_MiB": 175, "pico_util_pct": 0, "testigo_monohilo_ini_ms": 21.75, "testigo_monohilo_fin_ms": 21.39, "deriva_monohilo": 0.98, "testigo_proceso_ini_ms": 24.33, "testigo_proceso_fin_ms": 25.44, "nivel_proceso_vs_reposo": 0.95, "muestreo_vram": false}
