{"etiqueta": "docling_torch_cuda_E_defecto", "dispositivo": "cuda", "backend": "torch", "lang": "english", "docs": ["escaneado_d4", "escaneado_d3", "escaneado_d2", "escaneado_d1", "patologico_escaneado"], "modo_ppp": "defecto", "reps": 9, "R6": false, "vram_base_MiB": 2007, "quietud_pct": 39, "flag": "SUCIA(pico 39%)", "testigo_monohilo_ini_ms": 25.33, "testigo_proceso_ini_ms": 28.03, "torch": "2.6.0+cu124", "torch_cuda": true, "modelo": {"lang_pedido": "english", "lang_resuelto": "en", "ppocr_version": "PP-OCRv6", "model_type_v6": "small", "model_type_v4v5": "mobile"}, "muestreo_vram": false}
[32m[INFO] 2026-08-21 12:52:51,618 [RapidOCR] base.py:23: Using engine_name: torch[0m
[32m[INFO] 2026-08-21 12:52:51,627 [RapidOCR] device_config.py:64: Using GPU device with ID: 0[0m
[32m[INFO] 2026-08-21 12:52:51,638 [RapidOCR] download_file.py:60: File exists and is valid: D:\Work\research\FileX\.venv-ai\Lib\site-packages\rapidocr\models\PP-OCRv6_det_small.pth[0m
[32m[INFO] 2026-08-21 12:52:51,638 [RapidOCR] main.py:50: Using D:\Work\research\FileX\.venv-ai\Lib\site-packages\rapidocr\models\PP-OCRv6_det_small.pth[0m
[32m[INFO] 2026-08-21 12:52:52,007 [RapidOCR] base.py:23: Using engine_name: torch[0m
[32m[INFO] 2026-08-21 12:52:52,008 [RapidOCR] device_config.py:64: Using GPU device with ID: 0[0m
[32m[INFO] 2026-08-21 12:52:52,009 [RapidOCR] download_file.py:60: File exists and is valid: D:\Work\research\FileX\.venv-ai\Lib\site-packages\rapidocr\models\ch_ptocr_mobile_v2.0_cls_mobile.pth[0m
[32m[INFO] 2026-08-21 12:52:52,009 [RapidOCR] main.py:50: Using D:\Work\research\FileX\.venv-ai\Lib\site-packages\rapidocr\models\ch_ptocr_mobile_v2.0_cls_mobile.pth[0m
[32m[INFO] 2026-08-21 12:52:52,146 [RapidOCR] base.py:23: Using engine_name: torch[0m
[32m[INFO] 2026-08-21 12:52:52,146 [RapidOCR] device_config.py:64: Using GPU device with ID: 0[0m
[32m[INFO] 2026-08-21 12:52:52,163 [RapidOCR] download_file.py:60: File exists and is valid: D:\Work\research\FileX\.venv-ai\Lib\site-packages\rapidocr\models\PP-OCRv6_rec_small.pth[0m
[32m[INFO] 2026-08-21 12:52:52,163 [RapidOCR] main.py:50: Using D:\Work\research\FileX\.venv-ai\Lib\site-packages\rapidocr\models\PP-OCRv6_rec_small.pth[0m
Loading weights:   0%|          | 0/770 [00:00<?, ?it/s]Loading weights:  57%|#####7    | 442/770 [00:00<00:00, 4417.33it/s]Loading weights: 100%|##########| 770/770 [00:00<00:00, 5473.88it/s]
D:\Work\research\FileX\.venv-ai\Lib\site-packages\torch\nn\modules\conv.py:549: UserWarning: Using padding='same' with even kernel lengths and odd dilation may require a zero-padded copy of the input be created (Triggered internally at C:\actions-runner\_work\pytorch\pytorch\pytorch\aten\src\ATen\native\Convolution.cpp:1037.)
  return F.conv2d(
pppDEF__escaneado_d4                     nat=200.0 escala=3.000 (~216ppp) px=(1398, 1853)  CERac= 36.91%  CERascii= 36.41%  lin=3/12  bloques={'titulo': 0.0, 'subtitulo': 0.0, 'cuerpo': 1.92, 'pequeña': 75.12}     943.9 ms
[32m[INFO] 2026-08-21 12:53:09,360 [RapidOCR] base.py:23: Using engine_name: torch[0m
[32m[INFO] 2026-08-21 12:53:09,361 [RapidOCR] device_config.py:64: Using GPU device with ID: 0[0m
[32m[INFO] 2026-08-21 12:53:09,369 [RapidOCR] download_file.py:60: File exists and is valid: D:\Work\research\FileX\.venv-ai\Lib\site-packages\rapidocr\models\PP-OCRv6_det_small.pth[0m
[32m[INFO] 2026-08-21 12:53:09,369 [RapidOCR] main.py:50: Using D:\Work\research\FileX\.venv-ai\Lib\site-packages\rapidocr\models\PP-OCRv6_det_small.pth[0m
[32m[INFO] 2026-08-21 12:53:09,585 [RapidOCR] base.py:23: Using engine_name: torch[0m
[32m[INFO] 2026-08-21 12:53:09,586 [RapidOCR] device_config.py:64: Using GPU device with ID: 0[0m
[32m[INFO] 2026-08-21 12:53:09,587 [RapidOCR] download_file.py:60: File exists and is valid: D:\Work\research\FileX\.venv-ai\Lib\site-packages\rapidocr\models\ch_ptocr_mobile_v2.0_cls_mobile.pth[0m
[32m[INFO] 2026-08-21 12:53:09,587 [RapidOCR] main.py:50: Using D:\Work\research\FileX\.venv-ai\Lib\site-packages\rapidocr\models\ch_ptocr_mobile_v2.0_cls_mobile.pth[0m
[32m[INFO] 2026-08-21 12:53:09,735 [RapidOCR] base.py:23: Using engine_name: torch[0m
[32m[INFO] 2026-08-21 12:53:09,736 [RapidOCR] device_config.py:64: Using GPU device with ID: 0[0m
[32m[INFO] 2026-08-21 12:53:09,753 [RapidOCR] download_file.py:60: File exists and is valid: D:\Work\research\FileX\.venv-ai\Lib\site-packages\rapidocr\models\PP-OCRv6_rec_small.pth[0m
[32m[INFO] 2026-08-21 12:53:09,753 [RapidOCR] main.py:50: Using D:\Work\research\FileX\.venv-ai\Lib\site-packages\rapidocr\models\PP-OCRv6_rec_small.pth[0m
Loading weights:   0%|          | 0/770 [00:00<?, ?it/s]Loading weights:  56%|#####6    | 434/770 [00:00<00:00, 4336.85it/s]Loading weights: 100%|##########| 770/770 [00:00<00:00, 5285.13it/s]
pppDEF__escaneado_d3                     nat=100.0 escala=3.000 (~216ppp) px=(1398, 1836)  CERac= 58.23%  CERascii= 58.23%  lin=1/3  bloques={'cuerpo': 58.23}     645.9 ms
[32m[INFO] 2026-08-21 12:53:17,749 [RapidOCR] base.py:23: Using engine_name: torch[0m
[32m[INFO] 2026-08-21 12:53:17,749 [RapidOCR] device_config.py:64: Using GPU device with ID: 0[0m
[32m[INFO] 2026-08-21 12:53:17,760 [RapidOCR] download_file.py:60: File exists and is valid: D:\Work\research\FileX\.venv-ai\Lib\site-packages\rapidocr\models\PP-OCRv6_det_small.pth[0m
[32m[INFO] 2026-08-21 12:53:17,760 [RapidOCR] main.py:50: Using D:\Work\research\FileX\.venv-ai\Lib\site-packages\rapidocr\models\PP-OCRv6_det_small.pth[0m
[32m[INFO] 2026-08-21 12:53:17,960 [RapidOCR] base.py:23: Using engine_name: torch[0m
[32m[INFO] 2026-08-21 12:53:17,961 [RapidOCR] device_config.py:64: Using GPU device with ID: 0[0m
[32m[INFO] 2026-08-21 12:53:17,962 [RapidOCR] download_file.py:60: File exists and is valid: D:\Work\research\FileX\.venv-ai\Lib\site-packages\rapidocr\models\ch_ptocr_mobile_v2.0_cls_mobile.pth[0m
[32m[INFO] 2026-08-21 12:53:17,962 [RapidOCR] main.py:50: Using D:\Work\research\FileX\.venv-ai\Lib\site-packages\rapidocr\models\ch_ptocr_mobile_v2.0_cls_mobile.pth[0m
[32m[INFO] 2026-08-21 12:53:18,107 [RapidOCR] base.py:23: Using engine_name: torch[0m
[32m[INFO] 2026-08-21 12:53:18,107 [RapidOCR] device_config.py:64: Using GPU device with ID: 0[0m
[32m[INFO] 2026-08-21 12:53:18,127 [RapidOCR] download_file.py:60: File exists and is valid: D:\Work\research\FileX\.venv-ai\Lib\site-packages\rapidocr\models\PP-OCRv6_rec_small.pth[0m
[32m[INFO] 2026-08-21 12:53:18,127 [RapidOCR] main.py:50: Using D:\Work\research\FileX\.venv-ai\Lib\site-packages\rapidocr\models\PP-OCRv6_rec_small.pth[0m
Loading weights:   0%|          | 0/770 [00:00<?, ?it/s]Loading weights:  59%|#####9    | 455/770 [00:00<00:00, 4534.78it/s]Loading weights: 100%|##########| 770/770 [00:00<00:00, 5328.51it/s]
pppDEF__escaneado_d2                     nat=100.0 escala=3.000 (~216ppp) px=(1398, 1836)  CERac=  0.00%  CERascii=  0.00%  lin=3/3  bloques={'cuerpo': 0.0}     665.5 ms
[32m[INFO] 2026-08-21 12:53:25,924 [RapidOCR] base.py:23: Using engine_name: torch[0m
[32m[INFO] 2026-08-21 12:53:25,924 [RapidOCR] device_config.py:64: Using GPU device with ID: 0[0m
[32m[INFO] 2026-08-21 12:53:25,940 [RapidOCR] download_file.py:60: File exists and is valid: D:\Work\research\FileX\.venv-ai\Lib\site-packages\rapidocr\models\PP-OCRv6_det_small.pth[0m
[32m[INFO] 2026-08-21 12:53:25,940 [RapidOCR] main.py:50: Using D:\Work\research\FileX\.venv-ai\Lib\site-packages\rapidocr\models\PP-OCRv6_det_small.pth[0m
[32m[INFO] 2026-08-21 12:53:26,169 [RapidOCR] base.py:23: Using engine_name: torch[0m
[32m[INFO] 2026-08-21 12:53:26,170 [RapidOCR] device_config.py:64: Using GPU device with ID: 0[0m
[32m[INFO] 2026-08-21 12:53:26,171 [RapidOCR] download_file.py:60: File exists and is valid: D:\Work\research\FileX\.venv-ai\Lib\site-packages\rapidocr\models\ch_ptocr_mobile_v2.0_cls_mobile.pth[0m
[32m[INFO] 2026-08-21 12:53:26,171 [RapidOCR] main.py:50: Using D:\Work\research\FileX\.venv-ai\Lib\site-packages\rapidocr\models\ch_ptocr_mobile_v2.0_cls_mobile.pth[0m
[32m[INFO] 2026-08-21 12:53:26,329 [RapidOCR] base.py:23: Using engine_name: torch[0m
[32m[INFO] 2026-08-21 12:53:26,329 [RapidOCR] device_config.py:64: Using GPU device with ID: 0[0m
[32m[INFO] 2026-08-21 12:53:26,349 [RapidOCR] download_file.py:60: File exists and is valid: D:\Work\research\FileX\.venv-ai\Lib\site-packages\rapidocr\models\PP-OCRv6_rec_small.pth[0m
[32m[INFO] 2026-08-21 12:53:26,350 [RapidOCR] main.py:50: Using D:\Work\research\FileX\.venv-ai\Lib\site-packages\rapidocr\models\PP-OCRv6_rec_small.pth[0m
Loading weights:   0%|          | 0/770 [00:00<?, ?it/s]Loading weights:  55%|#####5    | 424/770 [00:00<00:00, 4188.44it/s]Loading weights: 100%|##########| 770/770 [00:00<00:00, 5186.49it/s]
pppDEF__escaneado_d1                     nat=150.0 escala=3.000 (~216ppp) px=(1397, 1872)  CERac=  0.00%  CERascii=  0.00%  lin=3/3  bloques={'cuerpo': 0.0}     670.9 ms
[32m[INFO] 2026-08-21 12:53:34,899 [RapidOCR] base.py:23: Using engine_name: torch[0m
[32m[INFO] 2026-08-21 12:53:34,900 [RapidOCR] device_config.py:64: Using GPU device with ID: 0[0m
[32m[INFO] 2026-08-21 12:53:34,908 [RapidOCR] download_file.py:60: File exists and is valid: D:\Work\research\FileX\.venv-ai\Lib\site-packages\rapidocr\models\PP-OCRv6_det_small.pth[0m
[32m[INFO] 2026-08-21 12:53:34,908 [RapidOCR] main.py:50: Using D:\Work\research\FileX\.venv-ai\Lib\site-packages\rapidocr\models\PP-OCRv6_det_small.pth[0m
[32m[INFO] 2026-08-21 12:53:35,106 [RapidOCR] base.py:23: Using engine_name: torch[0m
[32m[INFO] 2026-08-21 12:53:35,107 [RapidOCR] device_config.py:64: Using GPU device with ID: 0[0m
[32m[INFO] 2026-08-21 12:53:35,108 [RapidOCR] download_file.py:60: File exists and is valid: D:\Work\research\FileX\.venv-ai\Lib\site-packages\rapidocr\models\ch_ptocr_mobile_v2.0_cls_mobile.pth[0m
[32m[INFO] 2026-08-21 12:53:35,108 [RapidOCR] main.py:50: Using D:\Work\research\FileX\.venv-ai\Lib\site-packages\rapidocr\models\ch_ptocr_mobile_v2.0_cls_mobile.pth[0m
[32m[INFO] 2026-08-21 12:53:35,275 [RapidOCR] base.py:23: Using engine_name: torch[0m
[32m[INFO] 2026-08-21 12:53:35,275 [RapidOCR] device_config.py:64: Using GPU device with ID: 0[0m
[32m[INFO] 2026-08-21 12:53:35,293 [RapidOCR] download_file.py:60: File exists and is valid: D:\Work\research\FileX\.venv-ai\Lib\site-packages\rapidocr\models\PP-OCRv6_rec_small.pth[0m
[32m[INFO] 2026-08-21 12:53:35,294 [RapidOCR] main.py:50: Using D:\Work\research\FileX\.venv-ai\Lib\site-packages\rapidocr\models\PP-OCRv6_rec_small.pth[0m
Loading weights:   0%|          | 0/770 [00:00<?, ?it/s]Loading weights:  55%|#####4    | 420/770 [00:00<00:00, 4188.47it/s]Loading weights: 100%|##########| 770/770 [00:00<00:00, 5184.75it/s]
pppDEF__patologico_escaneado             nat=200.0 escala=3.000 (~216ppp) px=(1398, 1935)  CERac=  0.00%  CERascii=  0.00%  lin=3/3  bloques={'cuerpo': 0.0}     897.8 ms
{"evento": "fin", "vram_pico_MiB": 0, "vram_base_MiB": 2007, "coste_propio_MiB": -2007, "pico_util_pct": 0, "testigo_monohilo_ini_ms": 25.33, "testigo_monohilo_fin_ms": 26.72, "deriva_monohilo": 1.05, "testigo_proceso_ini_ms": 28.03, "testigo_proceso_fin_ms": 34.54, "nivel_proceso_vs_reposo": 1.3, "sonda_activa": true, "muestreo_vram": false}
