INFORMACIàN: no se pudo encontrar ning£n archivo para los patrones dados.
D:\Work\research\FileX\.venv-paddle\Lib\site-packages\paddle\utils\cpp_extension\extension_utils.py:718: UserWarning: No ccache found. Please be aware that recompiling all source files may be required. You can download and install ccache from: https://github.com/ccache/ccache/blob/master/doc/INSTALL.md
  warnings.warn(warning_message)
[32mCreating model: ('PP-LCNet_x1_0_textline_ori', None, None)[0m
[32mModel files already exist. Using cached files. To redownload, please delete the directory manually: `C:\Users\krato\.paddlex\official_models\PP-LCNet_x1_0_textline_ori`.[0m
WARNING: Logging before InitGoogleLogging() is written to STDERR
W0821 13:07:00.824958 29440 gpu_resources.cc:114] Please NOTE: device: 0, GPU Compute Capability: 8.6, Driver API Version: 12.8, Runtime API Version: 12.6
[32mCreating model: ('PP-OCRv6_medium_det', None, None)[0m
[32mModel files already exist. Using cached files. To redownload, please delete the directory manually: `C:\Users\krato\.paddlex\official_models\PP-OCRv6_medium_det`.[0m
[32mCreating model: ('PP-OCRv6_medium_rec', None, None)[0m
[32mModel files already exist. Using cached files. To redownload, please delete the directory manually: `C:\Users\krato\.paddlex\official_models\PP-OCRv6_medium_rec`.[0m
{"etiqueta": "paddleocr_cuda_E_vram", "motor": "paddleocr", "dispositivo": "cuda", "patron": "ppp*__escaneado_d4.png", "imgdir": "D:\\Work\\research\\FileX\\bench\\salidas-ppp-norm\\img", "ref_forzada": null, "carga_frio_s": 274.03, "vram_base_MiB": 1946, "vram_tras_carga_MiB": 2316, "quietud_pct": 38, "flag": "SUCIA(pico 38%)", "testigo_monohilo_ini_ms": 23.54, "testigo_proceso_ini_ms": 27.07, "modelos": {"paddle": "3.2.0", "kwargs": {"device": "gpu:0", "use_doc_orientation_classify": "False", "use_doc_unwarping": "False", "use_textline_orientation": "True"}, "params": {"doc_orientation_classify_model_name": "None", "doc_unwarping_model_name": "None", "text_detection_model_name": "PP-OCRv6_medium_det", "textline_orientation_model_name": "None", "text_recognition_model_name": "PP-OCRv6_medium_rec"}}, "reps": 3, "muestreo_vram": true}
W0821 13:07:32.270974 29440 gpu_resources.cc:243] WARNING: device: 0. The installed Paddle is compiled with CUDNN 9.9, but CUDNN version in your machine is 9.5, which may cause serious incompatible bug. Please recompile or reinstall Paddle with compatible CUDNN version.
ppp0100__escaneado_d4                        CERac= 19.13%  CERascii= 18.12%  lin=6/12  cajas=12  bloques={'titulo': 0.0, 'subtitulo': 0.0, 'cuerpo': 0.64, 'pequeña': 60.09}     241.4 ms  det=si
ppp0125__escaneado_d4                        CERac= 16.95%  CERascii= 15.77%  lin=4/12  cajas=12  bloques={'titulo': 0.0, 'subtitulo': 0.0, 'cuerpo': 2.24, 'pequeña': 53.52}     244.2 ms  det=si
ppp0150__escaneado_d4                        CERac= 17.11%  CERascii= 16.11%  lin=5/12  cajas=12  bloques={'titulo': 0.0, 'subtitulo': 0.0, 'cuerpo': 0.96, 'pequeña': 52.11}     319.2 ms  det=si
ppp0175__escaneado_d4                        CERac= 21.64%  CERascii= 20.97%  lin=5/12  cajas=13  bloques={'titulo': 0.0, 'subtitulo': 0.0, 'cuerpo': 1.6, 'pequeña': 65.73}     363.1 ms  det=si
ppp0200__escaneado_d4                        CERac= 19.30%  CERascii= 18.46%  lin=4/12  cajas=12  bloques={'titulo': 0.0, 'subtitulo': 0.0, 'cuerpo': 1.6, 'pequeña': 58.69}     421.5 ms  det=si
ppp0225__escaneado_d4                        CERac= 20.97%  CERascii= 20.13%  lin=6/12  cajas=12  bloques={'titulo': 0.0, 'subtitulo': 0.0, 'cuerpo': 0.64, 'pequeña': 65.73}     459.8 ms  det=si
ppp0250__escaneado_d4                        CERac= 13.09%  CERascii= 12.08%  lin=5/12  cajas=12  bloques={'titulo': 0.0, 'subtitulo': 0.0, 'cuerpo': 0.96, 'pequeña': 41.31}     516.9 ms  det=si
ppp0255__escaneado_d4                        CERac= 15.10%  CERascii= 14.09%  lin=5/12  cajas=12  bloques={'titulo': 0.0, 'subtitulo': 0.0, 'cuerpo': 0.96, 'pequeña': 45.54}     461.7 ms  det=si
ppp0260__escaneado_d4                        CERac= 23.66%  CERascii= 22.82%  lin=6/12  cajas=12  bloques={'titulo': 0.0, 'subtitulo': 0.0, 'cuerpo': 0.64, 'pequeña': 74.18}     470.8 ms  det=si
ppp0265__escaneado_d4                        CERac= 16.44%  CERascii= 15.44%  lin=6/12  cajas=13  bloques={'titulo': 0.0, 'subtitulo': 0.0, 'cuerpo': 0.64, 'pequeña': 51.17}     515.7 ms  det=si
ppp0270__escaneado_d4                        CERac= 13.09%  CERascii= 11.58%  lin=4/12  cajas=12  bloques={'titulo': 0.0, 'subtitulo': 0.0, 'cuerpo': 1.6, 'pequeña': 38.03}     489.6 ms  det=si
ppp0275__escaneado_d4                        CERac= 21.31%  CERascii= 20.30%  lin=5/12  cajas=12  bloques={'titulo': 0.0, 'subtitulo': 0.0, 'cuerpo': 0.96, 'pequeña': 74.18}     499.5 ms  det=si
ppp0280__escaneado_d4                        CERac= 36.24%  CERascii= 35.91%  lin=6/12  cajas=8  bloques={'titulo': 0.0, 'subtitulo': 0.0, 'cuerpo': 0.64, 'pequeña': 75.12}     487.3 ms  det=si
ppp0300__escaneado_d4                        CERac= 25.17%  CERascii= 24.50%  lin=5/12  cajas=11  bloques={'titulo': 0.0, 'subtitulo': 0.0, 'cuerpo': 0.96, 'pequeña': 74.65}     569.8 ms  det=si
ppp0320__escaneado_d4                        CERac= 36.24%  CERascii= 35.91%  lin=6/12  cajas=8  bloques={'titulo': 0.0, 'subtitulo': 0.0, 'cuerpo': 0.64, 'pequeña': 75.12}     679.8 ms  det=si
ppp0360__escaneado_d4                        CERac= 36.41%  CERascii= 35.91%  lin=5/12  cajas=8  bloques={'titulo': 0.0, 'subtitulo': 0.0, 'cuerpo': 0.96, 'pequeña': 75.12}    1759.3 ms  det=si
ppp0400__escaneado_d4                        CERac= 36.24%  CERascii= 35.91%  lin=6/12  cajas=8  bloques={'titulo': 0.0, 'subtitulo': 0.0, 'cuerpo': 0.64, 'pequeña': 75.12}    2080.8 ms  det=si
{"evento": "fin", "vram_pico_MiB": 11942, "vram_base_MiB": 1946, "coste_propio_MiB": 9996, "pico_util_pct": 100, "testigo_monohilo_ini_ms": 23.54, "testigo_monohilo_fin_ms": 25.22, "deriva_monohilo": 1.07, "testigo_proceso_ini_ms": 27.07, "testigo_proceso_fin_ms": 33.52, "nivel_proceso_vs_reposo": 1.26, "muestreo_vram": true}
