[32m[INFO] 2026-08-21 13:00:39,905 [RapidOCR] base.py:23: Using engine_name: onnxruntime[0m
[32m[INFO] 2026-08-21 13:00:40,613 [RapidOCR] download_file.py:60: File exists and is valid: D:\Work\research\FileX\bench\salidas-ppp-norm\modelos\PP-OCRv6_det_small.onnx[0m
[32m[INFO] 2026-08-21 13:00:40,613 [RapidOCR] main.py:63: Using D:\Work\research\FileX\bench\salidas-ppp-norm\modelos\PP-OCRv6_det_small.onnx[0m
[32m[INFO] 2026-08-21 13:00:42,187 [RapidOCR] base.py:23: Using engine_name: onnxruntime[0m
[32m[INFO] 2026-08-21 13:00:42,199 [RapidOCR] download_file.py:60: File exists and is valid: D:\Work\research\FileX\bench\salidas-ppp-norm\modelos\ch_ppocr_mobile_v2.0_cls_mobile.onnx[0m
[32m[INFO] 2026-08-21 13:00:42,199 [RapidOCR] main.py:63: Using D:\Work\research\FileX\bench\salidas-ppp-norm\modelos\ch_ppocr_mobile_v2.0_cls_mobile.onnx[0m
[32m[INFO] 2026-08-21 13:00:42,256 [RapidOCR] base.py:23: Using engine_name: onnxruntime[0m
[32m[INFO] 2026-08-21 13:00:42,368 [RapidOCR] download_file.py:60: File exists and is valid: D:\Work\research\FileX\bench\salidas-ppp-norm\modelos\PP-OCRv6_rec_small.onnx[0m
[32m[INFO] 2026-08-21 13:00:42,368 [RapidOCR] main.py:63: Using D:\Work\research\FileX\bench\salidas-ppp-norm\modelos\PP-OCRv6_rec_small.onnx[0m
{"etiqueta": "rapidocr_cuda_E_vram", "motor": "rapidocr", "dispositivo": "cuda", "patron": "ppp*__escaneado_d4.png", "imgdir": "D:\\Work\\research\\FileX\\bench\\salidas-ppp-norm\\img", "ref_forzada": null, "carga_frio_s": 6.86, "vram_base_MiB": 991, "vram_tras_carga_MiB": 1167, "quietud_pct": 20, "flag": "SUCIA(pico 20%)", "testigo_monohilo_ini_ms": 22.05, "testigo_proceso_ini_ms": 24.91, "modelos": {"text_det": "ch_PP-OCRv4_det_mobile.onnx", "text_cls": "ch_PP-OCRv4_det_mobile.onnx", "text_rec": "ch_PP-OCRv4_det_mobile.onnx", "R6": "1", "pedido": {"Det.engine_type": "onnxruntime", "Rec.engine_type": "onnxruntime", "Det.lang_type": "ch", "Rec.lang_type": "ch", "Det.ocr_version": "PP-OCRv6", "Rec.ocr_version": "PP-OCRv6", "Det.model_type": "small", "Rec.model_type": "small", "Global.model_root_dir": "D:/Work/research/FileX/bench/salidas-ppp-norm/modelos", "Det.mean": "[0.485, 0.456, 0.406]", "Det.std": "[0.229, 0.224, 0.225]", "Det.thresh": "0.2", "Det.box_thresh": "0.45", "Det.unclip_ratio": "1.4", "Det.max_candidates": "3000"}, "det_efectivo": {"mean": "[0.485, 0.456, 0.406]", "std": "[0.229, 0.224, 0.225]", "limit_side_len": 736, "limit_type": "min", "thresh": 0.2, "box_thresh": 0.45, "unclip_ratio": 1.4, "max_candidates": 3000}}, "reps": 3, "muestreo_vram": true}
ppp0100__escaneado_d4                        CERac= 30.70%  CERascii= 29.87%  lin=4/12  cajas=9  bloques={'titulo': 0.0, 'subtitulo': 0.0, 'cuerpo': 1.28, 'pequeña': 74.18}     366.6 ms  det=si
ppp0125__escaneado_d4                        CERac= 26.68%  CERascii= 25.17%  lin=2/12  cajas=11  bloques={'titulo': 0.0, 'subtitulo': 0.0, 'cuerpo': 23.72, 'pequeña': 59.62}     357.7 ms  det=si
ppp0150__escaneado_d4                        CERac= 18.96%  CERascii= 17.62%  lin=4/12  cajas=11  bloques={'titulo': 0.0, 'subtitulo': 0.0, 'cuerpo': 1.6, 'pequeña': 53.05}     272.2 ms  det=si
ppp0175__escaneado_d4                        CERac= 21.31%  CERascii= 20.30%  lin=4/12  cajas=12  bloques={'titulo': 0.0, 'subtitulo': 0.0, 'cuerpo': 1.92, 'pequeña': 60.56}     477.3 ms  det=si
ppp0200__escaneado_d4                        CERac= 18.62%  CERascii= 17.62%  lin=3/12  cajas=12  bloques={'titulo': 0.0, 'subtitulo': 0.0, 'cuerpo': 2.56, 'pequeña': 54.93}     349.6 ms  det=si
ppp0225__escaneado_d4                        CERac= 23.32%  CERascii= 22.15%  lin=3/12  cajas=11  bloques={'titulo': 0.0, 'subtitulo': 0.0, 'cuerpo': 2.24, 'pequeña': 73.24}     531.1 ms  det=si
ppp0250__escaneado_d4                        CERac= 24.50%  CERascii= 23.49%  lin=4/12  cajas=10  bloques={'titulo': 0.0, 'subtitulo': 0.0, 'cuerpo': 1.28, 'pequeña': 69.48}     556.9 ms  det=si
ppp0255__escaneado_d4                        CERac= 31.38%  CERascii= 30.37%  lin=3/12  cajas=9  bloques={'titulo': 0.0, 'subtitulo': 0.0, 'cuerpo': 2.24, 'pequeña': 72.77}     589.0 ms  det=si
ppp0260__escaneado_d4                        CERac= 25.00%  CERascii= 24.16%  lin=5/12  cajas=10  bloques={'titulo': 0.0, 'subtitulo': 0.0, 'cuerpo': 1.28, 'pequeña': 73.71}     532.5 ms  det=si
ppp0265__escaneado_d4                        CERac= 24.83%  CERascii= 23.83%  lin=5/12  cajas=13  bloques={'titulo': 0.0, 'subtitulo': 0.0, 'cuerpo': 0.96, 'pequeña': 75.12}     898.8 ms  det=si
ppp0270__escaneado_d4                        CERac= 23.15%  CERascii= 21.98%  lin=3/12  cajas=11  bloques={'titulo': 0.0, 'subtitulo': 0.0, 'cuerpo': 2.24, 'pequeña': 70.89}     611.3 ms  det=si
ppp0275__escaneado_d4                        CERac= 25.34%  CERascii= 24.16%  lin=4/12  cajas=13  bloques={'titulo': 0.0, 'subtitulo': 0.0, 'cuerpo': 2.56, 'pequeña': 74.65}     678.7 ms  det=si
ppp0280__escaneado_d4                        CERac= 28.86%  CERascii= 27.68%  lin=2/12  cajas=10  bloques={'titulo': 0.0, 'subtitulo': 0.0, 'cuerpo': 2.24, 'pequeña': 73.24}     567.6 ms  det=si
ppp0300__escaneado_d4                        CERac= 30.20%  CERascii= 29.19%  lin=4/12  cajas=9  bloques={'titulo': 0.0, 'subtitulo': 0.0, 'cuerpo': 1.28, 'pequeña': 73.71}     598.0 ms  det=si
ppp0320__escaneado_d4                        CERac= 23.83%  CERascii= 22.99%  lin=3/12  cajas=12  bloques={'titulo': 0.0, 'subtitulo': 0.0, 'cuerpo': 2.56, 'pequeña': 72.3}     428.6 ms  det=si
ppp0360__escaneado_d4                        CERac= 29.19%  CERascii= 28.52%  lin=5/12  cajas=10  bloques={'titulo': 0.0, 'subtitulo': 0.0, 'cuerpo': 1.28, 'pequeña': 73.24}     565.9 ms  det=si
ppp0400__escaneado_d4                        CERac= 25.34%  CERascii= 24.50%  lin=3/12  cajas=10  bloques={'titulo': 0.0, 'subtitulo': 0.0, 'cuerpo': 1.92, 'pequeña': 72.3}     708.3 ms  det=si
{"evento": "fin", "vram_pico_MiB": 4439, "vram_base_MiB": 991, "coste_propio_MiB": 3448, "pico_util_pct": 100, "testigo_monohilo_ini_ms": 22.05, "testigo_monohilo_fin_ms": 23.86, "deriva_monohilo": 1.08, "testigo_proceso_ini_ms": 24.91, "testigo_proceso_fin_ms": 24.5, "nivel_proceso_vs_reposo": 0.93, "muestreo_vram": true}
