
=== fuente distintos: corr(Lent,Rent) = 0.0051, rms -16.38 / -31.53 dBFS
  distintos  buena 6k    A7=False  ventaja=+0.7104  corrRR=+0.1341 corrRL=+0.8445  monoS=   -inf dB
  distintos  mala  6k    A7=False  ventaja=+0.8559  corrRR=+0.0029 corrRL=+0.8588  monoS=   -inf dB
  distintos  buena 8k    A7=False  ventaja=+0.7625  corrRR=+0.1552 corrRL=+0.9177  monoS=   -inf dB
  distintos  mala  8k    A7=False  ventaja=+0.9280  corrRR=+0.0059 corrRL=+0.9339  monoS=   -inf dB
  distintos  buena 12k   A7=False  ventaja=+0.7982  corrRR=+0.1653 corrRL=+0.9635  monoS=   -inf dB
  distintos  mala  12k   A7=False  ventaja=+0.9718  corrRR=+0.0048 corrRL=+0.9766  monoS=   -inf dB
  distintos  buena 16k   A7=False  ventaja=+0.7970  corrRR=+0.1706 corrRL=+0.9676  monoS=   -inf dB
  distintos  mala  16k   A7=False  ventaja=+0.9789  corrRR=+0.0048 corrRL=+0.9837  monoS=   -inf dB
  distintos  buena 24k   A7=False  ventaja=-0.2774  corrRR=+0.7625 corrRL=+0.4851  monoS=   4.31 dB
  distintos  mala  24k   A7=False  ventaja=+0.9178  corrRR=+0.0069 corrRL=+0.9247  monoS=   5.16 dB
  distintos  buena 32k   A7=False  ventaja=-0.9855  corrRR=+0.9922 corrRL=+0.0067  monoS=   6.00 dB
  distintos  mala  32k   A7=False  ventaja=+0.0070  corrRR=-0.0034 corrRL=+0.0036  monoS=   6.02 dB
  distintos  buena 48k   A7=False  ventaja=-0.9941  corrRR=+0.9992 corrRL=+0.0051  monoS=   6.01 dB
  distintos  mala  48k   A7=True   ventaja=+0.0059  corrRR=+0.0041 corrRL=+0.0100  monoS=   6.02 dB
  distintos  buena 64k   A7=False  ventaja=-0.9947  corrRR=+0.9995 corrRL=+0.0048  monoS=   6.01 dB
  distintos  mala  64k   A7=True   ventaja=+0.0008  corrRR=+0.0042 corrRL=+0.0050  monoS=   6.02 dB
  distintos  buena 96k   A7=False  ventaja=-0.9948  corrRR=+0.9998 corrRL=+0.0050  monoS=   6.01 dB
  distintos  mala  96k   A7=True   ventaja=+0.0025  corrRR=+0.0041 corrRL=+0.0066  monoS=   6.02 dB

=== fuente reales: corr(Lent,Rent) = 0.9997, rms -16.38 / -16.36 dBFS
  reales     buena 6k    A7=False  ventaja=-0.0005  corrRR=+0.8506 corrRL=+0.8501  monoS=   -inf dB
  reales     mala  6k    A7=False  ventaja=+0.0001  corrRR=+0.8587 corrRL=+0.8588  monoS=   -inf dB
  reales     buena 8k    A7=False  ventaja=-0.0002  corrRR=+0.9315 corrRL=+0.9313  monoS=   -inf dB
  reales     mala  8k    A7=False  ventaja=-0.0001  corrRR=+0.9340 corrRL=+0.9339  monoS=   -inf dB
  reales     buena 12k   A7=False  ventaja=+0.0000  corrRR=+0.9679 corrRL=+0.9679  monoS=   -inf dB
  reales     mala  12k   A7=False  ventaja=+0.0003  corrRR=+0.9763 corrRL=+0.9766  monoS=   -inf dB
  reales     buena 16k   A7=False  ventaja=+0.0000  corrRR=+0.9779 corrRL=+0.9779  monoS=   -inf dB
  reales     mala  16k   A7=False  ventaja=+0.0002  corrRR=+0.9835 corrRL=+0.9837  monoS=   -inf dB
  reales     buena 24k   A7=False  ventaja=-0.0001  corrRR=+0.9754 corrRL=+0.9753  monoS= -32.72 dB
  reales     mala  24k   A7=False  ventaja=-0.0002  corrRR=+0.9249 corrRL=+0.9247  monoS=   5.16 dB
  reales     buena 32k   A7=False  ventaja=-0.0003  corrRR=+0.9718 corrRL=+0.9715  monoS= -32.56 dB
  reales     mala  32k   A7=False  ventaja=+0.0000  corrRR=+0.0036 corrRL=+0.0036  monoS=   6.02 dB
  reales     buena 48k   A7=False  ventaja=-0.0003  corrRR=+0.9735 corrRL=+0.9732  monoS= -30.55 dB
  reales     mala  48k   A7=True   ventaja=-0.0002  corrRR=+0.0102 corrRL=+0.0100  monoS=   6.02 dB
  reales     buena 64k   A7=False  ventaja=-0.0001  corrRR=+0.9982 corrRL=+0.9981  monoS= -30.26 dB
  reales     mala  64k   A7=True   ventaja=-0.0001  corrRR=+0.0051 corrRL=+0.0050  monoS=   6.02 dB
  reales     buena 96k   A7=False  ventaja=-0.0002  corrRR=+0.9990 corrRL=+0.9988  monoS= -31.12 dB
  reales     mala  96k   A7=True   ventaja=-0.0001  corrRR=+0.0067 corrRL=+0.0066  monoS=   6.02 dB

=== fuente identicos: corr(Lent,Rent) = 1.0000, rms -21.07 / -21.07 dBFS
  identicos  buena 6k    A7=False  ventaja=+0.0000  corrRR=+0.9945 corrRL=+0.9945  monoS=   -inf dB
  identicos  mala  6k    A7=False  ventaja=+0.0000  corrRR=+0.9946 corrRL=+0.9946  monoS=   -inf dB
  identicos  buena 8k    A7=False  ventaja=+0.0000  corrRR=+0.9966 corrRL=+0.9966  monoS=   -inf dB
  identicos  mala  8k    A7=False  ventaja=+0.0000  corrRR=+0.9970 corrRL=+0.9970  monoS=   -inf dB
  identicos  buena 12k   A7=False  ventaja=+0.0000  corrRR=+0.9992 corrRL=+0.9992  monoS=   -inf dB
  identicos  mala  12k   A7=False  ventaja=+0.0000  corrRR=+0.9992 corrRL=+0.9992  monoS=   -inf dB
  identicos  buena 16k   A7=False  ventaja=+0.0000  corrRR=+0.9978 corrRL=+0.9978  monoS=   -inf dB
  identicos  mala  16k   A7=False  ventaja=+0.0000  corrRR=+0.9980 corrRL=+0.9980  monoS=   -inf dB
  identicos  buena 24k   A7=False  ventaja=+0.0000  corrRR=+0.9990 corrRL=+0.9990  monoS= -80.74 dB
  identicos  mala  24k   A7=False  ventaja=+0.0000  corrRR=+0.9777 corrRL=+0.9777  monoS=   5.15 dB
  identicos  buena 32k   A7=False  ventaja=+0.0000  corrRR=+0.9990 corrRL=+0.9990  monoS= -96.15 dB
  identicos  mala  32k   A7=False  ventaja=+0.0000  corrRR=+0.0137 corrRL=+0.0137  monoS=   6.02 dB
  identicos  buena 48k   A7=False  ventaja=+0.0000  corrRR=+1.0000 corrRL=+1.0000  monoS=-123.32 dB
  identicos  mala  48k   A7=True   ventaja=+0.0000  corrRR=+0.0123 corrRL=+0.0123  monoS=   6.02 dB
  identicos  buena 64k   A7=False  ventaja=+0.0000  corrRR=+1.0000 corrRL=+1.0000  monoS=-182.11 dB
  identicos  mala  64k   A7=True   ventaja=+0.0000  corrRR=+0.0116 corrRL=+0.0116  monoS=   6.02 dB
  identicos  buena 96k   A7=False  ventaja=+0.0000  corrRR=+1.0000 corrRL=+1.0000  monoS=   -inf dB
  identicos  mala  96k   A7=True   ventaja=+0.0000  corrRR=+0.0080 corrRL=+0.0080  monoS=   6.02 dB

=== fuente desfasados: corr(Lent,Rent) = -0.0066, rms -16.38 / -16.50 dBFS
  desfasados buena 6k    A7=False  ventaja=+0.0222  corrRR=+0.5665 corrRL=+0.5887  monoS=   -inf dB
  desfasados mala  6k    A7=False  ventaja=+0.8799  corrRR=-0.0211 corrRL=+0.8588  monoS=   -inf dB
  desfasados buena 8k    A7=False  ventaja=+0.0141  corrRR=+0.6433 corrRL=+0.6574  monoS=   -inf dB
  desfasados mala  8k    A7=False  ventaja=+0.9487  corrRR=-0.0148 corrRL=+0.9339  monoS=   -inf dB
  desfasados buena 12k   A7=False  ventaja=+0.0074  corrRR=+0.6785 corrRL=+0.6859  monoS=   -inf dB
  desfasados mala  12k   A7=False  ventaja=+0.9712  corrRR=+0.0054 corrRL=+0.9766  monoS=   -inf dB
  desfasados buena 16k   A7=False  ventaja=+0.0192  corrRR=+0.6792 corrRL=+0.6984  monoS=   -inf dB
  desfasados mala  16k   A7=False  ventaja=+0.9888  corrRR=-0.0051 corrRL=+0.9837  monoS=   -inf dB
  desfasados buena 24k   A7=False  ventaja=-0.4713  corrRR=+0.8279 corrRL=+0.3566  monoS=   1.41 dB
  desfasados mala  24k   A7=False  ventaja=+0.9314  corrRR=-0.0067 corrRL=+0.9247  monoS=   5.16 dB
  desfasados buena 32k   A7=False  ventaja=-0.9384  corrRR=+0.9661 corrRL=+0.0277  monoS=   5.61 dB
  desfasados mala  32k   A7=False  ventaja=+0.0032  corrRR=+0.0004 corrRL=+0.0036  monoS=   6.02 dB
  desfasados buena 48k   A7=False  ventaja=-1.0087  corrRR=+0.9951 corrRL=-0.0136  monoS=   6.14 dB
  desfasados mala  48k   A7=True   ventaja=+0.0192  corrRR=-0.0092 corrRL=+0.0100  monoS=   6.02 dB
  desfasados buena 64k   A7=False  ventaja=-1.0069  corrRR=+0.9968 corrRL=-0.0101  monoS=   6.12 dB
  desfasados mala  64k   A7=True   ventaja=+0.0135  corrRR=-0.0085 corrRL=+0.0050  monoS=   6.02 dB
  desfasados buena 96k   A7=False  ventaja=-1.0057  corrRR=+0.9985 corrRL=-0.0072  monoS=   6.09 dB
  desfasados mala  96k   A7=True   ventaja=+0.0141  corrRR=-0.0075 corrRL=+0.0066  monoS=   6.02 dB

=== fuente dos_voces: corr(Lent,Rent) = -0.0437, rms -16.38 / -16.42 dBFS
  dos_voces  buena 6k    A7=False  ventaja=+0.0360  corrRR=+0.5306 corrRL=+0.5666  monoS=   -inf dB
  dos_voces  mala  6k    A7=False  ventaja=+0.9031  corrRR=-0.0443 corrRL=+0.8588  monoS=   -inf dB
  dos_voces  buena 8k    A7=False  ventaja=-0.0047  corrRR=+0.6240 corrRL=+0.6193  monoS=   -inf dB
  dos_voces  mala  8k    A7=False  ventaja=+0.9786  corrRR=-0.0447 corrRL=+0.9339  monoS=   -inf dB
  dos_voces  buena 12k   A7=False  ventaja=+0.0015  corrRR=+0.6671 corrRL=+0.6686  monoS=   -inf dB
  dos_voces  mala  12k   A7=False  ventaja=+1.0198  corrRR=-0.0432 corrRL=+0.9766  monoS=   -inf dB
  dos_voces  buena 16k   A7=False  ventaja=+0.0024  corrRR=+0.6735 corrRL=+0.6759  monoS=   -inf dB
  dos_voces  mala  16k   A7=False  ventaja=+1.0266  corrRR=-0.0429 corrRL=+0.9837  monoS=   -inf dB
  dos_voces  buena 24k   A7=False  ventaja=-0.8867  corrRR=+0.9500 corrRL=+0.0633  monoS=   5.00 dB
  dos_voces  mala  24k   A7=False  ventaja=+0.9720  corrRR=-0.0473 corrRL=+0.9247  monoS=   5.16 dB
  dos_voces  buena 32k   A7=False  ventaja=-1.0170  corrRR=+0.9749 corrRL=-0.0421  monoS=   6.45 dB
  dos_voces  mala  32k   A7=False  ventaja=+0.0027  corrRR=+0.0009 corrRL=+0.0036  monoS=   6.02 dB
  dos_voces  buena 48k   A7=False  ventaja=-1.0370  corrRR=+0.9931 corrRL=-0.0439  monoS=   6.40 dB
  dos_voces  mala  48k   A7=True   ventaja=+0.0052  corrRR=+0.0048 corrRL=+0.0100  monoS=   6.02 dB
  dos_voces  buena 64k   A7=False  ventaja=-1.0394  corrRR=+0.9954 corrRL=-0.0440  monoS=   6.40 dB
  dos_voces  mala  64k   A7=True   ventaja=-0.0001  corrRR=+0.0051 corrRL=+0.0050  monoS=   6.02 dB
  dos_voces  buena 96k   A7=False  ventaja=-1.0414  corrRR=+0.9976 corrRL=-0.0438  monoS=   6.40 dB
  dos_voces  mala  96k   A7=True   ventaja=+0.0022  corrRR=+0.0044 corrRL=+0.0066  monoS=   6.02 dB

=== ¿hay hueco, agregando las nueve tasas? ===
S2_ventaja|menos de 48k              malas [0.0027, 1.0266]  buenas [-1.017, 0.7982]  hueco -0.7955
S2_ventaja|todas                     malas [-0.0001, 1.0266]  buenas [-1.0414, 0.7982]  hueco -0.7983
S2_corr_Rsal_Rent|menos de 48k       malas [-0.0473, 0.0069]  buenas [0.1341, 0.9992]  hueco 0.1272
S2_corr_Rsal_Rent|todas              malas [-0.0473, 0.0069]  buenas [0.1341, 1.0]  hueco 0.1272
S1_mono_sal_dB|menos de 48k          malas [-inf, 6.02]  buenas [-inf, 6.45]  hueco -inf
S1_mono_sal_dB|todas                 malas [-inf, 6.02]  buenas [-inf, 6.45]  hueco -inf
S4_corr_Lsal_Rsal|menos de 48k       malas [0.0037, 1.0]  buenas [-0.0489, 1.0]  hueco -0.9963
S4_corr_Lsal_Rsal|todas              malas [0.0037, 1.0]  buenas [-0.0489, 1.0]  hueco -0.9963

=== corr(Rsal,Rent) POR TASA — donde estaba la respuesta ===
  6k    peor mala +0.0029   mejor buena +0.1341   hueco +0.1312   SEPARA
  8k    peor mala +0.0059   mejor buena +0.1552   hueco +0.1493   SEPARA
  12k   peor mala +0.0054   mejor buena +0.1653   hueco +0.1599   SEPARA
  16k   peor mala +0.0048   mejor buena +0.1706   hueco +0.1658   SEPARA
  24k   peor mala +0.0069   mejor buena +0.7625   hueco +0.7556   SEPARA
  32k   peor mala +0.0009   mejor buena +0.9661   hueco +0.9652   SEPARA
  48k   peor mala +0.0048   mejor buena +0.9735   hueco +0.9687   SEPARA
  64k   peor mala +0.0051   mejor buena +0.9954   hueco +0.9903   SEPARA
  96k   peor mala +0.0044   mejor buena +0.9976   hueco +0.9932   SEPARA

=== umbral sobre corr(Rsal,Rent) — qué atrapa y qué rompe ===
  < 0.00  atrapa 15/27  falsos positivos  0/45  toca 0 malas-sin-perdida
  < 0.01  atrapa 23/27  falsos positivos  0/45  toca 1 malas-sin-perdida
  < 0.01  atrapa 27/27  falsos positivos  0/45  toca 3 malas-sin-perdida
  < 0.01  atrapa 27/27  falsos positivos  0/45  toca 4 malas-sin-perdida
  < 0.02  atrapa 27/27  falsos positivos  0/45  toca 8 malas-sin-perdida
  < 0.05  atrapa 27/27  falsos positivos  0/45  toca 8 malas-sin-perdida
  < 0.08  atrapa 27/27  falsos positivos  0/45  toca 8 malas-sin-perdida
  < 0.10  atrapa 27/27  falsos positivos  0/45  toca 8 malas-sin-perdida
  < 0.12  atrapa 27/27  falsos positivos  0/45  toca 8 malas-sin-perdida
  < 0.13  atrapa 27/27  falsos positivos  0/45  toca 8 malas-sin-perdida
  < 0.15  atrapa 27/27  falsos positivos  1/45  toca 8 malas-sin-perdida
  < 0.20  atrapa 27/27  falsos positivos  4/45  toca 8 malas-sin-perdida
  < 0.30  atrapa 27/27  falsos positivos  4/45  toca 8 malas-sin-perdida
  < 0.50  atrapa 27/27  falsos positivos  4/45  toca 8 malas-sin-perdida
  < 0.70  atrapa 27/27  falsos positivos 12/45  toca 8 malas-sin-perdida
