[c4a] G1_set_video_bitrate ...
       -> DEADLOCK (sin respuesta en 18.0s) (18018.1 ms) huerf=[]
[c4a] G1_set_video_frame_rate ...
       -> DEADLOCK (sin respuesta en 18.0s) (18181.8 ms) huerf=[]
[c4a] G1_set_video_audio_track_codec ...
       -> DEADLOCK (sin respuesta en 18.0s) (18167.7 ms) huerf=[19760]
[c4a] G1_set_video_audio_track_bitrate ...
       -> DEADLOCK (sin respuesta en 18.0s) (18159.0 ms) huerf=[]
[c4a] G1_set_video_audio_track_sample_rate ...
       -> DEADLOCK (sin respuesta en 18.0s) (18239.7 ms) huerf=[]
[c4a] G1_set_video_audio_track_channels ...
       -> DEADLOCK (sin respuesta en 18.0s) (18031.0 ms) huerf=[]
[c4a] G2_convert_video_format ...
       -> RESPONDE(error-ff) (94.8 ms) huerf=[]
[c4a] G2_change_aspect_ratio ...
       -> DEADLOCK (sin respuesta en 18.0s) (18242.5 ms) huerf=[]
[c4a] G2_change_video_speed ...
       -> DEADLOCK (sin respuesta en 18.0s) (18222.1 ms) huerf=[]
[c4a] G2_add_text_overlay ...
       -> DEADLOCK (sin respuesta en 18.0s) (18180.1 ms) huerf=[]
[c4a] G2_add_image_overlay ...
       -> RESPONDE(error-ff) (102.6 ms) huerf=[]
[c4a] G2_add_subtitles ...
       -> RESPONDE(error-ff) (94.6 ms) huerf=[]
[c4a] G2_add_basic_transitions ...
       -> DEADLOCK (sin respuesta en 18.0s) (18019.5 ms) huerf=[]
[c4a] G2_extract_audio_from_video ...
       -> DEADLOCK (sin respuesta en 18.0s) (18134.1 ms) huerf=[]
[c4a] G2_convert_audio_format ...
       -> DEADLOCK (sin respuesta en 18.0s) (18179.3 ms) huerf=[]
[c4a] G2_convert_audio_properties ...
       -> DEADLOCK (sin respuesta en 18.0s) (18196.6 ms) huerf=[]
[c4a] G2_set_audio_bitrate ...
       -> DEADLOCK (sin respuesta en 18.0s) (18191.5 ms) huerf=[]
[c4a] G2_set_audio_sample_rate ...
       -> DEADLOCK (sin respuesta en 18.0s) (18178.7 ms) huerf=[]
[c4a] G2_set_audio_channels ...
       -> DEADLOCK (sin respuesta en 18.0s) (18151.8 ms) huerf=[]
[c4a] G2_remove_silence ...
       -> DEADLOCK (sin respuesta en 18.0s) (18197.6 ms) huerf=[]
[c4a] G3_add_b_roll ...
       -> DEADLOCK (sin respuesta en 18.0s) (18134.5 ms) huerf=[14828]
RESUMEN: {'DEADLOCK': 18, 'RESPONDE(error-ff)': 3}
