{"etiqueta": "A_tess", "motor": "tesseract", "dispositivo": "cpu", "binario": "C:\\Program Files\\Tesseract-OCR\\tesseract.exe", "version": "tesseract v5.5.0.20241111", "tessdata": "C:\\Program Files\\PDFgear\\tessdata", "lang": "spa", "psms": ["3", "6", "11"], "user_defined_dpi": null, "nota": "la resolucion sale de la CABECERA del PNG", "idiomas_disponibles": ["chi_sim", "chi_sim_vert", "chi_tra", "chi_tra_vert", "deu", "eng", "fra", "ita", "jpn", "jpn_vert", "kor", "kor_vert", "nld", "por", "rus", "spa"], "patron": "*.png", "imgdir": "D:\\Work\\research\\FileX\\bench\\salidas-phys-multi\\img", "reps": 9, "testigo_monohilo_ini_ms": 25.96, "testigo_proceso_ini_ms": 29.07}
escaneado_d3__k1000__ninguno__psm03                        CERac=  100.00%  B=    0  rc=0  est=242  dia=None    271.8 ms  det=si
escaneado_d3__k1000__ninguno__psm06                        CERac=  113.92%  B=  133  rc=0  est=None  dia=None    869.1 ms  det=si
escaneado_d3__k1000__ninguno__psm11                        CERac=  188.61%  B=  263  rc=0  est=242  dia=None    433.3 ms  det=si
escaneado_d3__k1000__p0070__psm03                          CERac=  100.00%  B=    0  rc=0  est=242  dia=None    246.0 ms  det=si
escaneado_d3__k1000__p0070__psm06                          CERac=  113.92%  B=  133  rc=0  est=None  dia=None    903.7 ms  det=si
escaneado_d3__k1000__p0070__psm11                          CERac=  188.61%  B=  263  rc=0  est=242  dia=None    448.1 ms  det=si
escaneado_d3__k1000__p0100__psm03                          CERac=  100.00%  B=    0  rc=0  est=None  dia=None    253.8 ms  det=si
escaneado_d3__k1000__p0100__psm06                          CERac=  113.92%  B=  133  rc=0  est=None  dia=None    917.8 ms  det=si
escaneado_d3__k1000__p0100__psm11                          CERac=  183.54%  B=  257  rc=0  est=None  dia=None    447.4 ms  det=si
escaneado_d3__k1000__p0150__psm03                          CERac=  100.00%  B=    0  rc=0  est=None  dia=None    270.3 ms  det=si
escaneado_d3__k1000__p0150__psm06                          CERac=  113.92%  B=  133  rc=0  est=None  dia=None    998.3 ms  det=si
escaneado_d3__k1000__p0150__psm11                          CERac=  188.61%  B=  263  rc=0  est=None  dia=None    615.9 ms  det=si
escaneado_d3__k1000__p0200__psm03                          CERac=  100.00%  B=    0  rc=0  est=None  dia=None    317.9 ms  det=si
escaneado_d3__k1000__p0200__psm06                          CERac=  113.92%  B=  133  rc=0  est=None  dia=None   1009.7 ms  det=si
escaneado_d3__k1000__p0200__psm11                          CERac=  188.61%  B=  263  rc=0  est=None  dia=None    482.6 ms  det=si
escaneado_d3__k1000__p0300__psm03                          CERac=  100.00%  B=    0  rc=0  est=None  dia=None    288.5 ms  det=si
escaneado_d3__k1000__p0300__psm06                          CERac=  113.92%  B=  133  rc=0  est=None  dia=None    982.3 ms  det=si
escaneado_d3__k1000__p0300__psm11                          CERac=  189.87%  B=  264  rc=0  est=None  dia=None    495.3 ms  det=si
escaneado_d3__k1000__p0400__psm03                          CERac=  100.00%  B=    0  rc=0  est=None  dia=None    262.0 ms  det=si
escaneado_d3__k1000__p0400__psm06                          CERac=  113.92%  B=  133  rc=0  est=None  dia=None    964.0 ms  det=si
escaneado_d3__k1000__p0400__psm11                          CERac=  187.34%  B=  263  rc=0  est=None  dia=None    440.9 ms  det=si
escaneado_d3__k1000__sin__psm03                            CERac=  100.00%  B=    0  rc=0  est=242  dia=None    257.9 ms  det=si
escaneado_d3__k1000__sin__psm06                            CERac=  113.92%  B=  133  rc=0  est=None  dia=None   1015.9 ms  det=si
escaneado_d3__k1000__sin__psm11                            CERac=  188.61%  B=  263  rc=0  est=242  dia=None    501.0 ms  det=si
escaneado_d4__k1000__ninguno__psm03                        CERac=   84.56%  B=  107  rc=0  est=403  dia=36    300.9 ms  det=si
escaneado_d4__k1000__ninguno__psm06                        CERac=   55.70%  B=  346  rc=0  est=None  dia=None    386.4 ms  det=si
escaneado_d4__k1000__ninguno__psm11                        CERac=   41.78%  B=  485  rc=0  est=403  dia=36    445.0 ms  det=si
escaneado_d4__k1000__p0070__psm03                          CERac=   84.56%  B=  107  rc=0  est=403  dia=36    291.4 ms  det=si
escaneado_d4__k1000__p0070__psm06                          CERac=   55.70%  B=  346  rc=0  est=None  dia=None    474.0 ms  det=si
escaneado_d4__k1000__p0070__psm11                          CERac=   41.78%  B=  485  rc=0  est=403  dia=36    536.2 ms  det=si
escaneado_d4__k1000__p0100__psm03                          CERac=   98.49%  B=   10  rc=0  est=None  dia=None    229.9 ms  det=si
escaneado_d4__k1000__p0100__psm06                          CERac=   55.70%  B=  346  rc=0  est=None  dia=None    396.2 ms  det=si
escaneado_d4__k1000__p0100__psm11                          CERac=   43.79%  B=  448  rc=0  est=None  dia=None    464.3 ms  det=si
escaneado_d4__k1000__p0150__psm03                          CERac=   51.34%  B=  357  rc=0  est=None  dia=51    399.1 ms  det=si
escaneado_d4__k1000__p0150__psm06                          CERac=   55.70%  B=  346  rc=0  est=None  dia=None    384.2 ms  det=si
escaneado_d4__k1000__p0150__psm11                          CERac=   40.60%  B=  480  rc=0  est=None  dia=51    461.2 ms  det=si
escaneado_d4__k1000__p0200__psm03                          CERac=   51.34%  B=  359  rc=0  est=None  dia=51    388.5 ms  det=si
escaneado_d4__k1000__p0200__psm06                          CERac=   55.70%  B=  346  rc=0  est=None  dia=None    433.6 ms  det=si
escaneado_d4__k1000__p0200__psm11                          CERac=   40.60%  B=  480  rc=0  est=None  dia=51    472.8 ms  det=si
escaneado_d4__k1000__p0300__psm03                          CERac=   84.56%  B=  107  rc=0  est=None  dia=30    316.2 ms  det=si
escaneado_d4__k1000__p0300__psm06                          CERac=   55.70%  B=  346  rc=0  est=None  dia=None    424.0 ms  det=si
escaneado_d4__k1000__p0300__psm11                          CERac=   41.61%  B=  474  rc=0  est=None  dia=30    469.2 ms  det=si
escaneado_d4__k1000__p0400__psm03                          CERac=   84.56%  B=  107  rc=0  est=None  dia=36    288.9 ms  det=si
escaneado_d4__k1000__p0400__psm06                          CERac=   55.70%  B=  346  rc=0  est=None  dia=None    396.3 ms  det=si
escaneado_d4__k1000__p0400__psm11                          CERac=   41.78%  B=  485  rc=0  est=None  dia=36    461.2 ms  det=si
escaneado_d4__k1000__sin__psm03                            CERac=   84.56%  B=  107  rc=0  est=403  dia=36    282.6 ms  det=si
escaneado_d4__k1000__sin__psm06                            CERac=   55.70%  B=  346  rc=0  est=None  dia=None    390.9 ms  det=si
escaneado_d4__k1000__sin__psm11                            CERac=   41.78%  B=  485  rc=0  est=403  dia=36    470.8 ms  det=si
escaneado_d4__k1250__ninguno__psm03                        CERac=   85.57%  B=  114  rc=0  est=503  dia=124    447.2 ms  det=si
escaneado_d4__k1250__ninguno__psm06                        CERac=   60.23%  B=  320  rc=0  est=None  dia=None    400.3 ms  det=si
escaneado_d4__k1250__ninguno__psm11                        CERac=   45.30%  B=  493  rc=0  est=503  dia=124    522.9 ms  det=si
escaneado_d4__k1250__p0070__psm03                          CERac=   85.57%  B=  114  rc=0  est=503  dia=124    445.8 ms  det=si
escaneado_d4__k1250__p0070__psm06                          CERac=   60.23%  B=  320  rc=0  est=None  dia=None    586.4 ms  det=si
escaneado_d4__k1250__p0070__psm11                          CERac=   45.30%  B=  493  rc=0  est=503  dia=124    566.9 ms  det=si
escaneado_d4__k1250__p0100__psm03                          CERac=  100.00%  B=    0  rc=0  est=None  dia=None    355.0 ms  det=si
escaneado_d4__k1250__p0100__psm06                          CERac=   60.23%  B=  320  rc=0  est=None  dia=None    456.8 ms  det=si
escaneado_d4__k1250__p0100__psm11                          CERac=   49.83%  B=  485  rc=0  est=None  dia=None    517.2 ms  det=si
escaneado_d4__k1250__p0150__psm03                          CERac=  100.00%  B=    0  rc=0  est=None  dia=None    381.2 ms  det=si
escaneado_d4__k1250__p0150__psm06                          CERac=   60.23%  B=  320  rc=0  est=None  dia=None    514.0 ms  det=si
escaneado_d4__k1250__p0150__psm11                          CERac=   44.63%  B=  453  rc=0  est=None  dia=None    583.5 ms  det=si
escaneado_d4__k1250__p0200__psm03                          CERac=  100.00%  B=    0  rc=0  est=None  dia=None    371.6 ms  det=si
escaneado_d4__k1250__p0200__psm06                          CERac=   60.23%  B=  320  rc=0  est=None  dia=None    497.1 ms  det=si
escaneado_d4__k1250__p0200__psm11                          CERac=   44.63%  B=  453  rc=0  est=None  dia=None    526.2 ms  det=si
escaneado_d4__k1250__p0250__psm03                          CERac=   89.60%  B=   81  rc=0  est=None  dia=98    404.5 ms  det=si
escaneado_d4__k1250__p0250__psm06                          CERac=   60.23%  B=  320  rc=0  est=None  dia=None    463.1 ms  det=si
escaneado_d4__k1250__p0250__psm11                          CERac=   46.31%  B=  472  rc=0  est=None  dia=98    631.3 ms  det=si
escaneado_d4__k1250__p0300__psm03                          CERac=   89.60%  B=   81  rc=0  est=None  dia=98    337.7 ms  det=si
escaneado_d4__k1250__p0300__psm06                          CERac=   60.23%  B=  320  rc=0  est=None  dia=None    466.6 ms  det=si
escaneado_d4__k1250__p0300__psm11                          CERac=   46.31%  B=  472  rc=0  est=None  dia=98    589.0 ms  det=si
escaneado_d4__k1250__p0400__psm03                          CERac=   88.59%  B=   89  rc=0  est=None  dia=98    436.6 ms  det=si
escaneado_d4__k1250__p0400__psm06                          CERac=   60.23%  B=  320  rc=0  est=None  dia=None    465.9 ms  det=si
escaneado_d4__k1250__p0400__psm11                          CERac=   48.83%  B=  483  rc=0  est=None  dia=98    662.8 ms  det=si
escaneado_d4__k1250__sin__psm03                            CERac=   85.57%  B=  114  rc=0  est=503  dia=124    505.0 ms  det=si
escaneado_d4__k1250__sin__psm06                            CERac=   60.23%  B=  320  rc=0  est=None  dia=None    484.9 ms  det=si
escaneado_d4__k1250__sin__psm11                            CERac=   45.30%  B=  493  rc=0  est=503  dia=124    582.6 ms  det=si
escaneado_d4c__k1000__ninguno__psm03                       CERac=    1.85%  B=  610  rc=0  est=281  dia=None    473.9 ms  det=si
escaneado_d4c__k1000__ninguno__psm06                       CERac=    6.54%  B=  586  rc=0  est=None  dia=None    421.2 ms  det=si
escaneado_d4c__k1000__ninguno__psm11                       CERac=    2.68%  B=  625  rc=0  est=281  dia=None    557.7 ms  det=si
escaneado_d4c__k1000__p0070__psm03                         CERac=    1.85%  B=  610  rc=0  est=281  dia=None    457.5 ms  det=si
escaneado_d4c__k1000__p0070__psm06                         CERac=    6.54%  B=  586  rc=0  est=None  dia=None    433.5 ms  det=si
escaneado_d4c__k1000__p0070__psm11                         CERac=    2.68%  B=  625  rc=0  est=281  dia=None    555.6 ms  det=si
escaneado_d4c__k1000__p0100__psm03                         CERac=   11.24%  B=  556  rc=0  est=None  dia=None    484.4 ms  det=si
escaneado_d4c__k1000__p0100__psm06                         CERac=    6.54%  B=  586  rc=0  est=None  dia=None    448.5 ms  det=si
escaneado_d4c__k1000__p0100__psm11                         CERac=    3.36%  B=  624  rc=0  est=None  dia=None    502.6 ms  det=si
escaneado_d4c__k1000__p0150__psm03                         CERac=    1.85%  B=  610  rc=0  est=None  dia=None    468.9 ms  det=si
escaneado_d4c__k1000__p0150__psm06                         CERac=    6.54%  B=  586  rc=0  est=None  dia=None    486.7 ms  det=si
escaneado_d4c__k1000__p0150__psm11                         CERac=    2.68%  B=  625  rc=0  est=None  dia=None    529.5 ms  det=si
escaneado_d4c__k1000__p0200__psm03                         CERac=    1.85%  B=  610  rc=0  est=None  dia=None    695.6 ms  det=si
escaneado_d4c__k1000__p0200__psm06                         CERac=    6.54%  B=  586  rc=0  est=None  dia=None    475.3 ms  det=si
escaneado_d4c__k1000__p0200__psm11                         CERac=    2.68%  B=  625  rc=0  est=None  dia=None    495.1 ms  det=si
escaneado_d4c__k1000__p0300__psm03                         CERac=    7.72%  B=  576  rc=0  est=None  dia=None    515.1 ms  det=si
escaneado_d4c__k1000__p0300__psm06                         CERac=    6.54%  B=  586  rc=0  est=None  dia=None    454.4 ms  det=si
escaneado_d4c__k1000__p0300__psm11                         CERac=   10.07%  B=  584  rc=0  est=None  dia=None    702.9 ms  det=si
escaneado_d4c__k1000__p0400__psm03                         CERac=    1.85%  B=  610  rc=0  est=None  dia=None    656.5 ms  det=si
escaneado_d4c__k1000__p0400__psm06                         CERac=    6.54%  B=  586  rc=0  est=None  dia=None    417.0 ms  det=si
escaneado_d4c__k1000__p0400__psm11                         CERac=    2.68%  B=  625  rc=0  est=None  dia=None    501.2 ms  det=si
escaneado_d4c__k1000__sin__psm03                           CERac=    1.85%  B=  610  rc=0  est=281  dia=None    508.7 ms  det=si
escaneado_d4c__k1000__sin__psm06                           CERac=    6.54%  B=  586  rc=0  est=None  dia=None    450.6 ms  det=si
escaneado_d4c__k1000__sin__psm11                           CERac=    2.68%  B=  625  rc=0  est=281  dia=None    477.0 ms  det=si
escaneado_d4e__k1000__ninguno__psm03                       CERac=  100.00%  B=    0  rc=0  est=187  dia=None    746.8 ms  det=si
escaneado_d4e__k1000__ninguno__psm06                       CERac=  190.10%  B= 1463  rc=0  est=None  dia=None   5621.1 ms  det=si
escaneado_d4e__k1000__ninguno__psm11                       CERac=  119.30%  B= 1335  rc=0  est=187  dia=None   2001.1 ms  det=si
escaneado_d4e__k1000__p0070__psm03                         CERac=  100.00%  B=    0  rc=0  est=187  dia=None    806.1 ms  det=si
escaneado_d4e__k1000__p0070__psm06                         CERac=  190.10%  B= 1463  rc=0  est=None  dia=None   5404.3 ms  det=si
escaneado_d4e__k1000__p0070__psm11                         CERac=  119.30%  B= 1335  rc=0  est=187  dia=None   1889.8 ms  det=si
escaneado_d4e__k1000__p0100__psm03                         CERac=  100.00%  B=    0  rc=0  est=None  dia=None    740.3 ms  det=si
escaneado_d4e__k1000__p0100__psm06                         CERac=  190.10%  B= 1463  rc=0  est=None  dia=None   5114.8 ms  det=si
escaneado_d4e__k1000__p0100__psm11                         CERac=  123.83%  B= 1384  rc=0  est=None  dia=None   2014.3 ms  det=si
escaneado_d4e__k1000__p0150__psm03                         CERac=  100.00%  B=    0  rc=0  est=None  dia=None    775.6 ms  det=si
escaneado_d4e__k1000__p0150__psm06                         CERac=  190.10%  B= 1463  rc=0  est=None  dia=None   5040.5 ms  det=si
escaneado_d4e__k1000__p0150__psm11                         CERac=  118.96%  B= 1335  rc=0  est=None  dia=None   1809.1 ms  det=si
escaneado_d4e__k1000__p0200__psm03                         CERac=  100.00%  B=    0  rc=0  est=None  dia=None    642.0 ms  det=si
escaneado_d4e__k1000__p0200__psm06                         CERac=  190.10%  B= 1463  rc=0  est=None  dia=None   5210.1 ms  det=si
escaneado_d4e__k1000__p0200__psm11                         CERac=  119.30%  B= 1335  rc=0  est=None  dia=None   1822.8 ms  det=si
escaneado_d4e__k1000__p0300__psm03                         CERac=  100.00%  B=    0  rc=0  est=None  dia=None    718.7 ms  det=si
escaneado_d4e__k1000__p0300__psm06                         CERac=  190.10%  B= 1463  rc=0  est=None  dia=None   5095.8 ms  det=si
escaneado_d4e__k1000__p0300__psm11                         CERac=  120.13%  B= 1347  rc=0  est=None  dia=None   1930.3 ms  det=si
escaneado_d4e__k1000__p0400__psm03                         CERac=  100.00%  B=    0  rc=0  est=None  dia=None    706.2 ms  det=si
escaneado_d4e__k1000__p0400__psm06                         CERac=  190.10%  B= 1463  rc=0  est=None  dia=None   5052.3 ms  det=si
escaneado_d4e__k1000__p0400__psm11                         CERac=  121.81%  B= 1358  rc=0  est=None  dia=None   1904.8 ms  det=si
escaneado_d4e__k1000__sin__psm03                           CERac=  100.00%  B=    0  rc=0  est=187  dia=None    663.1 ms  det=si
escaneado_d4e__k1000__sin__psm06                           CERac=  190.10%  B= 1463  rc=0  est=None  dia=None   4992.6 ms  det=si
escaneado_d4e__k1000__sin__psm11                           CERac=  119.30%  B= 1335  rc=0  est=187  dia=None   1797.6 ms  det=si
escaneado_d4f__k1000__ninguno__psm03                       CERac=    2.35%  B=  610  rc=0  est=331  dia=None    462.7 ms  det=si
escaneado_d4f__k1000__ninguno__psm06                       CERac=    6.04%  B=  582  rc=0  est=None  dia=None    436.9 ms  det=si
escaneado_d4f__k1000__ninguno__psm11                       CERac=    2.68%  B=  626  rc=0  est=331  dia=None    455.0 ms  det=si
escaneado_d4f__k1000__p0070__psm03                         CERac=    2.35%  B=  610  rc=0  est=331  dia=None    457.6 ms  det=si
escaneado_d4f__k1000__p0070__psm06                         CERac=    6.04%  B=  582  rc=0  est=None  dia=None    405.8 ms  det=si
escaneado_d4f__k1000__p0070__psm11                         CERac=    2.68%  B=  626  rc=0  est=331  dia=None    450.8 ms  det=si
escaneado_d4f__k1000__p0100__psm03                         CERac=    2.35%  B=  612  rc=0  est=None  dia=None    482.1 ms  det=si
escaneado_d4f__k1000__p0100__psm06                         CERac=    6.04%  B=  582  rc=0  est=None  dia=None    433.0 ms  det=si
escaneado_d4f__k1000__p0100__psm11                         CERac=    2.85%  B=  626  rc=0  est=None  dia=None    505.7 ms  det=si
escaneado_d4f__k1000__p0150__psm03                         CERac=    2.35%  B=  610  rc=0  est=None  dia=None    493.2 ms  det=si
escaneado_d4f__k1000__p0150__psm06                         CERac=    6.04%  B=  582  rc=0  est=None  dia=None    415.1 ms  det=si
escaneado_d4f__k1000__p0150__psm11                         CERac=    2.68%  B=  626  rc=0  est=None  dia=None    482.1 ms  det=si
escaneado_d4f__k1000__p0200__psm03                         CERac=    2.35%  B=  610  rc=0  est=None  dia=None    508.0 ms  det=si
escaneado_d4f__k1000__p0200__psm06                         CERac=    6.04%  B=  582  rc=0  est=None  dia=None    446.7 ms  det=si
escaneado_d4f__k1000__p0200__psm11                         CERac=    2.68%  B=  626  rc=0  est=None  dia=None    496.4 ms  det=si
escaneado_d4f__k1000__p0240__psm03                         CERac=    2.35%  B=  610  rc=0  est=None  dia=None    482.1 ms  det=si
escaneado_d4f__k1000__p0240__psm06                         CERac=    6.04%  B=  582  rc=0  est=None  dia=None    414.1 ms  det=si
escaneado_d4f__k1000__p0240__psm11                         CERac=    2.68%  B=  626  rc=0  est=None  dia=None    488.8 ms  det=si
escaneado_d4f__k1000__p0300__psm03                         CERac=    2.35%  B=  610  rc=0  est=None  dia=None    492.2 ms  det=si
escaneado_d4f__k1000__p0300__psm06                         CERac=    6.04%  B=  582  rc=0  est=None  dia=None    442.5 ms  det=si
escaneado_d4f__k1000__p0300__psm11                         CERac=    2.68%  B=  626  rc=0  est=None  dia=None    523.4 ms  det=si
escaneado_d4f__k1000__p0400__psm03                         CERac=    2.35%  B=  610  rc=0  est=None  dia=None    514.1 ms  det=si
escaneado_d4f__k1000__p0400__psm06                         CERac=    6.04%  B=  582  rc=0  est=None  dia=None    432.0 ms  det=si
escaneado_d4f__k1000__p0400__psm11                         CERac=    2.68%  B=  626  rc=0  est=None  dia=None    508.2 ms  det=si
escaneado_d4f__k1000__sin__psm03                           CERac=    2.35%  B=  610  rc=0  est=331  dia=None    489.3 ms  det=si
escaneado_d4f__k1000__sin__psm06                           CERac=    6.04%  B=  582  rc=0  est=None  dia=None    451.4 ms  det=si
escaneado_d4f__k1000__sin__psm11                           CERac=    2.68%  B=  626  rc=0  est=331  dia=None    468.1 ms  det=si
{"evento": "fin", "celdas": 150, "testigo_monohilo_ini_ms": 25.96, "testigo_monohilo_fin_ms": 23.22, "deriva_monohilo": 0.89, "testigo_proceso_ini_ms": 29.07, "testigo_proceso_fin_ms": 27.13, "nivel_proceso_vs_reposo": 1.09, "testigo_topado": false, "deterministas": 150, "rc_distinto_de_cero": 0, "con_error": 0}
