[32m[INFO] 2026-08-23 06:46:24,429 [RapidOCR] base.py:23: Using engine_name: onnxruntime[0m
[32m[INFO] 2026-08-23 06:46:25,243 [RapidOCR] download_file.py:60: File exists and is valid: D:\Work\research\FileX\.venv-ai\Lib\site-packages\rapidocr\models\PP-OCRv6_det_small.onnx[0m
[32m[INFO] 2026-08-23 06:46:25,243 [RapidOCR] main.py:63: Using D:\Work\research\FileX\.venv-ai\Lib\site-packages\rapidocr\models\PP-OCRv6_det_small.onnx[0m
[32m[INFO] 2026-08-23 06:46:25,503 [RapidOCR] base.py:23: Using engine_name: onnxruntime[0m
[32m[INFO] 2026-08-23 06:46:25,504 [RapidOCR] download_file.py:60: File exists and is valid: D:\Work\research\FileX\.venv-ai\Lib\site-packages\rapidocr\models\ch_ppocr_mobile_v2.0_cls_mobile.onnx[0m
[32m[INFO] 2026-08-23 06:46:25,505 [RapidOCR] main.py:63: Using D:\Work\research\FileX\.venv-ai\Lib\site-packages\rapidocr\models\ch_ppocr_mobile_v2.0_cls_mobile.onnx[0m
[32m[INFO] 2026-08-23 06:46:25,573 [RapidOCR] base.py:23: Using engine_name: onnxruntime[0m
[32m[INFO] 2026-08-23 06:46:25,594 [RapidOCR] download_file.py:60: File exists and is valid: D:\Work\research\FileX\.venv-ai\Lib\site-packages\rapidocr\models\PP-OCRv6_rec_small.onnx[0m
[32m[INFO] 2026-08-23 06:46:25,594 [RapidOCR] main.py:63: Using D:\Work\research\FileX\.venv-ai\Lib\site-packages\rapidocr\models\PP-OCRv6_rec_small.onnx[0m
{"etiqueta": "rapidocr_cuda_array", "motor": "rapidocr", "dispositivo": "cuda", "via": "array", "patron": "*.png", "imgdir": "D:\\Work\\research\\FileX\\bench\\salidas-phys-multi\\img", "carga_frio_s": 4.59, "vram_base_MiB": 3452, "vram_tras_carga_MiB": 3637, "quietud_pct": 35, "flag": "SUCIA(pico 35%)", "modelos": {"det_efectivo": {"mean": "[0.485, 0.456, 0.406]", "std": "[0.229, 0.224, 0.225]", "limit_side_len": 736, "limit_type": "min"}, "config": {"Det.engine_type": "onnxruntime", "Rec.engine_type": "onnxruntime", "Det.lang_type": "ch", "Rec.lang_type": "ch", "Det.ocr_version": "PP-OCRv6", "Rec.ocr_version": "PP-OCRv6", "Det.model_type": "small", "Rec.model_type": "small", "Det.mean": "[0.485, 0.456, 0.406]", "Det.std": "[0.229, 0.224, 0.225]", "Det.thresh": "0.2", "Det.box_thresh": "0.45", "Det.unclip_ratio": "1.4", "Det.max_candidates": "3000"}}, "reps": 9, "testigo_monohilo_ini_ms": 23.21, "testigo_proceso_ini_ms": 867.95, "muestreo_vram": false}
escaneado_d3__k1000__ninguno                   CERac=   3.80%  ch=   80  cajas=   3  md5=8eb21b3e      82.0 ms  det=si
escaneado_d3__k1000__p0070                     CERac=   3.80%  ch=   80  cajas=   3  md5=8eb21b3e      85.4 ms  det=si
escaneado_d3__k1000__p0100                     CERac=   3.80%  ch=   80  cajas=   3  md5=8eb21b3e      83.6 ms  det=si
escaneado_d3__k1000__p0150                     CERac=   3.80%  ch=   80  cajas=   3  md5=8eb21b3e      81.9 ms  det=si
escaneado_d3__k1000__p0200                     CERac=   3.80%  ch=   80  cajas=   3  md5=8eb21b3e      79.0 ms  det=si
escaneado_d3__k1000__p0300                     CERac=   3.80%  ch=   80  cajas=   3  md5=8eb21b3e      78.0 ms  det=si
escaneado_d3__k1000__p0400                     CERac=   3.80%  ch=   80  cajas=   3  md5=8eb21b3e      80.0 ms  det=si
escaneado_d3__k1000__sin                       CERac=   3.80%  ch=   80  cajas=   3  md5=8eb21b3e      77.1 ms  det=si
escaneado_d4__k1000__ninguno                   CERac=  18.62%  ch=  543  cajas=  12  md5=ef754402     398.7 ms  det=si
escaneado_d4__k1000__p0070                     CERac=  18.62%  ch=  543  cajas=  12  md5=ef754402     386.4 ms  det=si
escaneado_d4__k1000__p0100                     CERac=  18.62%  ch=  543  cajas=  12  md5=ef754402     378.9 ms  det=si
escaneado_d4__k1000__p0150                     CERac=  18.62%  ch=  543  cajas=  12  md5=ef754402     374.4 ms  det=si
escaneado_d4__k1000__p0200                     CERac=  18.62%  ch=  543  cajas=  12  md5=ef754402     409.4 ms  det=si
escaneado_d4__k1000__p0300                     CERac=  18.62%  ch=  543  cajas=  12  md5=ef754402     385.7 ms  det=si
escaneado_d4__k1000__p0400                     CERac=  18.62%  ch=  543  cajas=  12  md5=ef754402     371.7 ms  det=si
escaneado_d4__k1000__sin                       CERac=  18.62%  ch=  543  cajas=  12  md5=ef754402     335.4 ms  det=si
escaneado_d4__k1250__ninguno                   CERac=  24.50%  ch=  483  cajas=  10  md5=857c26f9     564.6 ms  det=si
escaneado_d4__k1250__p0070                     CERac=  24.50%  ch=  483  cajas=  10  md5=857c26f9     546.2 ms  det=si
escaneado_d4__k1250__p0100                     CERac=  24.50%  ch=  483  cajas=  10  md5=857c26f9     541.8 ms  det=si
escaneado_d4__k1250__p0150                     CERac=  24.50%  ch=  483  cajas=  10  md5=857c26f9     566.4 ms  det=si
escaneado_d4__k1250__p0200                     CERac=  24.50%  ch=  483  cajas=  10  md5=857c26f9     556.6 ms  det=si
escaneado_d4__k1250__p0250                     CERac=  24.50%  ch=  483  cajas=  10  md5=857c26f9     536.1 ms  det=si
escaneado_d4__k1250__p0300                     CERac=  24.50%  ch=  483  cajas=  10  md5=857c26f9     552.5 ms  det=si
escaneado_d4__k1250__p0400                     CERac=  24.50%  ch=  483  cajas=  10  md5=857c26f9     545.5 ms  det=si
escaneado_d4__k1250__sin                       CERac=  24.50%  ch=  483  cajas=  10  md5=857c26f9     541.1 ms  det=si
escaneado_d4c__k1000__ninguno                  CERac=   1.17%  ch=  607  cajas=  12  md5=a7b70077     367.2 ms  det=si
escaneado_d4c__k1000__p0070                    CERac=   1.17%  ch=  607  cajas=  12  md5=a7b70077     358.7 ms  det=si
escaneado_d4c__k1000__p0100                    CERac=   1.17%  ch=  607  cajas=  12  md5=a7b70077     400.7 ms  det=si
escaneado_d4c__k1000__p0150                    CERac=   1.17%  ch=  607  cajas=  12  md5=a7b70077     384.6 ms  det=si
escaneado_d4c__k1000__p0200                    CERac=   1.17%  ch=  607  cajas=  12  md5=a7b70077     323.9 ms  det=si
escaneado_d4c__k1000__p0300                    CERac=   1.17%  ch=  607  cajas=  12  md5=a7b70077     335.8 ms  det=si
escaneado_d4c__k1000__p0400                    CERac=   1.17%  ch=  607  cajas=  12  md5=a7b70077     343.3 ms  det=si
escaneado_d4c__k1000__sin                      CERac=   1.17%  ch=  607  cajas=  12  md5=a7b70077     353.9 ms  det=si
escaneado_d4e__k1000__ninguno                  CERac=  77.52%  ch=  149  cajas=   6  md5=dac5393e     453.8 ms  det=si
escaneado_d4e__k1000__p0070                    CERac=  77.52%  ch=  149  cajas=   6  md5=dac5393e     473.4 ms  det=si
escaneado_d4e__k1000__p0100                    CERac=  77.52%  ch=  149  cajas=   6  md5=dac5393e     452.6 ms  det=si
escaneado_d4e__k1000__p0150                    CERac=  77.52%  ch=  149  cajas=   6  md5=dac5393e     471.3 ms  det=si
escaneado_d4e__k1000__p0200                    CERac=  77.52%  ch=  149  cajas=   6  md5=dac5393e     462.4 ms  det=si
escaneado_d4e__k1000__p0300                    CERac=  77.52%  ch=  149  cajas=   6  md5=dac5393e     462.8 ms  det=si
escaneado_d4e__k1000__p0400                    CERac=  77.52%  ch=  149  cajas=   6  md5=dac5393e     447.4 ms  det=si
escaneado_d4e__k1000__sin                      CERac=  77.52%  ch=  149  cajas=   6  md5=dac5393e     514.3 ms  det=si
escaneado_d4f__k1000__ninguno                  CERac=   7.05%  ch=  577  cajas=  12  md5=61909c44     420.8 ms  det=si
escaneado_d4f__k1000__p0070                    CERac=   7.05%  ch=  577  cajas=  12  md5=61909c44     402.7 ms  det=si
escaneado_d4f__k1000__p0100                    CERac=   7.05%  ch=  577  cajas=  12  md5=61909c44     399.3 ms  det=si
escaneado_d4f__k1000__p0150                    CERac=   7.05%  ch=  577  cajas=  12  md5=61909c44     407.8 ms  det=si
escaneado_d4f__k1000__p0200                    CERac=   7.05%  ch=  577  cajas=  12  md5=61909c44     414.0 ms  det=si
escaneado_d4f__k1000__p0240                    CERac=   7.05%  ch=  577  cajas=  12  md5=61909c44     402.9 ms  det=si
escaneado_d4f__k1000__p0300                    CERac=   7.05%  ch=  577  cajas=  12  md5=61909c44     408.1 ms  det=si
escaneado_d4f__k1000__p0400                    CERac=   7.05%  ch=  577  cajas=  12  md5=61909c44     400.8 ms  det=si
escaneado_d4f__k1000__sin                      CERac=   7.05%  ch=  577  cajas=  12  md5=61909c44     406.2 ms  det=si
{"evento": "fin", "vram_pico_MiB": 3637, "vram_base_MiB": 3452, "coste_propio_MiB": 185, "pico_util_pct": 0, "testigo_monohilo_ini_ms": 23.21, "testigo_monohilo_fin_ms": 22.53, "deriva_monohilo": 0.97, "testigo_proceso_ini_ms": 867.95, "testigo_proceso_fin_ms": 27.56, "nivel_proceso_vs_reposo": 32.57, "testigo_topado": false, "vram_tope_MiB": 11300}
