[32mCreating model: ('PP-LCNet_x1_0_textline_ori', None, None)[0m
[32mModel files already exist. Using cached files. To redownload, please delete the directory manually: `C:\Users\krato\.paddlex\official_models\PP-LCNet_x1_0_textline_ori`.[0m
WARNING: Logging before InitGoogleLogging() is written to STDERR
W0823 07:00:43.022830 27140 gpu_resources.cc:114] Please NOTE: device: 0, GPU Compute Capability: 8.6, Driver API Version: 12.8, Runtime API Version: 12.6
[32mCreating model: ('PP-OCRv6_medium_det', None, None)[0m
[32mModel files already exist. Using cached files. To redownload, please delete the directory manually: `C:\Users\krato\.paddlex\official_models\PP-OCRv6_medium_det`.[0m
[32mCreating model: ('PP-OCRv6_medium_rec', None, None)[0m
[32mModel files already exist. Using cached files. To redownload, please delete the directory manually: `C:\Users\krato\.paddlex\official_models\PP-OCRv6_medium_rec`.[0m
{"etiqueta": "paddleocr_cuda_array", "motor": "paddleocr", "dispositivo": "cuda", "via": "array", "patron": "*.png", "imgdir": "D:\\Work\\research\\FileX\\bench\\salidas-phys-multi\\img", "carga_frio_s": 5.67, "vram_base_MiB": 3275, "vram_tras_carga_MiB": 3546, "quietud_pct": 53, "flag": "SUCIA(pico 53%)", "modelos": {"paddle": "3.2.0", "kwargs": {"device": "gpu:0", "use_doc_orientation_classify": "False", "use_doc_unwarping": "False", "use_textline_orientation": "True"}, "params": {"doc_orientation_classify_model_name": "None", "doc_unwarping_model_name": "None", "text_detection_model_name": "PP-OCRv6_medium_det", "textline_orientation_model_name": "None", "text_recognition_model_name": "PP-OCRv6_medium_rec"}}, "reps": 9, "testigo_monohilo_ini_ms": 23.07, "testigo_proceso_ini_ms": 23.8, "muestreo_vram": false}
W0823 07:00:45.409154 27140 gpu_resources.cc:243] WARNING: device: 0. The installed Paddle is compiled with CUDNN 9.9, but CUDNN version in your machine is 9.5, which may cause serious incompatible bug. Please recompile or reinstall Paddle with compatible CUDNN version.
escaneado_d3__k1000__ninguno                   CERac=   2.53%  ch=   81  cajas=   3  md5=905c8589      78.4 ms  det=si
escaneado_d3__k1000__p0070                     CERac=   2.53%  ch=   81  cajas=   3  md5=905c8589      79.3 ms  det=si
escaneado_d3__k1000__p0100                     CERac=   2.53%  ch=   81  cajas=   3  md5=905c8589      77.6 ms  det=si
escaneado_d3__k1000__p0150                     CERac=   2.53%  ch=   81  cajas=   3  md5=905c8589      80.7 ms  det=si
escaneado_d3__k1000__p0200                     CERac=   2.53%  ch=   81  cajas=   3  md5=905c8589      79.1 ms  det=si
escaneado_d3__k1000__p0300                     CERac=   2.53%  ch=   81  cajas=   3  md5=905c8589      77.8 ms  det=si
escaneado_d3__k1000__p0400                     CERac=   2.53%  ch=   81  cajas=   3  md5=905c8589      79.0 ms  det=si
escaneado_d3__k1000__sin                       CERac=   2.53%  ch=   81  cajas=   3  md5=905c8589      76.6 ms  det=si
escaneado_d4__k1000__ninguno                   CERac=  19.30%  ch=  582  cajas=  12  md5=c6d90ed2     360.0 ms  det=si
escaneado_d4__k1000__p0070                     CERac=  19.30%  ch=  582  cajas=  12  md5=c6d90ed2     382.6 ms  det=si
escaneado_d4__k1000__p0100                     CERac=  19.30%  ch=  582  cajas=  12  md5=c6d90ed2     367.3 ms  det=si
escaneado_d4__k1000__p0150                     CERac=  19.30%  ch=  582  cajas=  12  md5=c6d90ed2     354.3 ms  det=si
escaneado_d4__k1000__p0200                     CERac=  19.30%  ch=  582  cajas=  12  md5=c6d90ed2     365.8 ms  det=si
escaneado_d4__k1000__p0300                     CERac=  19.30%  ch=  582  cajas=  12  md5=c6d90ed2     362.0 ms  det=si
escaneado_d4__k1000__p0400                     CERac=  19.30%  ch=  582  cajas=  12  md5=c6d90ed2     354.6 ms  det=si
escaneado_d4__k1000__sin                       CERac=  19.30%  ch=  582  cajas=  12  md5=c6d90ed2     349.5 ms  det=si
escaneado_d4__k1250__ninguno                   CERac=  13.09%  ch=  592  cajas=  12  md5=c358af83     479.2 ms  det=si
escaneado_d4__k1250__p0070                     CERac=  13.09%  ch=  592  cajas=  12  md5=c358af83     492.0 ms  det=si
escaneado_d4__k1250__p0100                     CERac=  13.09%  ch=  592  cajas=  12  md5=c358af83     492.1 ms  det=si
escaneado_d4__k1250__p0150                     CERac=  13.09%  ch=  592  cajas=  12  md5=c358af83     504.7 ms  det=si
escaneado_d4__k1250__p0200                     CERac=  13.09%  ch=  592  cajas=  12  md5=c358af83     486.3 ms  det=si
escaneado_d4__k1250__p0250                     CERac=  13.09%  ch=  592  cajas=  12  md5=c358af83     501.6 ms  det=si
escaneado_d4__k1250__p0300                     CERac=  13.09%  ch=  592  cajas=  12  md5=c358af83     494.6 ms  det=si
escaneado_d4__k1250__p0400                     CERac=  13.09%  ch=  592  cajas=  12  md5=c358af83     502.8 ms  det=si
escaneado_d4__k1250__sin                       CERac=  13.09%  ch=  592  cajas=  12  md5=c358af83     460.3 ms  det=si
escaneado_d4c__k1000__ninguno                  CERac=   0.67%  ch=  608  cajas=  12  md5=98185e71     361.1 ms  det=si
escaneado_d4c__k1000__p0070                    CERac=   0.67%  ch=  608  cajas=  12  md5=98185e71     380.0 ms  det=si
escaneado_d4c__k1000__p0100                    CERac=   0.67%  ch=  608  cajas=  12  md5=98185e71     368.1 ms  det=si
escaneado_d4c__k1000__p0150                    CERac=   0.67%  ch=  608  cajas=  12  md5=98185e71     406.9 ms  det=si
escaneado_d4c__k1000__p0200                    CERac=   0.67%  ch=  608  cajas=  12  md5=98185e71     399.0 ms  det=si
escaneado_d4c__k1000__p0300                    CERac=   0.67%  ch=  608  cajas=  12  md5=98185e71     392.2 ms  det=si
escaneado_d4c__k1000__p0400                    CERac=   0.67%  ch=  608  cajas=  12  md5=98185e71     387.6 ms  det=si
escaneado_d4c__k1000__sin                      CERac=   0.67%  ch=  608  cajas=  12  md5=98185e71     384.8 ms  det=si
escaneado_d4e__k1000__ninguno                  CERac=  70.97%  ch=  194  cajas=   5  md5=1053b37d     266.8 ms  det=si
escaneado_d4e__k1000__p0070                    CERac=  70.97%  ch=  194  cajas=   5  md5=1053b37d     267.0 ms  det=si
escaneado_d4e__k1000__p0100                    CERac=  70.97%  ch=  194  cajas=   5  md5=1053b37d     273.8 ms  det=si
escaneado_d4e__k1000__p0150                    CERac=  70.97%  ch=  194  cajas=   5  md5=1053b37d     273.7 ms  det=si
escaneado_d4e__k1000__p0200                    CERac=  70.97%  ch=  194  cajas=   5  md5=1053b37d     267.3 ms  det=si
escaneado_d4e__k1000__p0300                    CERac=  70.97%  ch=  194  cajas=   5  md5=1053b37d     260.8 ms  det=si
escaneado_d4e__k1000__p0400                    CERac=  70.97%  ch=  194  cajas=   5  md5=1053b37d     263.4 ms  det=si
escaneado_d4e__k1000__sin                      CERac=  70.97%  ch=  194  cajas=   5  md5=1053b37d     266.7 ms  det=si
escaneado_d4f__k1000__ninguno                  CERac=   0.67%  ch=  609  cajas=  12  md5=a5b121ed     444.8 ms  det=si
escaneado_d4f__k1000__p0070                    CERac=   0.67%  ch=  609  cajas=  12  md5=a5b121ed     459.2 ms  det=si
escaneado_d4f__k1000__p0100                    CERac=   0.67%  ch=  609  cajas=  12  md5=a5b121ed     423.2 ms  det=si
escaneado_d4f__k1000__p0150                    CERac=   0.67%  ch=  609  cajas=  12  md5=a5b121ed     419.0 ms  det=si
escaneado_d4f__k1000__p0200                    CERac=   0.67%  ch=  609  cajas=  12  md5=a5b121ed     424.7 ms  det=si
escaneado_d4f__k1000__p0240                    CERac=   0.67%  ch=  609  cajas=  12  md5=a5b121ed     422.7 ms  det=si
escaneado_d4f__k1000__p0300                    CERac=   0.67%  ch=  609  cajas=  12  md5=a5b121ed     456.1 ms  det=si
escaneado_d4f__k1000__p0400                    CERac=   0.67%  ch=  609  cajas=  12  md5=a5b121ed     455.0 ms  det=si
escaneado_d4f__k1000__sin                      CERac=   0.67%  ch=  609  cajas=  12  md5=a5b121ed     452.0 ms  det=si
{"evento": "fin", "vram_pico_MiB": 3546, "vram_base_MiB": 3275, "coste_propio_MiB": 271, "pico_util_pct": 0, "testigo_monohilo_ini_ms": 23.07, "testigo_monohilo_fin_ms": 22.85, "deriva_monohilo": 0.99, "testigo_proceso_ini_ms": 23.8, "testigo_proceso_fin_ms": 25.99, "nivel_proceso_vs_reposo": 0.98, "testigo_topado": false, "vram_tope_MiB": 11300}
