{"etiqueta": "easyocr_cuda_ruta", "motor": "easyocr", "dispositivo": "cuda", "via": "ruta", "patron": "*.png", "imgdir": "D:\\Work\\research\\FileX\\bench\\salidas-phys-multi\\img", "carga_frio_s": 6.26, "vram_base_MiB": 3293, "vram_tras_carga_MiB": 3540, "quietud_pct": 36, "flag": "SUCIA(pico 36%)", "modelos": {"torch": "2.6.0+cu124", "torch_cuda": "True"}, "reps": 9, "testigo_monohilo_ini_ms": 23.5, "testigo_proceso_ini_ms": 26.72, "muestreo_vram": false}
escaneado_d3__k1000__ninguno                   CERac=  54.43%  ch=   68  cajas=   7  md5=5e421ea9     305.8 ms  det=si
escaneado_d3__k1000__p0070                     CERac=  54.43%  ch=   68  cajas=   7  md5=5e421ea9     293.5 ms  det=si
escaneado_d3__k1000__p0100                     CERac=  54.43%  ch=   68  cajas=   7  md5=5e421ea9     302.1 ms  det=si
escaneado_d3__k1000__p0150                     CERac=  54.43%  ch=   68  cajas=   7  md5=5e421ea9     304.8 ms  det=si
escaneado_d3__k1000__p0200                     CERac=  54.43%  ch=   68  cajas=   7  md5=5e421ea9     291.9 ms  det=si
escaneado_d3__k1000__p0300                     CERac=  54.43%  ch=   68  cajas=   7  md5=5e421ea9     299.1 ms  det=si
escaneado_d3__k1000__p0400                     CERac=  54.43%  ch=   68  cajas=   7  md5=5e421ea9     315.5 ms  det=si
escaneado_d3__k1000__sin                       CERac=  54.43%  ch=   68  cajas=   7  md5=5e421ea9     308.9 ms  det=si
escaneado_d4__k1000__ninguno                   CERac=  61.41%  ch=  423  cajas=  37  md5=af03bd12    1185.0 ms  det=si
escaneado_d4__k1000__p0070                     CERac=  61.41%  ch=  423  cajas=  37  md5=af03bd12    1160.1 ms  det=si
escaneado_d4__k1000__p0100                     CERac=  61.41%  ch=  423  cajas=  37  md5=af03bd12    1154.8 ms  det=si
escaneado_d4__k1000__p0150                     CERac=  61.41%  ch=  423  cajas=  37  md5=af03bd12    1240.7 ms  det=si
escaneado_d4__k1000__p0200                     CERac=  61.41%  ch=  423  cajas=  37  md5=af03bd12    1188.9 ms  det=si
escaneado_d4__k1000__p0300                     CERac=  61.41%  ch=  423  cajas=  37  md5=af03bd12    1182.9 ms  det=si
escaneado_d4__k1000__p0400                     CERac=  61.41%  ch=  423  cajas=  37  md5=af03bd12    1143.3 ms  det=si
escaneado_d4__k1000__sin                       CERac=  61.41%  ch=  423  cajas=  37  md5=af03bd12    1125.8 ms  det=si
escaneado_d4__k1250__ninguno                   CERac=  61.41%  ch=  428  cajas=  34  md5=b9dce339    1351.9 ms  det=si
escaneado_d4__k1250__p0070                     CERac=  61.41%  ch=  428  cajas=  34  md5=b9dce339    1400.0 ms  det=si
escaneado_d4__k1250__p0100                     CERac=  61.41%  ch=  428  cajas=  34  md5=b9dce339    1594.1 ms  det=si
escaneado_d4__k1250__p0150                     CERac=  61.41%  ch=  428  cajas=  34  md5=b9dce339    1530.8 ms  det=si
escaneado_d4__k1250__p0200                     CERac=  61.41%  ch=  428  cajas=  34  md5=b9dce339    1371.2 ms  det=si
escaneado_d4__k1250__p0250                     CERac=  61.41%  ch=  428  cajas=  34  md5=b9dce339    1340.7 ms  det=si
escaneado_d4__k1250__p0300                     CERac=  61.41%  ch=  428  cajas=  34  md5=b9dce339    1500.1 ms  det=si
escaneado_d4__k1250__p0400                     CERac=  61.41%  ch=  428  cajas=  34  md5=b9dce339    1406.3 ms  det=si
escaneado_d4__k1250__sin                       CERac=  61.41%  ch=  428  cajas=  34  md5=b9dce339    1511.0 ms  det=si
escaneado_d4c__k1000__ninguno                  CERac=  15.10%  ch=  586  cajas=  26  md5=0d853de3    1109.9 ms  det=si
escaneado_d4c__k1000__p0070                    CERac=  15.10%  ch=  586  cajas=  26  md5=0d853de3    1180.5 ms  det=si
escaneado_d4c__k1000__p0100                    CERac=  15.10%  ch=  586  cajas=  26  md5=0d853de3    1178.3 ms  det=si
escaneado_d4c__k1000__p0150                    CERac=  15.10%  ch=  586  cajas=  26  md5=0d853de3    1151.5 ms  det=si
escaneado_d4c__k1000__p0200                    CERac=  15.10%  ch=  586  cajas=  26  md5=0d853de3    1102.0 ms  det=si
escaneado_d4c__k1000__p0300                    CERac=  15.10%  ch=  586  cajas=  26  md5=0d853de3    1195.5 ms  det=si
escaneado_d4c__k1000__p0400                    CERac=  15.10%  ch=  586  cajas=  26  md5=0d853de3    1205.1 ms  det=si
escaneado_d4c__k1000__sin                      CERac=  15.10%  ch=  586  cajas=  26  md5=0d853de3    1102.2 ms  det=si
escaneado_d4e__k1000__ninguno                  CERac=  73.32%  ch=  333  cajas=  22  md5=034010f4    1038.1 ms  det=si
escaneado_d4e__k1000__p0070                    CERac=  73.32%  ch=  333  cajas=  22  md5=034010f4    1159.7 ms  det=si
escaneado_d4e__k1000__p0100                    CERac=  73.32%  ch=  333  cajas=  22  md5=034010f4    1099.4 ms  det=si
escaneado_d4e__k1000__p0150                    CERac=  73.32%  ch=  333  cajas=  22  md5=034010f4    1124.7 ms  det=si
escaneado_d4e__k1000__p0200                    CERac=  73.32%  ch=  333  cajas=  22  md5=034010f4    1125.4 ms  det=si
escaneado_d4e__k1000__p0300                    CERac=  73.32%  ch=  333  cajas=  22  md5=034010f4    1075.3 ms  det=si
escaneado_d4e__k1000__p0400                    CERac=  73.32%  ch=  333  cajas=  22  md5=034010f4    1088.9 ms  det=si
escaneado_d4e__k1000__sin                      CERac=  73.32%  ch=  333  cajas=  22  md5=034010f4    1100.8 ms  det=si
escaneado_d4f__k1000__ninguno                  CERac=  17.95%  ch=  593  cajas=  30  md5=095ce4a5    1502.7 ms  det=si
escaneado_d4f__k1000__p0070                    CERac=  17.95%  ch=  593  cajas=  30  md5=095ce4a5    1471.3 ms  det=si
escaneado_d4f__k1000__p0100                    CERac=  17.95%  ch=  593  cajas=  30  md5=095ce4a5    1527.9 ms  det=si
escaneado_d4f__k1000__p0150                    CERac=  17.95%  ch=  593  cajas=  30  md5=095ce4a5    1553.5 ms  det=si
escaneado_d4f__k1000__p0200                    CERac=  17.95%  ch=  593  cajas=  30  md5=095ce4a5    1297.7 ms  det=si
escaneado_d4f__k1000__p0240                    CERac=  17.95%  ch=  593  cajas=  30  md5=095ce4a5    1428.3 ms  det=si
escaneado_d4f__k1000__p0300                    CERac=  17.95%  ch=  593  cajas=  30  md5=095ce4a5    1377.6 ms  det=si
escaneado_d4f__k1000__p0400                    CERac=  17.95%  ch=  593  cajas=  30  md5=095ce4a5    1415.5 ms  det=si
escaneado_d4f__k1000__sin                      CERac=  17.95%  ch=  593  cajas=  30  md5=095ce4a5    1404.1 ms  det=si
{"evento": "fin", "vram_pico_MiB": 3540, "vram_base_MiB": 3293, "coste_propio_MiB": 247, "pico_util_pct": 0, "testigo_monohilo_ini_ms": 23.5, "testigo_monohilo_fin_ms": 22.5, "deriva_monohilo": 0.96, "testigo_proceso_ini_ms": 26.72, "testigo_proceso_fin_ms": 167.73, "nivel_proceso_vs_reposo": 6.29, "testigo_topado": false, "vram_tope_MiB": 11300}
