{"etiqueta": "easyocr_cuda_array", "motor": "easyocr", "dispositivo": "cuda", "via": "array", "patron": "*.png", "imgdir": "D:\\Work\\research\\FileX\\bench\\salidas-phys-multi\\img", "carga_frio_s": 7.25, "vram_base_MiB": 3453, "vram_tras_carga_MiB": 3633, "quietud_pct": 37, "flag": "SUCIA(pico 37%)", "modelos": {"torch": "2.6.0+cu124", "torch_cuda": "True"}, "reps": 9, "testigo_monohilo_ini_ms": 23.38, "testigo_proceso_ini_ms": 30.47, "muestreo_vram": false}
escaneado_d3__k1000__ninguno                   CERac=  54.43%  ch=   68  cajas=   7  md5=5e421ea9     281.2 ms  det=si
escaneado_d3__k1000__p0070                     CERac=  54.43%  ch=   68  cajas=   7  md5=5e421ea9     306.1 ms  det=si
escaneado_d3__k1000__p0100                     CERac=  54.43%  ch=   68  cajas=   7  md5=5e421ea9     308.7 ms  det=si
escaneado_d3__k1000__p0150                     CERac=  54.43%  ch=   68  cajas=   7  md5=5e421ea9     287.3 ms  det=si
escaneado_d3__k1000__p0200                     CERac=  54.43%  ch=   68  cajas=   7  md5=5e421ea9     292.5 ms  det=si
escaneado_d3__k1000__p0300                     CERac=  54.43%  ch=   68  cajas=   7  md5=5e421ea9     304.4 ms  det=si
escaneado_d3__k1000__p0400                     CERac=  54.43%  ch=   68  cajas=   7  md5=5e421ea9     333.5 ms  det=si
escaneado_d3__k1000__sin                       CERac=  54.43%  ch=   68  cajas=   7  md5=5e421ea9     303.1 ms  det=si
escaneado_d4__k1000__ninguno                   CERac=  61.41%  ch=  423  cajas=  37  md5=af03bd12    1192.9 ms  det=si
escaneado_d4__k1000__p0070                     CERac=  61.41%  ch=  423  cajas=  37  md5=af03bd12    1123.6 ms  det=si
escaneado_d4__k1000__p0100                     CERac=  61.41%  ch=  423  cajas=  37  md5=af03bd12    1093.5 ms  det=si
escaneado_d4__k1000__p0150                     CERac=  61.41%  ch=  423  cajas=  37  md5=af03bd12    1107.6 ms  det=si
escaneado_d4__k1000__p0200                     CERac=  61.41%  ch=  423  cajas=  37  md5=af03bd12    1061.8 ms  det=si
escaneado_d4__k1000__p0300                     CERac=  61.41%  ch=  423  cajas=  37  md5=af03bd12    1042.8 ms  det=si
escaneado_d4__k1000__p0400                     CERac=  61.41%  ch=  423  cajas=  37  md5=af03bd12    1020.6 ms  det=si
escaneado_d4__k1000__sin                       CERac=  61.41%  ch=  423  cajas=  37  md5=af03bd12    1191.0 ms  det=si
escaneado_d4__k1250__ninguno                   CERac=  61.41%  ch=  428  cajas=  34  md5=b9dce339    1320.6 ms  det=si
escaneado_d4__k1250__p0070                     CERac=  61.41%  ch=  428  cajas=  34  md5=b9dce339    1321.7 ms  det=si
escaneado_d4__k1250__p0100                     CERac=  61.41%  ch=  428  cajas=  34  md5=b9dce339    1375.8 ms  det=si
escaneado_d4__k1250__p0150                     CERac=  61.41%  ch=  428  cajas=  34  md5=b9dce339    1263.4 ms  det=si
escaneado_d4__k1250__p0200                     CERac=  61.41%  ch=  428  cajas=  34  md5=b9dce339    1329.4 ms  det=si
escaneado_d4__k1250__p0250                     CERac=  61.41%  ch=  428  cajas=  34  md5=b9dce339    1315.9 ms  det=si
escaneado_d4__k1250__p0300                     CERac=  61.41%  ch=  428  cajas=  34  md5=b9dce339    1406.8 ms  det=si
escaneado_d4__k1250__p0400                     CERac=  61.41%  ch=  428  cajas=  34  md5=b9dce339    1367.9 ms  det=si
escaneado_d4__k1250__sin                       CERac=  61.41%  ch=  428  cajas=  34  md5=b9dce339    1362.1 ms  det=si
escaneado_d4c__k1000__ninguno                  CERac=  15.10%  ch=  586  cajas=  26  md5=0d853de3    1186.0 ms  det=si
escaneado_d4c__k1000__p0070                    CERac=  15.10%  ch=  586  cajas=  26  md5=0d853de3    1135.0 ms  det=si
escaneado_d4c__k1000__p0100                    CERac=  15.10%  ch=  586  cajas=  26  md5=0d853de3    1211.0 ms  det=si
escaneado_d4c__k1000__p0150                    CERac=  15.10%  ch=  586  cajas=  26  md5=0d853de3    1071.0 ms  det=si
escaneado_d4c__k1000__p0200                    CERac=  15.10%  ch=  586  cajas=  26  md5=0d853de3    1120.9 ms  det=si
escaneado_d4c__k1000__p0300                    CERac=  15.10%  ch=  586  cajas=  26  md5=0d853de3    1071.4 ms  det=si
escaneado_d4c__k1000__p0400                    CERac=  15.10%  ch=  586  cajas=  26  md5=0d853de3    1105.7 ms  det=si
escaneado_d4c__k1000__sin                      CERac=  15.10%  ch=  586  cajas=  26  md5=0d853de3    1100.3 ms  det=si
escaneado_d4e__k1000__ninguno                  CERac=  73.32%  ch=  333  cajas=  22  md5=034010f4    1085.2 ms  det=si
escaneado_d4e__k1000__p0070                    CERac=  73.32%  ch=  333  cajas=  22  md5=034010f4    1060.8 ms  det=si
escaneado_d4e__k1000__p0100                    CERac=  73.32%  ch=  333  cajas=  22  md5=034010f4    1088.4 ms  det=si
escaneado_d4e__k1000__p0150                    CERac=  73.32%  ch=  333  cajas=  22  md5=034010f4    1096.0 ms  det=si
escaneado_d4e__k1000__p0200                    CERac=  73.32%  ch=  333  cajas=  22  md5=034010f4    1056.6 ms  det=si
escaneado_d4e__k1000__p0300                    CERac=  73.32%  ch=  333  cajas=  22  md5=034010f4    1081.1 ms  det=si
escaneado_d4e__k1000__p0400                    CERac=  73.32%  ch=  333  cajas=  22  md5=034010f4    1092.6 ms  det=si
escaneado_d4e__k1000__sin                      CERac=  73.32%  ch=  333  cajas=  22  md5=034010f4    1094.9 ms  det=si
escaneado_d4f__k1000__ninguno                  CERac=  17.95%  ch=  593  cajas=  30  md5=095ce4a5    1326.1 ms  det=si
escaneado_d4f__k1000__p0070                    CERac=  17.95%  ch=  593  cajas=  30  md5=095ce4a5    1320.2 ms  det=si
escaneado_d4f__k1000__p0100                    CERac=  17.95%  ch=  593  cajas=  30  md5=095ce4a5    1253.0 ms  det=si
escaneado_d4f__k1000__p0150                    CERac=  17.95%  ch=  593  cajas=  30  md5=095ce4a5    1250.4 ms  det=si
escaneado_d4f__k1000__p0200                    CERac=  17.95%  ch=  593  cajas=  30  md5=095ce4a5    1327.5 ms  det=si
escaneado_d4f__k1000__p0240                    CERac=  17.95%  ch=  593  cajas=  30  md5=095ce4a5    1321.6 ms  det=si
escaneado_d4f__k1000__p0300                    CERac=  17.95%  ch=  593  cajas=  30  md5=095ce4a5    1327.2 ms  det=si
escaneado_d4f__k1000__p0400                    CERac=  17.95%  ch=  593  cajas=  30  md5=095ce4a5    1361.6 ms  det=si
escaneado_d4f__k1000__sin                      CERac=  17.95%  ch=  593  cajas=  30  md5=095ce4a5    1335.0 ms  det=si
{"evento": "fin", "vram_pico_MiB": 3633, "vram_base_MiB": 3453, "coste_propio_MiB": 180, "pico_util_pct": 0, "testigo_monohilo_ini_ms": 23.38, "testigo_monohilo_fin_ms": 24.37, "deriva_monohilo": 1.04, "testigo_proceso_ini_ms": 30.47, "testigo_proceso_fin_ms": 40.96, "nivel_proceso_vs_reposo": 1.54, "testigo_topado": false, "vram_tope_MiB": 11300}
