--- escaneado_d4__k1000__sin.png ---
{
 "open": [
  [
   "escaneado_d4__k1000__sin.png",
   "('rb',)"
  ]
 ],
 "cv2_imread": [
  [
   "escaneado_d4__k1000__sin.png",
   "(0,)"
  ]
 ],
 "cv2_imdecode": [],
 "pil_open": [
  [
   "escaneado_d4__k1000__sin.png'>"
  ]
 ],
 "skimage_imread": [
  [
   "escaneado_d4__k1000__sin.png"
  ]
 ],
 "info_consultada": [
  [
   "escaneado_d4__k1000__sin.png'>",
   "get",
   "interlace"
  ],
  [
   "escaneado_d4__k1000__sin.png'>",
   "contains",
   "exif"
  ],
  [
   "escaneado_d4__k1000__sin.png'>",
   "get",
   "exif"
  ],
  [
   "escaneado_d4__k1000__sin.png'>",
   "contains",
   "Raw profile type exif"
  ],
  [
   "escaneado_d4__k1000__sin.png'>",
   "get",
   "XML:com.adobe.xmp"
  ]
 ],
 "info_expuesta": [
  [
   "escaneado_d4__k1000__sin.png'>",
   {
    "aspect": "(200, 200)",
    "date:create": "2026-08-23T11:28:22+00:00",
    "date:modify": "2026-08-23T11:28:23+00:00",
    "date:timestamp": "2026-08-23T11:28:23+00:00",
    "pdf:HiResBoundingBox": "465.84x617.76+0+0",
    "pdf:Version": "PDF-1.3"
   }
  ]
 ]
}
--- escaneado_d4__k1000__p0400.png ---
{
 "open": [
  [
   "escaneado_d4__k1000__p0400.png",
   "('rb',)"
  ]
 ],
 "cv2_imread": [
  [
   "escaneado_d4__k1000__p0400.png",
   "(0,)"
  ]
 ],
 "cv2_imdecode": [],
 "pil_open": [
  [
   "escaneado_d4__k1000__p0400.png'>"
  ]
 ],
 "skimage_imread": [
  [
   "escaneado_d4__k1000__p0400.png"
  ]
 ],
 "info_consultada": [
  [
   "escaneado_d4__k1000__p0400.png'>",
   "get",
   "interlace"
  ],
  [
   "escaneado_d4__k1000__p0400.png'>",
   "contains",
   "exif"
  ],
  [
   "escaneado_d4__k1000__p0400.png'>",
   "get",
   "exif"
  ],
  [
   "escaneado_d4__k1000__p0400.png'>",
   "contains",
   "Raw profile type exif"
  ],
  [
   "escaneado_d4__k1000__p0400.png'>",
   "get",
   "XML:com.adobe.xmp"
  ]
 ],
 "info_expuesta": [
  [
   "escaneado_d4__k1000__p0400.png'>",
   {
    "date:create": "2026-08-23T11:28:22+00:00",
    "date:modify": "2026-08-23T11:28:23+00:00",
    "date:timestamp": "2026-08-23T11:28:23+00:00",
    "pdf:HiResBoundingBox": "465.84x617.76+0+0",
    "pdf:Version": "PDF-1.3",
    "dpi": "(399.9992, 399.9992)"
   }
  ]
 ]
}
{
  "meta": {
    "motor": "easyocr",
    "dispositivo": "cuda",
    "torch_cuda": "True",
    "api": [
      {
        "firma": "(image, decoder='greedy', beamWidth=5, batch_size=1, workers=0, allowlist=None, blocklist=None, detail=1, rotation_info=None, paragraph=False, min_size=20, contrast_ths=0.1, adjust_contrast=0.5, filter_ths=0.003, text_threshold=0.7, low_text=0.4, link_threshold=0.4, canvas_size=2560, mag_ratio=1.0, slope_ths=0.1, ycenter_ths=0.5, height_ths=0.5, width_ths=0.5, y_ths=0.5, x_ths=1.0, add_margin=0.1, threshold=0.2, bbox_min_score=0.2, bbox_min_size=3, max_candidates=0, output_format='standard')",
        "terminos_de_resolucion": [],
        "nombre": "Reader.readtext"
      },
      {
        "firma": "(self, lang_list, gpu=True, model_storage_directory=None, user_network_directory=None, detect_network='craft', recog_network='standard', download_enabled=True, detector=True, recognizer=True, verbose=True, quantize=True, cudnn_benchmark=False)",
        "terminos_de_resolucion": [],
        "nombre": "Reader.__init__"
      }
    ]
  },
  "eventos_de_carga": {
    "open": 0,
    "cv2_imread": 0,
    "cv2_imdecode": 0,
    "pil_open": 0,
    "skimage_imread": 0,
    "info_consultada": 0,
    "info_expuesta": 0
  }
}

-> D:\Work\research\FileX\bench\salidas-phys-multi\json\sonda_lectura_easyocr_cuda.json
