[32m[INFO] 2026-09-03 20:51:07,437 [RapidOCR] base.py:23: Using engine_name: torch[0m
[32m[INFO] 2026-09-03 20:51:07,566 [RapidOCR] device_config.py:64: Using GPU device with ID: 0[0m
[32m[INFO] 2026-09-03 20:51:07,578 [RapidOCR] download_file.py:60: File exists and is valid: D:\Work\research\FileX\.venv-ai\Lib\site-packages\rapidocr\models\PP-OCRv6_det_small.pth[0m
[32m[INFO] 2026-09-03 20:51:07,578 [RapidOCR] main.py:50: Using D:\Work\research\FileX\.venv-ai\Lib\site-packages\rapidocr\models\PP-OCRv6_det_small.pth[0m
[32m[INFO] 2026-09-03 20:51:07,966 [RapidOCR] base.py:23: Using engine_name: torch[0m
[32m[INFO] 2026-09-03 20:51:08,223 [RapidOCR] device_config.py:64: Using GPU device with ID: 0[0m
[32m[INFO] 2026-09-03 20:51:08,224 [RapidOCR] download_file.py:60: File exists and is valid: D:\Work\research\FileX\.venv-ai\Lib\site-packages\rapidocr\models\ch_ptocr_mobile_v2.0_cls_mobile.pth[0m
[32m[INFO] 2026-09-03 20:51:08,224 [RapidOCR] main.py:50: Using D:\Work\research\FileX\.venv-ai\Lib\site-packages\rapidocr\models\ch_ptocr_mobile_v2.0_cls_mobile.pth[0m
[32m[INFO] 2026-09-03 20:51:08,334 [RapidOCR] base.py:23: Using engine_name: torch[0m
[32m[INFO] 2026-09-03 20:51:08,335 [RapidOCR] device_config.py:64: Using GPU device with ID: 0[0m
[32m[INFO] 2026-09-03 20:51:08,352 [RapidOCR] download_file.py:60: File exists and is valid: D:\Work\research\FileX\.venv-ai\Lib\site-packages\rapidocr\models\PP-OCRv6_rec_small.pth[0m
[32m[INFO] 2026-09-03 20:51:08,352 [RapidOCR] main.py:50: Using D:\Work\research\FileX\.venv-ai\Lib\site-packages\rapidocr\models\PP-OCRv6_rec_small.pth[0m
Loading weights:   0%|          | 0/770 [00:00<?, ?it/s]Loading weights:  54%|█████▍    | 416/770 [00:00<00:00, 4130.77it/s]Loading weights: 100%|██████████| 770/770 [00:00<00:00, 5014.98it/s]
D:\Work\research\FileX\.venv-ai\Lib\site-packages\torch\nn\modules\conv.py:549: UserWarning: Using padding='same' with even kernel lengths and odd dilation may require a zero-padded copy of the input be created (Triggered internally at C:\actions-runner\_work\pytorch\pytorch\pytorch\aten\src\ATen\native\Convolution.cpp:1037.)
  return F.conv2d(
[32m[INFO] 2026-09-03 20:51:40,209 [RapidOCR] base.py:23: Using engine_name: torch[0m
[32m[INFO] 2026-09-03 20:51:40,213 [RapidOCR] device_config.py:64: Using GPU device with ID: 0[0m
[32m[INFO] 2026-09-03 20:51:40,222 [RapidOCR] download_file.py:60: File exists and is valid: D:\Work\research\FileX\.venv-ai\Lib\site-packages\rapidocr\models\PP-OCRv6_det_small.pth[0m
[32m[INFO] 2026-09-03 20:51:40,222 [RapidOCR] main.py:50: Using D:\Work\research\FileX\.venv-ai\Lib\site-packages\rapidocr\models\PP-OCRv6_det_small.pth[0m
[32m[INFO] 2026-09-03 20:51:40,526 [RapidOCR] base.py:23: Using engine_name: torch[0m
[32m[INFO] 2026-09-03 20:51:40,526 [RapidOCR] device_config.py:64: Using GPU device with ID: 0[0m
[32m[INFO] 2026-09-03 20:51:40,528 [RapidOCR] download_file.py:60: File exists and is valid: D:\Work\research\FileX\.venv-ai\Lib\site-packages\rapidocr\models\ch_ptocr_mobile_v2.0_cls_mobile.pth[0m
[32m[INFO] 2026-09-03 20:51:40,528 [RapidOCR] main.py:50: Using D:\Work\research\FileX\.venv-ai\Lib\site-packages\rapidocr\models\ch_ptocr_mobile_v2.0_cls_mobile.pth[0m
[32m[INFO] 2026-09-03 20:51:40,662 [RapidOCR] base.py:23: Using engine_name: torch[0m
[32m[INFO] 2026-09-03 20:51:40,663 [RapidOCR] device_config.py:64: Using GPU device with ID: 0[0m
[32m[INFO] 2026-09-03 20:51:40,680 [RapidOCR] download_file.py:60: File exists and is valid: D:\Work\research\FileX\.venv-ai\Lib\site-packages\rapidocr\models\PP-OCRv6_rec_small.pth[0m
[32m[INFO] 2026-09-03 20:51:40,680 [RapidOCR] main.py:50: Using D:\Work\research\FileX\.venv-ai\Lib\site-packages\rapidocr\models\PP-OCRv6_rec_small.pth[0m
Loading weights:   0%|          | 0/770 [00:00<?, ?it/s]Loading weights:  60%|██████    | 465/770 [00:00<00:00, 4629.63it/s]Loading weights: 100%|██████████| 770/770 [00:00<00:00, 5622.42it/s]
D:\Work\research\FileX\.venv-ai\Lib\site-packages\torch\nn\modules\conv.py:549: UserWarning: Using padding='same' with even kernel lengths and odd dilation may require a zero-padded copy of the input be created (Triggered internally at C:\actions-runner\_work\pytorch\pytorch\pytorch\aten\src\ATen\native\Convolution.cpp:1037.)
  return F.conv2d(
