tanteo img.png2webp                507 ms rc=0
tanteo img.png2avif               1411 ms rc=0
tanteo img.png2jpg                 321 ms rc=0
tanteo img.alpha2webp               64 ms rc=0
tanteo img.alpha2avif              196 ms rc=0
tanteo img.alpha2jpg.negro          43 ms rc=0
tanteo img.alpha2jpg.blanco         43 ms rc=0
tanteo img.tif16_2png             7881 ms rc=0
tanteo img.tif16_2png8            9471 ms rc=0
tanteo img.trivial2webp.lossy       43 ms rc=0
tanteo img.trivial2webp.lossless       43 ms rc=0
tanteo img.png2pdf.72              394 ms rc=0
tanteo img.png2pdf.150             527 ms rc=0
tanteo pdf.2png                    497 ms rc=0
tanteo pdf.2jpg                    307 ms rc=0
tanteo pdf.2tif                    272 ms rc=0
tanteo pdf.2pdf                    386 ms rc=0
tanteo pdf.rasterizado             406 ms rc=0
tanteo vid.mkv2mp4.default        3548 ms rc=0
tanteo vid.mkv2mp4.map0           7600 ms rc=0
tanteo vid.mkv2mp4.copy            211 ms rc=0
tanteo vid.mp42webm              51979 ms rc=0
tanteo vid.mp42mkv                 218 ms rc=0
tanteo vid.2gif.paleta            2280 ms rc=0
tanteo vid.2gif.naive              383 ms rc=0
tanteo vid.extraer.mp3             319 ms rc=0
tanteo vid.extraer.copy            314 ms rc=0
tanteo aud.wav2mp3                 163 ms rc=0
tanteo aud.wav2flac                 95 ms rc=0
tanteo aud.wav2opus                204 ms rc=0
tanteo aud.wav2aac                1193 ms rc=0
tanteo aud.flac2wav                229 ms rc=0
tanteo aud.flac2mp3                408 ms rc=0
tanteo aud.flac2opus               513 ms rc=0
tanteo aud.mp32wav                  91 ms rc=0
tanteo aud.mp32flac                385 ms rc=0
tanteo dat.csv2json                228 ms rc=0
tanteo dat.csv2csv                 190 ms rc=0
tanteo dat.json2csv                123 ms rc=0
img.png2webp           imagen   mediana     487.0 ms (n=9) rango 437-728 rc=0
img.png2avif           imagen   mediana    1256.9 ms (n=9) rango 1142-1511 rc=0
img.png2jpg            imagen   mediana     273.3 ms (n=9) rango 230-543 rc=0
img.alpha2webp         imagen   mediana      42.6 ms (n=9) rango 40-47 rc=0
img.alpha2avif         imagen   mediana     154.2 ms (n=9) rango 139-174 rc=0
img.alpha2jpg.negro    imagen   mediana      34.6 ms (n=9) rango 32-36 rc=0
img.alpha2jpg.blanco   imagen   mediana      35.8 ms (n=9) rango 34-38 rc=0
img.tif16_2png         imagen   mediana    6830.0 ms (n=5) rango 6146-7171 rc=0
img.tif16_2png8        imagen   mediana    5751.3 ms (n=3) rango 5063-6687 rc=0
img.trivial2webp.lossy imagen   mediana      30.1 ms (n=9) rango 29-150 rc=0
img.trivial2webp.lossless imagen   mediana      28.7 ms (n=9) rango 26-44 rc=0
img.png2pdf.72         pdf      mediana     265.6 ms (n=9) rango 235-1554 rc=0
img.png2pdf.150        pdf      mediana     255.7 ms (n=9) rango 242-428 rc=0
pdf.2png               pdf      mediana     262.5 ms (n=9) rango 256-331 rc=0
pdf.2jpg               pdf      mediana     243.1 ms (n=9) rango 229-272 rc=0
pdf.2tif               pdf      mediana     207.1 ms (n=9) rango 114-218 rc=0
pdf.2pdf               pdf      mediana     209.7 ms (n=9) rango 204-317 rc=0
pdf.rasterizado        pdf      mediana     119.4 ms (n=9) rango 112-129 rc=0
vid.mkv2mp4.default    video    mediana    2251.8 ms (n=5) rango 2133-4112 rc=0
vid.mkv2mp4.map0       video    mediana    2134.0 ms (n=5) rango 2039-2566 rc=0
vid.mkv2mp4.copy       video    mediana      65.6 ms (n=9) rango 60-68 rc=0
vid.mp42webm           video    mediana   48086.9 ms (n=3) rango 37878-50268 rc=0
vid.mp42mkv            video    mediana     245.3 ms (n=9) rango 174-1443 rc=0
vid.2gif.paleta        video    mediana    1886.8 ms (n=5) rango 1782-2177 rc=0
vid.2gif.naive         video    mediana     386.1 ms (n=9) rango 276-1593 rc=0
vid.extraer.mp3        video    mediana     578.6 ms (n=9) rango 381-3128 rc=0
vid.extraer.copy       video    mediana     114.9 ms (n=9) rango 66-816 rc=0
aud.wav2mp3            audio    mediana     142.0 ms (n=9) rango 127-158 rc=0
aud.wav2flac           audio    mediana      95.4 ms (n=9) rango 83-164 rc=0
aud.wav2opus           audio    mediana     165.3 ms (n=9) rango 149-317 rc=0
aud.wav2aac            audio    mediana    1068.1 ms (n=9) rango 818-1433 rc=0
aud.flac2wav           audio    mediana      96.6 ms (n=9) rango 64-184 rc=0
aud.flac2mp3           audio    mediana     159.2 ms (n=9) rango 133-292 rc=0
aud.flac2opus          audio    mediana     268.0 ms (n=9) rango 130-3410 rc=0
aud.mp32wav            audio    mediana     155.6 ms (n=9) rango 64-329 rc=0
aud.mp32flac           audio    mediana     158.6 ms (n=9) rango 101-362 rc=0
dat.csv2json           datos    mediana     122.5 ms (n=9) rango 70-981 rc=0
dat.csv2csv            datos    mediana     107.5 ms (n=9) rango 87-199 rc=0
dat.json2csv           datos    mediana      88.7 ms (n=9) rango 68-101 rc=0
borrado C:\Users\krato\AppData\Local\Temp\filex_conv
