07:57:03 3366,22
07:57:04 3366,28
07:57:05 3404,34
07:57:06 3365,20
07:57:08 3366,21
07:57:09 3366,17
07:57:10 3366,26
07:57:11 3365,34
07:57:12 3365,22
07:57:15 3406,50
07:57:16 3365,18
07:57:17 3365,14
07:57:19 3365,19
07:57:20 3365,44
07:57:21 3365,17
07:57:22 3365,57
07:57:23 3365,16
07:57:24 3365,16
07:57:25 3404,29
07:57:28 3369,18
07:57:31 3369,19
07:57:32 3369,18
07:57:33 3359,49
07:57:34 3358,21
07:57:37 3358,19
07:57:38 3358,50
07:57:39 3358,16
07:57:40 3356,53
07:57:41 3356,21
07:57:42 3356,20
07:57:43 3356,55
07:57:44 3356,16
07:57:46 3397,17
07:57:47 3356,15
07:57:48 3356,51
07:57:49 3356,17
07:57:50 3397,18
07:57:51 3356,19
07:57:52 3356,17
07:57:53 3356,30
07:57:55 3356,44
07:57:56 3356,23
07:57:57 3356,25
07:57:58 3314,28
07:57:59 3305,22
07:58:00 3354,20
07:58:01 3314,15
07:58:03 3334,25
07:58:04 3340,22
07:58:05 3381,39
07:58:06 3340,18
07:58:08 3337,23
07:58:09 3337,27
07:58:10 3337,22
07:58:11 3337,18
07:58:12 3337,22
07:58:13 3335,23
07:58:14 3334,50
07:58:15 3373,19
07:58:17 3334,19
07:58:18 3334,32
07:58:19 3334,19
07:58:20 3361,28
07:58:21 3345,19
07:58:22 3341,18
07:58:23 3335,30
07:58:24 3336,36
07:58:26 3336,24
07:58:27 3400,20
07:58:28 3398,18
07:58:29 3424,14
07:58:30 3448,19
07:58:31 3406,20
07:58:32 3345,26
07:58:34 3345,18
07:58:35 3331,22
07:58:36 3331,25
07:58:37 3307,45
07:58:38 3309,18
07:58:39 3309,18
07:58:40 3347,17
07:58:41 3308,18
07:58:43 3299,27
07:58:44 3299,50
07:58:45 3299,16
07:58:46 3294,17
07:58:47 3294,23
07:58:48 3294,43
07:58:49 3292,17
07:58:51 3335,16
