Input #0, matroska,webm, from 'D:/Work/research/FileX/corpus/video/patologico_2pistas.mkv':
  Metadata:
    ENCODER         : Lavf62.6.100
  Duration: 00:00:10.02, start: -0.023000, bitrate: 3255 kb/s
  Stream #0:0: Video: h264 (High), yuv420p(tv, progressive), 1280x720 [SAR 1:1 DAR 16:9], 30 fps, 30 tbr, 1k tbn
    Metadata:
      ENCODER         : Lavc62.15.100 libx264
      DURATION        : 00:00:10.000000000
  Stream #0:1: Audio: aac (LC), 44100 Hz, mono, fltp, start -0.023000 (default)
    Metadata:
      ENCODER         : Lavc62.15.100 aac
      DURATION        : 00:00:10.023000000
  Stream #0:2: Audio: aac (LC), 44100 Hz, mono, fltp, start -0.023000
    Metadata:
      ENCODER         : Lavc62.15.100 aac
      DURATION        : 00:00:10.023000000
Stream mapping:
  Stream #0:0 -> #0:0 (h264 (native) -> h264 (libx264))
  Stream #0:1 -> #0:1 (aac (native) -> aac (native))
Press [q] to stop, [?] for help
[libx264 @ 0000028749d1a800] using SAR=1/1
[libx264 @ 0000028749d1a800] using cpu capabilities: MMX2 SSE2Fast SSSE3 SSE4.2 AVX FMA3 BMI2 AVX2
[libx264 @ 0000028749d1a800] profile High, level 3.1, 4:2:0, 8-bit
[libx264 @ 0000028749d1a800] 264 - core 165 - H.264/MPEG-4 AVC codec - Copyleft 2003-2025 - http://www.videolan.org/x264.html - options: cabac=1 ref=3 deblock=1:0:0 analyse=0x3:0x113 me=hex subme=7 psy=1 psy_rd=1.00:0.00 mixed_ref=1 me_range=16 chroma_me=1 trellis=1 8x8dct=1 cqm=0 deadzone=21,11 fast_pskip=1 chroma_qp_offset=-2 threads=18 lookahead_threads=3 sliced_threads=0 nr=0 decimate=1 interlaced=0 bluray_compat=0 constrained_intra=0 bframes=3 b_pyramid=2 b_adapt=1 b_bias=0 direct=1 weightb=1 open_gop=0 weightp=2 keyint=250 keyint_min=25 scenecut=40 intra_refresh=0 rc_lookahead=40 rc=crf mbtree=1 crf=23.0 qcomp=0.60 qpmin=0 qpmax=69 qpstep=4 ip_ratio=1.40 aq=1:1.00
Output #0, mp4, to 'D:/Work/research/FileX/bench/salidas-referencia/video/2pistas_mkv-to-DEFAULT.mp4':
  Metadata:
    encoder         : Lavf62.6.100
  Stream #0:0: Video: h264 (avc1 / 0x31637661), yuv420p(tv, progressive), 1280x720 [SAR 1:1 DAR 16:9], q=2-31, 30 fps, 15360 tbn
    Metadata:
      encoder         : Lavc62.15.100 libx264
      DURATION        : 00:00:10.000000000
    Side data:
      CPB properties: bitrate max/min/avg: 0/0/0 buffer size: 0 vbv_delay: N/A
  Stream #0:1: Audio: aac (LC) (mp4a / 0x6134706D), 44100 Hz, mono, fltp, 128 kb/s (default)
    Metadata:
      encoder         : Lavc62.15.100 aac
      DURATION        : 00:00:10.023000000
frame=   44 fps=0.0 q=29.0 size=     512KiB time=00:00:01.43 bitrate=2926.5kbits/s speed=2.65x elapsed=0:00:00.54    frame=  145 fps=136 q=29.0 size=    1792KiB time=00:00:04.80 bitrate=3058.4kbits/s speed= 4.5x elapsed=0:00:01.06    frame=  172 fps=109 q=29.0 size=    2048KiB time=00:00:05.70 bitrate=2943.4kbits/s speed=3.62x elapsed=0:00:01.57    frame=  196 fps= 94 q=29.0 size=    2304KiB time=00:00:06.50 bitrate=2903.8kbits/s speed=3.11x elapsed=0:00:02.09    frame=  196 fps= 75 q=29.0 size=    2304KiB time=00:00:06.50 bitrate=2903.8kbits/s speed=2.49x elapsed=0:00:02.60    frame=  231 fps= 74 q=29.0 size=    2816KiB time=N/A bitrate=N/A speed=N/A elapsed=0:00:03.12    [out#0/mp4 @ 0000028749c9bec0] video:3637KiB audio:120KiB subtitle:0KiB other streams:0KiB global headers:0KiB muxing overhead: 0.308897%
frame=  300 fps= 89 q=-1.0 Lsize=    3769KiB time=00:00:09.96 bitrate=3097.9kbits/s speed=2.96x elapsed=0:00:03.37    
[libx264 @ 0000028749d1a800] frame I:2     Avg QP:16.54  size: 26840
[libx264 @ 0000028749d1a800] frame P:118   Avg QP:25.30  size: 15146
[libx264 @ 0000028749d1a800] frame B:180   Avg QP:29.72  size: 10461
[libx264 @ 0000028749d1a800] consecutive B-frames:  7.3% 21.3% 50.0% 21.3%
[libx264 @ 0000028749d1a800] mb I  I16..4: 46.0% 44.7%  9.3%
[libx264 @ 0000028749d1a800] mb P  I16..4:  0.6%  4.3%  1.2%  P16..4:  7.1%  4.1%  2.0%  0.0%  0.0%    skip:80.7%
[libx264 @ 0000028749d1a800] mb B  I16..4:  0.2%  0.5%  0.5%  B16..8:  9.9%  2.4%  0.7%  direct: 1.1%  skip:84.8%  L0:52.1% L1:39.3% BI: 8.6%
[libx264 @ 0000028749d1a800] 8x8 transform intra:61.0% inter:32.8%
[libx264 @ 0000028749d1a800] coded y,uvDC,uvAC intra: 26.1% 36.3% 35.5% inter: 3.3% 6.8% 6.0%
[libx264 @ 0000028749d1a800] i16 v,h,dc,p: 80% 17%  2%  1%
[libx264 @ 0000028749d1a800] i8 v,h,dc,ddl,ddr,vr,hd,vl,hu: 13% 14% 66%  2%  1%  1%  1%  1%  2%
[libx264 @ 0000028749d1a800] i4 v,h,dc,ddl,ddr,vr,hd,vl,hu: 19% 23% 33%  6%  3%  3%  4%  4%  5%
[libx264 @ 0000028749d1a800] i8c dc,h,v,p: 74% 12% 11%  4%
[libx264 @ 0000028749d1a800] Weighted P-Frames: Y:0.0% UV:0.0%
[libx264 @ 0000028749d1a800] ref P L0: 48.2%  7.5% 27.3% 17.0%
[libx264 @ 0000028749d1a800] ref B L0: 73.7% 21.1%  5.2%
[libx264 @ 0000028749d1a800] ref B L1: 98.2%  1.8%
[libx264 @ 0000028749d1a800] kb/s:2979.08
[aac @ 000002874bb2ea80] Qavg: 60524.117
Input #0, matroska,webm, from 'D:/Work/research/FileX/corpus/video/patologico_2pistas.mkv':
  Metadata:
    ENCODER         : Lavf62.6.100
  Duration: 00:00:10.02, start: -0.023000, bitrate: 3255 kb/s
  Stream #0:0: Video: h264 (High), yuv420p(tv, progressive), 1280x720 [SAR 1:1 DAR 16:9], 30 fps, 30 tbr, 1k tbn
    Metadata:
      ENCODER         : Lavc62.15.100 libx264
      DURATION        : 00:00:10.000000000
  Stream #0:1: Audio: aac (LC), 44100 Hz, mono, fltp, start -0.023000 (default)
    Metadata:
      ENCODER         : Lavc62.15.100 aac
      DURATION        : 00:00:10.023000000
  Stream #0:2: Audio: aac (LC), 44100 Hz, mono, fltp, start -0.023000
    Metadata:
      ENCODER         : Lavc62.15.100 aac
      DURATION        : 00:00:10.023000000
Stream mapping:
  Stream #0:0 -> #0:0 (h264 (native) -> h264 (libx264))
  Stream #0:1 -> #0:1 (aac (native) -> aac (native))
  Stream #0:2 -> #0:2 (aac (native) -> aac (native))
Press [q] to stop, [?] for help
[libx264 @ 0000020168084080] using SAR=1/1
[libx264 @ 0000020168084080] using cpu capabilities: MMX2 SSE2Fast SSSE3 SSE4.2 AVX FMA3 BMI2 AVX2
[libx264 @ 0000020168084080] profile High, level 3.1, 4:2:0, 8-bit
[libx264 @ 0000020168084080] 264 - core 165 - H.264/MPEG-4 AVC codec - Copyleft 2003-2025 - http://www.videolan.org/x264.html - options: cabac=1 ref=3 deblock=1:0:0 analyse=0x3:0x113 me=hex subme=7 psy=1 psy_rd=1.00:0.00 mixed_ref=1 me_range=16 chroma_me=1 trellis=1 8x8dct=1 cqm=0 deadzone=21,11 fast_pskip=1 chroma_qp_offset=-2 threads=18 lookahead_threads=3 sliced_threads=0 nr=0 decimate=1 interlaced=0 bluray_compat=0 constrained_intra=0 bframes=3 b_pyramid=2 b_adapt=1 b_bias=0 direct=1 weightb=1 open_gop=0 weightp=2 keyint=250 keyint_min=25 scenecut=40 intra_refresh=0 rc_lookahead=40 rc=crf mbtree=1 crf=23.0 qcomp=0.60 qpmin=0 qpmax=69 qpstep=4 ip_ratio=1.40 aq=1:1.00
Output #0, mp4, to 'D:/Work/research/FileX/bench/salidas-referencia/video/2pistas_mkv-to-MAP0.mp4':
  Metadata:
    encoder         : Lavf62.6.100
  Stream #0:0: Video: h264 (avc1 / 0x31637661), yuv420p(tv, progressive), 1280x720 [SAR 1:1 DAR 16:9], q=2-31, 30 fps, 15360 tbn
    Metadata:
      encoder         : Lavc62.15.100 libx264
      DURATION        : 00:00:10.000000000
    Side data:
      CPB properties: bitrate max/min/avg: 0/0/0 buffer size: 0 vbv_delay: N/A
  Stream #0:1: Audio: aac (LC) (mp4a / 0x6134706D), 44100 Hz, mono, fltp, 128 kb/s (default)
    Metadata:
      encoder         : Lavc62.15.100 aac
      DURATION        : 00:00:10.023000000
  Stream #0:2: Audio: aac (LC) (mp4a / 0x6134706D), 44100 Hz, mono, fltp, 128 kb/s
    Metadata:
      encoder         : Lavc62.15.100 aac
      DURATION        : 00:00:10.023000000
frame=   65 fps=0.0 q=29.0 size=     768KiB time=00:00:02.13 bitrate=2949.3kbits/s speed=4.18x elapsed=0:00:00.51    frame=  182 fps=176 q=29.0 size=    2304KiB time=00:00:06.03 bitrate=3128.4kbits/s speed=5.83x elapsed=0:00:01.03    [out#0/mp4 @ 00000201680de480] video:3637KiB audio:224KiB subtitle:0KiB other streams:0KiB global headers:0KiB muxing overhead: 0.337372%
frame=  300 fps=199 q=-1.0 Lsize=    3874KiB time=00:00:09.96 bitrate=3184.1kbits/s speed=6.59x elapsed=0:00:01.51    
[libx264 @ 0000020168084080] frame I:2     Avg QP:16.54  size: 26840
[libx264 @ 0000020168084080] frame P:118   Avg QP:25.30  size: 15146
[libx264 @ 0000020168084080] frame B:180   Avg QP:29.72  size: 10461
[libx264 @ 0000020168084080] consecutive B-frames:  7.3% 21.3% 50.0% 21.3%
[libx264 @ 0000020168084080] mb I  I16..4: 46.0% 44.7%  9.3%
[libx264 @ 0000020168084080] mb P  I16..4:  0.6%  4.3%  1.2%  P16..4:  7.1%  4.1%  2.0%  0.0%  0.0%    skip:80.7%
[libx264 @ 0000020168084080] mb B  I16..4:  0.2%  0.5%  0.5%  B16..8:  9.9%  2.4%  0.7%  direct: 1.1%  skip:84.8%  L0:52.1% L1:39.3% BI: 8.6%
[libx264 @ 0000020168084080] 8x8 transform intra:61.0% inter:32.8%
[libx264 @ 0000020168084080] coded y,uvDC,uvAC intra: 26.1% 36.3% 35.5% inter: 3.3% 6.8% 6.0%
[libx264 @ 0000020168084080] i16 v,h,dc,p: 80% 17%  2%  1%
[libx264 @ 0000020168084080] i8 v,h,dc,ddl,ddr,vr,hd,vl,hu: 13% 14% 66%  2%  1%  1%  1%  1%  2%
[libx264 @ 0000020168084080] i4 v,h,dc,ddl,ddr,vr,hd,vl,hu: 19% 23% 33%  6%  3%  3%  4%  4%  5%
[libx264 @ 0000020168084080] i8c dc,h,v,p: 74% 12% 11%  4%
[libx264 @ 0000020168084080] Weighted P-Frames: Y:0.0% UV:0.0%
[libx264 @ 0000020168084080] ref P L0: 48.2%  7.5% 27.3% 17.0%
[libx264 @ 0000020168084080] ref B L0: 73.7% 21.1%  5.2%
[libx264 @ 0000020168084080] ref B L1: 98.2%  1.8%
[libx264 @ 0000020168084080] kb/s:2979.08
[aac @ 000002016a3b2b00] Qavg: 60524.117
[aac @ 000002016a071380] Qavg: 61797.930
Input #0, matroska,webm, from 'D:/Work/research/FileX/corpus/video/patologico_2pistas.mkv':
  Metadata:
    ENCODER         : Lavf62.6.100
  Duration: 00:00:10.02, start: -0.023000, bitrate: 3255 kb/s
  Stream #0:0: Video: h264 (High), yuv420p(tv, progressive), 1280x720 [SAR 1:1 DAR 16:9], 30 fps, 30 tbr, 1k tbn
    Metadata:
      ENCODER         : Lavc62.15.100 libx264
      DURATION        : 00:00:10.000000000
  Stream #0:1: Audio: aac (LC), 44100 Hz, mono, fltp, start -0.023000 (default)
    Metadata:
      ENCODER         : Lavc62.15.100 aac
      DURATION        : 00:00:10.023000000
  Stream #0:2: Audio: aac (LC), 44100 Hz, mono, fltp, start -0.023000
    Metadata:
      ENCODER         : Lavc62.15.100 aac
      DURATION        : 00:00:10.023000000
Stream mapping:
  Stream #0:0 -> #0:0 (copy)
  Stream #0:1 -> #0:1 (copy)
  Stream #0:2 -> #0:2 (copy)
Output #0, mp4, to 'D:/Work/research/FileX/bench/salidas-referencia/video/2pistas_mkv-to-COPY.mp4':
  Metadata:
    encoder         : Lavf62.6.100
  Stream #0:0: Video: h264 (High) (avc1 / 0x31637661), yuv420p(tv, progressive), 1280x720 [SAR 1:1 DAR 16:9], q=2-31, 30 fps, 30 tbr, 16k tbn
    Metadata:
      ENCODER         : Lavc62.15.100 libx264
      DURATION        : 00:00:10.000000000
  Stream #0:1: Audio: aac (LC) (mp4a / 0x6134706D), 44100 Hz, mono, fltp (default)
    Metadata:
      ENCODER         : Lavc62.15.100 aac
      DURATION        : 00:00:10.023000000
  Stream #0:2: Audio: aac (LC) (mp4a / 0x6134706D), 44100 Hz, mono, fltp
    Metadata:
      ENCODER         : Lavc62.15.100 aac
      DURATION        : 00:00:10.023000000
Press [q] to stop, [?] for help
[out#0/mp4 @ 00000298efafe080] video:3805KiB audio:169KiB subtitle:0KiB other streams:0KiB global headers:0KiB muxing overhead: 0.375652%
frame=  300 fps=0.0 q=-1.0 Lsize=    3990KiB time=00:00:09.95 bitrate=3282.7kbits/s speed=1.22e+03x elapsed=0:00:00.00    
Input #0, mov,mp4,m4a,3gp,3g2,mj2, from 'D:/Work/research/FileX/corpus/video/tipico.mp4':
  Metadata:
    major_brand     : isom
    minor_version   : 512
    compatible_brands: isomiso2avc1mp41
    encoder         : Lavf62.6.100
  Duration: 00:00:20.00, start: 0.000000, bitrate: 6498 kb/s
  Stream #0:0[0x1](und): Video: h264 (High) (avc1 / 0x31637661), yuv420p(progressive), 1920x1080 [SAR 1:1 DAR 16:9], 6420 kb/s, 30 fps, 30 tbr, 15360 tbn (default)
    Metadata:
      handler_name    : VideoHandler
      vendor_id       : [0][0][0][0]
      encoder         : Lavc62.15.100 libx264
  Stream #0:1[0x2](und): Audio: aac (LC) (mp4a / 0x6134706D), 44100 Hz, mono, fltp, 69 kb/s (default)
    Metadata:
      handler_name    : SoundHandler
      vendor_id       : [0][0][0][0]
Stream mapping:
  Stream #0:1 -> #0:0 (aac (native) -> mp3 (libmp3lame))
Press [q] to stop, [?] for help
Output #0, mp3, to 'D:/Work/research/FileX/bench/salidas-referencia/audio/tipico_mp4-audio.mp3':
  Metadata:
    major_brand     : isom
    minor_version   : 512
    compatible_brands: isomiso2avc1mp41
    TSSE            : Lavf62.6.100
  Stream #0:0(und): Audio: mp3, 44100 Hz, mono, fltp, 192 kb/s (default)
    Metadata:
      encoder         : Lavc62.15.100 libmp3lame
      handler_name    : SoundHandler
      vendor_id       : [0][0][0][0]
size=      46KiB time=00:00:01.93 bitrate= 195.1kbits/s speed=3.71x elapsed=0:00:00.52    [out#0/mp3 @ 0000024665fd9800] video:0KiB audio:470KiB subtitle:0KiB other streams:0KiB global headers:0KiB muxing overhead: 0.160544%
size=     471KiB time=00:00:20.01 bitrate= 192.8kbits/s speed=27.2x elapsed=0:00:00.73    
Input #0, mov,mp4,m4a,3gp,3g2,mj2, from 'D:/Work/research/FileX/corpus/video/tipico.mp4':
  Metadata:
    major_brand     : isom
    minor_version   : 512
    compatible_brands: isomiso2avc1mp41
    encoder         : Lavf62.6.100
  Duration: 00:00:20.00, start: 0.000000, bitrate: 6498 kb/s
  Stream #0:0[0x1](und): Video: h264 (High) (avc1 / 0x31637661), yuv420p(progressive), 1920x1080 [SAR 1:1 DAR 16:9], 6420 kb/s, 30 fps, 30 tbr, 15360 tbn (default)
    Metadata:
      handler_name    : VideoHandler
      vendor_id       : [0][0][0][0]
      encoder         : Lavc62.15.100 libx264
  Stream #0:1[0x2](und): Audio: aac (LC) (mp4a / 0x6134706D), 44100 Hz, mono, fltp, 69 kb/s (default)
    Metadata:
      handler_name    : SoundHandler
      vendor_id       : [0][0][0][0]
Stream mapping:
  Stream #0:1 -> #0:0 (copy)
Output #0, ipod, to 'D:/Work/research/FileX/bench/salidas-referencia/audio/tipico_mp4-audio-copy.m4a':
  Metadata:
    major_brand     : isom
    minor_version   : 512
    compatible_brands: isomiso2avc1mp41
    encoder         : Lavf62.6.100
  Stream #0:0(und): Audio: aac (LC) (mp4a / 0x6134706D), 44100 Hz, mono, fltp, 69 kb/s (default)
    Metadata:
      handler_name    : SoundHandler
      vendor_id       : [0][0][0][0]
Press [q] to stop, [?] for help
[out#0/ipod @ 0000017c93a1b440] video:0KiB audio:169KiB subtitle:0KiB other streams:0KiB global headers:0KiB muxing overhead: 2.458870%
size=     173KiB time=00:00:20.00 bitrate=  71.0kbits/s speed=1.72e+03x elapsed=0:00:00.01    
Input #0, mov,mp4,m4a,3gp,3g2,mj2, from 'D:/Work/research/FileX/corpus/video/tipico.mp4':
  Metadata:
    major_brand     : isom
    minor_version   : 512
    compatible_brands: isomiso2avc1mp41
    encoder         : Lavf62.6.100
  Duration: 00:00:20.00, start: 0.000000, bitrate: 6498 kb/s
  Stream #0:0[0x1](und): Video: h264 (High) (avc1 / 0x31637661), yuv420p(progressive), 1920x1080 [SAR 1:1 DAR 16:9], 6420 kb/s, 30 fps, 30 tbr, 15360 tbn (default)
    Metadata:
      handler_name    : VideoHandler
      vendor_id       : [0][0][0][0]
      encoder         : Lavc62.15.100 libx264
  Stream #0:1[0x2](und): Audio: aac (LC) (mp4a / 0x6134706D), 44100 Hz, mono, fltp, 69 kb/s (default)
    Metadata:
      handler_name    : SoundHandler
      vendor_id       : [0][0][0][0]
Stream mapping:
  Stream #0:1 -> #0:0 (aac (native) -> flac (native))
Press [q] to stop, [?] for help
[flac @ 00000227a3aaea40] encoding as 24 bits-per-sample, more is considered experimental. Add -strict experimental if you want to encode more than 24 bits-per-sample
Output #0, flac, to 'D:/Work/research/FileX/bench/salidas-referencia/audio/tipico_mp4-audio.flac':
  Metadata:
    major_brand     : isom
    minor_version   : 512
    compatible_brands: isomiso2avc1mp41
    encoder         : Lavf62.6.100
  Stream #0:0(und): Audio: flac, 44100 Hz, mono, s32 (24 bit), 128 kb/s (default)
    Metadata:
      encoder         : Lavc62.15.100 flac
      handler_name    : SoundHandler
      vendor_id       : [0][0][0][0]
[out#0/flac @ 00000227a3a1afc0] video:0KiB audio:973KiB subtitle:0KiB other streams:0KiB global headers:0KiB muxing overhead: 0.839738%
size=     981KiB time=00:00:20.01 bitrate= 401.5kbits/s speed= 622x elapsed=0:00:00.03    
Input #0, mov,mp4,m4a,3gp,3g2,mj2, from 'D:/Work/research/FileX/corpus/video/trivial.mp4':
  Metadata:
    major_brand     : isom
    minor_version   : 512
    compatible_brands: isomiso2avc1mp41
    encoder         : Lavf62.6.100
  Duration: 00:00:05.00, start: 0.000000, bitrate: 884 kb/s
  Stream #0:0[0x1](und): Video: h264 (High) (avc1 / 0x31637661), yuv420p(progressive), 640x480 [SAR 1:1 DAR 4:3], 880 kb/s, 24 fps, 24 tbr, 12288 tbn (default)
    Metadata:
      handler_name    : VideoHandler
      vendor_id       : [0][0][0][0]
      encoder         : Lavc62.15.100 libx264
Stream mapping:
  Stream #0:0 -> #0:0 (h264 (native) -> gif (native))
Press [q] to stop, [?] for help
[Parsed_palettegen_3 @ 000002047699d740] 255(+1) colors generated out of 172822 colors; ratio=0.001476
Output #0, gif, to 'D:/Work/research/FileX/bench/salidas-referencia/video/trivial_mp4-to-palette.gif':
  Metadata:
    major_brand     : isom
    minor_version   : 512
    compatible_brands: isomiso2avc1mp41
    encoder         : Lavf62.6.100
  Stream #0:0(und): Video: gif, pal8(pc, gbr/unknown/unknown, progressive), 320x240 [SAR 1:1 DAR 4:3], q=2-31, 200 kb/s, 12 fps, 100 tbn (default)
    Metadata:
      encoder         : Lavc62.15.100 gif
      handler_name    : VideoHandler
      vendor_id       : [0][0][0][0]
frame=   38 fps=0.0 q=-0.0 size=     256KiB time=00:00:03.16 bitrate= 662.3kbits/s speed=6.07x elapsed=0:00:00.52    [out#0/gif @ 000002047699e0c0] video:596KiB audio:0KiB subtitle:0KiB other streams:0KiB global headers:0KiB muxing overhead: 0.003279%
frame=   60 fps=0.0 q=-0.0 Lsize=     596KiB time=00:00:05.00 bitrate= 975.8kbits/s speed=8.63x elapsed=0:00:00.57    
Input #0, mov,mp4,m4a,3gp,3g2,mj2, from 'D:/Work/research/FileX/corpus/video/trivial.mp4':
  Metadata:
    major_brand     : isom
    minor_version   : 512
    compatible_brands: isomiso2avc1mp41
    encoder         : Lavf62.6.100
  Duration: 00:00:05.00, start: 0.000000, bitrate: 884 kb/s
  Stream #0:0[0x1](und): Video: h264 (High) (avc1 / 0x31637661), yuv420p(progressive), 640x480 [SAR 1:1 DAR 4:3], 880 kb/s, 24 fps, 24 tbr, 12288 tbn (default)
    Metadata:
      handler_name    : VideoHandler
      vendor_id       : [0][0][0][0]
      encoder         : Lavc62.15.100 libx264
Stream mapping:
  Stream #0:0 -> #0:0 (h264 (native) -> gif (native))
Press [q] to stop, [?] for help
Output #0, gif, to 'D:/Work/research/FileX/bench/salidas-referencia/video/trivial_mp4-to-naive.gif':
  Metadata:
    major_brand     : isom
    minor_version   : 512
    compatible_brands: isomiso2avc1mp41
    encoder         : Lavf62.6.100
  Stream #0:0(und): Video: gif, bgr8(pc, gbr/unknown/unknown, progressive), 320x240 [SAR 1:1 DAR 4:3], q=2-31, 200 kb/s, 12 fps, 100 tbn (default)
    Metadata:
      encoder         : Lavc62.15.100 gif
      handler_name    : VideoHandler
      vendor_id       : [0][0][0][0]
[out#0/gif @ 00000220cc68e2c0] video:385KiB audio:0KiB subtitle:0KiB other streams:0KiB global headers:0KiB muxing overhead: 0.005067%
frame=   60 fps=0.0 q=-0.0 Lsize=     385KiB time=00:00:05.00 bitrate= 631.5kbits/s speed=76.4x elapsed=0:00:00.06    
Input #0, mov,mp4,m4a,3gp,3g2,mj2, from 'D:/Work/research/FileX/corpus/video/tipico.mp4':
  Metadata:
    major_brand     : isom
    minor_version   : 512
    compatible_brands: isomiso2avc1mp41
    encoder         : Lavf62.6.100
  Duration: 00:00:20.00, start: 0.000000, bitrate: 6498 kb/s
  Stream #0:0[0x1](und): Video: h264 (High) (avc1 / 0x31637661), yuv420p(progressive), 1920x1080 [SAR 1:1 DAR 16:9], 6420 kb/s, 30 fps, 30 tbr, 15360 tbn (default)
    Metadata:
      handler_name    : VideoHandler
      vendor_id       : [0][0][0][0]
      encoder         : Lavc62.15.100 libx264
  Stream #0:1[0x2](und): Audio: aac (LC) (mp4a / 0x6134706D), 44100 Hz, mono, fltp, 69 kb/s (default)
    Metadata:
      handler_name    : SoundHandler
      vendor_id       : [0][0][0][0]
Stream mapping:
  Stream #0:0 -> #0:0 (copy)
  Stream #0:1 -> #0:1 (copy)
Output #0, matroska, to 'D:/Work/research/FileX/bench/salidas-referencia/video/tipico_mp4-to.mkv':
  Metadata:
    major_brand     : isom
    minor_version   : 512
    compatible_brands: isomiso2avc1mp41
    encoder         : Lavf62.6.100
  Stream #0:0(und): Video: h264 (High) (avc1 / 0x31637661), yuv420p(progressive), 1920x1080 [SAR 1:1 DAR 16:9], q=2-31, 6420 kb/s, 30 fps, 30 tbr, 1k tbn (default)
    Metadata:
      handler_name    : VideoHandler
      vendor_id       : [0][0][0][0]
      encoder         : Lavc62.15.100 libx264
  Stream #0:1(und): Audio: aac (LC) ([255][0][0][0] / 0x00FF), 44100 Hz, mono, fltp, 69 kb/s (default)
    Metadata:
      handler_name    : SoundHandler
      vendor_id       : [0][0][0][0]
Press [q] to stop, [?] for help
[out#0/matroska @ 000002bb2a71bb80] video:15674KiB audio:169KiB subtitle:0KiB other streams:0KiB global headers:0KiB muxing overhead: 0.073534%
frame=  600 fps=0.0 q=-1.0 Lsize=   15855KiB time=00:00:19.93 bitrate=6516.0kbits/s speed= 377x elapsed=0:00:00.05    
Input #0, mov,mp4,m4a,3gp,3g2,mj2, from 'D:/Work/research/FileX/corpus/video/trivial.mp4':
  Metadata:
    major_brand     : isom
    minor_version   : 512
    compatible_brands: isomiso2avc1mp41
    encoder         : Lavf62.6.100
  Duration: 00:00:05.00, start: 0.000000, bitrate: 884 kb/s
  Stream #0:0[0x1](und): Video: h264 (High) (avc1 / 0x31637661), yuv420p(progressive), 640x480 [SAR 1:1 DAR 4:3], 880 kb/s, 24 fps, 24 tbr, 12288 tbn (default)
    Metadata:
      handler_name    : VideoHandler
      vendor_id       : [0][0][0][0]
      encoder         : Lavc62.15.100 libx264
Stream mapping:
  Stream #0:0 -> #0:0 (h264 (native) -> vp9 (libvpx-vp9))
Press [q] to stop, [?] for help
[libvpx-vp9 @ 000001eb7d24ba80] v1.15.2
Output #0, webm, to 'D:/Work/research/FileX/bench/salidas-referencia/video/trivial_mp4-to.webm':
  Metadata:
    major_brand     : isom
    minor_version   : 512
    compatible_brands: isomiso2avc1mp41
    encoder         : Lavf62.6.100
  Stream #0:0(und): Video: vp9, yuv420p(tv, progressive), 640x480 [SAR 1:1 DAR 4:3], q=2-31, 24 fps, 1k tbn (default)
    Metadata:
      encoder         : Lavc62.15.100 libvpx-vp9
      handler_name    : VideoHandler
      vendor_id       : [0][0][0][0]
    Side data:
      CPB properties: bitrate max/min/avg: 0/0/0 buffer size: 0 vbv_delay: N/A
frame=   36 fps=0.0 q=32.0 size=       1KiB time=00:00:01.50 bitrate=   3.4kbits/s speed=2.89x elapsed=0:00:00.51    frame=   79 fps= 76 q=30.0 size=       1KiB time=00:00:03.29 bitrate=   1.5kbits/s speed=3.17x elapsed=0:00:01.03    [out#0/webm @ 000001eb7d1dce80] video:620KiB audio:0KiB subtitle:0KiB other streams:0KiB global headers:0KiB muxing overhead: 0.237389%
frame=  120 fps= 78 q=32.0 Lsize=     621KiB time=00:00:05.00 bitrate=1017.5kbits/s speed=3.25x elapsed=0:00:01.53    
