[1/360] C E1a rep0 rc=0 -> extract_audio_from_video
[2/360] A E1a rep0 rc=0 -> extract_audio_from_video
[3/360] A E1b rep0 rc=0 -> trim_video
[4/360] C E1b rep0 rc=0 -> trim_video
[5/360] B E1a rep0 rc=0 -> ffmpeg_extract_audio
[6/360] B E1b rep0 rc=0 -> ffmpeg_trim
[7/360] C E1c rep0 rc=0 -> convert_video_properties
[8/360] A E1c rep0 rc=0 -> convert_video_format
[9/360] A E2a rep0 rc=0 -> set_video_resolution
[10/360] C E2a rep0 rc=0 -> convert_video_properties
[11/360] B E1c rep0 rc=0 -> ffmpeg_convert
[12/360] B E2a rep0 rc=0 -> ffmpeg_compress
[13/360] A E2b rep0 rc=0 -> set_video_audio_track_codec
[14/360] C E2b rep0 rc=0 -> convert_video_properties
[15/360] B E2b rep0 rc=0 -> ffmpeg_convert
[16/360] A E2c rep0 rc=0 -> convert_audio_properties
[17/360] C E2c rep0 rc=0 -> convert_audio_properties
[18/360] A E3a rep0 rc=0 -> trim_video,extract_audio_from_video
[19/360] A E2d rep0 rc=0 -> set_video_audio_track_bitrate
[20/360] B E2c rep0 rc=0 -> ffmpeg_extract_audio
[21/360] C E2d rep0 rc=0 -> convert_video_properties
[22/360] A E3b rep0 rc=0 -> concatenate_videos,set_video_resolution
[23/360] C E3a rep0 rc=0 -> trim_video,extract_audio_from_video
[24/360] C E3b rep0 rc=0 -> concatenate_videos,convert_video_properties
[25/360] B E2d rep0 rc=0 -> ffmpeg_convert
[26/360] B E3a rep0 rc=0 -> ffmpeg_trim,ffmpeg_extract_audio
[27/360] A E4a rep0 rc=0 -> set_video_audio_track_bitrate
[28/360] C E4a rep0 rc=0 -> convert_video_properties
[29/360] B E3b rep0 rc=0 -> ffmpeg_merge,ffmpeg_convert
[30/360] A E4b rep0 rc=0 -> convert_video_properties
[31/360] C E4b rep0 rc=0 -> convert_video_properties
[32/360] A E4c rep0 rc=0 -> (ninguna)
[33/360] C E4c rep0 rc=0 -> (ninguna)
[34/360] B E4b rep0 rc=0 -> ffmpeg_compress
[35/360] B E4c rep0 rc=0 -> ffmpeg_extract_frames
[36/360] A E1a rep1 rc=0 -> extract_audio_from_video
[37/360] C E1a rep1 rc=0 -> extract_audio_from_video
[38/360] A E1b rep1 rc=0 -> trim_video
[39/360] B E1a rep1 rc=0 -> ffmpeg_extract_audio
[40/360] C E1b rep1 rc=0 -> trim_video
[41/360] B E1b rep1 rc=0 -> ffmpeg_trim
[42/360] A E1c rep1 rc=0 -> convert_video_format
[43/360] C E1c rep1 rc=0 -> convert_video_properties
[44/360] A E2a rep1 rc=0 -> set_video_resolution
[45/360] B E4a rep0 rc=0 -> ffmpeg_convert
[46/360] B E1c rep1 rc=0 -> ffmpeg_convert
[47/360] C E2a rep1 rc=0 -> convert_video_properties
[48/360] B E2a rep1 rc=0 -> ffmpeg_convert
[49/360] A E2b rep1 rc=0 -> set_video_audio_track_codec
[50/360] C E2b rep1 rc=0 -> convert_video_properties
[51/360] C E2c rep1 rc=0 -> convert_audio_properties
[52/360] B E2b rep1 rc=0 -> ffmpeg_convert
[53/360] A E2c rep1 rc=0 -> convert_audio_properties
[54/360] A E2d rep1 rc=0 -> set_video_audio_track_bitrate
[55/360] C E2d rep1 rc=0 -> convert_video_properties
[56/360] A E3a rep1 rc=0 -> trim_video,extract_audio_from_video
[57/360] C E3a rep1 rc=0 -> trim_video,extract_audio_from_video
[58/360] B E2c rep1 rc=0 -> ffmpeg_extract_audio
[59/360] B E2d rep1 rc=0 -> ffmpeg_convert
[60/360] C E3b rep1 rc=0 -> concatenate_videos,convert_video_properties
[61/360] A E3b rep1 rc=0 -> concatenate_videos,set_video_resolution
[62/360] A E4a rep1 rc=0 -> set_video_audio_track_bitrate
[63/360] B E3a rep1 rc=0 -> ffmpeg_trim,ffmpeg_extract_audio
[64/360] C E4a rep1 rc=0 -> convert_video_properties
[65/360] C E4b rep1 rc=0 -> convert_video_properties
[66/360] A E4b rep1 rc=0 -> convert_video_properties
[67/360] B E4b rep1 rc=0 -> ffmpeg_compress
[68/360] B E4a rep1 rc=0 -> ffmpeg_extract_audio
[69/360] A E4c rep1 rc=0 -> (ninguna)
[70/360] B E4c rep1 rc=0 -> ffmpeg_extract_frames
[71/360] C E4c rep1 rc=0 -> (ninguna)
[72/360] C E1a rep2 rc=0 -> extract_audio_from_video
[73/360] A E1a rep2 rc=0 -> extract_audio_from_video
[74/360] A E1b rep2 rc=0 -> trim_video
[75/360] C E1b rep2 rc=0 -> trim_video
[76/360] B E1a rep2 rc=0 -> ffmpeg_extract_audio
[77/360] B E1b rep2 rc=0 -> ffmpeg_trim
[78/360] A E1c rep2 rc=0 -> convert_video_format
[79/360] C E1c rep2 rc=0 -> convert_video_properties
[80/360] A E2a rep2 rc=0 -> set_video_resolution
[81/360] B E3b rep1 rc=0 -> ffmpeg_merge,ffmpeg_compress
[82/360] B E1c rep2 rc=0 -> ffmpeg_convert
[83/360] C E2a rep2 rc=0 -> convert_video_properties
[84/360] A E2b rep2 rc=0 -> set_video_audio_track_codec
[85/360] B E2a rep2 rc=0 -> ffmpeg_compress
[86/360] A E2c rep2 rc=0 -> convert_audio_properties
[87/360] B E2b rep2 rc=0 -> ffmpeg_convert
[88/360] C E2b rep2 rc=0 -> convert_video_properties
[89/360] C E2c rep2 rc=0 -> convert_audio_properties
[90/360] A E2d rep2 rc=0 -> set_video_audio_track_bitrate
[91/360] C E2d rep2 rc=0 -> convert_video_properties
[92/360] B E2c rep2 rc=0 -> ffmpeg_extract_audio
[93/360] A E3a rep2 rc=0 -> trim_video,extract_audio_from_video
[94/360] C E3a rep2 rc=0 -> trim_video,extract_audio_from_video
[95/360] A E3b rep2 rc=0 -> concatenate_videos,set_video_resolution
[96/360] B E2d rep2 rc=0 -> ffmpeg_convert
[97/360] C E3b rep2 rc=0 -> concatenate_videos,convert_video_properties
[98/360] B E3a rep2 rc=0 -> ffmpeg_trim,ffmpeg_extract_audio
[99/360] B E3b rep2 rc=0 -> ffmpeg_merge,ffmpeg_convert
[100/360] A E4a rep2 rc=0 -> set_video_audio_track_bitrate
[101/360] C E4a rep2 rc=0 -> convert_video_properties
[102/360] C E4b rep2 rc=0 -> convert_video_properties
[103/360] A E4c rep2 rc=0 -> (ninguna)
[104/360] B E4b rep2 rc=0 -> ffmpeg_compress
[105/360] A E4b rep2 rc=0 -> convert_video_properties
[106/360] B E4a rep2 rc=0 -> ffmpeg_compress
[107/360] C E4c rep2 rc=0 -> (ninguna)
[108/360] A E1a rep3 rc=0 -> extract_audio_from_video
[109/360] C E1a rep3 rc=0 -> extract_audio_from_video
[110/360] B E4c rep2 rc=0 -> ffmpeg_extract_frames
[111/360] A E1b rep3 rc=0 -> trim_video
[112/360] B E1a rep3 rc=0 -> ffmpeg_extract_audio
[113/360] B E1b rep3 rc=0 -> ffmpeg_trim
[114/360] A E1c rep3 rc=0 -> convert_video_format
[115/360] C E1b rep3 rc=0 -> trim_video
[116/360] C E1c rep3 rc=0 -> convert_video_properties
[117/360] A E2a rep3 rc=0 -> set_video_resolution
[118/360] C E2a rep3 rc=0 -> convert_video_properties
[119/360] B E1c rep3 rc=0 -> ffmpeg_convert
[120/360] A E2b rep3 rc=0 -> set_video_audio_track_codec
[121/360] C E2b rep3 rc=0 -> convert_video_properties
[122/360] A E2c rep3 rc=0 -> convert_audio_properties
[123/360] B E2a rep3 rc=0 -> ffmpeg_convert
[124/360] C E2c rep3 rc=0 -> convert_audio_properties
[125/360] B E2b rep3 rc=0 -> ffmpeg_convert
[126/360] A E2d rep3 rc=0 -> set_video_audio_track_bitrate
[127/360] C E2d rep3 rc=0 -> convert_video_properties
[128/360] B E2c rep3 rc=0 -> ffmpeg_extract_audio
[129/360] A E3a rep3 rc=0 -> trim_video,extract_audio_from_video
[130/360] C E3a rep3 rc=0 -> trim_video,extract_audio_from_video
[131/360] A E3b rep3 rc=0 -> concatenate_videos,set_video_resolution
[132/360] C E3b rep3 rc=0 -> concatenate_videos,convert_video_properties
[133/360] B E3a rep3 rc=0 -> ffmpeg_trim,ffmpeg_extract_audio
[134/360] B E3b rep3 rc=0 -> ffmpeg_merge,ffmpeg_convert
[135/360] A E4a rep3 rc=0 -> set_video_audio_track_bitrate
[136/360] B E2d rep3 rc=0 -> ffmpeg_convert
[137/360] C E4a rep3 rc=0 -> convert_video_properties
[138/360] C E4b rep3 rc=0 -> convert_video_properties
[139/360] B E4a rep3 rc=0 -> ffmpeg_compress
[140/360] A E4b rep3 rc=0 -> convert_video_properties
[141/360] A E4c rep3 rc=0 -> (ninguna)
[142/360] C E4c rep3 rc=0 -> (ninguna)
[143/360] B E4b rep3 rc=0 -> ffmpeg_compress
[144/360] B E4c rep3 rc=0 -> ffmpeg_extract_frames
[145/360] A E1a rep4 rc=0 -> extract_audio_from_video
[146/360] C E1a rep4 rc=0 -> extract_audio_from_video
[147/360] B E1b rep4 rc=0 -> ffmpeg_trim
[148/360] B E1a rep4 rc=0 -> ffmpeg_extract_audio
[149/360] A E1b rep4 rc=0 -> trim_video
[150/360] A E1c rep4 rc=0 -> convert_video_format
[151/360] C E1b rep4 rc=0 -> trim_video
[152/360] C E1c rep4 rc=0 -> convert_video_properties
[153/360] A E2a rep4 rc=0 -> set_video_resolution
[154/360] C E2a rep4 rc=0 -> convert_video_properties
[155/360] B E2a rep4 rc=0 -> ffmpeg_compress
[156/360] B E1c rep4 rc=0 -> ffmpeg_convert
[157/360] A E2b rep4 rc=0 -> set_video_audio_track_codec
[158/360] C E2b rep4 rc=0 -> convert_video_properties
[159/360] B E2b rep4 rc=0 -> ffmpeg_convert
[160/360] A E2c rep4 rc=0 -> convert_audio_properties
[161/360] C E2c rep4 rc=0 -> convert_audio_properties
[162/360] A E2d rep4 rc=0 -> set_video_audio_track_bitrate
[163/360] C E2d rep4 rc=0 -> convert_video_properties
[164/360] A E3a rep4 rc=0 -> trim_video,extract_audio_from_video
[165/360] B E2c rep4 rc=0 -> ffmpeg_extract_audio
[166/360] B E2d rep4 rc=0 -> ffmpeg_convert
[167/360] C E3a rep4 rc=0 -> trim_video,extract_audio_from_video
[168/360] C E3b rep4 rc=0 -> concatenate_videos,convert_video_properties
[169/360] A E4a rep4 rc=0 -> set_video_audio_track_bitrate
[170/360] A E3b rep4 rc=0 -> concatenate_videos,set_video_resolution
[171/360] C E4a rep4 rc=0 -> convert_video_properties
[172/360] B E3b rep4 rc=0 -> ffmpeg_merge,ffmpeg_convert
[173/360] A E4b rep4 rc=0 -> set_video_bitrate
[174/360] B E4b rep4 rc=0 -> ffmpeg_compress
[175/360] C E4b rep4 rc=0 -> convert_video_properties
[176/360] B E4a rep4 rc=0 -> ffmpeg_extract_audio
[177/360] A E4c rep4 rc=0 -> (ninguna)
[178/360] C E4c rep4 rc=0 -> (ninguna)
[179/360] B E3a rep4 rc=0 -> ffmpeg_trim,ffmpeg_extract_audio
[180/360] A E1a rep5 rc=0 -> extract_audio_from_video
[181/360] C E1a rep5 rc=0 -> extract_audio_from_video
[182/360] A E1b rep5 rc=0 -> trim_video
[183/360] B E4c rep4 rc=0 -> ffmpeg_extract_frames
[184/360] B E1a rep5 rc=0 -> ffmpeg_extract_audio
[185/360] C E1b rep5 rc=0 -> trim_video
[186/360] B E1b rep5 rc=0 -> ffmpeg_trim
[187/360] A E1c rep5 rc=0 -> convert_video_format
[188/360] C E1c rep5 rc=0 -> convert_video_properties
[189/360] A E2a rep5 rc=0 -> set_video_resolution
[190/360] B E1c rep5 rc=0 -> ffmpeg_convert
[191/360] C E2a rep5 rc=0 -> convert_video_properties
[192/360] B E2a rep5 rc=0 -> ffmpeg_convert
[193/360] A E2b rep5 rc=0 -> set_video_audio_track_codec
[194/360] C E2b rep5 rc=0 -> convert_video_properties
[195/360] A E2c rep5 rc=0 -> convert_audio_properties
[196/360] C E2c rep5 rc=0 -> convert_audio_properties
[197/360] B E2b rep5 rc=0 -> ffmpeg_convert
[198/360] A E2d rep5 rc=0 -> set_video_audio_track_bitrate
[199/360] C E2d rep5 rc=0 -> convert_video_properties
[200/360] A E3a rep5 rc=0 -> trim_video,extract_audio_from_video
[201/360] B E2c rep5 rc=0 -> ffmpeg_extract_audio
[202/360] C E3a rep5 rc=0 -> trim_video,extract_audio_from_video
[203/360] B E3a rep5 rc=0 -> ffmpeg_trim,ffmpeg_extract_audio
[204/360] A E3b rep5 rc=0 -> concatenate_videos,set_video_resolution
[205/360] B E3b rep5 rc=0 -> ffmpeg_merge,ffmpeg_convert
[206/360] A E4a rep5 rc=0 -> set_video_audio_track_bitrate
[207/360] C E3b rep5 rc=0 -> concatenate_videos,convert_video_properties
[208/360] C E4a rep5 rc=0 -> convert_video_properties
[209/360] B E2d rep5 rc=0 -> ffmpeg_convert
[210/360] C E4b rep5 rc=0 -> convert_video_properties
[211/360] A E4b rep5 rc=0 -> convert_video_properties
[212/360] B E4a rep5 rc=0 -> ffmpeg_compress
[213/360] A E4c rep5 rc=0 -> (ninguna)
[214/360] B E4b rep5 rc=0 -> ffmpeg_compress
[215/360] A E1a rep6 rc=0 -> extract_audio_from_video
[216/360] C E4c rep5 rc=0 -> (ninguna)
[217/360] B E4c rep5 rc=0 -> ffmpeg_extract_frames
[218/360] C E1a rep6 rc=0 -> extract_audio_from_video
[219/360] B E1a rep6 rc=0 -> ffmpeg_extract_audio
[220/360] C E1b rep6 rc=0 -> trim_video
[221/360] B E1b rep6 rc=0 -> ffmpeg_trim
[222/360] A E1b rep6 rc=0 -> trim_video
[223/360] A E1c rep6 rc=0 -> convert_video_format
[224/360] C E1c rep6 rc=0 -> convert_video_properties
[225/360] A E2a rep6 rc=0 -> set_video_resolution
[226/360] C E2a rep6 rc=0 -> convert_video_properties
[227/360] B E2a rep6 rc=0 -> ffmpeg_convert
[228/360] B E1c rep6 rc=0 -> ffmpeg_convert
[229/360] A E2b rep6 rc=0 -> set_video_audio_track_codec
[230/360] B E2b rep6 rc=0 -> ffmpeg_convert
[231/360] A E2c rep6 rc=0 -> convert_audio_properties
[232/360] C E2b rep6 rc=0 -> convert_video_properties
[233/360] C E2c rep6 rc=0 -> convert_audio_properties
[234/360] A E2d rep6 rc=0 -> set_video_audio_track_bitrate
[235/360] B E2c rep6 rc=0 -> ffmpeg_extract_audio
[236/360] C E2d rep6 rc=0 -> convert_video_properties
[237/360] A E3a rep6 rc=0 -> trim_video,extract_audio_from_video
[238/360] C E3a rep6 rc=0 -> trim_video,extract_audio_from_video
[239/360] A E3b rep6 rc=0 -> concatenate_videos,set_video_resolution
[240/360] B E3a rep6 rc=0 -> ffmpeg_trim,ffmpeg_extract_audio
[241/360] C E3b rep6 rc=0 -> concatenate_videos,convert_video_properties
[242/360] B E3b rep6 rc=0 -> ffmpeg_merge,ffmpeg_convert
[243/360] A E4a rep6 rc=0 -> set_video_audio_track_bitrate
[244/360] C E4a rep6 rc=0 -> convert_video_properties
[245/360] B E4a rep6 rc=0 -> ffmpeg_extract_audio
[246/360] A E4b rep6 rc=0 -> convert_video_properties
[247/360] B E4b rep6 rc=0 -> ffmpeg_compress
[248/360] C E4b rep6 rc=0 -> convert_video_properties
[249/360] A E4c rep6 rc=0 -> (ninguna)
[250/360] C E4c rep6 rc=0 -> (ninguna)
[251/360] B E2d rep6 rc=0 -> ffmpeg_convert
[252/360] A E1a rep7 rc=0 -> extract_audio_from_video
[253/360] B E4c rep6 rc=0 -> ffmpeg_extract_frames
[254/360] A E1b rep7 rc=0 -> trim_video
[255/360] C E1a rep7 rc=0 -> extract_audio_from_video
[256/360] B E1a rep7 rc=0 -> ffmpeg_extract_audio
[257/360] C E1b rep7 rc=0 -> trim_video
[258/360] B E1b rep7 rc=0 -> ffmpeg_trim
[259/360] A E1c rep7 rc=0 -> convert_video_format
[260/360] C E1c rep7 rc=0 -> convert_video_properties
[261/360] B E1c rep7 rc=0 -> ffmpeg_convert
[262/360] A E2a rep7 rc=0 -> set_video_resolution
[263/360] C E2a rep7 rc=0 -> convert_video_properties
[264/360] C E2b rep7 rc=0 -> convert_video_properties
[265/360] B E2a rep7 rc=0 -> ffmpeg_convert
[266/360] A E2b rep7 rc=0 -> set_video_audio_track_codec
[267/360] B E2b rep7 rc=0 -> ffmpeg_convert
[268/360] C E2c rep7 rc=0 -> convert_audio_properties
[269/360] A E2c rep7 rc=0 -> convert_audio_properties
[270/360] A E2d rep7 rc=0 -> set_video_audio_track_bitrate
[271/360] C E2d rep7 rc=0 -> convert_video_properties
[272/360] A E3a rep7 rc=0 -> trim_video,extract_audio_from_video
[273/360] B E2d rep7 rc=0 -> (ninguna)
[274/360] B E2c rep7 rc=0 -> ffmpeg_extract_audio
Traceback (most recent call last):
  File "D:\Work\research\FileX\bench\salidas-saturacion\correr.py", line 171, in <module>
    main()
  File "D:\Work\research\FileX\bench\salidas-saturacion\correr.py", line 166, in main
    list(ex.map(trabajo, pendientes))
  File "C:\Users\krato\AppData\Local\Programs\Python\Python311\Lib\concurrent\futures\_base.py", line 619, in result_iterator
    yield _result_or_cancel(fs.pop())
          ^^^^^^^^^^^^^^^^^^^^^^^^^^^
  File "C:\Users\krato\AppData\Local\Programs\Python\Python311\Lib\concurrent\futures\_base.py", line 317, in _result_or_cancel
    return fut.result(timeout)
           ^^^^^^^^^^^^^^^^^^^
  File "C:\Users\krato\AppData\Local\Programs\Python\Python311\Lib\concurrent\futures\_base.py", line 449, in result
    return self.__get_result()
           ^^^^^^^^^^^^^^^^^^^
  File "C:\Users\krato\AppData\Local\Programs\Python\Python311\Lib\concurrent\futures\_base.py", line 401, in __get_result
    raise self._exception
  File "C:\Users\krato\AppData\Local\Programs\Python\Python311\Lib\concurrent\futures\thread.py", line 58, in run
    result = self.fn(*self.args, **self.kwargs)
             ^^^^^^^^^^^^^^^^^^^^^^^^^^^^^^^^^^
  File "D:\Work\research\FileX\bench\salidas-saturacion\correr.py", line 153, in trabajo
    r = una_ejecucion(tmp, args.modelo, spec["sistema"],
        ^^^^^^^^^^^^^^^^^^^^^^^^^^^^^^^^^^^^^^^^^^^^^^^^
  File "D:\Work\research\FileX\bench\salidas-saturacion\correr.py", line 66, in una_ejecucion
    p = subprocess.run(cmd, cwd=tmp, capture_output=True, text=True,
        ^^^^^^^^^^^^^^^^^^^^^^^^^^^^^^^^^^^^^^^^^^^^^^^^^^^^^^^^^^^^
  File "C:\Users\krato\AppData\Local\Programs\Python\Python311\Lib\subprocess.py", line 548, in run
    with Popen(*popenargs, **kwargs) as process:
         ^^^^^^^^^^^^^^^^^^^^^^^^^^^
  File "C:\Users\krato\AppData\Local\Programs\Python\Python311\Lib\subprocess.py", line 1026, in __init__
    self._execute_child(args, executable, preexec_fn, close_fds,
  File "C:\Users\krato\AppData\Local\Programs\Python\Python311\Lib\subprocess.py", line 1538, in _execute_child
    hp, ht, pid, tid = _winapi.CreateProcess(executable, args,
                       ^^^^^^^^^^^^^^^^^^^^^^^^^^^^^^^^^^^^^^^
FileNotFoundError: [WinError 2] El sistema no puede encontrar el archivo especificado
[1/86] C E3a rep7 rc=0 -> trim_video,extract_audio_from_video
[2/86] A E3b rep7 rc=0 -> concatenate_videos,set_video_resolution
[3/86] C E3b rep7 rc=0 -> concatenate_videos,convert_video_properties
[4/86] B E3b rep7 rc=0 -> ffmpeg_merge,ffmpeg_convert
[5/86] B E3a rep7 rc=0 -> ffmpeg_trim,ffmpeg_extract_audio
[6/86] A E4a rep7 rc=0 -> set_video_audio_track_bitrate
[7/86] C E4a rep7 rc=0 -> convert_video_properties
[8/86] A E4b rep7 rc=0 -> convert_video_properties
[9/86] C E4b rep7 rc=0 -> convert_video_properties
[10/86] B E4b rep7 rc=0 -> ffmpeg_compress
[11/86] B E4a rep7 rc=0 -> ffmpeg_compress
[12/86] A E4c rep7 rc=0 -> (ninguna)
[13/86] C E4c rep7 rc=0 -> (ninguna)
[14/86] B E4c rep7 rc=0 -> ffmpeg_extract_frames
[15/86] A E1a rep8 rc=0 -> extract_audio_from_video
[16/86] C E1a rep8 rc=0 -> extract_audio_from_video
[17/86] A E1b rep8 rc=0 -> trim_video
[18/86] B E1a rep8 rc=0 -> ffmpeg_extract_audio
[19/86] C E1b rep8 rc=0 -> trim_video
[20/86] B E1b rep8 rc=0 -> ffmpeg_trim
[21/86] A E1c rep8 rc=0 -> convert_video_format
[22/86] C E1c rep8 rc=0 -> convert_video_properties
[23/86] A E2a rep8 rc=0 -> set_video_resolution
[24/86] B E1c rep8 rc=0 -> ffmpeg_convert,ffmpeg_convert
[25/86] C E2a rep8 rc=0 -> convert_video_properties
[26/86] B E2a rep8 rc=0 -> ffmpeg_convert
[27/86] A E2b rep8 rc=0 -> set_video_audio_track_codec
[28/86] B E2b rep8 rc=0 -> ffmpeg_convert
[29/86] A E2c rep8 rc=0 -> convert_audio_properties
[30/86] C E2c rep8 rc=0 -> convert_audio_properties
[31/86] A E2d rep8 rc=0 -> set_video_audio_track_bitrate
[32/86] C E2b rep8 rc=0 -> convert_video_properties
[33/86] B E2c rep8 rc=0 -> ffmpeg_extract_audio
[34/86] C E2d rep8 rc=0 -> convert_video_properties
[35/86] A E3a rep8 rc=0 -> trim_video,extract_audio_from_video
[36/86] C E3a rep8 rc=0 -> trim_video,extract_audio_from_video
[37/86] B E2d rep8 rc=0 -> ffmpeg_convert
[38/86] A E3b rep8 rc=0 -> concatenate_videos,set_video_resolution
[39/86] C E3b rep8 rc=0 -> concatenate_videos,convert_video_properties
[40/86] B E3a rep8 rc=0 -> ffmpeg_trim,ffmpeg_extract_audio
[41/86] A E4a rep8 rc=0 -> set_video_audio_track_bitrate
[42/86] B E3b rep8 rc=0 -> ffmpeg_merge,ffmpeg_convert
[43/86] C E4a rep8 rc=0 -> convert_video_properties
[44/86] A E4b rep8 rc=0 -> set_video_bitrate
[45/86] C E4b rep8 rc=0 -> convert_video_properties
[46/86] B E4a rep8 rc=0 -> ffmpeg_compress
[47/86] B E4b rep8 rc=0 -> ffmpeg_compress
[48/86] A E4c rep8 rc=0 -> (ninguna)
[49/86] C E4c rep8 rc=0 -> (ninguna)
[50/86] B E4c rep8 rc=0 -> ffmpeg_extract_frames
[51/86] A E1a rep9 rc=0 -> extract_audio_from_video
[52/86] C E1a rep9 rc=0 -> extract_audio_from_video
[53/86] B E1a rep9 rc=0 -> ffmpeg_extract_audio
[54/86] A E1b rep9 rc=0 -> trim_video
[55/86] C E1b rep9 rc=0 -> trim_video
[56/86] B E1b rep9 rc=0 -> ffmpeg_trim
[57/86] A E1c rep9 rc=0 -> convert_video_format
[58/86] C E1c rep9 rc=0 -> convert_video_properties
[59/86] A E2a rep9 rc=0 -> set_video_resolution
[60/86] B E1c rep9 rc=0 -> ffmpeg_convert,ffmpeg_convert
[61/86] C E2a rep9 rc=0 -> convert_video_properties
[62/86] B E2a rep9 rc=0 -> ffmpeg_convert
[63/86] A E2b rep9 rc=0 -> set_video_audio_track_codec
[64/86] C E2b rep9 rc=0 -> convert_video_properties
[65/86] B E2b rep9 rc=0 -> ffmpeg_convert
[66/86] A E2c rep9 rc=0 -> convert_audio_properties
[67/86] C E2c rep9 rc=0 -> convert_audio_properties
[68/86] A E2d rep9 rc=0 -> set_video_audio_track_bitrate
[69/86] C E2d rep9 rc=0 -> convert_video_properties
[70/86] B E2c rep9 rc=0 -> ffmpeg_extract_audio
[71/86] A E3a rep9 rc=0 -> trim_video,extract_audio_from_video
[72/86] C E3a rep9 rc=0 -> trim_video,extract_audio_from_video
[73/86] B E2d rep9 rc=0 -> ffmpeg_convert
[74/86] A E3b rep9 rc=0 -> concatenate_videos,set_video_resolution
[75/86] C E3b rep9 rc=0 -> concatenate_videos,convert_video_properties
[76/86] B E3a rep9 rc=0 -> ffmpeg_trim,ffmpeg_extract_audio
[77/86] B E3b rep9 rc=0 -> ffmpeg_merge,ffmpeg_convert
[78/86] A E4a rep9 rc=0 -> set_video_audio_track_bitrate
[79/86] C E4a rep9 rc=0 -> convert_video_properties
[80/86] A E4b rep9 rc=0 -> convert_video_properties
[81/86] C E4b rep9 rc=0 -> convert_video_properties
[82/86] B E4a rep9 rc=0 -> (ninguna)
[83/86] B E4b rep9 rc=0 -> ffmpeg_compress
[84/86] A E4c rep9 rc=0 -> (ninguna)
[85/86] C E4c rep9 rc=0 -> (ninguna)
[86/86] B E4c rep9 rc=0 -> ffmpeg_extract_frames
