[1/180] A E1a rep0 rc=0 -> extract_audio_from_video
[2/180] C E1a rep0 rc=0 -> extract_audio_from_video
[3/180] B E1a rep0 rc=0 -> ffmpeg_extract_audio
[4/180] A E1b rep0 rc=0 -> trim_video
[5/180] B E1b rep0 rc=0 -> ffmpeg_trim
[6/180] C E1b rep0 rc=0 -> trim_video
[7/180] A E1c rep0 rc=0 -> convert_video_format
[8/180] C E1c rep0 rc=0 -> convert_video_properties
[9/180] B E1c rep0 rc=0 -> ffmpeg_convert
[10/180] A E2a rep0 rc=0 -> set_video_resolution
[11/180] C E2a rep0 rc=0 -> convert_video_properties
[12/180] B E2a rep0 rc=0 -> ffmpeg_compress
[13/180] B E2b rep0 rc=0 -> ffmpeg_convert
[14/180] A E2c rep0 rc=0 -> convert_audio_properties
[15/180] C E2b rep0 rc=0 -> convert_video_properties
[16/180] A E2b rep0 rc=0 -> set_video_audio_track_codec
[17/180] C E2c rep0 rc=0 -> convert_audio_properties
[18/180] A E2d rep0 rc=0 -> set_video_audio_track_bitrate
[19/180] B E2c rep0 rc=0 -> ffmpeg_convert,ffmpeg_extract_audio
[20/180] C E2d rep0 rc=0 -> convert_video_properties
[21/180] B E2d rep0 rc=0 -> ffmpeg_convert
[22/180] A E3a rep0 rc=0 -> trim_video,extract_audio_from_video
[23/180] C E3a rep0 rc=0 -> trim_video,extract_audio_from_video
[24/180] B E3a rep0 rc=0 -> ffmpeg_trim,ffmpeg_extract_audio
[25/180] C E3b rep0 rc=0 -> concatenate_videos,convert_video_properties
[26/180] A E3b rep0 rc=0 -> concatenate_videos,set_video_resolution
[27/180] B E3b rep0 rc=0 -> ffmpeg_merge,ffmpeg_convert
[28/180] A E4a rep0 rc=0 -> set_video_audio_track_bitrate
[29/180] C E4a rep0 rc=0 -> convert_video_properties
[30/180] A E4b rep0 rc=0 -> convert_video_properties
[31/180] C E4b rep0 rc=0 -> convert_video_properties
[32/180] B E4a rep0 rc=0 -> ffmpeg_convert
[33/180] B E4b rep0 rc=0 -> ffmpeg_compress
[34/180] B E4c rep0 rc=0 -> ffmpeg_extract_frames
[35/180] A E1a rep1 rc=0 -> extract_audio_from_video
[36/180] A E4c rep0 rc=0 -> (ninguna)
[37/180] C E4c rep0 rc=0 -> (ninguna)
[38/180] C E1a rep1 rc=0 -> extract_audio_from_video
[39/180] B E1a rep1 rc=0 -> ffmpeg_extract_audio
[40/180] A E1b rep1 rc=0 -> trim_video
[41/180] C E1b rep1 rc=0 -> trim_video
[42/180] B E1b rep1 rc=0 -> ffmpeg_trim
[43/180] A E1c rep1 rc=0 -> convert_video_format
[44/180] C E1c rep1 rc=0 -> convert_video_properties
[45/180] B E1c rep1 rc=0 -> ffmpeg_convert
[46/180] A E2a rep1 rc=0 -> set_video_resolution
[47/180] C E2a rep1 rc=0 -> convert_video_properties
[48/180] A E2b rep1 rc=0 -> set_video_audio_track_codec
[49/180] C E2b rep1 rc=0 -> convert_video_properties
[50/180] B E2a rep1 rc=0 -> ffmpeg_compress
[51/180] B E2b rep1 rc=0 -> ffmpeg_convert
[52/180] A E2c rep1 rc=0 -> convert_audio_properties
[53/180] C E2c rep1 rc=0 -> convert_audio_properties
[54/180] B E2c rep1 rc=0 -> ffmpeg_extract_audio
[55/180] A E2d rep1 rc=0 -> set_video_audio_track_bitrate
[56/180] C E2d rep1 rc=0 -> convert_video_properties
[57/180] A E3a rep1 rc=0 -> trim_video,extract_audio_from_video
[58/180] C E3a rep1 rc=0 -> trim_video,extract_audio_from_video
[59/180] B E2d rep1 rc=0 -> ffmpeg_convert
[60/180] B E3a rep1 rc=0 -> ffmpeg_trim,ffmpeg_extract_audio
[61/180] C E3b rep1 rc=0 -> concatenate_videos,convert_video_properties
[62/180] A E3b rep1 rc=0 -> concatenate_videos,set_video_resolution
[63/180] B E3b rep1 rc=0 -> ffmpeg_merge,ffmpeg_convert
[64/180] A E4a rep1 rc=0 -> set_video_audio_track_bitrate
[65/180] C E4a rep1 rc=0 -> convert_video_properties
[66/180] B E4a rep1 rc=0 -> ffmpeg_extract_audio
[67/180] A E4b rep1 rc=0 -> convert_video_properties
[68/180] C E4b rep1 rc=0 -> convert_video_properties
[69/180] B E4b rep1 rc=0 -> ffmpeg_compress
[70/180] B E4c rep1 rc=0 -> ffmpeg_extract_frames
[71/180] A E1a rep2 rc=0 -> extract_audio_from_video
[72/180] C E4c rep1 rc=0 -> convert_video_properties
[73/180] A E4c rep1 rc=0 -> trim_video,convert_video_format
[74/180] C E1a rep2 rc=0 -> extract_audio_from_video
[75/180] B E1a rep2 rc=0 -> ffmpeg_extract_audio
[76/180] A E1b rep2 rc=0 -> trim_video
[77/180] C E1b rep2 rc=0 -> trim_video
[78/180] B E1b rep2 rc=0 -> ffmpeg_trim
[79/180] A E1c rep2 rc=0 -> convert_video_format
[80/180] C E1c rep2 rc=0 -> convert_video_properties
[81/180] C E2a rep2 rc=0 -> convert_video_properties
[82/180] B E1c rep2 rc=0 -> ffmpeg_convert
[83/180] A E2a rep2 rc=0 -> set_video_resolution
[84/180] B E2a rep2 rc=0 -> ffmpeg_compress
[85/180] A E2b rep2 rc=0 -> set_video_audio_track_codec
[86/180] C E2b rep2 rc=0 -> convert_video_properties
[87/180] B E2b rep2 rc=0 -> ffmpeg_convert
[88/180] A E2c rep2 rc=0 -> convert_audio_properties
[89/180] C E2c rep2 rc=0 -> convert_audio_properties
[90/180] A E2d rep2 rc=0 -> set_video_audio_track_bitrate
[91/180] B E2c rep2 rc=0 -> ffmpeg_convert,ffmpeg_extract_audio
[92/180] C E2d rep2 rc=0 -> convert_video_properties
[93/180] A E3a rep2 rc=0 -> trim_video,extract_audio_from_video
[94/180] C E3a rep2 rc=0 -> trim_video,extract_audio_from_video
[95/180] B E3a rep2 rc=0 -> ffmpeg_trim,ffmpeg_extract_audio
[96/180] B E2d rep2 rc=0 -> ffmpeg_convert
[97/180] A E3b rep2 rc=0 -> concatenate_videos,set_video_resolution
[98/180] C E3b rep2 rc=0 -> concatenate_videos,convert_video_properties
[99/180] A E4a rep2 rc=0 -> set_video_audio_track_bitrate
[100/180] C E4a rep2 rc=0 -> convert_video_properties
[101/180] B E3b rep2 rc=0 -> ffmpeg_merge,ffmpeg_convert
[102/180] B E4a rep2 rc=0 -> ffmpeg_extract_audio
[103/180] A E4b rep2 rc=0 -> convert_video_properties
[104/180] C E4b rep2 rc=0 -> convert_video_properties
[105/180] B E4b rep2 rc=0 -> ffmpeg_compress
[106/180] A E4c rep2 rc=0 -> (ninguna)
[107/180] B E4c rep2 rc=0 -> ffmpeg_extract_frames
[108/180] A E1a rep3 rc=0 -> extract_audio_from_video
[109/180] C E1a rep3 rc=0 -> extract_audio_from_video
[110/180] C E4c rep2 rc=0 -> convert_video_properties
[111/180] B E1a rep3 rc=0 -> ffmpeg_extract_audio
[112/180] A E1b rep3 rc=0 -> trim_video
[113/180] C E1b rep3 rc=0 -> trim_video
[114/180] B E1b rep3 rc=0 -> ffmpeg_trim
[115/180] A E1c rep3 rc=0 -> convert_video_format
[116/180] C E1c rep3 rc=0 -> convert_video_properties
[117/180] B E1c rep3 rc=0 -> ffmpeg_convert
[118/180] A E2a rep3 rc=0 -> set_video_resolution
[119/180] C E2a rep3 rc=0 -> convert_video_properties
[120/180] B E2a rep3 rc=0 -> ffmpeg_convert
[121/180] A E2b rep3 rc=0 -> set_video_audio_track_codec
[122/180] C E2b rep3 rc=0 -> convert_video_properties
[123/180] B E2b rep3 rc=0 -> ffmpeg_convert
[124/180] A E2c rep3 rc=0 -> convert_audio_properties
[125/180] C E2c rep3 rc=0 -> convert_audio_properties
[126/180] A E2d rep3 rc=0 -> set_video_audio_track_bitrate
[127/180] C E2d rep3 rc=0 -> convert_video_properties
[128/180] B E2c rep3 rc=0 -> ffmpeg_convert,ffmpeg_extract_audio
[129/180] A E3a rep3 rc=0 -> trim_video,extract_audio_from_video
[130/180] B E2d rep3 rc=0 -> ffmpeg_convert
[131/180] C E3a rep3 rc=0 -> trim_video,extract_audio_from_video
[132/180] B E3a rep3 rc=0 -> ffmpeg_trim,ffmpeg_extract_audio
[133/180] A E3b rep3 rc=0 -> concatenate_videos,set_video_resolution
[134/180] C E3b rep3 rc=0 -> concatenate_videos,convert_video_properties
[135/180] A E4a rep3 rc=0 -> set_video_audio_track_bitrate
[136/180] C E4a rep3 rc=0 -> convert_video_properties
[137/180] B E3b rep3 rc=0 -> ffmpeg_merge,ffmpeg_compress
[138/180] B E4a rep3 rc=0 -> ffmpeg_extract_audio
[139/180] A E4b rep3 rc=0 -> convert_video_properties
[140/180] B E4b rep3 rc=0 -> ffmpeg_compress
[141/180] C E4b rep3 rc=0 -> convert_video_properties
[142/180] A E4c rep3 rc=0 -> (ninguna)
[143/180] B E4c rep3 rc=0 -> ffmpeg_extract_frames
[144/180] A E1a rep4 rc=0 -> extract_audio_from_video
[145/180] C E1a rep4 rc=0 -> extract_audio_from_video
[146/180] C E4c rep3 rc=0 -> trim_video,convert_video_properties
[147/180] B E1a rep4 rc=0 -> ffmpeg_extract_audio
[148/180] A E1b rep4 rc=0 -> trim_video
[149/180] C E1b rep4 rc=0 -> trim_video
[150/180] B E1b rep4 rc=0 -> ffmpeg_trim
[151/180] A E1c rep4 rc=0 -> convert_video_format
[152/180] C E1c rep4 rc=0 -> convert_video_properties
[153/180] B E1c rep4 rc=0 -> ffmpeg_convert
[154/180] A E2a rep4 rc=0 -> set_video_resolution
[155/180] C E2a rep4 rc=0 -> convert_video_properties
[156/180] B E2a rep4 rc=0 -> ffmpeg_compress
[157/180] A E2b rep4 rc=0 -> set_video_audio_track_codec
[158/180] C E2b rep4 rc=0 -> convert_video_properties
[159/180] B E2b rep4 rc=0 -> ffmpeg_convert
[160/180] A E2c rep4 rc=0 -> convert_audio_properties
[161/180] C E2c rep4 rc=0 -> convert_audio_properties
[162/180] A E2d rep4 rc=0 -> set_video_audio_track_bitrate
[163/180] B E2c rep4 rc=0 -> ffmpeg_convert,ffmpeg_extract_audio
[164/180] C E2d rep4 rc=0 -> convert_video_properties
[165/180] A E3a rep4 rc=0 -> trim_video,extract_audio_from_video
[166/180] C E3a rep4 rc=0 -> trim_video,extract_audio_from_video
[167/180] B E2d rep4 rc=0 -> ffmpeg_convert
[168/180] B E3a rep4 rc=0 -> ffmpeg_trim,ffmpeg_extract_audio
[169/180] A E3b rep4 rc=0 -> concatenate_videos,set_video_resolution
[170/180] C E3b rep4 rc=0 -> concatenate_videos,convert_video_properties
[171/180] B E3b rep4 rc=0 -> ffmpeg_merge,ffmpeg_convert
[172/180] A E4a rep4 rc=0 -> set_video_audio_track_bitrate
[173/180] B E4a rep4 rc=0 -> ffmpeg_extract_audio
[174/180] C E4a rep4 rc=0 -> convert_video_properties
[175/180] A E4b rep4 rc=0 -> convert_video_properties
[176/180] C E4b rep4 rc=0 -> convert_video_properties
[177/180] B E4b rep4 rc=0 -> ffmpeg_compress
[178/180] A E4c rep4 rc=0 -> (ninguna)
[179/180] B E4c rep4 rc=0 -> ffmpeg_extract_frames
[180/180] C E4c rep4 rc=0 -> trim_video,convert_video_properties
