=== VERSIONES ===
Ubuntu 26.04 LTS
ocrmypdf   16.13.0+dfsg1
tesseract 5.5.0
 leptonica-1.86.0
unpaper    7.0.0
ghostscript 10.06.0
pngquant   4.0.3 (January 2023)
nproc=2
               total        used        free      shared  buff/cache   available
Mem:            1904         463         678          18         854        1440

=== IDIOMAS TESSERACT ===
List of available languages in "/usr/share/tesseract-ocr/5/tessdata/" (3):
eng
osd
spa

=== TAMANO INSTALADO (dpkg, KB) ===
   10328 KB  tesseract-ocr-osd
    4029 KB  tesseract-ocr-eng
    3422 KB  libtesseract5
    2943 KB  python3-pikepdf
    2253 KB  tesseract-ocr-spa
    1117 KB  tesseract-ocr
     713 KB  ocrmypdf
     412 KB  unpaper
     219 KB  python3-img2pdf
     187 KB  ghostscript
      61 KB  pngquant
TOTAL 25684 KB = 25.1 MB

=== CORPUS EN FS NATIVO DE WSL ===
escaneado_d1.pdf                84653 B  Pages=1 Page size=465.6 x 624 pts 
escaneado_d2.pdf                41904 B  Pages=1 Page size=465.84 x 612 pts 
escaneado_d3.pdf                40824 B  Pages=1 Page size=465.84 x 612 pts 
patologico_escaneado.pdf      8555521 B  Pages=1 Page size=465.84 x 645.12 pts 
tipico_texto.pdf                 3219 B  Pages=1 Page size=595 x 842 pts (A4) 
trivial.pdf                      6356 B  Pages=1 Page size=400 x 300 pts 
