base__escaneado_d1                         1293x1733
base__escaneado_d2                         1294x1700
base__escaneado_d3                         1294x1700
base__patologico_escaneado                 1294x1792
clean__escaneado_d1                        1293x1733
clean__escaneado_d2                        1294x1700
clean__escaneado_d3                        1294x1700
clean__patologico_escaneado                1294x1792
clean_os300__escaneado_d1                  1293x1733
clean_os300__escaneado_d2                  1294x1700
clean_os300__escaneado_d3                  1294x1700
clean_os300__patologico_escaneado          1294x1792
deskew__escaneado_d1                       1293x1733
deskew__escaneado_d2                       1294x1700
deskew__escaneado_d3                       1294x1700
deskew__patologico_escaneado               1294x1792
deskew_os300__escaneado_d1                 1293x1733
deskew_os300__escaneado_d2                 1294x1700
deskew_os300__escaneado_d3                 1294x1700
deskew_os300__patologico_escaneado         1294x1792
os300__escaneado_d1                        1293x1733
os300__escaneado_d2                        1294x1700
os300__escaneado_d3                        1294x1700
os300__patologico_escaneado                1294x1792
os400__escaneado_d1                        1293x1733
os400__escaneado_d2                        1294x1700
os400__escaneado_d3                        1294x1700
os400__patologico_escaneado                1294x1792
rotate__escaneado_d1                       1293x1733
rotate__escaneado_d2                       1294x1700
rotate__escaneado_d3                       1294x1700
rotate__patologico_escaneado               1294x1792
smoke_d3                                   1294x1700
todo__escaneado_d1                         1293x1733
todo__escaneado_d2                         1294x1700
todo__escaneado_d3                         1294x1700
todo__patologico_escaneado                 1294x1792
ctrlppp100__patologico_escaneado           647x896
ctrlppp150__patologico_escaneado           970x1344
ctrlppp200__patologico_escaneado           1294x1792
ctrlppp300__patologico_escaneado           1941x2688
ctrlppp400__patologico_escaneado           2588x3584
ctrlppp600__patologico_escaneado           3882x5376
ctrlppp100__escaneado_d1                   647x867
ctrlppp150__escaneado_d1                   970x1300
ctrlppp200__escaneado_d1                   1293x1733
ctrlppp300__escaneado_d1                   1940x2600
ctrlppp400__escaneado_d1                   2587x3467
ctrlppp600__escaneado_d1                   3880x5200
ctrlppp100__escaneado_d2                   647x850
ctrlppp150__escaneado_d2                   970x1275
ctrlppp200__escaneado_d2                   1294x1700
ctrlppp300__escaneado_d2                   1941x2550
ctrlppp400__escaneado_d2                   2588x3400
ctrlppp600__escaneado_d2                   3882x5100
ctrlppp100__escaneado_d3                   647x850
ctrlppp150__escaneado_d3                   970x1275
ctrlppp200__escaneado_d3                   1294x1700
ctrlppp300__escaneado_d3                   1941x2550
ctrlppp400__escaneado_d3                   2588x3400
ctrlppp600__escaneado_d3                   3882x5100
ctrlmagickdeskew__patologico_escaneado     1351x1833
ctrlmagickdeskew__escaneado_d1             1383x1800
ctrlmagickdeskew__escaneado_d2             1441x1809
ctrlmagickdeskew__escaneado_d3             1438x1807
total imagenes: 65
