[lock] adquirido por ocrmypdf-fase3
===================== RapidOCR (GPU) =====================
[32m[INFO] 2026-08-20 22:50:44,363 [RapidOCR] base.py:23: Using engine_name: onnxruntime[0m
[32m[INFO] 2026-08-20 22:50:46,368 [RapidOCR] download_file.py:60: File exists and is valid: D:\Work\research\FileX\.venv-ai\Lib\site-packages\rapidocr\models\ch_PP-OCRv5_det_mobile.onnx[0m
[32m[INFO] 2026-08-20 22:50:46,369 [RapidOCR] main.py:63: Using D:\Work\research\FileX\.venv-ai\Lib\site-packages\rapidocr\models\ch_PP-OCRv5_det_mobile.onnx[0m
[32m[INFO] 2026-08-20 22:50:49,431 [RapidOCR] base.py:23: Using engine_name: onnxruntime[0m
[32m[INFO] 2026-08-20 22:50:49,512 [RapidOCR] download_file.py:60: File exists and is valid: D:\Work\research\FileX\.venv-ai\Lib\site-packages\rapidocr\models\ch_ppocr_mobile_v2.0_cls_mobile.onnx[0m
[32m[INFO] 2026-08-20 22:50:49,512 [RapidOCR] main.py:63: Using D:\Work\research\FileX\.venv-ai\Lib\site-packages\rapidocr\models\ch_ppocr_mobile_v2.0_cls_mobile.onnx[0m
[32m[INFO] 2026-08-20 22:50:49,729 [RapidOCR] base.py:23: Using engine_name: onnxruntime[0m
[32m[INFO] 2026-08-20 22:50:50,619 [RapidOCR] download_file.py:60: File exists and is valid: D:\Work\research\FileX\.venv-ai\Lib\site-packages\rapidocr\models\ch_PP-OCRv5_rec_mobile.onnx[0m
[32m[INFO] 2026-08-20 22:50:50,619 [RapidOCR] main.py:63: Using D:\Work\research\FileX\.venv-ai\Lib\site-packages\rapidocr\models\ch_PP-OCRv5_rec_mobile.onnx[0m
{"etiqueta": "rapidocr_cuda", "carga_s": 52.37, "vram_base_MiB": 2763, "vram_tras_carga_MiB": 2938}
base__escaneado_d1                           CER=   0.0%  dist=   0  frases=3/3
base__escaneado_d2                           CER=  44.3%  dist=  35  frases=2/3
base__escaneado_d3                           CER=  73.4%  dist=  58  frases=0/3
base__patologico_escaneado                   CER=   1.3%  dist=   1  frases=2/3
clean__escaneado_d1                          CER=   0.0%  dist=   0  frases=3/3
clean__escaneado_d2                          CER=  44.3%  dist=  35  frases=2/3
clean__escaneado_d3                          CER=  73.4%  dist=  58  frases=0/3
clean__patologico_escaneado                  CER=   1.3%  dist=   1  frases=2/3
clean_os300__escaneado_d1                    CER=   0.0%  dist=   0  frases=3/3
clean_os300__escaneado_d2                    CER=   1.3%  dist=   1  frases=2/3
clean_os300__escaneado_d3                    CER=  58.2%  dist=  46  frases=0/3
clean_os300__patologico_escaneado            CER=   1.3%  dist=   1  frases=2/3
ctrlmagickdeskew__escaneado_d1               CER=   0.0%  dist=   0  frases=3/3
ctrlmagickdeskew__escaneado_d2               CER=   0.0%  dist=   0  frases=3/3
ctrlmagickdeskew__escaneado_d3               CER=  73.4%  dist=  58  frases=0/3
ctrlmagickdeskew__patologico_escaneado       CER=   1.3%  dist=   1  frases=2/3
ctrlppp100__escaneado_d1                     CER=   0.0%  dist=   0  frases=3/3
ctrlppp100__escaneado_d2                     CER=   0.0%  dist=   0  frases=3/3
ctrlppp100__escaneado_d3                     CER=  77.2%  dist=  61  frases=0/3
ctrlppp100__patologico_escaneado             CER=   1.3%  dist=   1  frases=2/3
ctrlppp150__escaneado_d1                     CER=   0.0%  dist=   0  frases=3/3
ctrlppp150__escaneado_d2                     CER=   0.0%  dist=   0  frases=3/3
ctrlppp150__escaneado_d3                     CER=  75.9%  dist=  60  frases=1/3
ctrlppp150__patologico_escaneado             CER=   1.3%  dist=   1  frases=2/3
ctrlppp200__escaneado_d1                     CER=   0.0%  dist=   0  frases=3/3
ctrlppp200__escaneado_d2                     CER=   1.3%  dist=   1  frases=2/3
ctrlppp200__escaneado_d3                     CER=  65.8%  dist=  52  frases=0/3
ctrlppp200__patologico_escaneado             CER=   1.3%  dist=   1  frases=2/3
ctrlppp300__escaneado_d1                     CER=   0.0%  dist=   0  frases=3/3
ctrlppp300__escaneado_d2                     CER=   0.0%  dist=   0  frases=3/3
ctrlppp300__escaneado_d3                     CER=  77.2%  dist=  61  frases=0/3
ctrlppp300__patologico_escaneado             CER=   1.3%  dist=   1  frases=2/3
ctrlppp400__escaneado_d1                     CER=   0.0%  dist=   0  frases=3/3
ctrlppp400__escaneado_d2                     CER=   0.0%  dist=   0  frases=3/3
ctrlppp400__escaneado_d3                     CER=  77.2%  dist=  61  frases=0/3
ctrlppp400__patologico_escaneado             CER=   0.0%  dist=   0  frases=3/3
ctrlppp600__escaneado_d1                     CER=   0.0%  dist=   0  frases=3/3
ctrlppp600__escaneado_d2                     CER=   0.0%  dist=   0  frases=3/3
ctrlppp600__escaneado_d3                     CER=  75.9%  dist=  60  frases=1/3
ctrlppp600__patologico_escaneado             CER=   0.0%  dist=   0  frases=3/3
deskew__escaneado_d1                         CER=   0.0%  dist=   0  frases=3/3
deskew__escaneado_d2                         CER=  44.3%  dist=  35  frases=2/3
deskew__escaneado_d3                         CER=  73.4%  dist=  58  frases=0/3
deskew__patologico_escaneado                 CER=   1.3%  dist=   1  frases=2/3
deskew_os300__escaneado_d1                   CER=   0.0%  dist=   0  frases=3/3
deskew_os300__escaneado_d2                   CER=   1.3%  dist=   1  frases=2/3
deskew_os300__escaneado_d3                   CER=  58.2%  dist=  46  frases=0/3
deskew_os300__patologico_escaneado           CER=   1.3%  dist=   1  frases=2/3
os300__escaneado_d1                          CER=   0.0%  dist=   0  frases=3/3
os300__escaneado_d2                          CER=   1.3%  dist=   1  frases=2/3
os300__escaneado_d3                          CER=  58.2%  dist=  46  frases=0/3
os300__patologico_escaneado                  CER=   1.3%  dist=   1  frases=2/3
os400__escaneado_d1                          CER=   0.0%  dist=   0  frases=3/3
os400__escaneado_d2                          CER=   1.3%  dist=   1  frases=2/3
os400__escaneado_d3                          CER=  59.5%  dist=  47  frases=1/3
os400__patologico_escaneado                  CER=   1.3%  dist=   1  frases=2/3
rotate__escaneado_d1                         CER=   0.0%  dist=   0  frases=3/3
rotate__escaneado_d2                         CER=  44.3%  dist=  35  frases=2/3
rotate__escaneado_d3                         CER=  73.4%  dist=  58  frases=0/3
rotate__patologico_escaneado                 CER=   1.3%  dist=   1  frases=2/3
smoke_d3                                     CER=  73.4%  dist=  58  frases=0/3
todo__escaneado_d1                           CER=   0.0%  dist=   0  frases=3/3
todo__escaneado_d2                           CER=  44.3%  dist=  35  frases=2/3
todo__escaneado_d3                           CER=  73.4%  dist=  58  frases=0/3
todo__patologico_escaneado                   CER=   1.3%  dist=   1  frases=2/3
{"evento": "fin", "vram_pico_MiB": 5187, "coste_propio_MiB": 2424}

===================== PaddleOCR (GPU) =====================
[32mCreating model: ('PP-LCNet_x1_0_textline_ori', None, None)[0m
[32mModel files already exist. Using cached files. To redownload, please delete the directory manually: `C:\Users\krato\.paddlex\official_models\PP-LCNet_x1_0_textline_ori`.[0m
WARNING: Logging before InitGoogleLogging() is written to STDERR
W0820 22:54:26.262600 31440 gpu_resources.cc:114] Please NOTE: device: 0, GPU Compute Capability: 8.6, Driver API Version: 12.8, Runtime API Version: 12.6
[32mCreating model: ('PP-OCRv6_medium_det', None, None)[0m
[32mModel files already exist. Using cached files. To redownload, please delete the directory manually: `C:\Users\krato\.paddlex\official_models\PP-OCRv6_medium_det`.[0m
[32mCreating model: ('PP-OCRv6_medium_rec', None, None)[0m
[32mModel files already exist. Using cached files. To redownload, please delete the directory manually: `C:\Users\krato\.paddlex\official_models\PP-OCRv6_medium_rec`.[0m
{"etiqueta": "paddleocr_cuda", "carga_s": 168.37, "vram_base_MiB": 2753, "vram_tras_carga_MiB": 2889}
W0820 22:55:10.646843 31440 gpu_resources.cc:243] WARNING: device: 0. The installed Paddle is compiled with CUDNN 9.9, but CUDNN version in your machine is 9.5, which may cause serious incompatible bug. Please recompile or reinstall Paddle with compatible CUDNN version.
base__escaneado_d1                           CER=   0.0%  dist=   0  frases=3/3
base__escaneado_d2                           CER=   0.0%  dist=   0  frases=3/3
base__escaneado_d3                           CER=  75.9%  dist=  60  frases=1/3
base__patologico_escaneado                   CER=   0.0%  dist=   0  frases=3/3
clean__escaneado_d1                          CER=   0.0%  dist=   0  frases=3/3
clean__escaneado_d2                          CER=   0.0%  dist=   0  frases=3/3
clean__escaneado_d3                          CER=  75.9%  dist=  60  frases=1/3
clean__patologico_escaneado                  CER=   0.0%  dist=   0  frases=3/3
clean_os300__escaneado_d1                    CER=   0.0%  dist=   0  frases=3/3
clean_os300__escaneado_d2                    CER=   0.0%  dist=   0  frases=3/3
clean_os300__escaneado_d3                    CER=  75.9%  dist=  60  frases=1/3
clean_os300__patologico_escaneado            CER=   0.0%  dist=   0  frases=3/3
ctrlmagickdeskew__escaneado_d1               CER=   0.0%  dist=   0  frases=3/3
ctrlmagickdeskew__escaneado_d2               CER=   0.0%  dist=   0  frases=3/3
ctrlmagickdeskew__escaneado_d3               CER=  20.3%  dist=  16  frases=1/3
ctrlmagickdeskew__patologico_escaneado       CER=   0.0%  dist=   0  frases=3/3
ctrlppp100__escaneado_d1                     CER=   0.0%  dist=   0  frases=3/3
ctrlppp100__escaneado_d2                     CER=   0.0%  dist=   0  frases=3/3
ctrlppp100__escaneado_d3                     CER=   2.5%  dist=   2  frases=2/3
ctrlppp100__patologico_escaneado             CER=   0.0%  dist=   0  frases=3/3
ctrlppp150__escaneado_d1                     CER=   0.0%  dist=   0  frases=3/3
ctrlppp150__escaneado_d2                     CER=   0.0%  dist=   0  frases=3/3
ctrlppp150__escaneado_d3                     CER=  31.6%  dist=  25  frases=2/3
ctrlppp150__patologico_escaneado             CER=   0.0%  dist=   0  frases=3/3
ctrlppp200__escaneado_d1                     CER=   0.0%  dist=   0  frases=3/3
ctrlppp200__escaneado_d2                     CER=   0.0%  dist=   0  frases=3/3
ctrlppp200__escaneado_d3                     CER=  75.9%  dist=  60  frases=1/3
ctrlppp200__patologico_escaneado             CER=   0.0%  dist=   0  frases=3/3
ctrlppp300__escaneado_d1                     CER=   0.0%  dist=   0  frases=3/3
ctrlppp300__escaneado_d2                     CER=   0.0%  dist=   0  frases=3/3
ctrlppp300__escaneado_d3                     CER=  75.9%  dist=  60  frases=1/3
ctrlppp300__patologico_escaneado             CER=   0.0%  dist=   0  frases=3/3
ctrlppp400__escaneado_d1                     CER=   0.0%  dist=   0  frases=3/3
ctrlppp400__escaneado_d2                     CER=   0.0%  dist=   0  frases=3/3
ctrlppp400__escaneado_d3                     CER=  75.9%  dist=  60  frases=1/3
ctrlppp400__patologico_escaneado             CER=   0.0%  dist=   0  frases=3/3
[33mResized image size (3880x5200) exceeds max_side_limit of 4000. Resizing to fit within limit.[0m
ctrlppp600__escaneado_d1                     CER=   0.0%  dist=   0  frases=3/3
[33mResized image size (3882x5100) exceeds max_side_limit of 4000. Resizing to fit within limit.[0m
ctrlppp600__escaneado_d2                     CER=   0.0%  dist=   0  frases=3/3
[33mResized image size (3882x5100) exceeds max_side_limit of 4000. Resizing to fit within limit.[0m
ctrlppp600__escaneado_d3                     CER=  93.7%  dist=  74  frases=0/3
[33mResized image size (3882x5376) exceeds max_side_limit of 4000. Resizing to fit within limit.[0m
ctrlppp600__patologico_escaneado             CER=   0.0%  dist=   0  frases=3/3
deskew__escaneado_d1                         CER=   0.0%  dist=   0  frases=3/3
deskew__escaneado_d2                         CER=   0.0%  dist=   0  frases=3/3
deskew__escaneado_d3                         CER=  75.9%  dist=  60  frases=1/3
deskew__patologico_escaneado                 CER=   0.0%  dist=   0  frases=3/3
deskew_os300__escaneado_d1                   CER=   0.0%  dist=   0  frases=3/3
deskew_os300__escaneado_d2                   CER=   0.0%  dist=   0  frases=3/3
deskew_os300__escaneado_d3                   CER=  75.9%  dist=  60  frases=1/3
deskew_os300__patologico_escaneado           CER=   0.0%  dist=   0  frases=3/3
os300__escaneado_d1                          CER=   0.0%  dist=   0  frases=3/3
os300__escaneado_d2                          CER=   0.0%  dist=   0  frases=3/3
os300__escaneado_d3                          CER=  75.9%  dist=  60  frases=1/3
os300__patologico_escaneado                  CER=   0.0%  dist=   0  frases=3/3
os400__escaneado_d1                          CER=   0.0%  dist=   0  frases=3/3
os400__escaneado_d2                          CER=   0.0%  dist=   0  frases=3/3
os400__escaneado_d3                          CER=  75.9%  dist=  60  frases=1/3
os400__patologico_escaneado                  CER=   0.0%  dist=   0  frases=3/3
rotate__escaneado_d1                         CER=   0.0%  dist=   0  frases=3/3
rotate__escaneado_d2                         CER=   0.0%  dist=   0  frases=3/3
rotate__escaneado_d3                         CER=  75.9%  dist=  60  frases=1/3
rotate__patologico_escaneado                 CER=   0.0%  dist=   0  frases=3/3
smoke_d3                                     CER=  75.9%  dist=  60  frases=1/3
todo__escaneado_d1                           CER=   0.0%  dist=   0  frases=3/3
todo__escaneado_d2                           CER=   0.0%  dist=   0  frases=3/3
todo__escaneado_d3                           CER=  75.9%  dist=  60  frases=1/3
todo__patologico_escaneado                   CER=   0.0%  dist=   0  frases=3/3
{"evento": "fin", "vram_pico_MiB": 12089, "coste_propio_MiB": 9336}
[lock] liberado
