im_ppi__k0500__escaneado_d4                    ppp= 100 nat=200.0  647x858 8 Grayscale      (0.56 Mpx, 370313 B)
im_ppi__k0750__escaneado_d4                    ppp= 150 nat=200.0  970x1287 8 Grayscale     (1.25 Mpx, 755752 B)
im_ppi__k0875__escaneado_d4                    ppp= 175 nat=200.0  1132x1502 8 Grayscale    (1.70 Mpx, 933249 B)
im_ppi__k1000__escaneado_d4                    ppp= 200 nat=200.0  1294x1716 8 Grayscale    (2.22 Mpx, 1172530 B)
im_ppi__k1250__escaneado_d4                    ppp= 250 nat=200.0  1617x2145 8 Grayscale    (3.47 Mpx, 1338347 B)
im_ppi__k1500__escaneado_d4                    ppp= 300 nat=200.0  1941x2574 8 Grayscale    (5.00 Mpx, 1442471 B)
im_ppi__k1800__escaneado_d4                    ppp= 360 nat=200.0  2329x3089 8 Grayscale    (7.19 Mpx, 1612308 B)
im_ppi__k0500__escaneado_d4c                   ppp= 100 nat=200.0  647x867 8 Grayscale      (0.56 Mpx, 356774 B)
im_ppi__k0750__escaneado_d4c                   ppp= 150 nat=200.0  970x1300 8 Grayscale     (1.26 Mpx, 714895 B)
im_ppi__k0875__escaneado_d4c                   ppp= 175 nat=200.0  1132x1517 8 Grayscale    (1.72 Mpx, 921522 B)
im_ppi__k1000__escaneado_d4c                   ppp= 200 nat=200.0  1294x1734 8 Grayscale    (2.24 Mpx, 1141598 B)
im_ppi__k1250__escaneado_d4c                   ppp= 250 nat=200.0  1617x2167 8 Grayscale    (3.50 Mpx, 1306838 B)
im_ppi__k1500__escaneado_d4c                   ppp= 300 nat=200.0  1941x2601 8 Grayscale    (5.05 Mpx, 1408487 B)
im_ppi__k1800__escaneado_d4c                   ppp= 360 nat=200.0  2329x3121 8 Grayscale    (7.27 Mpx, 1576364 B)
im_ppi__k0500__escaneado_d3                    ppp=  50 nat=100.0  323x425 8 Grayscale      (0.14 Mpx, 103689 B)
im_ppi__k0750__escaneado_d3                    ppp=  75 nat=100.0  485x638 8 Grayscale      (0.31 Mpx, 217118 B)
im_ppi__k0875__escaneado_d3                    ppp=  88 nat=100.0  569x748 8 Grayscale      (0.43 Mpx, 289788 B)
im_ppi__k1000__escaneado_d3                    ppp= 100 nat=100.0  647x850 8 Grayscale      (0.55 Mpx, 364119 B)
im_ppi__k1250__escaneado_d3                    ppp= 125 nat=100.0  809x1063 8 Grayscale     (0.86 Mpx, 414307 B)
im_ppi__k1500__escaneado_d3                    ppp= 150 nat=100.0  970x1275 8 Grayscale     (1.24 Mpx, 447327 B)
im_ppi__k1800__escaneado_d3                    ppp= 180 nat=100.0  1165x1530 8 Grayscale    (1.78 Mpx, 485234 B)
im_ppi__k0500__escaneado_d2                    ppp=  50 nat=100.0  323x425 8 Grayscale      (0.14 Mpx, 93356 B)
im_ppi__k0750__escaneado_d2                    ppp=  75 nat=100.0  485x638 8 Grayscale      (0.31 Mpx, 191485 B)
im_ppi__k0875__escaneado_d2                    ppp=  88 nat=100.0  569x748 8 Grayscale      (0.43 Mpx, 254798 B)
im_ppi__k1000__escaneado_d2                    ppp= 100 nat=100.0  647x850 8 Grayscale      (0.55 Mpx, 318982 B)
im_ppi__k1250__escaneado_d2                    ppp= 125 nat=100.0  809x1063 8 Grayscale     (0.86 Mpx, 366097 B)
im_ppi__k1500__escaneado_d2                    ppp= 150 nat=100.0  970x1275 8 Grayscale     (1.24 Mpx, 396259 B)
im_ppi__k1800__escaneado_d2                    ppp= 180 nat=100.0  1165x1530 8 Grayscale    (1.78 Mpx, 437255 B)
im_ppi__k0625__escaneado_d4                    ppp= 125 nat=200.0  809x1073 8 Grayscale     (0.87 Mpx, 551597 B)
im_ppi__k1125__escaneado_d4                    ppp= 225 nat=200.0  1456x1931 8 Grayscale    (2.81 Mpx, 1262467 B)
im_ppi__k1400__escaneado_d4                    ppp= 280 nat=200.0  1812x2402 8 Grayscale    (4.35 Mpx, 1441993 B)
im_ppi__k1600__escaneado_d4                    ppp= 320 nat=200.0  2070x2746 8 Grayscale    (5.68 Mpx, 1537339 B)
im_ppi__k0625__escaneado_d4c                   ppp= 125 nat=200.0  809x1084 8 Grayscale     (0.88 Mpx, 535665 B)
im_ppi__k1125__escaneado_d4c                   ppp= 225 nat=200.0  1456x1951 8 Grayscale    (2.84 Mpx, 1231183 B)
im_ppi__k1400__escaneado_d4c                   ppp= 280 nat=200.0  1812x2428 8 Grayscale    (4.40 Mpx, 1405447 B)
im_ppi__k1600__escaneado_d4c                   ppp= 320 nat=200.0  2070x2774 8 Grayscale    (5.74 Mpx, 1501746 B)
im_ppi__k0625__escaneado_d3                    ppp=  62 nat=100.0  401x527 8 Grayscale      (0.21 Mpx, 153779 B)
im_ppi__k1125__escaneado_d3                    ppp= 112 nat=100.0  725x952 8 Grayscale      (0.69 Mpx, 393120 B)
im_ppi__k1400__escaneado_d3                    ppp= 140 nat=100.0  906x1190 8 Grayscale     (1.08 Mpx, 436391 B)
im_ppi__k1600__escaneado_d3                    ppp= 160 nat=100.0  1035x1360 8 Grayscale    (1.41 Mpx, 464948 B)
im_ppi__k0625__escaneado_d2                    ppp=  62 nat=100.0  401x527 8 Grayscale      (0.21 Mpx, 136882 B)
im_ppi__k1125__escaneado_d2                    ppp= 112 nat=100.0  725x952 8 Grayscale      (0.69 Mpx, 345489 B)
im_ppi__k1400__escaneado_d2                    ppp= 140 nat=100.0  906x1190 8 Grayscale     (1.08 Mpx, 389306 B)
im_ppi__k1600__escaneado_d2                    ppp= 160 nat=100.0  1035x1360 8 Grayscale    (1.41 Mpx, 416002 B)
