escaneado_d4     im vs gs           iguales=1.0 rmse=0.0 residuo_tras_tono=0.0 mono=True
escaneado_d4     im vs gs16m_im     iguales=1.0 rmse=0.0 residuo_tras_tono=0.0 mono=True
escaneado_d4     im vs gs16m_im601  iguales=1.0 rmse=0.0 residuo_tras_tono=0.0 mono=True
escaneado_d4     im vs gs16m_im709  iguales=1.0 rmse=0.0 residuo_tras_tono=0.0 mono=True
escaneado_d4     im vs im_sincs     iguales=1.0 rmse=0.0 residuo_tras_tono=0.0 mono=True
escaneado_d4     im vs gs_aa1       iguales=1.0 rmse=0.0 residuo_tras_tono=0.0 mono=True
escaneado_d4     im vs gs_aa4       iguales=1.0 rmse=0.0 residuo_tras_tono=0.0 mono=True
escaneado_d3     im vs gs           iguales=1.0 rmse=0.0 residuo_tras_tono=0.0 mono=True
escaneado_d3     im vs gs16m_im     iguales=1.0 rmse=0.0 residuo_tras_tono=0.0 mono=True
escaneado_d3     im vs gs16m_im601  iguales=1.0 rmse=0.0 residuo_tras_tono=0.0 mono=True
escaneado_d3     im vs gs16m_im709  iguales=1.0 rmse=0.0 residuo_tras_tono=0.0 mono=True
escaneado_d3     im vs im_sincs     iguales=1.0 rmse=0.0 residuo_tras_tono=0.0 mono=True
escaneado_d3     im vs gs_aa1       iguales=1.0 rmse=0.0 residuo_tras_tono=0.0 mono=True
escaneado_d3     im vs gs_aa4       iguales=1.0 rmse=0.0 residuo_tras_tono=0.0 mono=True
escaneado_d4c    im vs gs           iguales=1.0 rmse=0.0 residuo_tras_tono=0.0 mono=True
escaneado_d4c    im vs gs16m_im     iguales=1.0 rmse=0.0 residuo_tras_tono=0.0 mono=True
escaneado_d4c    im vs gs16m_im601  iguales=1.0 rmse=0.0 residuo_tras_tono=0.0 mono=True
escaneado_d4c    im vs gs16m_im709  iguales=1.0 rmse=0.0 residuo_tras_tono=0.0 mono=True
escaneado_d4c    im vs im_sincs     iguales=1.0 rmse=0.0 residuo_tras_tono=0.0 mono=True
escaneado_d4c    im vs gs_aa1       iguales=1.0 rmse=0.0 residuo_tras_tono=0.0 mono=True
escaneado_d4c    im vs gs_aa4       iguales=1.0 rmse=0.0 residuo_tras_tono=0.0 mono=True
escaneado_d4e    im vs gs           iguales=1.0 rmse=0.0 residuo_tras_tono=0.0 mono=True
escaneado_d4e    im vs gs16m_im     iguales=1.0 rmse=0.0 residuo_tras_tono=0.0 mono=True
escaneado_d4e    im vs gs16m_im601  iguales=1.0 rmse=0.0 residuo_tras_tono=0.0 mono=True
escaneado_d4e    im vs gs16m_im709  iguales=1.0 rmse=0.0 residuo_tras_tono=0.0 mono=True
escaneado_d4e    im vs im_sincs     iguales=1.0 rmse=0.0 residuo_tras_tono=0.0 mono=True
escaneado_d4e    im vs gs_aa1       iguales=1.0 rmse=0.0 residuo_tras_tono=0.0 mono=True
escaneado_d4e    im vs gs_aa4       iguales=1.0 rmse=0.0 residuo_tras_tono=0.0 mono=True
escaneado_d4f    im vs gs           iguales=1.0 rmse=0.0 residuo_tras_tono=0.0 mono=True
escaneado_d4f    im vs gs16m_im     iguales=1.0 rmse=0.0 residuo_tras_tono=0.0 mono=True
escaneado_d4f    im vs gs16m_im601  iguales=1.0 rmse=0.0 residuo_tras_tono=0.0 mono=True
escaneado_d4f    im vs gs16m_im709  iguales=1.0 rmse=0.0 residuo_tras_tono=0.0 mono=True
escaneado_d4f    im vs im_sincs     iguales=1.0 rmse=0.0 residuo_tras_tono=0.0 mono=True
escaneado_d4f    im vs gs_aa1       iguales=1.0 rmse=0.0 residuo_tras_tono=0.0 mono=True
escaneado_d4f    im vs gs_aa4       iguales=1.0 rmse=0.0 residuo_tras_tono=0.0 mono=True
escaneado_d2     im vs gs           iguales=1.0 rmse=0.0 residuo_tras_tono=0.0 mono=True
escaneado_d2     im vs gs16m_im     iguales=1.0 rmse=0.0 residuo_tras_tono=0.0 mono=True
escaneado_d2     im vs gs16m_im601  iguales=1.0 rmse=0.0 residuo_tras_tono=0.0 mono=True
escaneado_d2     im vs gs16m_im709  iguales=1.0 rmse=0.0 residuo_tras_tono=0.0 mono=True
escaneado_d2     im vs im_sincs     iguales=1.0 rmse=0.0 residuo_tras_tono=0.0 mono=True
escaneado_d2     im vs gs_aa1       iguales=1.0 rmse=0.0 residuo_tras_tono=0.0 mono=True
escaneado_d2     im vs gs_aa4       iguales=1.0 rmse=0.0 residuo_tras_tono=0.0 mono=True
escrito json/sonda_raster.json
