escaneado_d4   im          psm 3  pHYs=SIN UNIDAD (no declara resolucion) px=7db12c6f  CER=  84.56 -> forzado   51.34   txt=faa67a10/42ac8ee2
escaneado_d4   im          psm 6  pHYs=SIN UNIDAD (no declara resolucion) px=7db12c6f  CER=  55.70 -> forzado   55.70   txt=53ae3fe5/53ae3fe5
escaneado_d4   im          psm11  pHYs=SIN UNIDAD (no declara resolucion) px=7db12c6f  CER=  41.78 -> forzado   40.60   txt=233d2b47/7b969abb
escaneado_d4   im_ppi      psm 3  pHYs=200.00 ppp                       px=7db12c6f  CER=  51.34 -> forzado   51.34   txt=42ac8ee2/42ac8ee2
escaneado_d4   im_ppi      psm 6  pHYs=200.00 ppp                       px=7db12c6f  CER=  55.70 -> forzado   55.70   txt=53ae3fe5/53ae3fe5
escaneado_d4   im_ppi      psm11  pHYs=200.00 ppp                       px=7db12c6f  CER=  40.60 -> forzado   40.60   txt=7b969abb/7b969abb
escaneado_d4   gs          psm 3  pHYs=200.00 ppp                       px=7db12c6f  CER=  51.34 -> forzado   51.34   txt=42ac8ee2/42ac8ee2
escaneado_d4   gs          psm 6  pHYs=200.00 ppp                       px=7db12c6f  CER=  55.70 -> forzado   55.70   txt=53ae3fe5/53ae3fe5
escaneado_d4   gs          psm11  pHYs=200.00 ppp                       px=7db12c6f  CER=  40.60 -> forzado   40.60   txt=7b969abb/7b969abb
escaneado_d4   gs16m_im    psm 3  pHYs=199.97 ppp                       px=7db12c6f  CER=  51.34 -> forzado   51.34   txt=42ac8ee2/42ac8ee2
escaneado_d4   gs16m_im    psm 6  pHYs=199.97 ppp                       px=7db12c6f  CER=  55.70 -> forzado   55.70   txt=53ae3fe5/53ae3fe5
escaneado_d4   gs16m_im    psm11  pHYs=199.97 ppp                       px=7db12c6f  CER=  40.60 -> forzado   40.60   txt=7b969abb/7b969abb
escaneado_d4   im_sincs    psm 3  pHYs=SIN UNIDAD (no declara resolucion) px=7db12c6f  CER=  84.56 -> forzado   51.34   txt=faa67a10/42ac8ee2
escaneado_d4   im_sincs    psm 6  pHYs=SIN UNIDAD (no declara resolucion) px=7db12c6f  CER=  55.70 -> forzado   55.70   txt=53ae3fe5/53ae3fe5
escaneado_d4   im_sincs    psm11  pHYs=SIN UNIDAD (no declara resolucion) px=7db12c6f  CER=  41.78 -> forzado   40.60   txt=233d2b47/7b969abb
escaneado_d4   gs_aa1      psm 3  pHYs=200.00 ppp                       px=7db12c6f  CER=  51.34 -> forzado   51.34   txt=42ac8ee2/42ac8ee2
escaneado_d4   gs_aa1      psm 6  pHYs=200.00 ppp                       px=7db12c6f  CER=  55.70 -> forzado   55.70   txt=53ae3fe5/53ae3fe5
escaneado_d4   gs_aa1      psm11  pHYs=200.00 ppp                       px=7db12c6f  CER=  40.60 -> forzado   40.60   txt=7b969abb/7b969abb
escaneado_d4   gs_aa4      psm 3  pHYs=200.00 ppp                       px=7db12c6f  CER=  51.34 -> forzado   51.34   txt=42ac8ee2/42ac8ee2
escaneado_d4   gs_aa4      psm 6  pHYs=200.00 ppp                       px=7db12c6f  CER=  55.70 -> forzado   55.70   txt=53ae3fe5/53ae3fe5
escaneado_d4   gs_aa4      psm11  pHYs=200.00 ppp                       px=7db12c6f  CER=  40.60 -> forzado   40.60   txt=7b969abb/7b969abb
escaneado_d3   im          psm 3  pHYs=SIN UNIDAD (no declara resolucion) px=50a51177  CER= 100.00 -> forzado  100.00   txt=d41d8cd9/d41d8cd9
escaneado_d3   im          psm 6  pHYs=SIN UNIDAD (no declara resolucion) px=50a51177  CER= 113.92 -> forzado  113.92   txt=14abc4f7/14abc4f7
escaneado_d3   im          psm11  pHYs=SIN UNIDAD (no declara resolucion) px=50a51177  CER= 188.61 -> forzado  183.54   txt=c21f4d0a/f3a2637e
escaneado_d3   im_ppi      psm 3  pHYs=100.00 ppp                       px=50a51177  CER= 100.00 -> forzado  100.00   txt=d41d8cd9/d41d8cd9
escaneado_d3   im_ppi      psm 6  pHYs=100.00 ppp                       px=50a51177  CER= 113.92 -> forzado  113.92   txt=14abc4f7/14abc4f7
escaneado_d3   im_ppi      psm11  pHYs=100.00 ppp                       px=50a51177  CER= 183.54 -> forzado  183.54   txt=f3a2637e/f3a2637e
escaneado_d3   gs          psm 3  pHYs=100.00 ppp                       px=50a51177  CER= 100.00 -> forzado  100.00   txt=d41d8cd9/d41d8cd9
escaneado_d3   gs          psm 6  pHYs=100.00 ppp                       px=50a51177  CER= 113.92 -> forzado  113.92   txt=14abc4f7/14abc4f7
escaneado_d3   gs          psm11  pHYs=100.00 ppp                       px=50a51177  CER= 183.54 -> forzado  183.54   txt=f3a2637e/f3a2637e
escaneado_d3   gs16m_im    psm 3  pHYs=99.97 ppp                        px=50a51177  CER= 100.00 -> forzado  100.00   txt=d41d8cd9/d41d8cd9
escaneado_d3   gs16m_im    psm 6  pHYs=99.97 ppp                        px=50a51177  CER= 113.92 -> forzado  113.92   txt=14abc4f7/14abc4f7
escaneado_d3   gs16m_im    psm11  pHYs=99.97 ppp                        px=50a51177  CER= 183.54 -> forzado  183.54   txt=f3a2637e/f3a2637e
escaneado_d3   im_sincs    psm 3  pHYs=SIN UNIDAD (no declara resolucion) px=50a51177  CER= 100.00 -> forzado  100.00   txt=d41d8cd9/d41d8cd9
escaneado_d3   im_sincs    psm 6  pHYs=SIN UNIDAD (no declara resolucion) px=50a51177  CER= 113.92 -> forzado  113.92   txt=14abc4f7/14abc4f7
escaneado_d3   im_sincs    psm11  pHYs=SIN UNIDAD (no declara resolucion) px=50a51177  CER= 188.61 -> forzado  183.54   txt=c21f4d0a/f3a2637e
escaneado_d3   gs_aa1      psm 3  pHYs=100.00 ppp                       px=50a51177  CER= 100.00 -> forzado  100.00   txt=d41d8cd9/d41d8cd9
escaneado_d3   gs_aa1      psm 6  pHYs=100.00 ppp                       px=50a51177  CER= 113.92 -> forzado  113.92   txt=14abc4f7/14abc4f7
escaneado_d3   gs_aa1      psm11  pHYs=100.00 ppp                       px=50a51177  CER= 183.54 -> forzado  183.54   txt=f3a2637e/f3a2637e
escaneado_d3   gs_aa4      psm 3  pHYs=100.00 ppp                       px=50a51177  CER= 100.00 -> forzado  100.00   txt=d41d8cd9/d41d8cd9
escaneado_d3   gs_aa4      psm 6  pHYs=100.00 ppp                       px=50a51177  CER= 113.92 -> forzado  113.92   txt=14abc4f7/14abc4f7
escaneado_d3   gs_aa4      psm11  pHYs=100.00 ppp                       px=50a51177  CER= 183.54 -> forzado  183.54   txt=f3a2637e/f3a2637e
escaneado_d4c  im          psm 3  pHYs=SIN UNIDAD (no declara resolucion) px=588159e6  CER=   1.85 -> forzado    1.85   txt=3b7a54e6/3b7a54e6
escaneado_d4c  im          psm 6  pHYs=SIN UNIDAD (no declara resolucion) px=588159e6  CER=   6.54 -> forzado    6.54   txt=c6fe728e/c6fe728e
escaneado_d4c  im          psm11  pHYs=SIN UNIDAD (no declara resolucion) px=588159e6  CER=   2.68 -> forzado    2.68   txt=ec187851/ec187851
escaneado_d4c  im_ppi      psm 3  pHYs=200.00 ppp                       px=588159e6  CER=   1.85 -> forzado    1.85   txt=3b7a54e6/3b7a54e6
escaneado_d4c  im_ppi      psm 6  pHYs=200.00 ppp                       px=588159e6  CER=   6.54 -> forzado    6.54   txt=c6fe728e/c6fe728e
escaneado_d4c  im_ppi      psm11  pHYs=200.00 ppp                       px=588159e6  CER=   2.68 -> forzado    2.68   txt=ec187851/ec187851
escaneado_d4c  gs          psm 3  pHYs=200.00 ppp                       px=588159e6  CER=   1.85 -> forzado    1.85   txt=3b7a54e6/3b7a54e6
escaneado_d4c  gs          psm 6  pHYs=200.00 ppp                       px=588159e6  CER=   6.54 -> forzado    6.54   txt=c6fe728e/c6fe728e
escaneado_d4c  gs          psm11  pHYs=200.00 ppp                       px=588159e6  CER=   2.68 -> forzado    2.68   txt=ec187851/ec187851
escaneado_d4c  gs16m_im    psm 3  pHYs=199.97 ppp                       px=588159e6  CER=   1.85 -> forzado    1.85   txt=3b7a54e6/3b7a54e6
escaneado_d4c  gs16m_im    psm 6  pHYs=199.97 ppp                       px=588159e6  CER=   6.54 -> forzado    6.54   txt=c6fe728e/c6fe728e
escaneado_d4c  gs16m_im    psm11  pHYs=199.97 ppp                       px=588159e6  CER=   2.68 -> forzado    2.68   txt=ec187851/ec187851
escaneado_d4c  im_sincs    psm 3  pHYs=SIN UNIDAD (no declara resolucion) px=588159e6  CER=   1.85 -> forzado    1.85   txt=3b7a54e6/3b7a54e6
escaneado_d4c  im_sincs    psm 6  pHYs=SIN UNIDAD (no declara resolucion) px=588159e6  CER=   6.54 -> forzado    6.54   txt=c6fe728e/c6fe728e
escaneado_d4c  im_sincs    psm11  pHYs=SIN UNIDAD (no declara resolucion) px=588159e6  CER=   2.68 -> forzado    2.68   txt=ec187851/ec187851
escaneado_d4c  gs_aa1      psm 3  pHYs=200.00 ppp                       px=588159e6  CER=   1.85 -> forzado    1.85   txt=3b7a54e6/3b7a54e6
escaneado_d4c  gs_aa1      psm 6  pHYs=200.00 ppp                       px=588159e6  CER=   6.54 -> forzado    6.54   txt=c6fe728e/c6fe728e
escaneado_d4c  gs_aa1      psm11  pHYs=200.00 ppp                       px=588159e6  CER=   2.68 -> forzado    2.68   txt=ec187851/ec187851
escaneado_d4c  gs_aa4      psm 3  pHYs=200.00 ppp                       px=588159e6  CER=   1.85 -> forzado    1.85   txt=3b7a54e6/3b7a54e6
escaneado_d4c  gs_aa4      psm 6  pHYs=200.00 ppp                       px=588159e6  CER=   6.54 -> forzado    6.54   txt=c6fe728e/c6fe728e
escaneado_d4c  gs_aa4      psm11  pHYs=200.00 ppp                       px=588159e6  CER=   2.68 -> forzado    2.68   txt=ec187851/ec187851
escaneado_d4e  im          psm 3  pHYs=SIN UNIDAD (no declara resolucion) px=2bf19830  CER= 100.00 -> forzado  100.00   txt=d41d8cd9/d41d8cd9
escaneado_d4e  im          psm 6  pHYs=SIN UNIDAD (no declara resolucion) px=2bf19830  CER= 190.10 -> forzado  190.10   txt=ae6540f0/ae6540f0
escaneado_d4e  im          psm11  pHYs=SIN UNIDAD (no declara resolucion) px=2bf19830  CER= 119.30 -> forzado  119.30   txt=c5943c7f/c5943c7f
escaneado_d4e  im_ppi      psm 3  pHYs=200.00 ppp                       px=2bf19830  CER= 100.00 -> forzado  100.00   txt=d41d8cd9/d41d8cd9
escaneado_d4e  im_ppi      psm 6  pHYs=200.00 ppp                       px=2bf19830  CER= 190.10 -> forzado  190.10   txt=ae6540f0/ae6540f0
escaneado_d4e  im_ppi      psm11  pHYs=200.00 ppp                       px=2bf19830  CER= 119.30 -> forzado  119.30   txt=c5943c7f/c5943c7f
escaneado_d4e  gs          psm 3  pHYs=200.00 ppp                       px=2bf19830  CER= 100.00 -> forzado  100.00   txt=d41d8cd9/d41d8cd9
escaneado_d4e  gs          psm 6  pHYs=200.00 ppp                       px=2bf19830  CER= 190.10 -> forzado  190.10   txt=ae6540f0/ae6540f0
escaneado_d4e  gs          psm11  pHYs=200.00 ppp                       px=2bf19830  CER= 119.30 -> forzado  119.30   txt=c5943c7f/c5943c7f
escaneado_d4e  gs16m_im    psm 3  pHYs=199.97 ppp                       px=2bf19830  CER= 100.00 -> forzado  100.00   txt=d41d8cd9/d41d8cd9
escaneado_d4e  gs16m_im    psm 6  pHYs=199.97 ppp                       px=2bf19830  CER= 190.10 -> forzado  190.10   txt=ae6540f0/ae6540f0
escaneado_d4e  gs16m_im    psm11  pHYs=199.97 ppp                       px=2bf19830  CER= 119.30 -> forzado  119.30   txt=c5943c7f/c5943c7f
escaneado_d4e  im_sincs    psm 3  pHYs=SIN UNIDAD (no declara resolucion) px=2bf19830  CER= 100.00 -> forzado  100.00   txt=d41d8cd9/d41d8cd9
escaneado_d4e  im_sincs    psm 6  pHYs=SIN UNIDAD (no declara resolucion) px=2bf19830  CER= 190.10 -> forzado  190.10   txt=ae6540f0/ae6540f0
escaneado_d4e  im_sincs    psm11  pHYs=SIN UNIDAD (no declara resolucion) px=2bf19830  CER= 119.30 -> forzado  119.30   txt=c5943c7f/c5943c7f
escaneado_d4e  gs_aa1      psm 3  pHYs=200.00 ppp                       px=2bf19830  CER= 100.00 -> forzado  100.00   txt=d41d8cd9/d41d8cd9
escaneado_d4e  gs_aa1      psm 6  pHYs=200.00 ppp                       px=2bf19830  CER= 190.10 -> forzado  190.10   txt=ae6540f0/ae6540f0
escaneado_d4e  gs_aa1      psm11  pHYs=200.00 ppp                       px=2bf19830  CER= 119.30 -> forzado  119.30   txt=c5943c7f/c5943c7f
escaneado_d4e  gs_aa4      psm 3  pHYs=200.00 ppp                       px=2bf19830  CER= 100.00 -> forzado  100.00   txt=d41d8cd9/d41d8cd9
escaneado_d4e  gs_aa4      psm 6  pHYs=200.00 ppp                       px=2bf19830  CER= 190.10 -> forzado  190.10   txt=ae6540f0/ae6540f0
escaneado_d4e  gs_aa4      psm11  pHYs=200.00 ppp                       px=2bf19830  CER= 119.30 -> forzado  119.30   txt=c5943c7f/c5943c7f
escaneado_d4f  im          psm 3  pHYs=SIN UNIDAD (no declara resolucion) px=02fcb317  CER=   2.35 -> forzado    2.35   txt=f6efab55/f6efab55
escaneado_d4f  im          psm 6  pHYs=SIN UNIDAD (no declara resolucion) px=02fcb317  CER=   6.04 -> forzado    6.04   txt=90da8efb/90da8efb
escaneado_d4f  im          psm11  pHYs=SIN UNIDAD (no declara resolucion) px=02fcb317  CER=   2.68 -> forzado    2.68   txt=12819f14/12819f14
escaneado_d4f  im_ppi      psm 3  pHYs=239.98 ppp                       px=02fcb317  CER=   2.35 -> forzado    2.35   txt=f6efab55/f6efab55
escaneado_d4f  im_ppi      psm 6  pHYs=239.98 ppp                       px=02fcb317  CER=   6.04 -> forzado    6.04   txt=90da8efb/90da8efb
escaneado_d4f  im_ppi      psm11  pHYs=239.98 ppp                       px=02fcb317  CER=   2.68 -> forzado    2.68   txt=12819f14/12819f14
escaneado_d4f  gs          psm 3  pHYs=240.00 ppp                       px=02fcb317  CER=   2.35 -> forzado    2.35   txt=f6efab55/f6efab55
escaneado_d4f  gs          psm 6  pHYs=240.00 ppp                       px=02fcb317  CER=   6.04 -> forzado    6.04   txt=90da8efb/90da8efb
escaneado_d4f  gs          psm11  pHYs=240.00 ppp                       px=02fcb317  CER=   2.68 -> forzado    2.68   txt=12819f14/12819f14
escaneado_d4f  gs16m_im    psm 3  pHYs=240.00 ppp                       px=02fcb317  CER=   2.35 -> forzado    2.35   txt=f6efab55/f6efab55
escaneado_d4f  gs16m_im    psm 6  pHYs=240.00 ppp                       px=02fcb317  CER=   6.04 -> forzado    6.04   txt=90da8efb/90da8efb
escaneado_d4f  gs16m_im    psm11  pHYs=240.00 ppp                       px=02fcb317  CER=   2.68 -> forzado    2.68   txt=12819f14/12819f14
escaneado_d4f  im_sincs    psm 3  pHYs=SIN UNIDAD (no declara resolucion) px=02fcb317  CER=   2.35 -> forzado    2.35   txt=f6efab55/f6efab55
escaneado_d4f  im_sincs    psm 6  pHYs=SIN UNIDAD (no declara resolucion) px=02fcb317  CER=   6.04 -> forzado    6.04   txt=90da8efb/90da8efb
escaneado_d4f  im_sincs    psm11  pHYs=SIN UNIDAD (no declara resolucion) px=02fcb317  CER=   2.68 -> forzado    2.68   txt=12819f14/12819f14
escaneado_d4f  gs_aa1      psm 3  pHYs=240.00 ppp                       px=02fcb317  CER=   2.35 -> forzado    2.35   txt=f6efab55/f6efab55
escaneado_d4f  gs_aa1      psm 6  pHYs=240.00 ppp                       px=02fcb317  CER=   6.04 -> forzado    6.04   txt=90da8efb/90da8efb
escaneado_d4f  gs_aa1      psm11  pHYs=240.00 ppp                       px=02fcb317  CER=   2.68 -> forzado    2.68   txt=12819f14/12819f14
escaneado_d4f  gs_aa4      psm 3  pHYs=240.00 ppp                       px=02fcb317  CER=   2.35 -> forzado    2.35   txt=f6efab55/f6efab55
escaneado_d4f  gs_aa4      psm 6  pHYs=240.00 ppp                       px=02fcb317  CER=   6.04 -> forzado    6.04   txt=90da8efb/90da8efb
escaneado_d4f  gs_aa4      psm11  pHYs=240.00 ppp                       px=02fcb317  CER=   2.68 -> forzado    2.68   txt=12819f14/12819f14
escaneado_d2   im          psm 3  pHYs=SIN UNIDAD (no declara resolucion) px=bc1370d9  CER=  30.38 -> forzado   30.38   txt=96592b07/96592b07
escaneado_d2   im          psm 6  pHYs=SIN UNIDAD (no declara resolucion) px=bc1370d9  CER=   0.00 -> forzado    0.00   txt=e242ea71/e242ea71
escaneado_d2   im          psm11  pHYs=SIN UNIDAD (no declara resolucion) px=bc1370d9  CER=  13.92 -> forzado   13.92   txt=6d2a16bd/6d2a16bd
escaneado_d2   im_ppi      psm 3  pHYs=100.00 ppp                       px=bc1370d9  CER=  30.38 -> forzado   30.38   txt=96592b07/96592b07
escaneado_d2   im_ppi      psm 6  pHYs=100.00 ppp                       px=bc1370d9  CER=   0.00 -> forzado    0.00   txt=e242ea71/e242ea71
escaneado_d2   im_ppi      psm11  pHYs=100.00 ppp                       px=bc1370d9  CER=  13.92 -> forzado   13.92   txt=6d2a16bd/6d2a16bd
escaneado_d2   gs          psm 3  pHYs=100.00 ppp                       px=bc1370d9  CER=  30.38 -> forzado   30.38   txt=96592b07/96592b07
escaneado_d2   gs          psm 6  pHYs=100.00 ppp                       px=bc1370d9  CER=   0.00 -> forzado    0.00   txt=e242ea71/e242ea71
escaneado_d2   gs          psm11  pHYs=100.00 ppp                       px=bc1370d9  CER=  13.92 -> forzado   13.92   txt=6d2a16bd/6d2a16bd
escaneado_d2   gs16m_im    psm 3  pHYs=99.97 ppp                        px=bc1370d9  CER=  30.38 -> forzado   30.38   txt=96592b07/96592b07
escaneado_d2   gs16m_im    psm 6  pHYs=99.97 ppp                        px=bc1370d9  CER=   0.00 -> forzado    0.00   txt=e242ea71/e242ea71
escaneado_d2   gs16m_im    psm11  pHYs=99.97 ppp                        px=bc1370d9  CER=  13.92 -> forzado   13.92   txt=6d2a16bd/6d2a16bd
escaneado_d2   im_sincs    psm 3  pHYs=SIN UNIDAD (no declara resolucion) px=bc1370d9  CER=  30.38 -> forzado   30.38   txt=96592b07/96592b07
escaneado_d2   im_sincs    psm 6  pHYs=SIN UNIDAD (no declara resolucion) px=bc1370d9  CER=   0.00 -> forzado    0.00   txt=e242ea71/e242ea71
escaneado_d2   im_sincs    psm11  pHYs=SIN UNIDAD (no declara resolucion) px=bc1370d9  CER=  13.92 -> forzado   13.92   txt=6d2a16bd/6d2a16bd
escaneado_d2   gs_aa1      psm 3  pHYs=100.00 ppp                       px=bc1370d9  CER=  30.38 -> forzado   30.38   txt=96592b07/96592b07
escaneado_d2   gs_aa1      psm 6  pHYs=100.00 ppp                       px=bc1370d9  CER=   0.00 -> forzado    0.00   txt=e242ea71/e242ea71
escaneado_d2   gs_aa1      psm11  pHYs=100.00 ppp                       px=bc1370d9  CER=  13.92 -> forzado   13.92   txt=6d2a16bd/6d2a16bd
escaneado_d2   gs_aa4      psm 3  pHYs=100.00 ppp                       px=bc1370d9  CER=  30.38 -> forzado   30.38   txt=96592b07/96592b07
escaneado_d2   gs_aa4      psm 6  pHYs=100.00 ppp                       px=bc1370d9  CER=   0.00 -> forzado    0.00   txt=e242ea71/e242ea71
escaneado_d2   gs_aa4      psm11  pHYs=100.00 ppp                       px=bc1370d9  CER=  13.92 -> forzado   13.92   txt=6d2a16bd/6d2a16bd

=== clases de equivalencia de la SALIDA, sin forzar dpi ===
escaneado_d2   psm11: {im,im_ppi,gs,gs16m_im,im_sincs,gs_aa1,gs_aa4}
escaneado_d2   psm 3: {im,im_ppi,gs,gs16m_im,im_sincs,gs_aa1,gs_aa4}
escaneado_d2   psm 6: {im,im_ppi,gs,gs16m_im,im_sincs,gs_aa1,gs_aa4}
escaneado_d3   psm11: {im,im_sincs}  ||  {im_ppi,gs,gs16m_im,gs_aa1,gs_aa4}
escaneado_d3   psm 3: {im,im_ppi,gs,gs16m_im,im_sincs,gs_aa1,gs_aa4}
escaneado_d3   psm 6: {im,im_ppi,gs,gs16m_im,im_sincs,gs_aa1,gs_aa4}
escaneado_d4   psm11: {im,im_sincs}  ||  {im_ppi,gs,gs16m_im,gs_aa1,gs_aa4}
escaneado_d4   psm 3: {im,im_sincs}  ||  {im_ppi,gs,gs16m_im,gs_aa1,gs_aa4}
escaneado_d4   psm 6: {im,im_ppi,gs,gs16m_im,im_sincs,gs_aa1,gs_aa4}
escaneado_d4c  psm11: {im,im_ppi,gs,gs16m_im,im_sincs,gs_aa1,gs_aa4}
escaneado_d4c  psm 3: {im,im_ppi,gs,gs16m_im,im_sincs,gs_aa1,gs_aa4}
escaneado_d4c  psm 6: {im,im_ppi,gs,gs16m_im,im_sincs,gs_aa1,gs_aa4}
escaneado_d4e  psm11: {im,im_ppi,gs,gs16m_im,im_sincs,gs_aa1,gs_aa4}
escaneado_d4e  psm 3: {im,im_ppi,gs,gs16m_im,im_sincs,gs_aa1,gs_aa4}
escaneado_d4e  psm 6: {im,im_ppi,gs,gs16m_im,im_sincs,gs_aa1,gs_aa4}
escaneado_d4f  psm11: {im,im_ppi,gs,gs16m_im,im_sincs,gs_aa1,gs_aa4}
escaneado_d4f  psm 3: {im,im_ppi,gs,gs16m_im,im_sincs,gs_aa1,gs_aa4}
escaneado_d4f  psm 6: {im,im_ppi,gs,gs16m_im,im_sincs,gs_aa1,gs_aa4}
escrito json/sonda_phys.json
