escaneado_d4     im vs gs           iguales=1.0 rmse=0.0 residuo_tras_tono=0.0 mono=True
escaneado_d4     im vs gs16m_im     iguales=1.0 rmse=0.0 residuo_tras_tono=0.0 mono=True
escaneado_d4     im vs gs16m_im601  iguales=1.0 rmse=0.0 residuo_tras_tono=0.0 mono=True
escaneado_d4     im vs gs16m_im709  iguales=1.0 rmse=0.0 residuo_tras_tono=0.0 mono=True
escaneado_d4     im vs im_sincs     iguales=1.0 rmse=0.0 residuo_tras_tono=0.0 mono=True
escaneado_d4     im vs gs_aa1       iguales=1.0 rmse=0.0 residuo_tras_tono=0.0 mono=True
escaneado_d4     im vs gs_aa4       iguales=1.0 rmse=0.0 residuo_tras_tono=0.0 mono=True
   im           media= 181.353 desv= 13.110 niveles=180 grad=  5.567 tinta<128=0.0107
   gs           media= 181.353 desv= 13.110 niveles=180 grad=  5.567 tinta<128=0.0107
   gs16m_im     media= 181.353 desv= 13.110 niveles=180 grad=  5.567 tinta<128=0.0107
   gs16m_im601  media= 181.353 desv= 13.110 niveles=180 grad=  5.567 tinta<128=0.0107
   gs16m_im709  media= 181.353 desv= 13.110 niveles=180 grad=  5.567 tinta<128=0.0107
   im_sincs     media= 181.353 desv= 13.110 niveles=180 grad=  5.567 tinta<128=0.0107
   gs_aa1       media= 181.353 desv= 13.110 niveles=180 grad=  5.567 tinta<128=0.0107
   gs_aa4       media= 181.353 desv= 13.110 niveles=180 grad=  5.567 tinta<128=0.0107
escaneado_d3     im vs gs           iguales=1.0 rmse=0.0 residuo_tras_tono=0.0 mono=True
escaneado_d3     im vs gs16m_im     iguales=1.0 rmse=0.0 residuo_tras_tono=0.0 mono=True
escaneado_d3     im vs gs16m_im601  iguales=1.0 rmse=0.0 residuo_tras_tono=0.0 mono=True
escaneado_d3     im vs gs16m_im709  iguales=1.0 rmse=0.0 residuo_tras_tono=0.0 mono=True
escaneado_d3     im vs im_sincs     iguales=1.0 rmse=0.0 residuo_tras_tono=0.0 mono=True
escaneado_d3     im vs gs_aa1       iguales=1.0 rmse=0.0 residuo_tras_tono=0.0 mono=True
escaneado_d3     im vs gs_aa4       iguales=1.0 rmse=0.0 residuo_tras_tono=0.0 mono=True
   im           media= 182.732 desv= 13.883 niveles=183 grad=  9.511 tinta<128=0.0057
   gs           media= 182.732 desv= 13.883 niveles=183 grad=  9.511 tinta<128=0.0057
   gs16m_im     media= 182.732 desv= 13.883 niveles=183 grad=  9.511 tinta<128=0.0057
   gs16m_im601  media= 182.732 desv= 13.883 niveles=183 grad=  9.511 tinta<128=0.0057
   gs16m_im709  media= 182.732 desv= 13.883 niveles=183 grad=  9.511 tinta<128=0.0057
   im_sincs     media= 182.732 desv= 13.883 niveles=183 grad=  9.511 tinta<128=0.0057
   gs_aa1       media= 182.732 desv= 13.883 niveles=183 grad=  9.511 tinta<128=0.0057
   gs_aa4       media= 182.732 desv= 13.883 niveles=183 grad=  9.511 tinta<128=0.0057
escaneado_d4c    im vs gs           iguales=1.0 rmse=0.0 residuo_tras_tono=0.0 mono=True
escaneado_d4c    im vs gs16m_im     iguales=1.0 rmse=0.0 residuo_tras_tono=0.0 mono=True
escaneado_d4c    im vs gs16m_im601  iguales=1.0 rmse=0.0 residuo_tras_tono=0.0 mono=True
escaneado_d4c    im vs gs16m_im709  iguales=1.0 rmse=0.0 residuo_tras_tono=0.0 mono=True
escaneado_d4c    im vs im_sincs     iguales=1.0 rmse=0.0 residuo_tras_tono=0.0 mono=True
escaneado_d4c    im vs gs_aa1       iguales=1.0 rmse=0.0 residuo_tras_tono=0.0 mono=True
escaneado_d4c    im vs gs_aa4       iguales=1.0 rmse=0.0 residuo_tras_tono=0.0 mono=True
   im           media= 195.893 desv= 16.032 niveles=194 grad=  4.765 tinta<128=0.0163
   gs           media= 195.893 desv= 16.032 niveles=194 grad=  4.765 tinta<128=0.0163
   gs16m_im     media= 195.893 desv= 16.032 niveles=194 grad=  4.765 tinta<128=0.0163
   gs16m_im601  media= 195.893 desv= 16.032 niveles=194 grad=  4.765 tinta<128=0.0163
   gs16m_im709  media= 195.893 desv= 16.032 niveles=194 grad=  4.765 tinta<128=0.0163
   im_sincs     media= 195.893 desv= 16.032 niveles=194 grad=  4.765 tinta<128=0.0163
   gs_aa1       media= 195.893 desv= 16.032 niveles=194 grad=  4.765 tinta<128=0.0163
   gs_aa4       media= 195.893 desv= 16.032 niveles=194 grad=  4.765 tinta<128=0.0163
escrito json/sonda_raster.json
