{"etiqueta": "C_inter_im", "motor": "tesseract", "dispositivo": "cpu", "binario": "C:\\Program Files\\Tesseract-OCR\\tesseract.exe", "version": "tesseract v5.5.0.20241111", "tessdata": "C:\\Program Files\\PDFgear\\tessdata", "lang": "spa", "psms": ["3", "6", "11"], "user_defined_dpi": null, "idiomas_disponibles": ["chi_sim", "chi_sim_vert", "chi_tra", "chi_tra_vert", "deu", "eng", "fra", "ita", "jpn", "jpn_vert", "kor", "kor_vert", "nld", "por", "rus", "spa"], "patron": "im__*__escaneado_d[34].png", "imgdir": "D:\\Work\\research\\FileX\\bench\\salidas-psm\\img", "reps": 9, "testigo_monohilo_ini_ms": 31.87, "testigo_proceso_ini_ms": 28.37}
im__k0500__escaneado_d3__psm03                           CERac=  100.00%  B=    0  lin=0/3    152.6 ms  det=si
im__k0500__escaneado_d3__psm06                           CERac=   73.42%  B=   50  lin=0/3    287.6 ms  det=si
im__k0500__escaneado_d3__psm11                           CERac=   73.42%  B=   43  lin=0/3    164.2 ms  det=si
im__k0500__escaneado_d4__psm03                           CERac=   79.03%  B=  167  lin=1/12    213.0 ms  det=si
im__k0500__escaneado_d4__psm06                           CERac=   48.15%  B=  364  lin=1/12    283.9 ms  det=si
im__k0500__escaneado_d4__psm11                           CERac=   47.48%  B=  438  lin=0/12    297.8 ms  det=si
im__k0625__escaneado_d3__psm03                           CERac=  100.00%  B=    0  lin=0/3    162.0 ms  det=si
im__k0625__escaneado_d3__psm06                           CERac=   70.89%  B=   52  lin=1/3    334.3 ms  det=si
im__k0625__escaneado_d3__psm11                           CERac=   69.62%  B=   67  lin=0/3    194.0 ms  det=si
im__k0625__escaneado_d4__psm03                           CERac=   85.40%  B=  112  lin=1/12    197.3 ms  det=si
im__k0625__escaneado_d4__psm06                           CERac=   44.80%  B=  393  lin=2/12    319.1 ms  det=si
im__k0625__escaneado_d4__psm11                           CERac=   56.38%  B=  378  lin=1/12    310.5 ms  det=si
im__k0750__escaneado_d3__psm03                           CERac=  100.00%  B=    0  lin=0/3    177.4 ms  det=si
im__k0750__escaneado_d3__psm06                           CERac=  105.06%  B=  117  lin=0/3    515.0 ms  det=si
im__k0750__escaneado_d3__psm11                           CERac=   68.35%  B=   76  lin=0/3    225.7 ms  det=si
im__k0750__escaneado_d4__psm03                           CERac=   87.25%  B=   90  lin=0/12    233.4 ms  det=si
im__k0750__escaneado_d4__psm06                           CERac=   66.78%  B=  250  lin=1/12    304.4 ms  det=si
im__k0750__escaneado_d4__psm11                           CERac=   49.66%  B=  407  lin=0/12    346.1 ms  det=si
im__k0875__escaneado_d3__psm03                           CERac=  100.00%  B=    0  lin=0/3    222.5 ms  det=si
im__k0875__escaneado_d3__psm06                           CERac=  100.00%  B=  111  lin=0/3    743.8 ms  det=si
im__k0875__escaneado_d3__psm11                           CERac=   93.67%  B=  149  lin=0/3    320.3 ms  det=si
im__k0875__escaneado_d4__psm03                           CERac=   72.48%  B=  189  lin=1/12    279.2 ms  det=si
im__k0875__escaneado_d4__psm06                           CERac=   54.19%  B=  337  lin=1/12    320.7 ms  det=si
im__k0875__escaneado_d4__psm11                           CERac=   46.48%  B=  491  lin=1/12    399.3 ms  det=si
im__k1000__escaneado_d3__psm03                           CERac=  100.00%  B=    0  lin=0/3    245.0 ms  det=si
im__k1000__escaneado_d3__psm06                           CERac=  113.92%  B=  133  lin=0/3    885.2 ms  det=si
im__k1000__escaneado_d3__psm11                           CERac=  188.61%  B=  263  lin=0/3    418.3 ms  det=si
im__k1000__escaneado_d4__psm03                           CERac=   84.56%  B=  107  lin=1/12    278.4 ms  det=si
im__k1000__escaneado_d4__psm06                           CERac=   55.70%  B=  346  lin=1/12    388.0 ms  det=si
im__k1000__escaneado_d4__psm11                           CERac=   41.78%  B=  485  lin=1/12    440.1 ms  det=si
im__k1125__escaneado_d3__psm03                           CERac=  100.00%  B=    0  lin=0/3    304.2 ms  det=si
im__k1125__escaneado_d3__psm06                           CERac=  229.11%  B=  236  lin=0/3   1054.9 ms  det=si
im__k1125__escaneado_d3__psm11                           CERac=  303.80%  B=  399  lin=0/3    584.8 ms  det=si
im__k1125__escaneado_d4__psm03                           CERac=   89.09%  B=   81  lin=0/12    292.5 ms  det=si
im__k1125__escaneado_d4__psm06                           CERac=   67.95%  B=  249  lin=1/12    376.9 ms  det=si
im__k1125__escaneado_d4__psm11                           CERac=   49.33%  B=  466  lin=0/12    447.9 ms  det=si
im__k1250__escaneado_d3__psm03                           CERac=  100.00%  B=    0  lin=0/3    304.3 ms  det=si
im__k1250__escaneado_d3__psm06                           CERac=  307.59%  B=  313  lin=0/3   1052.1 ms  det=si
im__k1250__escaneado_d3__psm11                           CERac=  210.13%  B=  294  lin=0/3    499.8 ms  det=si
im__k1250__escaneado_d4__psm03                           CERac=   85.57%  B=  114  lin=0/12    387.6 ms  det=si
im__k1250__escaneado_d4__psm06                           CERac=   60.23%  B=  320  lin=1/12    418.9 ms  det=si
im__k1250__escaneado_d4__psm11                           CERac=   45.30%  B=  493  lin=1/12    524.0 ms  det=si
im__k1400__escaneado_d3__psm03                           CERac=  100.00%  B=    0  lin=0/3    855.2 ms  det=si
im__k1400__escaneado_d3__psm06                           CERac=  305.06%  B=  297  lin=0/3   2206.4 ms  det=si
im__k1400__escaneado_d3__psm11                           CERac=  541.77%  B=  662  lin=0/3    910.7 ms  det=si
im__k1400__escaneado_d4__psm03                           CERac=   89.26%  B=   81  lin=0/12    357.6 ms  det=si
im__k1400__escaneado_d4__psm06                           CERac=   67.79%  B=  256  lin=1/12    552.9 ms  det=si
im__k1400__escaneado_d4__psm11                           CERac=   47.82%  B=  453  lin=1/12    534.9 ms  det=si
im__k1500__escaneado_d3__psm03                           CERac=  100.00%  B=    0  lin=0/3    460.7 ms  det=si
im__k1500__escaneado_d3__psm06                           CERac=  402.53%  B=  392  lin=0/3   1437.4 ms  det=si
im__k1500__escaneado_d3__psm11                           CERac=  756.96%  B=  916  lin=0/3   1357.8 ms  det=si
im__k1500__escaneado_d4__psm03                           CERac=   91.78%  B=   66  lin=0/12    397.3 ms  det=si
im__k1500__escaneado_d4__psm06                           CERac=   54.87%  B=  348  lin=1/12    588.7 ms  det=si
im__k1500__escaneado_d4__psm11                           CERac=   51.85%  B=  405  lin=1/12    541.2 ms  det=si
im__k1600__escaneado_d3__psm03                           CERac=  100.00%  B=    0  lin=0/3    484.9 ms  det=si
im__k1600__escaneado_d3__psm06                           CERac=  370.89%  B=  351  lin=0/3   1524.5 ms  det=si
im__k1600__escaneado_d3__psm11                           CERac=  882.28%  B= 1047  lin=0/3   1478.9 ms  det=si
im__k1600__escaneado_d4__psm03                           CERac=   86.58%  B=  101  lin=0/12    509.6 ms  det=si
im__k1600__escaneado_d4__psm06                           CERac=   56.88%  B=  335  lin=1/12    621.8 ms  det=si
im__k1600__escaneado_d4__psm11                           CERac=   47.82%  B=  450  lin=1/12    588.3 ms  det=si
im__k1800__escaneado_d3__psm03                           CERac=  100.00%  B=    0  lin=0/3    704.8 ms  det=si
im__k1800__escaneado_d3__psm06                           CERac=  393.67%  B=  379  lin=0/3   1610.9 ms  det=si
im__k1800__escaneado_d3__psm11                           CERac= 1194.94%  B= 1397  lin=0/3   2319.3 ms  det=si
im__k1800__escaneado_d4__psm03                           CERac=   88.93%  B=   90  lin=0/12    482.6 ms  det=si
im__k1800__escaneado_d4__psm06                           CERac=   77.68%  B=  151  lin=1/12    468.3 ms  det=si
im__k1800__escaneado_d4__psm11                           CERac=   56.88%  B=  387  lin=1/12    664.1 ms  det=si
{"evento": "fin", "celdas": 66, "testigo_monohilo_ini_ms": 31.87, "testigo_monohilo_fin_ms": 22.0, "deriva_monohilo": 0.69, "testigo_proceso_ini_ms": 28.37, "testigo_proceso_fin_ms": 24.24, "nivel_proceso_vs_reposo": 1.06, "testigo_topado": false, "deterministas": 66, "con_error": 0}
