{"etiqueta": "D_dpi400", "motor": "tesseract", "dispositivo": "cpu", "binario": "C:\\Program Files\\Tesseract-OCR\\tesseract.exe", "version": "tesseract v5.5.0.20241111", "tessdata": "C:\\Program Files\\PDFgear\\tessdata", "lang": "spa", "psms": ["3", "6", "11"], "user_defined_dpi": "400", "idiomas_disponibles": ["chi_sim", "chi_sim_vert", "chi_tra", "chi_tra_vert", "deu", "eng", "fra", "ita", "jpn", "jpn_vert", "kor", "kor_vert", "nld", "por", "rus", "spa"], "patron": "im__k1000__*.png", "imgdir": "D:\\Work\\research\\FileX\\bench\\salidas-psm\\img", "reps": 9, "testigo_monohilo_ini_ms": 60.0, "testigo_proceso_ini_ms": 96.01}
im__k1000__escaneado_d2__psm03                           CERac=   30.38%  B=   89  lin=1/3    508.5 ms  det=si
im__k1000__escaneado_d2__psm06                           CERac=    0.00%  B=   82  lin=3/3    511.9 ms  det=si
im__k1000__escaneado_d2__psm11                           CERac=   13.92%  B=   91  lin=1/3    479.9 ms  det=si
im__k1000__escaneado_d3__psm03                           CERac=  100.00%  B=    0  lin=0/3    690.8 ms  det=si
im__k1000__escaneado_d3__psm06                           CERac=  113.92%  B=  133  lin=0/3   1009.6 ms  det=si
im__k1000__escaneado_d3__psm11                           CERac=  187.34%  B=  263  lin=0/3    448.3 ms  det=si
im__k1000__escaneado_d4__psm03                           CERac=   84.56%  B=  107  lin=1/12    295.5 ms  det=si
im__k1000__escaneado_d4__psm06                           CERac=   55.70%  B=  346  lin=1/12    382.5 ms  det=si
im__k1000__escaneado_d4__psm11                           CERac=   41.78%  B=  485  lin=1/12    472.4 ms  det=si
im__k1000__escaneado_d4c__psm03                          CERac=    1.85%  B=  610  lin=8/12    434.2 ms  det=si
im__k1000__escaneado_d4c__psm06                          CERac=    6.54%  B=  586  lin=7/12    375.8 ms  det=si
im__k1000__escaneado_d4c__psm11                          CERac=    2.68%  B=  625  lin=6/12    453.0 ms  det=si
im__k1000__escaneado_d4e__psm03                          CERac=  100.00%  B=    0  lin=0/12   1063.4 ms  det=si
im__k1000__escaneado_d4e__psm06                          CERac=  100.00%  B=    0  lin=0/12      3.0 ms  det=NO
im__k1000__escaneado_d4e__psm11                          CERac=  100.00%  B=    0  lin=0/12      3.0 ms  det=si
im__k1000__escaneado_d4f__psm03                          CERac=  100.00%  B=    0  lin=0/12      3.0 ms  det=si
im__k1000__escaneado_d4f__psm06                          CERac=  100.00%  B=    0  lin=0/12      3.0 ms  det=si
im__k1000__escaneado_d4f__psm11                          CERac=  100.00%  B=    0  lin=0/12      3.0 ms  det=si
{"evento": "fin", "celdas": 18, "testigo_monohilo_ini_ms": 60.0, "testigo_monohilo_fin_ms": 21.61, "deriva_monohilo": 0.36, "testigo_proceso_ini_ms": 96.01, "testigo_proceso_fin_ms": 3.24, "nivel_proceso_vs_reposo": 3.6, "testigo_topado": false, "deterministas": 17, "con_error": 0}
