{"etiqueta": "A_psm_barrido", "motor": "tesseract", "dispositivo": "cpu", "binario": "C:\\Program Files\\Tesseract-OCR\\tesseract.exe", "version": "tesseract v5.5.0.20241111", "tessdata": "C:\\Program Files\\PDFgear\\tessdata", "lang": "spa", "psms": ["1", "3", "4", "5", "6", "7", "8", "9", "10", "11", "12", "13"], "idiomas_disponibles": ["chi_sim", "chi_sim_vert", "chi_tra", "chi_tra_vert", "deu", "eng", "fra", "ita", "jpn", "jpn_vert", "kor", "kor_vert", "nld", "por", "rus", "spa"], "patron": "im__k1000__*.png", "imgdir": "D:\\Work\\research\\FileX\\bench\\salidas-psm\\img", "reps": 9, "testigo_monohilo_ini_ms": 33.5, "testigo_proceso_ini_ms": 40.38}
im__k1000__escaneado_d2__psm01                           CERac=   30.38%  B=   89  lin=1/3    505.5 ms  det=si
im__k1000__escaneado_d2__psm03                           CERac=   30.38%  B=   89  lin=1/3    453.5 ms  det=si
im__k1000__escaneado_d2__psm04                           CERac=   30.38%  B=   89  lin=1/3    417.3 ms  det=si
im__k1000__escaneado_d2__psm05                           CERac=   77.22%  B=   54  lin=0/3    354.8 ms  det=si
im__k1000__escaneado_d2__psm06                           CERac=    0.00%  B=   82  lin=3/3    282.3 ms  det=si
im__k1000__escaneado_d2__psm07                           CERac=  100.00%  B=    0  lin=0/3    283.1 ms  det=si
im__k1000__escaneado_d2__psm08                           CERac=   98.73%  B=    2  lin=0/3    346.3 ms  det=si
im__k1000__escaneado_d2__psm09                           CERac=   98.73%  B=    2  lin=0/3    379.6 ms  det=si
im__k1000__escaneado_d2__psm10                           CERac=   98.73%  B=    2  lin=0/3    329.6 ms  det=si
im__k1000__escaneado_d2__psm11                           CERac=   13.92%  B=   91  lin=1/3    230.9 ms  det=si
im__k1000__escaneado_d2__psm12                           CERac=   13.92%  B=   91  lin=1/3    250.3 ms  det=si
im__k1000__escaneado_d2__psm13                           CERac=   98.73%  B=    2  lin=0/3    259.9 ms  det=si
im__k1000__escaneado_d3__psm01                           CERac=  100.00%  B=    0  lin=0/3    335.8 ms  det=si
im__k1000__escaneado_d3__psm03                           CERac=  100.00%  B=    0  lin=0/3    396.7 ms  det=si
im__k1000__escaneado_d3__psm04                           CERac=  100.00%  B=    0  lin=0/3    365.7 ms  det=si
im__k1000__escaneado_d3__psm05                           CERac=  198.73%  B=  221  lin=0/3   1219.4 ms  det=si
im__k1000__escaneado_d3__psm06                           CERac=  113.92%  B=  133  lin=0/3   1288.1 ms  det=si
im__k1000__escaneado_d3__psm07                           CERac=  100.00%  B=    0  lin=0/3    781.1 ms  det=si
im__k1000__escaneado_d3__psm08                           CERac=   98.73%  B=    2  lin=0/3    488.3 ms  det=si
im__k1000__escaneado_d3__psm09                           CERac=  100.00%  B=    2  lin=0/3    244.0 ms  det=si
im__k1000__escaneado_d3__psm10                           CERac=   98.73%  B=    2  lin=0/3    691.2 ms  det=si
im__k1000__escaneado_d3__psm11                           CERac=  188.61%  B=  263  lin=0/3   1156.4 ms  det=si
im__k1000__escaneado_d3__psm12                           CERac=  163.29%  B=  233  lin=0/3    750.7 ms  det=si
im__k1000__escaneado_d3__psm13                           CERac=   98.73%  B=    2  lin=0/3    571.5 ms  det=si
im__k1000__escaneado_d4__psm01                           CERac=   84.56%  B=  107  lin=1/12    623.7 ms  det=si
im__k1000__escaneado_d4__psm03                           CERac=   84.56%  B=  107  lin=1/12    544.8 ms  det=si
im__k1000__escaneado_d4__psm04                           CERac=   84.73%  B=  111  lin=0/12    576.7 ms  det=si
im__k1000__escaneado_d4__psm05                           CERac=   88.93%  B=  111  lin=0/12    786.3 ms  det=si
im__k1000__escaneado_d4__psm06                           CERac=   55.70%  B=  346  lin=1/12    984.4 ms  det=si
im__k1000__escaneado_d4__psm07                           CERac=  100.00%  B=    0  lin=0/12    478.6 ms  det=si
im__k1000__escaneado_d4__psm08                           CERac=   99.66%  B=    3  lin=0/12    886.5 ms  det=si
im__k1000__escaneado_d4__psm09                           CERac=   96.48%  B=   22  lin=0/12    353.0 ms  det=si
im__k1000__escaneado_d4__psm10                           CERac=  100.00%  B=    2  lin=0/12    614.5 ms  det=si
im__k1000__escaneado_d4__psm11                           CERac=   41.78%  B=  485  lin=1/12    830.7 ms  det=si
im__k1000__escaneado_d4__psm12                           CERac=   41.78%  B=  485  lin=1/12    973.5 ms  det=si
im__k1000__escaneado_d4__psm13                           CERac=   99.66%  B=    3  lin=0/12   1164.6 ms  det=si
im__k1000__escaneado_d4c__psm01                          CERac=    1.85%  B=  610  lin=8/12   1188.5 ms  det=si
im__k1000__escaneado_d4c__psm03                          CERac=    1.85%  B=  610  lin=8/12   1000.0 ms  det=si
im__k1000__escaneado_d4c__psm04                          CERac=    1.85%  B=  610  lin=8/12    635.0 ms  det=si
im__k1000__escaneado_d4c__psm05                          CERac=   81.04%  B=  244  lin=0/12   1491.4 ms  det=si
im__k1000__escaneado_d4c__psm06                          CERac=    6.54%  B=  586  lin=7/12   1345.2 ms  det=si
im__k1000__escaneado_d4c__psm07                          CERac=   99.50%  B=   11  lin=0/12   1586.6 ms  det=si
im__k1000__escaneado_d4c__psm08                          CERac=   99.83%  B=    2  lin=0/12   2054.7 ms  det=si
im__k1000__escaneado_d4c__psm09                          CERac=   95.97%  B=   25  lin=0/12    829.3 ms  det=si
im__k1000__escaneado_d4c__psm10                          CERac=  100.00%  B=    3  lin=0/12    873.8 ms  det=si
im__k1000__escaneado_d4c__psm11                          CERac=    2.68%  B=  625  lin=6/12   1343.3 ms  det=si
im__k1000__escaneado_d4c__psm12                          CERac=    2.68%  B=  625  lin=6/12   1086.7 ms  det=si
im__k1000__escaneado_d4c__psm13                          CERac=   99.83%  B=    2  lin=0/12    975.7 ms  det=si
im__k1000__escaneado_d4e__psm01                          CERac=  100.00%  B=    0  lin=0/12   1617.1 ms  det=si
im__k1000__escaneado_d4e__psm03                          CERac=  100.00%  B=    0  lin=0/12   1937.8 ms  det=si
im__k1000__escaneado_d4e__psm04                          CERac=  100.00%  B=    0  lin=0/12   2456.7 ms  det=si
im__k1000__escaneado_d4e__psm05                          CERac=  327.85%  B= 2377  lin=0/12   7325.4 ms  det=si
im__k1000__escaneado_d4e__psm06                          CERac=  190.10%  B= 1463  lin=0/12   7579.0 ms  det=si
im__k1000__escaneado_d4e__psm07                          CERac=  100.00%  B=    0  lin=0/12  12036.7 ms  det=si
im__k1000__escaneado_d4e__psm08                          CERac=  100.00%  B=    2  lin=0/12   9195.1 ms  det=si
im__k1000__escaneado_d4e__psm09                          CERac=   99.83%  B=    2  lin=0/12    732.6 ms  det=si
im__k1000__escaneado_d4e__psm10                          CERac=  100.00%  B=    2  lin=0/12  12872.8 ms  det=si
im__k1000__escaneado_d4e__psm11                          CERac=  119.30%  B= 1335  lin=0/12   4404.9 ms  det=si
im__k1000__escaneado_d4e__psm12                          CERac=  109.40%  B= 1262  lin=0/12   2514.6 ms  det=si
im__k1000__escaneado_d4e__psm13                          CERac=  100.00%  B=    2  lin=0/12   2116.3 ms  det=si
im__k1000__escaneado_d4f__psm01                          CERac=    2.35%  B=  610  lin=8/12    704.1 ms  det=si
im__k1000__escaneado_d4f__psm03                          CERac=    2.35%  B=  610  lin=8/12    902.4 ms  det=si
im__k1000__escaneado_d4f__psm04                          CERac=    2.35%  B=  610  lin=8/12   1201.6 ms  det=si
im__k1000__escaneado_d4f__psm05                          CERac=   81.04%  B=  278  lin=0/12   1153.1 ms  det=si
im__k1000__escaneado_d4f__psm06                          CERac=    6.04%  B=  582  lin=7/12    906.8 ms  det=si
im__k1000__escaneado_d4f__psm07                          CERac=  100.00%  B=    0  lin=0/12    409.4 ms  det=si
im__k1000__escaneado_d4f__psm08                          CERac=  100.00%  B=    2  lin=0/12   1490.0 ms  det=si
im__k1000__escaneado_d4f__psm09                          CERac=   95.97%  B=   25  lin=0/12    478.9 ms  det=si
im__k1000__escaneado_d4f__psm10                          CERac=  100.00%  B=    3  lin=0/12    534.1 ms  det=si
im__k1000__escaneado_d4f__psm11                          CERac=    2.68%  B=  626  lin=5/12   1125.1 ms  det=si
im__k1000__escaneado_d4f__psm12                          CERac=    2.68%  B=  626  lin=5/12   1021.7 ms  det=si
im__k1000__escaneado_d4f__psm13                          CERac=  100.00%  B=    2  lin=0/12    967.5 ms  det=si
{"evento": "fin", "celdas": 72, "testigo_monohilo_ini_ms": 33.5, "testigo_monohilo_fin_ms": 36.84, "deriva_monohilo": 1.1, "testigo_proceso_ini_ms": 40.38, "testigo_proceso_fin_ms": 43.0, "nivel_proceso_vs_reposo": 1.61, "testigo_topado": false, "deterministas": 72, "con_error": 0}
