{"etiqueta": "D_dpi300", "motor": "tesseract", "dispositivo": "cpu", "binario": "C:\\Program Files\\Tesseract-OCR\\tesseract.exe", "version": "tesseract v5.5.0.20241111", "tessdata": "C:\\Program Files\\PDFgear\\tessdata", "lang": "spa", "psms": ["3", "6", "11"], "user_defined_dpi": "300", "idiomas_disponibles": ["chi_sim", "chi_sim_vert", "chi_tra", "chi_tra_vert", "deu", "eng", "fra", "ita", "jpn", "jpn_vert", "kor", "kor_vert", "nld", "por", "rus", "spa"], "patron": "im__k1000__*.png", "imgdir": "D:\\Work\\research\\FileX\\bench\\salidas-psm\\img", "reps": 9, "testigo_monohilo_ini_ms": 26.17, "testigo_proceso_ini_ms": 30.97}
im__k1000__escaneado_d2__psm03                           CERac=   30.38%  B=   89  lin=1/3    217.3 ms  det=si
im__k1000__escaneado_d2__psm06                           CERac=    0.00%  B=   82  lin=3/3    184.6 ms  det=si
im__k1000__escaneado_d2__psm11                           CERac=   13.92%  B=   91  lin=1/3    187.3 ms  det=si
im__k1000__escaneado_d3__psm03                           CERac=  100.00%  B=    0  lin=0/3    286.2 ms  det=si
im__k1000__escaneado_d3__psm06                           CERac=  113.92%  B=  133  lin=0/3    915.9 ms  det=si
im__k1000__escaneado_d3__psm11                           CERac=  189.87%  B=  264  lin=0/3    479.5 ms  det=si
im__k1000__escaneado_d4__psm03                           CERac=   84.56%  B=  107  lin=1/12    317.2 ms  det=si
im__k1000__escaneado_d4__psm06                           CERac=   55.70%  B=  346  lin=1/12    471.6 ms  det=si
im__k1000__escaneado_d4__psm11                           CERac=   41.61%  B=  474  lin=1/12    479.8 ms  det=si
im__k1000__escaneado_d4c__psm03                          CERac=    7.72%  B=  576  lin=8/12    425.5 ms  det=si
im__k1000__escaneado_d4c__psm06                          CERac=    6.54%  B=  586  lin=7/12    361.7 ms  det=si
im__k1000__escaneado_d4c__psm11                          CERac=   10.07%  B=  584  lin=6/12    509.9 ms  det=si
im__k1000__escaneado_d4e__psm03                          CERac=  100.00%  B=    0  lin=0/12    724.9 ms  det=si
im__k1000__escaneado_d4e__psm06                          CERac=  190.10%  B= 1463  lin=0/12   5816.1 ms  det=si
im__k1000__escaneado_d4e__psm11                          CERac=  120.13%  B= 1347  lin=0/12   2233.4 ms  det=si
im__k1000__escaneado_d4f__psm03                          CERac=    2.35%  B=  610  lin=8/12    480.9 ms  det=si
im__k1000__escaneado_d4f__psm06                          CERac=    6.04%  B=  582  lin=7/12    445.2 ms  det=si
im__k1000__escaneado_d4f__psm11                          CERac=    2.68%  B=  626  lin=5/12    942.4 ms  det=si
{"evento": "fin", "celdas": 18, "testigo_monohilo_ini_ms": 26.17, "testigo_monohilo_fin_ms": 36.94, "deriva_monohilo": 1.41, "testigo_proceso_ini_ms": 30.97, "testigo_proceso_fin_ms": 109.49, "nivel_proceso_vs_reposo": 4.11, "testigo_topado": false, "deterministas": 18, "con_error": 0}
