{"etiqueta": "B_inter_ppi", "motor": "tesseract", "dispositivo": "cpu", "binario": "C:\\Program Files\\Tesseract-OCR\\tesseract.exe", "version": "tesseract v5.5.0.20241111", "tessdata": "C:\\Program Files\\PDFgear\\tessdata", "lang": "spa", "psms": ["3", "4", "6", "11", "12"], "user_defined_dpi": null, "idiomas_disponibles": ["chi_sim", "chi_sim_vert", "chi_tra", "chi_tra_vert", "deu", "eng", "fra", "ita", "jpn", "jpn_vert", "kor", "kor_vert", "nld", "por", "rus", "spa"], "patron": "im_ppi__*__escaneado_d[234]*.png", "imgdir": "D:\\Work\\research\\FileX\\bench\\salidas-psm\\img", "reps": 9, "testigo_monohilo_ini_ms": 24.44, "testigo_proceso_ini_ms": 33.73}
im_ppi__k0500__escaneado_d2__psm03                       CERac=   16.46%  B=   72  lin=1/3    281.3 ms  det=si
im_ppi__k0500__escaneado_d2__psm04                       CERac=   16.46%  B=   72  lin=1/3    294.6 ms  det=si
im_ppi__k0500__escaneado_d2__psm06                       CERac=   16.46%  B=   70  lin=1/3    238.6 ms  det=si
im_ppi__k0500__escaneado_d2__psm11                       CERac=   17.72%  B=   78  lin=0/3    271.0 ms  det=si
im_ppi__k0500__escaneado_d2__psm12                       CERac=   17.72%  B=   78  lin=0/3    204.8 ms  det=si
im_ppi__k0500__escaneado_d3__psm03                       CERac=  100.00%  B=    0  lin=0/3    220.6 ms  det=si
im_ppi__k0500__escaneado_d3__psm04                       CERac=  100.00%  B=    0  lin=0/3    210.0 ms  det=si
im_ppi__k0500__escaneado_d3__psm06                       CERac=   73.42%  B=   50  lin=0/3    454.0 ms  det=si
im_ppi__k0500__escaneado_d3__psm11                       CERac=   73.42%  B=   43  lin=0/3    288.8 ms  det=si
im_ppi__k0500__escaneado_d3__psm12                       CERac=   87.34%  B=   25  lin=0/3    279.4 ms  det=si
im_ppi__k0500__escaneado_d4__psm03                       CERac=   89.60%  B=   72  lin=1/12    416.4 ms  det=si
im_ppi__k0500__escaneado_d4__psm04                       CERac=   89.60%  B=   72  lin=1/12    402.6 ms  det=si
im_ppi__k0500__escaneado_d4__psm06                       CERac=   48.15%  B=  364  lin=1/12    470.5 ms  det=si
im_ppi__k0500__escaneado_d4__psm11                       CERac=   51.01%  B=  426  lin=0/12    520.7 ms  det=si
im_ppi__k0500__escaneado_d4__psm12                       CERac=   51.01%  B=  426  lin=0/12    561.6 ms  det=si
im_ppi__k0500__escaneado_d4c__psm03                      CERac=   23.99%  B=  496  lin=6/12    584.8 ms  det=si
im_ppi__k0500__escaneado_d4c__psm04                      CERac=   29.19%  B=  464  lin=5/12    415.4 ms  det=si
im_ppi__k0500__escaneado_d4c__psm06                      CERac=   18.29%  B=  531  lin=6/12    455.0 ms  det=si
im_ppi__k0500__escaneado_d4c__psm11                      CERac=   15.60%  B=  574  lin=3/12    468.3 ms  det=si
im_ppi__k0500__escaneado_d4c__psm12                      CERac=   15.60%  B=  574  lin=3/12    501.5 ms  det=si
im_ppi__k0625__escaneado_d2__psm03                       CERac=    1.27%  B=   85  lin=2/3    210.4 ms  det=si
im_ppi__k0625__escaneado_d2__psm04                       CERac=    1.27%  B=   85  lin=2/3    221.1 ms  det=si
im_ppi__k0625__escaneado_d2__psm06                       CERac=    1.27%  B=   83  lin=2/3    196.7 ms  det=si
im_ppi__k0625__escaneado_d2__psm11                       CERac=    3.80%  B=   89  lin=1/3    194.9 ms  det=si
im_ppi__k0625__escaneado_d2__psm12                       CERac=    3.80%  B=   89  lin=1/3    221.4 ms  det=si
im_ppi__k0625__escaneado_d3__psm03                       CERac=  100.00%  B=    0  lin=0/3    263.3 ms  det=si
im_ppi__k0625__escaneado_d3__psm04                       CERac=  100.00%  B=    0  lin=0/3    486.4 ms  det=si
im_ppi__k0625__escaneado_d3__psm06                       CERac=   70.89%  B=   52  lin=1/3    647.4 ms  det=si
im_ppi__k0625__escaneado_d3__psm11                       CERac=   69.62%  B=   67  lin=0/3    493.8 ms  det=si
im_ppi__k0625__escaneado_d3__psm12                       CERac=   68.35%  B=   57  lin=0/3    402.8 ms  det=si
im_ppi__k0625__escaneado_d4__psm03                       CERac=   84.73%  B=  110  lin=1/12    396.9 ms  det=si
im_ppi__k0625__escaneado_d4__psm04                       CERac=   83.05%  B=  109  lin=1/12    406.5 ms  det=si
im_ppi__k0625__escaneado_d4__psm06                       CERac=   44.80%  B=  393  lin=2/12    546.8 ms  det=si
im_ppi__k0625__escaneado_d4__psm11                       CERac=   53.19%  B=  404  lin=0/12    497.3 ms  det=si
im_ppi__k0625__escaneado_d4__psm12                       CERac=   53.19%  B=  404  lin=0/12    518.2 ms  det=si
im_ppi__k0625__escaneado_d4c__psm03                      CERac=    4.70%  B=  604  lin=7/12    586.1 ms  det=si
im_ppi__k0625__escaneado_d4c__psm04                      CERac=    4.70%  B=  606  lin=7/12    585.0 ms  det=si
im_ppi__k0625__escaneado_d4c__psm06                      CERac=   10.57%  B=  566  lin=7/12    451.1 ms  det=si
im_ppi__k0625__escaneado_d4c__psm11                      CERac=   10.91%  B=  615  lin=6/12    611.2 ms  det=si
im_ppi__k0625__escaneado_d4c__psm12                      CERac=   10.91%  B=  615  lin=6/12    495.5 ms  det=si
im_ppi__k0750__escaneado_d2__psm03                       CERac=    1.27%  B=   84  lin=2/3    216.7 ms  det=si
im_ppi__k0750__escaneado_d2__psm04                       CERac=    1.27%  B=   84  lin=2/3    233.3 ms  det=si
im_ppi__k0750__escaneado_d2__psm06                       CERac=    3.80%  B=   79  lin=1/3    257.6 ms  det=si
im_ppi__k0750__escaneado_d2__psm11                       CERac=    2.53%  B=   91  lin=1/3    286.9 ms  det=si
im_ppi__k0750__escaneado_d2__psm12                       CERac=    2.53%  B=   91  lin=1/3    255.1 ms  det=si
im_ppi__k0750__escaneado_d3__psm03                       CERac=  100.00%  B=    0  lin=0/3    474.8 ms  det=si
im_ppi__k0750__escaneado_d3__psm04                       CERac=  100.00%  B=    0  lin=0/3    479.0 ms  det=si
im_ppi__k0750__escaneado_d3__psm06                       CERac=  105.06%  B=  117  lin=0/3   1218.6 ms  det=si
im_ppi__k0750__escaneado_d3__psm11                       CERac=   68.35%  B=   82  lin=0/3    461.6 ms  det=si
im_ppi__k0750__escaneado_d3__psm12                       CERac=   72.15%  B=   64  lin=0/3    341.9 ms  det=si
im_ppi__k0750__escaneado_d4__psm03                       CERac=   81.88%  B=  137  lin=1/12    499.6 ms  det=si
im_ppi__k0750__escaneado_d4__psm04                       CERac=   80.70%  B=  124  lin=1/12    687.8 ms  det=si
im_ppi__k0750__escaneado_d4__psm06                       CERac=   66.78%  B=  250  lin=1/12    619.1 ms  det=si
im_ppi__k0750__escaneado_d4__psm11                       CERac=   50.50%  B=  394  lin=0/12    608.0 ms  det=si
im_ppi__k0750__escaneado_d4__psm12                       CERac=   50.50%  B=  394  lin=0/12    821.6 ms  det=si
im_ppi__k0750__escaneado_d4c__psm03                      CERac=    3.36%  B=  609  lin=8/12    764.8 ms  det=si
im_ppi__k0750__escaneado_d4c__psm04                      CERac=    3.36%  B=  609  lin=8/12    847.1 ms  det=si
im_ppi__k0750__escaneado_d4c__psm06                      CERac=    7.38%  B=  587  lin=7/12    626.5 ms  det=si
im_ppi__k0750__escaneado_d4c__psm11                      CERac=    4.36%  B=  625  lin=6/12    784.9 ms  det=si
im_ppi__k0750__escaneado_d4c__psm12                      CERac=    4.36%  B=  625  lin=6/12    610.8 ms  det=si
im_ppi__k0875__escaneado_d2__psm03                       CERac=    1.27%  B=   84  lin=2/3    287.9 ms  det=si
im_ppi__k0875__escaneado_d2__psm04                       CERac=    1.27%  B=   84  lin=2/3    393.2 ms  det=si
im_ppi__k0875__escaneado_d2__psm06                       CERac=    1.27%  B=   82  lin=2/3    776.9 ms  det=si
im_ppi__k0875__escaneado_d2__psm11                       CERac=    6.33%  B=   87  lin=0/3    788.5 ms  det=si
im_ppi__k0875__escaneado_d2__psm12                       CERac=    6.33%  B=   87  lin=0/3    568.5 ms  det=si
im_ppi__k0875__escaneado_d3__psm03                       CERac=  100.00%  B=    0  lin=0/3    893.4 ms  det=si
im_ppi__k0875__escaneado_d3__psm04                       CERac=  100.00%  B=    0  lin=0/3    945.5 ms  det=si
im_ppi__k0875__escaneado_d3__psm06                       CERac=  100.00%  B=  111  lin=0/3   1852.1 ms  det=si
im_ppi__k0875__escaneado_d3__psm11                       CERac=   98.73%  B=  153  lin=0/3    573.4 ms  det=si
im_ppi__k0875__escaneado_d3__psm12                       CERac=   83.54%  B=  130  lin=0/3    476.8 ms  det=si
im_ppi__k0875__escaneado_d4__psm03                       CERac=   50.50%  B=  341  lin=1/12    519.0 ms  det=si
im_ppi__k0875__escaneado_d4__psm04                       CERac=   53.69%  B=  344  lin=0/12    474.3 ms  det=si
im_ppi__k0875__escaneado_d4__psm06                       CERac=   54.19%  B=  337  lin=1/12    714.0 ms  det=si
im_ppi__k0875__escaneado_d4__psm11                       CERac=   38.09%  B=  534  lin=1/12    661.5 ms  det=si
im_ppi__k0875__escaneado_d4__psm12                       CERac=   38.09%  B=  534  lin=1/12    631.0 ms  det=si
im_ppi__k0875__escaneado_d4c__psm03                      CERac=    3.19%  B=  609  lin=7/12    560.7 ms  det=si
im_ppi__k0875__escaneado_d4c__psm04                      CERac=    3.19%  B=  611  lin=7/12    552.9 ms  det=si
im_ppi__k0875__escaneado_d4c__psm06                      CERac=    8.39%  B=  581  lin=7/12    635.0 ms  det=si
im_ppi__k0875__escaneado_d4c__psm11                      CERac=    4.36%  B=  617  lin=6/12    549.4 ms  det=si
im_ppi__k0875__escaneado_d4c__psm12                      CERac=    4.36%  B=  617  lin=6/12    578.7 ms  det=si
im_ppi__k1000__escaneado_d2__psm03                       CERac=   30.38%  B=   89  lin=1/3    282.5 ms  det=si
im_ppi__k1000__escaneado_d2__psm04                       CERac=   30.38%  B=   89  lin=1/3    284.5 ms  det=si
im_ppi__k1000__escaneado_d2__psm06                       CERac=    0.00%  B=   82  lin=3/3    266.7 ms  det=si
im_ppi__k1000__escaneado_d2__psm11                       CERac=   13.92%  B=   91  lin=1/3    261.7 ms  det=si
im_ppi__k1000__escaneado_d2__psm12                       CERac=   13.92%  B=   91  lin=1/3    267.5 ms  det=si
im_ppi__k1000__escaneado_d3__psm03                       CERac=  100.00%  B=    0  lin=0/3    369.4 ms  det=si
im_ppi__k1000__escaneado_d3__psm04                       CERac=  100.00%  B=    0  lin=0/3    396.8 ms  det=si
im_ppi__k1000__escaneado_d3__psm06                       CERac=  113.92%  B=  133  lin=0/3   1355.1 ms  det=si
im_ppi__k1000__escaneado_d3__psm11                       CERac=  183.54%  B=  257  lin=0/3    618.4 ms  det=si
im_ppi__k1000__escaneado_d3__psm12                       CERac=  173.42%  B=  242  lin=0/3    570.7 ms  det=si
im_ppi__k1000__escaneado_d4__psm03                       CERac=   51.34%  B=  359  lin=1/12    509.2 ms  det=si
im_ppi__k1000__escaneado_d4__psm04                       CERac=   62.08%  B=  300  lin=0/12    515.5 ms  det=si
im_ppi__k1000__escaneado_d4__psm06                       CERac=   55.70%  B=  346  lin=1/12    559.4 ms  det=si
im_ppi__k1000__escaneado_d4__psm11                       CERac=   40.60%  B=  480  lin=1/12    629.8 ms  det=si
im_ppi__k1000__escaneado_d4__psm12                       CERac=   40.60%  B=  480  lin=1/12    642.6 ms  det=si
im_ppi__k1000__escaneado_d4c__psm03                      CERac=    1.85%  B=  610  lin=8/12    609.5 ms  det=si
im_ppi__k1000__escaneado_d4c__psm04                      CERac=    1.85%  B=  610  lin=8/12    554.3 ms  det=si
im_ppi__k1000__escaneado_d4c__psm06                      CERac=    6.54%  B=  586  lin=7/12    577.8 ms  det=si
im_ppi__k1000__escaneado_d4c__psm11                      CERac=    2.68%  B=  625  lin=6/12    604.4 ms  det=si
im_ppi__k1000__escaneado_d4c__psm12                      CERac=    2.68%  B=  625  lin=6/12    603.3 ms  det=si
im_ppi__k1125__escaneado_d2__psm03                       CERac=    0.00%  B=   84  lin=3/3    268.0 ms  det=si
im_ppi__k1125__escaneado_d2__psm04                       CERac=    0.00%  B=   84  lin=3/3    250.9 ms  det=si
im_ppi__k1125__escaneado_d2__psm06                       CERac=    2.53%  B=   83  lin=2/3    260.1 ms  det=si
im_ppi__k1125__escaneado_d2__psm11                       CERac=    2.53%  B=   89  lin=1/3    249.7 ms  det=si
im_ppi__k1125__escaneado_d2__psm12                       CERac=    2.53%  B=   89  lin=1/3    269.0 ms  det=si
im_ppi__k1125__escaneado_d3__psm03                       CERac=  100.00%  B=    0  lin=0/3    451.8 ms  det=si
im_ppi__k1125__escaneado_d3__psm04                       CERac=  100.00%  B=    0  lin=0/3    423.9 ms  det=si
im_ppi__k1125__escaneado_d3__psm06                       CERac=  229.11%  B=  236  lin=0/3   1483.9 ms  det=si
im_ppi__k1125__escaneado_d3__psm11                       CERac=  313.92%  B=  410  lin=0/3    853.4 ms  det=si
im_ppi__k1125__escaneado_d3__psm12                       CERac=  279.75%  B=  382  lin=0/3    756.0 ms  det=si
im_ppi__k1125__escaneado_d4__psm03                       CERac=   86.41%  B=   99  lin=0/12    413.0 ms  det=si
im_ppi__k1125__escaneado_d4__psm04                       CERac=   94.30%  B=   40  lin=0/12    428.0 ms  det=si
im_ppi__k1125__escaneado_d4__psm06                       CERac=   67.95%  B=  249  lin=1/12    528.9 ms  det=si
im_ppi__k1125__escaneado_d4__psm11                       CERac=   45.13%  B=  476  lin=0/12    691.9 ms  det=si
im_ppi__k1125__escaneado_d4__psm12                       CERac=   45.13%  B=  476  lin=0/12    687.6 ms  det=si
im_ppi__k1125__escaneado_d4c__psm03                      CERac=    2.35%  B=  609  lin=8/12    637.1 ms  det=si
im_ppi__k1125__escaneado_d4c__psm04                      CERac=    2.35%  B=  609  lin=8/12    656.3 ms  det=si
im_ppi__k1125__escaneado_d4c__psm06                      CERac=    6.54%  B=  580  lin=7/12    553.2 ms  det=si
im_ppi__k1125__escaneado_d4c__psm11                      CERac=    2.85%  B=  621  lin=6/12    702.5 ms  det=si
im_ppi__k1125__escaneado_d4c__psm12                      CERac=    2.85%  B=  621  lin=6/12    665.7 ms  det=si
im_ppi__k1250__escaneado_d2__psm03                       CERac=    0.00%  B=   84  lin=3/3    275.5 ms  det=si
im_ppi__k1250__escaneado_d2__psm04                       CERac=    0.00%  B=   84  lin=3/3    259.6 ms  det=si
im_ppi__k1250__escaneado_d2__psm06                       CERac=    0.00%  B=   82  lin=3/3    243.9 ms  det=si
im_ppi__k1250__escaneado_d2__psm11                       CERac=    2.53%  B=   89  lin=1/3    274.2 ms  det=si
im_ppi__k1250__escaneado_d2__psm12                       CERac=    2.53%  B=   89  lin=1/3    284.8 ms  det=si
im_ppi__k1250__escaneado_d3__psm03                       CERac=  100.00%  B=    0  lin=0/3    486.3 ms  det=si
im_ppi__k1250__escaneado_d3__psm04                       CERac=  100.00%  B=    0  lin=0/3    472.4 ms  det=si
im_ppi__k1250__escaneado_d3__psm06                       CERac=  307.59%  B=  313  lin=0/3   1425.2 ms  det=si
im_ppi__k1250__escaneado_d3__psm11                       CERac=  237.97%  B=  324  lin=0/3    766.6 ms  det=si
im_ppi__k1250__escaneado_d3__psm12                       CERac=  205.06%  B=  296  lin=0/3    772.0 ms  det=si
im_ppi__k1250__escaneado_d4__psm03                       CERac=   89.60%  B=   81  lin=0/12    496.9 ms  det=si
im_ppi__k1250__escaneado_d4__psm04                       CERac=   89.43%  B=   86  lin=0/12    501.8 ms  det=si
im_ppi__k1250__escaneado_d4__psm06                       CERac=   60.23%  B=  320  lin=1/12    580.6 ms  det=si
im_ppi__k1250__escaneado_d4__psm11                       CERac=   46.31%  B=  472  lin=0/12    685.9 ms  det=si
im_ppi__k1250__escaneado_d4__psm12                       CERac=   46.31%  B=  472  lin=0/12    596.9 ms  det=si
im_ppi__k1250__escaneado_d4c__psm03                      CERac=    2.18%  B=  612  lin=8/12    541.9 ms  det=si
im_ppi__k1250__escaneado_d4c__psm04                      CERac=    2.18%  B=  612  lin=8/12    500.9 ms  det=si
im_ppi__k1250__escaneado_d4c__psm06                      CERac=    7.21%  B=  580  lin=6/12    456.4 ms  det=si
im_ppi__k1250__escaneado_d4c__psm11                      CERac=    5.03%  B=  627  lin=6/12    541.4 ms  det=si
im_ppi__k1250__escaneado_d4c__psm12                      CERac=    5.03%  B=  627  lin=6/12    538.9 ms  det=si
im_ppi__k1400__escaneado_d2__psm03                       CERac=    0.00%  B=   84  lin=3/3    204.4 ms  det=si
im_ppi__k1400__escaneado_d2__psm04                       CERac=    0.00%  B=   84  lin=3/3    208.6 ms  det=si
im_ppi__k1400__escaneado_d2__psm06                       CERac=    0.00%  B=   82  lin=3/3    186.4 ms  det=si
im_ppi__k1400__escaneado_d2__psm11                       CERac=    2.53%  B=   89  lin=1/3    200.7 ms  det=si
im_ppi__k1400__escaneado_d2__psm12                       CERac=    2.53%  B=   89  lin=1/3    207.7 ms  det=si
im_ppi__k1400__escaneado_d3__psm03                       CERac=  100.00%  B=    0  lin=0/3    418.9 ms  det=si
im_ppi__k1400__escaneado_d3__psm04                       CERac=  100.00%  B=    0  lin=0/3    404.7 ms  det=si
im_ppi__k1400__escaneado_d3__psm06                       CERac=  305.06%  B=  297  lin=0/3   1189.0 ms  det=si
im_ppi__k1400__escaneado_d3__psm11                       CERac=  574.68%  B=  700  lin=0/3   1018.0 ms  det=si
im_ppi__k1400__escaneado_d3__psm12                       CERac=  491.14%  B=  624  lin=0/3    955.1 ms  det=si
im_ppi__k1400__escaneado_d4__psm03                       CERac=   91.61%  B=   66  lin=0/12    425.4 ms  det=si
im_ppi__k1400__escaneado_d4__psm04                       CERac=   90.10%  B=   71  lin=0/12    393.9 ms  det=si
im_ppi__k1400__escaneado_d4__psm06                       CERac=   67.79%  B=  256  lin=1/12    603.3 ms  det=si
im_ppi__k1400__escaneado_d4__psm11                       CERac=   45.81%  B=  464  lin=1/12    621.2 ms  det=si
im_ppi__k1400__escaneado_d4__psm12                       CERac=   45.81%  B=  464  lin=1/12    617.5 ms  det=si
im_ppi__k1400__escaneado_d4c__psm03                      CERac=    1.68%  B=  612  lin=8/12    526.5 ms  det=si
im_ppi__k1400__escaneado_d4c__psm04                      CERac=    1.68%  B=  612  lin=8/12    538.8 ms  det=si
im_ppi__k1400__escaneado_d4c__psm06                      CERac=    6.04%  B=  585  lin=7/12    456.2 ms  det=si
im_ppi__k1400__escaneado_d4c__psm11                      CERac=    7.72%  B=  628  lin=6/12    543.6 ms  det=si
im_ppi__k1400__escaneado_d4c__psm12                      CERac=    7.72%  B=  628  lin=6/12    561.9 ms  det=si
im_ppi__k1500__escaneado_d2__psm03                       CERac=    0.00%  B=   84  lin=3/3    194.2 ms  det=si
im_ppi__k1500__escaneado_d2__psm04                       CERac=    0.00%  B=   84  lin=3/3    197.6 ms  det=si
im_ppi__k1500__escaneado_d2__psm06                       CERac=    0.00%  B=   82  lin=3/3    191.0 ms  det=si
im_ppi__k1500__escaneado_d2__psm11                       CERac=   34.18%  B=   87  lin=1/3    198.5 ms  det=si
im_ppi__k1500__escaneado_d2__psm12                       CERac=   34.18%  B=   87  lin=1/3    206.2 ms  det=si
im_ppi__k1500__escaneado_d3__psm03                       CERac=  100.00%  B=    0  lin=0/3    494.6 ms  det=si
im_ppi__k1500__escaneado_d3__psm04                       CERac=  100.00%  B=    0  lin=0/3    484.8 ms  det=si
im_ppi__k1500__escaneado_d3__psm06                       CERac=  402.53%  B=  392  lin=0/3   1525.6 ms  det=si
im_ppi__k1500__escaneado_d3__psm11                       CERac=  782.28%  B=  936  lin=0/3   1582.7 ms  det=si
im_ppi__k1500__escaneado_d3__psm12                       CERac=  794.94%  B=  971  lin=0/3   1461.4 ms  det=si
im_ppi__k1500__escaneado_d4__psm03                       CERac=   88.76%  B=  103  lin=0/12    514.6 ms  det=si
im_ppi__k1500__escaneado_d4__psm04                       CERac=   91.11%  B=   72  lin=0/12    448.3 ms  det=si
im_ppi__k1500__escaneado_d4__psm06                       CERac=   54.87%  B=  348  lin=1/12    615.3 ms  det=si
im_ppi__k1500__escaneado_d4__psm11                       CERac=   50.00%  B=  411  lin=1/12    638.4 ms  det=si
im_ppi__k1500__escaneado_d4__psm12                       CERac=   50.00%  B=  411  lin=1/12    642.1 ms  det=si
im_ppi__k1500__escaneado_d4c__psm03                      CERac=    2.35%  B=  611  lin=8/12    582.5 ms  det=si
im_ppi__k1500__escaneado_d4c__psm04                      CERac=    2.35%  B=  611  lin=8/12    614.8 ms  det=si
im_ppi__k1500__escaneado_d4c__psm06                      CERac=    7.21%  B=  584  lin=7/12    523.9 ms  det=si
im_ppi__k1500__escaneado_d4c__psm11                      CERac=    8.72%  B=  625  lin=6/12    599.2 ms  det=si
im_ppi__k1500__escaneado_d4c__psm12                      CERac=    8.72%  B=  625  lin=6/12    607.0 ms  det=si
im_ppi__k1600__escaneado_d2__psm03                       CERac=    0.00%  B=   84  lin=3/3    216.4 ms  det=si
im_ppi__k1600__escaneado_d2__psm04                       CERac=    0.00%  B=   84  lin=3/3    208.0 ms  det=si
im_ppi__k1600__escaneado_d2__psm06                       CERac=    0.00%  B=   82  lin=3/3    189.1 ms  det=si
im_ppi__k1600__escaneado_d2__psm11                       CERac=    2.53%  B=   87  lin=1/3    208.8 ms  det=si
im_ppi__k1600__escaneado_d2__psm12                       CERac=    2.53%  B=   87  lin=1/3    210.6 ms  det=si
im_ppi__k1600__escaneado_d3__psm03                       CERac=  100.00%  B=    0  lin=0/3    558.2 ms  det=si
im_ppi__k1600__escaneado_d3__psm04                       CERac=  100.00%  B=    0  lin=0/3    528.0 ms  det=si
im_ppi__k1600__escaneado_d3__psm06                       CERac=  370.89%  B=  351  lin=0/3   1670.5 ms  det=si
im_ppi__k1600__escaneado_d3__psm11                       CERac=  887.34%  B= 1070  lin=0/3   1941.7 ms  det=si
im_ppi__k1600__escaneado_d3__psm12                       CERac=  798.73%  B=  976  lin=0/3   1562.5 ms  det=si
im_ppi__k1600__escaneado_d4__psm03                       CERac=   71.14%  B=  217  lin=1/12    628.5 ms  det=si
im_ppi__k1600__escaneado_d4__psm04                       CERac=   74.50%  B=  197  lin=1/12    659.9 ms  det=si
im_ppi__k1600__escaneado_d4__psm06                       CERac=   56.88%  B=  335  lin=1/12    682.3 ms  det=si
im_ppi__k1600__escaneado_d4__psm11                       CERac=   48.83%  B=  443  lin=1/12    717.0 ms  det=si
im_ppi__k1600__escaneado_d4__psm12                       CERac=   48.83%  B=  443  lin=1/12    725.4 ms  det=si
im_ppi__k1600__escaneado_d4c__psm03                      CERac=    3.02%  B=  609  lin=8/12    616.3 ms  det=si
im_ppi__k1600__escaneado_d4c__psm04                      CERac=    3.02%  B=  609  lin=8/12    623.5 ms  det=si
im_ppi__k1600__escaneado_d4c__psm06                      CERac=    8.05%  B=  585  lin=7/12    529.0 ms  det=si
im_ppi__k1600__escaneado_d4c__psm11                      CERac=    2.18%  B=  626  lin=7/12    622.4 ms  det=si
im_ppi__k1600__escaneado_d4c__psm12                      CERac=    2.18%  B=  626  lin=7/12    643.5 ms  det=si
im_ppi__k1800__escaneado_d2__psm03                       CERac=    0.00%  B=   84  lin=3/3    220.7 ms  det=si
im_ppi__k1800__escaneado_d2__psm04                       CERac=    0.00%  B=   84  lin=3/3    222.2 ms  det=si
im_ppi__k1800__escaneado_d2__psm06                       CERac=    0.00%  B=   82  lin=3/3    215.1 ms  det=si
im_ppi__k1800__escaneado_d2__psm11                       CERac=    5.06%  B=   90  lin=0/3    219.6 ms  det=si
im_ppi__k1800__escaneado_d2__psm12                       CERac=    5.06%  B=   90  lin=0/3    227.7 ms  det=si
im_ppi__k1800__escaneado_d3__psm03                       CERac=  100.00%  B=    0  lin=0/3    736.8 ms  det=si
im_ppi__k1800__escaneado_d3__psm04                       CERac=  100.00%  B=    0  lin=0/3    648.6 ms  det=si
im_ppi__k1800__escaneado_d3__psm06                       CERac=  393.67%  B=  379  lin=0/3   1701.1 ms  det=si
im_ppi__k1800__escaneado_d3__psm11                       CERac= 1263.29%  B= 1473  lin=0/3   2706.2 ms  det=si
im_ppi__k1800__escaneado_d3__psm12                       CERac= 1246.84%  B= 1482  lin=0/3   2567.3 ms  det=si
im_ppi__k1800__escaneado_d4__psm03                       CERac=   89.26%  B=   78  lin=0/12    691.4 ms  det=si
im_ppi__k1800__escaneado_d4__psm04                       CERac=   84.90%  B=  120  lin=0/12    653.1 ms  det=si
im_ppi__k1800__escaneado_d4__psm06                       CERac=   77.68%  B=  151  lin=1/12    484.1 ms  det=si
im_ppi__k1800__escaneado_d4__psm11                       CERac=   52.35%  B=  414  lin=1/12   1327.6 ms  det=si
im_ppi__k1800__escaneado_d4__psm12                       CERac=   52.35%  B=  414  lin=1/12   1474.8 ms  det=si
im_ppi__k1800__escaneado_d4c__psm03                      CERac=    2.85%  B=  610  lin=8/12   1421.5 ms  det=si
im_ppi__k1800__escaneado_d4c__psm04                      CERac=    2.85%  B=  610  lin=8/12    667.6 ms  det=si
im_ppi__k1800__escaneado_d4c__psm06                      CERac=    7.05%  B=  584  lin=7/12    517.6 ms  det=si
im_ppi__k1800__escaneado_d4c__psm11                      CERac=    5.54%  B=  625  lin=6/12    684.8 ms  det=si
im_ppi__k1800__escaneado_d4c__psm12                      CERac=    5.54%  B=  625  lin=6/12    699.7 ms  det=si
{"evento": "fin", "celdas": 220, "testigo_monohilo_ini_ms": 24.44, "testigo_monohilo_fin_ms": 32.74, "deriva_monohilo": 1.34, "testigo_proceso_ini_ms": 33.73, "testigo_proceso_fin_ms": 39.17, "nivel_proceso_vs_reposo": 1.47, "testigo_topado": false, "deterministas": 220, "con_error": 0}
