{"etiqueta": "D_dpi200", "motor": "tesseract", "dispositivo": "cpu", "binario": "C:\\Program Files\\Tesseract-OCR\\tesseract.exe", "version": "tesseract v5.5.0.20241111", "tessdata": "C:\\Program Files\\PDFgear\\tessdata", "lang": "spa", "psms": ["3", "6", "11"], "user_defined_dpi": "200", "idiomas_disponibles": ["chi_sim", "chi_sim_vert", "chi_tra", "chi_tra_vert", "deu", "eng", "fra", "ita", "jpn", "jpn_vert", "kor", "kor_vert", "nld", "por", "rus", "spa"], "patron": "im__k1000__*.png", "imgdir": "D:\\Work\\research\\FileX\\bench\\salidas-psm\\img", "reps": 9, "testigo_monohilo_ini_ms": 33.93, "testigo_proceso_ini_ms": 34.9}
im__k1000__escaneado_d2__psm03                           CERac=   30.38%  B=   89  lin=1/3    205.4 ms  det=si
im__k1000__escaneado_d2__psm06                           CERac=    0.00%  B=   82  lin=3/3    206.8 ms  det=si
im__k1000__escaneado_d2__psm11                           CERac=   13.92%  B=   91  lin=1/3    230.5 ms  det=si
im__k1000__escaneado_d3__psm03                           CERac=  100.00%  B=    0  lin=0/3    297.7 ms  det=si
im__k1000__escaneado_d3__psm06                           CERac=  113.92%  B=  133  lin=0/3   1069.6 ms  det=si
im__k1000__escaneado_d3__psm11                           CERac=  188.61%  B=  263  lin=0/3    490.7 ms  det=si
im__k1000__escaneado_d4__psm03                           CERac=   51.34%  B=  359  lin=1/12    373.1 ms  det=si
im__k1000__escaneado_d4__psm06                           CERac=   55.70%  B=  346  lin=1/12    420.2 ms  det=si
im__k1000__escaneado_d4__psm11                           CERac=   40.60%  B=  480  lin=1/12    504.4 ms  det=si
im__k1000__escaneado_d4c__psm03                          CERac=    1.85%  B=  610  lin=8/12    438.1 ms  det=si
im__k1000__escaneado_d4c__psm06                          CERac=    6.54%  B=  586  lin=7/12    404.6 ms  det=si
im__k1000__escaneado_d4c__psm11                          CERac=    2.68%  B=  625  lin=6/12    561.8 ms  det=si
im__k1000__escaneado_d4e__psm03                          CERac=  100.00%  B=    0  lin=0/12    697.9 ms  det=si
im__k1000__escaneado_d4e__psm06                          CERac=  190.10%  B= 1463  lin=0/12   5427.9 ms  det=si
im__k1000__escaneado_d4e__psm11                          CERac=  119.30%  B= 1335  lin=0/12   1864.5 ms  det=si
im__k1000__escaneado_d4f__psm03                          CERac=    2.35%  B=  610  lin=8/12    506.6 ms  det=si
im__k1000__escaneado_d4f__psm06                          CERac=    6.04%  B=  582  lin=7/12    482.9 ms  det=si
im__k1000__escaneado_d4f__psm11                          CERac=    2.68%  B=  626  lin=5/12    481.0 ms  det=si
{"evento": "fin", "celdas": 18, "testigo_monohilo_ini_ms": 33.93, "testigo_monohilo_fin_ms": 29.55, "deriva_monohilo": 0.87, "testigo_proceso_ini_ms": 34.9, "testigo_proceso_fin_ms": 31.11, "nivel_proceso_vs_reposo": 1.31, "testigo_topado": false, "deterministas": 18, "con_error": 0}
