{"etiqueta": "D_dpi100", "motor": "tesseract", "dispositivo": "cpu", "binario": "C:\\Program Files\\Tesseract-OCR\\tesseract.exe", "version": "tesseract v5.5.0.20241111", "tessdata": "C:\\Program Files\\PDFgear\\tessdata", "lang": "spa", "psms": ["3", "6", "11"], "user_defined_dpi": "100", "idiomas_disponibles": ["chi_sim", "chi_sim_vert", "chi_tra", "chi_tra_vert", "deu", "eng", "fra", "ita", "jpn", "jpn_vert", "kor", "kor_vert", "nld", "por", "rus", "spa"], "patron": "im__k1000__*.png", "imgdir": "D:\\Work\\research\\FileX\\bench\\salidas-psm\\img", "reps": 9, "testigo_monohilo_ini_ms": 28.65, "testigo_proceso_ini_ms": 30.39}
im__k1000__escaneado_d2__psm03                           CERac=   30.38%  B=   89  lin=1/3    178.3 ms  det=si
im__k1000__escaneado_d2__psm06                           CERac=    0.00%  B=   82  lin=3/3    176.4 ms  det=si
im__k1000__escaneado_d2__psm11                           CERac=   13.92%  B=   91  lin=1/3    200.5 ms  det=si
im__k1000__escaneado_d3__psm03                           CERac=  100.00%  B=    0  lin=0/3    289.6 ms  det=si
im__k1000__escaneado_d3__psm06                           CERac=  113.92%  B=  133  lin=0/3    912.6 ms  det=si
im__k1000__escaneado_d3__psm11                           CERac=  183.54%  B=  257  lin=0/3    439.3 ms  det=si
im__k1000__escaneado_d4__psm03                           CERac=   98.49%  B=   10  lin=0/12    229.2 ms  det=si
im__k1000__escaneado_d4__psm06                           CERac=   55.70%  B=  346  lin=1/12    393.0 ms  det=si
im__k1000__escaneado_d4__psm11                           CERac=   43.79%  B=  448  lin=1/12    446.2 ms  det=si
im__k1000__escaneado_d4c__psm03                          CERac=   11.24%  B=  556  lin=6/12    421.0 ms  det=si
im__k1000__escaneado_d4c__psm06                          CERac=    6.54%  B=  586  lin=7/12    370.3 ms  det=si
im__k1000__escaneado_d4c__psm11                          CERac=    3.36%  B=  624  lin=6/12    428.1 ms  det=si
im__k1000__escaneado_d4e__psm03                          CERac=  100.00%  B=    0  lin=0/12    648.6 ms  det=si
im__k1000__escaneado_d4e__psm06                          CERac=  190.10%  B= 1463  lin=0/12   5017.2 ms  det=si
im__k1000__escaneado_d4e__psm11                          CERac=  123.83%  B= 1384  lin=0/12   1959.1 ms  det=si
im__k1000__escaneado_d4f__psm03                          CERac=    2.35%  B=  612  lin=7/12    557.0 ms  det=si
im__k1000__escaneado_d4f__psm06                          CERac=    6.04%  B=  582  lin=7/12    459.1 ms  det=si
im__k1000__escaneado_d4f__psm11                          CERac=    2.85%  B=  626  lin=5/12    528.3 ms  det=si
{"evento": "fin", "celdas": 18, "testigo_monohilo_ini_ms": 28.65, "testigo_monohilo_fin_ms": 29.92, "deriva_monohilo": 1.04, "testigo_proceso_ini_ms": 30.39, "testigo_proceso_fin_ms": 33.39, "nivel_proceso_vs_reposo": 1.25, "testigo_topado": false, "deterministas": 18, "con_error": 0}
