{"etiqueta": "E_curva_ppi", "motor": "tesseract", "dispositivo": "cpu", "binario": "C:\\Program Files\\Tesseract-OCR\\tesseract.exe", "version": "tesseract v5.5.0.20241111", "tessdata": "C:\\Program Files\\PDFgear\\tessdata", "lang": "spa", "psms": ["3", "6", "11"], "user_defined_dpi": null, "idiomas_disponibles": ["chi_sim", "chi_sim_vert", "chi_tra", "chi_tra_vert", "deu", "eng", "fra", "ita", "jpn", "jpn_vert", "kor", "kor_vert", "nld", "por", "rus", "spa"], "patron": "im_ppi__*__escaneado_d4[ef].png", "imgdir": "D:\\Work\\research\\FileX\\bench\\salidas-psm\\img", "reps": 9, "testigo_monohilo_ini_ms": 25.7, "testigo_proceso_ini_ms": 624.69}
im_ppi__k0500__escaneado_d4e__psm03                      CERac=  100.00%  B=    0  lin=0/12    709.8 ms  det=si
im_ppi__k0500__escaneado_d4e__psm06                      CERac=   80.54%  B=  166  lin=0/12   2593.1 ms  det=si
im_ppi__k0500__escaneado_d4e__psm11                      CERac=   72.65%  B=  730  lin=0/12   1802.2 ms  det=si
im_ppi__k0500__escaneado_d4f__psm03                      CERac=    5.20%  B=  597  lin=8/12    370.3 ms  det=si
im_ppi__k0500__escaneado_d4f__psm06                      CERac=   11.07%  B=  565  lin=7/12    328.3 ms  det=si
im_ppi__k0500__escaneado_d4f__psm11                      CERac=    8.56%  B=  619  lin=3/12    379.2 ms  det=si
im_ppi__k0625__escaneado_d4e__psm03                      CERac=  100.00%  B=    0  lin=0/12    471.8 ms  det=si
im_ppi__k0625__escaneado_d4e__psm06                      CERac=   71.31%  B=  502  lin=0/12   2563.1 ms  det=si
im_ppi__k0625__escaneado_d4e__psm11                      CERac=   71.64%  B=  398  lin=0/12    610.5 ms  det=si
im_ppi__k0625__escaneado_d4f__psm03                      CERac=    3.02%  B=  610  lin=8/12    374.7 ms  det=si
im_ppi__k0625__escaneado_d4f__psm06                      CERac=    6.04%  B=  584  lin=7/12    419.0 ms  det=si
im_ppi__k0625__escaneado_d4f__psm11                      CERac=    5.37%  B=  629  lin=6/12    375.5 ms  det=si
im_ppi__k0750__escaneado_d4e__psm03                      CERac=  100.00%  B=    0  lin=0/12    571.9 ms  det=si
im_ppi__k0750__escaneado_d4e__psm06                      CERac=   96.14%  B=  810  lin=0/12   2851.5 ms  det=si
im_ppi__k0750__escaneado_d4e__psm11                      CERac=  116.28%  B= 1293  lin=0/12   1892.7 ms  det=si
im_ppi__k0750__escaneado_d4f__psm03                      CERac=    3.02%  B=  608  lin=8/12    509.0 ms  det=si
im_ppi__k0750__escaneado_d4f__psm06                      CERac=    6.54%  B=  581  lin=7/12    446.0 ms  det=si
im_ppi__k0750__escaneado_d4f__psm11                      CERac=    6.04%  B=  623  lin=6/12    523.8 ms  det=si
im_ppi__k0875__escaneado_d4e__psm03                      CERac=  100.00%  B=    0  lin=0/12   1473.6 ms  det=si
im_ppi__k0875__escaneado_d4e__psm06                      CERac=  179.87%  B= 1393  lin=0/12   5252.8 ms  det=si
im_ppi__k0875__escaneado_d4e__psm11                      CERac=  258.39%  B= 2612  lin=0/12   6926.5 ms  det=si
im_ppi__k0875__escaneado_d4f__psm03                      CERac=    2.52%  B=  609  lin=9/12    497.7 ms  det=si
im_ppi__k0875__escaneado_d4f__psm06                      CERac=    6.21%  B=  583  lin=7/12    434.9 ms  det=si
im_ppi__k0875__escaneado_d4f__psm11                      CERac=    5.87%  B=  635  lin=5/12    489.8 ms  det=si
im_ppi__k1000__escaneado_d4e__psm03                      CERac=  100.00%  B=    0  lin=0/12    657.4 ms  det=si
im_ppi__k1000__escaneado_d4e__psm06                      CERac=  190.10%  B= 1463  lin=0/12   5664.4 ms  det=si
im_ppi__k1000__escaneado_d4e__psm11                      CERac=  119.30%  B= 1335  lin=0/12   2126.8 ms  det=si
im_ppi__k1000__escaneado_d4f__psm03                      CERac=    2.35%  B=  610  lin=8/12    585.5 ms  det=si
im_ppi__k1000__escaneado_d4f__psm06                      CERac=    6.04%  B=  582  lin=7/12    513.0 ms  det=si
im_ppi__k1000__escaneado_d4f__psm11                      CERac=    2.68%  B=  626  lin=5/12    555.0 ms  det=si
im_ppi__k1125__escaneado_d4e__psm03                      CERac=  100.00%  B=    0  lin=0/12   2213.8 ms  det=si
im_ppi__k1125__escaneado_d4e__psm06                      CERac=  168.62%  B= 1315  lin=0/12   6479.1 ms  det=si
im_ppi__k1125__escaneado_d4e__psm11                      CERac=  180.37%  B= 1907  lin=0/12   3570.0 ms  det=si
im_ppi__k1125__escaneado_d4f__psm03                      CERac=    2.01%  B=  611  lin=8/12    529.7 ms  det=si
im_ppi__k1125__escaneado_d4f__psm06                      CERac=    6.54%  B=  583  lin=7/12    468.1 ms  det=si
im_ppi__k1125__escaneado_d4f__psm11                      CERac=   11.41%  B=  572  lin=6/12    493.0 ms  det=si
im_ppi__k1250__escaneado_d4e__psm03                      CERac=  100.00%  B=    0  lin=0/12   1089.9 ms  det=si
im_ppi__k1250__escaneado_d4e__psm06                      CERac=  348.32%  B= 2482  lin=0/12   7151.3 ms  det=si
im_ppi__k1250__escaneado_d4e__psm11                      CERac=  243.96%  B= 2502  lin=0/12   5688.4 ms  det=si
im_ppi__k1250__escaneado_d4f__psm03                      CERac=    1.51%  B=  611  lin=8/12    531.2 ms  det=si
im_ppi__k1250__escaneado_d4f__psm06                      CERac=    5.87%  B=  581  lin=7/12    439.7 ms  det=si
im_ppi__k1250__escaneado_d4f__psm11                      CERac=    8.72%  B=  627  lin=5/12    552.6 ms  det=si
im_ppi__k1400__escaneado_d4e__psm03                      CERac=  100.00%  B=    0  lin=0/12   1162.0 ms  det=si
im_ppi__k1400__escaneado_d4e__psm06                      CERac=  290.77%  B= 2131  lin=0/12   8299.6 ms  det=si
im_ppi__k1400__escaneado_d4e__psm11                      CERac=  211.74%  B= 2240  lin=0/12   4502.2 ms  det=si
im_ppi__k1400__escaneado_d4f__psm03                      CERac=    1.85%  B=  610  lin=8/12    657.0 ms  det=si
im_ppi__k1400__escaneado_d4f__psm06                      CERac=    6.54%  B=  584  lin=7/12    521.2 ms  det=si
im_ppi__k1400__escaneado_d4f__psm11                      CERac=    4.70%  B=  630  lin=6/12    643.7 ms  det=si
im_ppi__k1500__escaneado_d4e__psm03                      CERac=  100.00%  B=    0  lin=0/12   3047.1 ms  det=si
im_ppi__k1500__escaneado_d4e__psm06                      CERac=  467.79%  B= 3249  lin=0/12   9732.2 ms  det=si
im_ppi__k1500__escaneado_d4e__psm11                      CERac=  583.22%  B= 5515  lin=0/12  42192.1 ms  det=si
im_ppi__k1500__escaneado_d4f__psm03                      CERac=    2.01%  B=  610  lin=8/12    655.5 ms  det=si
im_ppi__k1500__escaneado_d4f__psm06                      CERac=    6.21%  B=  583  lin=7/12    495.2 ms  det=si
im_ppi__k1500__escaneado_d4f__psm11                      CERac=    4.53%  B=  630  lin=5/12    650.0 ms  det=si
im_ppi__k1600__escaneado_d4e__psm03                      CERac=  100.00%  B=    0  lin=0/12   3179.1 ms  det=si
im_ppi__k1600__escaneado_d4e__psm06                      CERac=  545.64%  B= 3761  lin=0/12  10831.6 ms  det=si
im_ppi__k1600__escaneado_d4e__psm11                      CERac=  618.96%  B= 5894  lin=0/12  48154.0 ms  det=si
im_ppi__k1600__escaneado_d4f__psm03                      CERac=    2.52%  B=  610  lin=8/12    659.0 ms  det=si
im_ppi__k1600__escaneado_d4f__psm06                      CERac=    6.54%  B=  586  lin=7/12    573.8 ms  det=si
im_ppi__k1600__escaneado_d4f__psm11                      CERac=    2.68%  B=  627  lin=5/12    720.5 ms  det=si
im_ppi__k1800__escaneado_d4e__psm03                      CERac=  100.00%  B=    0  lin=0/12   1536.1 ms  det=si
im_ppi__k1800__escaneado_d4e__psm06                      CERac=  572.65%  B= 3910  lin=0/12  11925.3 ms  det=si
im_ppi__k1800__escaneado_d4e__psm11                      CERac=  555.54%  B= 5386  lin=0/12  38419.5 ms  det=si
{"evento": "fin", "celdas": 63, "testigo_monohilo_ini_ms": 25.7, "testigo_monohilo_fin_ms": 20.77, "deriva_monohilo": 0.81, "testigo_proceso_ini_ms": 624.69, "testigo_proceso_fin_ms": 27.66, "nivel_proceso_vs_reposo": 23.44, "testigo_topado": false, "deterministas": 63, "con_error": 0}
