{"etiqueta": "D_dpi400", "motor": "tesseract", "dispositivo": "cpu", "binario": "C:\\Program Files\\Tesseract-OCR\\tesseract.exe", "version": "tesseract v5.5.0.20241111", "tessdata": "C:\\Program Files\\PDFgear\\tessdata", "lang": "spa", "psms": ["3", "6", "11"], "user_defined_dpi": "400", "idiomas_disponibles": ["chi_sim", "chi_sim_vert", "chi_tra", "chi_tra_vert", "deu", "eng", "fra", "ita", "jpn", "jpn_vert", "kor", "kor_vert", "nld", "por", "rus", "spa"], "patron": "im__k1000__*.png", "imgdir": "D:\\Work\\research\\FileX\\bench\\salidas-psm\\img", "reps": 9, "testigo_monohilo_ini_ms": 32.79, "testigo_proceso_ini_ms": 37.33}
im__k1000__escaneado_d2__psm03                           CERac=   30.38%  B=   89  lin=1/3    166.8 ms  det=si
im__k1000__escaneado_d2__psm06                           CERac=    0.00%  B=   82  lin=3/3    165.4 ms  det=si
im__k1000__escaneado_d2__psm11                           CERac=   13.92%  B=   91  lin=1/3    184.0 ms  det=si
im__k1000__escaneado_d3__psm03                           CERac=  100.00%  B=    0  lin=0/3    260.3 ms  det=si
im__k1000__escaneado_d3__psm06                           CERac=  113.92%  B=  133  lin=0/3    878.1 ms  det=si
im__k1000__escaneado_d3__psm11                           CERac=  187.34%  B=  263  lin=0/3    420.4 ms  det=si
im__k1000__escaneado_d4__psm03                           CERac=   84.56%  B=  107  lin=1/12    272.9 ms  det=si
im__k1000__escaneado_d4__psm06                           CERac=   55.70%  B=  346  lin=1/12    374.9 ms  det=si
im__k1000__escaneado_d4__psm11                           CERac=   41.78%  B=  485  lin=1/12    447.7 ms  det=si
im__k1000__escaneado_d4c__psm03                          CERac=    1.85%  B=  610  lin=8/12    403.5 ms  det=si
im__k1000__escaneado_d4c__psm06                          CERac=    6.54%  B=  586  lin=7/12    351.6 ms  det=si
im__k1000__escaneado_d4c__psm11                          CERac=    2.68%  B=  625  lin=6/12    431.6 ms  det=si
im__k1000__escaneado_d4e__psm03                          CERac=  100.00%  B=    0  lin=0/12    763.5 ms  det=si
im__k1000__escaneado_d4e__psm06                          CERac=  190.10%  B= 1463  lin=0/12   4752.7 ms  det=si
im__k1000__escaneado_d4e__psm11                          CERac=  121.81%  B= 1358  lin=0/12   1762.1 ms  det=si
im__k1000__escaneado_d4f__psm03                          CERac=    2.35%  B=  610  lin=8/12    465.3 ms  det=si
im__k1000__escaneado_d4f__psm06                          CERac=    6.04%  B=  582  lin=7/12    386.0 ms  det=si
im__k1000__escaneado_d4f__psm11                          CERac=    2.68%  B=  626  lin=5/12    474.4 ms  det=si
{"evento": "fin", "celdas": 18, "testigo_monohilo_ini_ms": 32.79, "testigo_monohilo_fin_ms": 21.21, "deriva_monohilo": 0.65, "testigo_proceso_ini_ms": 37.33, "testigo_proceso_fin_ms": 20000.0, "nivel_proceso_vs_reposo": 750.47, "testigo_topado": true, "deterministas": 18, "con_error": 0}
